Microchip MPLAB XC8 Compiler V2.31

Linker command line:

-W-3 --edf=/opt/microchip/xc8/v2.31/pic/dat/en_msgs.txt -cn \
  -h+dist/default/production/reflow_oven_v2.X.production.sym \
  --cmf=dist/default/production/reflow_oven_v2.X.production.cmf -z \
  -Q16F1829 -o/tmp/xcXjBOLaM --defsym=__MPLAB_BUILD=1 \
  -Mdist/default/production/reflow_oven_v2.X.production.map -E1 \
  -ver=XC8 Compiler --acfsm=1493 -ASTACK=020C0h-023EFh -pstack=STACK \
  -ACODE=00h-07FFhx4 -ASTRCODE=00h-01FFFh -ASTRING=00h-0FFhx32 \
  -ACONST=00h-0FFhx32 -AENTRY=00h-0FFhx32 -ACOMMON=070h-07Fh \
  -ABANK0=020h-06Fh -ABANK1=0A0h-0EFh -ABANK2=0120h-016Fh \
  -ABANK3=01A0h-01EFh -ABANK4=0220h-026Fh -ABANK5=02A0h-02EFh \
  -ABANK6=0320h-036Fh -ABANK7=03A0h-03EFh -ABANK8=0420h-046Fh \
  -ABANK9=04A0h-04EFh -ABANK10=0520h-056Fh -ABANK11=05A0h-05EFh \
  -ABANK12=0620h-064Fh -ABIGRAM=02000h-023EFh \
  -ARAM=020h-06Fh,0A0h-0EFh,0120h-016Fh,01A0h-01EFh,0220h-026Fh,02A0h-02EFh,0320h-036Fh,03A0h-03EFh,0420h-046Fh,04A0h-04EFh,0520h-056Fh,05A0h-05EFh,0620h-064Fh \
  -AABS1=020h-07Fh,0A0h-0EFh,0120h-016Fh,01A0h-01EFh,0220h-026Fh,02A0h-02EFh,0320h-036Fh,03A0h-03EFh,0420h-046Fh,04A0h-04EFh,0520h-056Fh,05A0h-05EFh,0620h-064Fh \
  -ASFR0=00h-01Fh -ASFR1=080h-09Fh -ASFR2=0100h-011Fh -ASFR3=0180h-019Fh \
  -ASFR4=0200h-021Fh -ASFR5=0280h-029Fh -ASFR6=0300h-031Fh \
  -ASFR7=0380h-039Fh -ASFR8=0400h-041Fh -ASFR9=0480h-049Fh \
  -ASFR10=0500h-051Fh -ASFR11=0580h-059Fh -ASFR12=0600h-061Fh \
  -ASFR13=0680h-06EFh -ASFR14=0700h-076Fh -ASFR15=0780h-07EFh \
  -ASFR16=0800h-086Fh -ASFR17=0880h-08EFh -ASFR18=0900h-096Fh \
  -ASFR19=0980h-09EFh -ASFR20=0A00h-0A6Fh -ASFR21=0A80h-0AEFh \
  -ASFR22=0B00h-0B6Fh -ASFR23=0B80h-0BEFh -ASFR24=0C00h-0C6Fh \
  -ASFR25=0C80h-0CEFh -ASFR26=0D00h-0D6Fh -ASFR27=0D80h-0DEFh \
  -ASFR28=0E00h-0E6Fh -ASFR29=0E80h-0EEFh -ASFR30=0F00h-0F6Fh \
  -ASFR31=0F80h-0FEFh -ACONFIG=08007h-08008h -DCONFIG=2 \
  -AIDLOC=08000h-08003h -DIDLOC=2 -AEEDATA=00h-0FFh/0F000h \
  -peeprom_data=EEDATA -DEEDATA=2 -DCODE=2 -DSTRCODE=2 -DSTRING=2 -DCONST=2 \
  -DENTRY=2 -preset_vec=00h,intentry=04h,init,end_init -ppowerup=CODE \
  -pcinit=CODE -pfunctab=ENTRY -k /tmp/xcXNNgOdP.o \
  dist/default/production/reflow_oven_v2.X.production.o 

Object code version is 3.11

Machine type is 16F1829



                Name                               Link     Load   Length Selector   Space Scale
/tmp/xcXNNgOdP.o
                end_init                             42       42        2        8       0
                reset_vec                             0        0        2        0       0
                config                             8007     8007        2        0       4
                idloc                              8000     8000        4        0       5
dist/default/production/reflow_oven_v2.X.production.o
                cinit                                44       44       25        8       0
                intentry                              4        4       3E        8       0
                text3_split_1                        69       69      504        8       0
                config                             8007     8007        2        0       4
                idloc                              8000     8000        4        0       5
                text96                             1BC5     1BC5        3     378A       0
                text95                             1C28     1C28        A     3850       0
                text94                             1BBF     1BBF        1     377E       0
                text93                             1C63     1C63        F     38C6       0
                text92                             1C1F     1C1F        9     383E       0
                text91                             1BC8     1BC8        3     3790       0
                text90                             105D     105D       2C     20BA       0
                text89                             1BC0     1BC0        1     3780       0
                text88                             1C72     1C72        F     38E4       0
                text87                             1E7B     1E7B       1D     3CF6       0
                text86                             1BC1     1BC1        1     3782       0
                text85                             1C81     1C81        F     3902       0
                text84                             1BD9     1BD9        6     37B2       0
                text83                             1BC2     1BC2        1     3784       0
                text82                             1C90     1C90        F     3920       0
                text80                             1C32     1C32        C     3864       0
                text79                             1BCB     1BCB        3     3796       0
                text78                             1BCE     1BCE        3     379C       0
                text77                             1CAE     1CAE       10     395C       0
                text76                             1C3E     1C3E        C     387C       0
                text75                             164C     164C      1B4     2C98       0
                text74                             1FB4     1FB4       23     3F68       0
                text73                              56D      56D      257        8       0
                text72                              8F6      8F6      238     11EC       0
                text71                             1EF2     1EF2       20     3DE4       0
                text70                             1436     1436       75     286C       0
                text69                             14AB     14AB       81     2956       0
                text68                             1DE2     1DE2       18     3BC4       0
                text67                             1C4A     1C4A        C     3894       0
                text66                             1DB4     1DB4       17     3B68       0
                text65                             1BC3     1BC3        1     3786       0
                text64                              7C4      7C4       37        8       0
                text63                             10E4     10E4       2F     21C8       0
                text62                             1E98     1E98       1E     3D30       0
                text61                             1D74     1D74       15     3AE8       0
                text60                             1D60     1D60       14     3AC0       0
                text59                             1C03     1C03        7     3806       0
                text58                             1CDF     1CDF       12     39BE       0
                text57                             1CBE     1CBE       10     397C       0
                text56                             1EB6     1EB6       1E     3D6C       0
                text55                              7FB      7FB        5        8       0
                text54                             1C56     1C56        D     38AC       0
                text53                             1C0A     1C0A        7     3814       0
                text52                             1BDF     1BDF        6     37BE       0
                text51                             1FD7     1FD7       29     3FAE       0
                text50                             1BE5     1BE5        6     37CA       0
                text49                             1CCE     1CCE       11     399C       0
                text48                             1BEB     1BEB        6     37D6       0
                text47                             1D27     1D27       13     3A4E       0
                text46                             1BF1     1BF1        6     37E2       0
                text45                             1D3A     1D3A       13     3A74       0
                text44                             1BD1     1BD1        4     37A2       0
                text43                             1D9E     1D9E       16     3B3C       0
                text42                             1ED4     1ED4       1E     3DA8       0
                text41                             152C     152C       8F     2A58       0
                text40                             1E12     1E12       1A     3C24       0
                text39                             119F     119F       51     233E       0
                text38                             1CF1     1CF1       12     39E2       0
                text37                             10B6     10B6       2E     216C       0
                text36                             15BB     15BB       91     2B76       0
                text35                             1BC4     1BC4        1     3788       0
                text34                             136A     136A       66     26D4       0
                text33                             13D0     13D0       66     27A0       0
                text32                              84C      84C       AA     1098       0
                text31                              800      800        2        8       0
                text30                             1DCB     1DCB       17     3B96       0
                text29                             124A     124A       5B     2494       0
                text28                             1D03     1D03       12     3A06       0
                text27                             1D4D     1D4D       13     3A9A       0
                text26                             1D89     1D89       15     3B12       0
                text25                             1F12     1F12       20     3E24       0
                text24                             1F32     1F32       20     3E64       0
                text23                             1F52     1F52       20     3EA4       0
                text22                             1F72     1F72       20     3EE4       0
                text21                             12A5     12A5       62     254A       0
                text20                             1D15     1D15       12     3A2A       0
                text19                             1307     1307       63     260E       0
                text18                             1C9F     1C9F        F     393E       0
                text17                             1C11     1C11        7     3822       0
                text16                             1C18     1C18        7     3830       0
                text15                             1E2C     1E2C       1A     3C58       0
                text14                              802      802       4A     1004       0
                text13                             1000     1000        1     165C       0
                text12                             1E60     1E60       1B     3CC0       0
                text11                             1001     1001        7     2002       0
                text10                             11F0     11F0       5A     23E0       0
                text9                              1E46     1E46       1A     3C8C       0
                text8                              1032     1032       2B     2064       0
                text7                              1DFA     1DFA       18     3BF4       0
                text6                              1BD5     1BD5        4     37AA       0
                text5                                 2        2        2        0       0
                text4                              1008     1008       2A     2010       0
                text3                               B2E      B2E      4D2     165C       0
                text2                              1113     1113       46     2226       0
                text1                              1159     1159       46     22B2       0
                maintext                           1089     1089       2D     2112       0
                cstackBANK0                          20       20       4C       20       1
                cstackCOMMON                         70       70        C       70       1
                clrtext                            1BF7     1BF7        6     37EE       0
                inittext                           1BFD     1BFD        6     37FA       0
                bssBANK2                            120      120       20      120       1
                dataBANK1                            A0       A0       22       A0       1
                bssBANK1                             C2       C2        D       A0       1
                bssBANK0                             6C       6C        4       20       1
                bssCOMMON                            7C       7C        1       70       1
                nvBANK1                              CF       CF        8       A0       1
                stringtext3                        1824     1824        4     3000       0
                stringtext2                        1800     1800       20     3000       0
                stringtext1                        1820     1820        4     3000       0
                idataBANK1                         1F92     1F92       22     3F24       0

TOTAL           Name                               Link     Load   Length     Space
        CLASS   STACK          

        CLASS   CODE           
                end_init                             42       42        2         0
                cinit                                44       44       25         0
                intentry                              4        4       3E         0
                reset_vec                             0        0        2         0
                text3_split_1                        69       69      504         0
                text96                             1BC5     1BC5        3         0
                text95                             1C28     1C28        A         0
                text94                             1BBF     1BBF        1         0
                text93                             1C63     1C63        F         0
                text92                             1C1F     1C1F        9         0
                text91                             1BC8     1BC8        3         0
                text90                             105D     105D       2C         0
                text89                             1BC0     1BC0        1         0
                text88                             1C72     1C72        F         0
                text87                             1E7B     1E7B       1D         0
                text86                             1BC1     1BC1        1         0
                text85                             1C81     1C81        F         0
                text84                             1BD9     1BD9        6         0
                text83                             1BC2     1BC2        1         0
                text82                             1C90     1C90        F         0
                text80                             1C32     1C32        C         0
                text79                             1BCB     1BCB        3         0
                text78                             1BCE     1BCE        3         0
                text77                             1CAE     1CAE       10         0
                text76                             1C3E     1C3E        C         0
                text75                             164C     164C      1B4         0
                text74                             1FB4     1FB4       23         0
                text73                              56D      56D      257         0
                text72                              8F6      8F6      238         0
                text71                             1EF2     1EF2       20         0
                text70                             1436     1436       75         0
                text69                             14AB     14AB       81         0
                text68                             1DE2     1DE2       18         0
                text67                             1C4A     1C4A        C         0
                text66                             1DB4     1DB4       17         0
                text65                             1BC3     1BC3        1         0
                text64                              7C4      7C4       37         0
                text63                             10E4     10E4       2F         0
                text62                             1E98     1E98       1E         0
                text61                             1D74     1D74       15         0
                text60                             1D60     1D60       14         0
                text59                             1C03     1C03        7         0
                text58                             1CDF     1CDF       12         0
                text57                             1CBE     1CBE       10         0
                text56                             1EB6     1EB6       1E         0
                text55                              7FB      7FB        5         0
                text54                             1C56     1C56        D         0
                text53                             1C0A     1C0A        7         0
                text52                             1BDF     1BDF        6         0
                text51                             1FD7     1FD7       29         0
                text50                             1BE5     1BE5        6         0
                text49                             1CCE     1CCE       11         0
                text48                             1BEB     1BEB        6         0
                text47                             1D27     1D27       13         0
                text46                             1BF1     1BF1        6         0
                text45                             1D3A     1D3A       13         0
                text44                             1BD1     1BD1        4         0
                text43                             1D9E     1D9E       16         0
                text42                             1ED4     1ED4       1E         0
                text41                             152C     152C       8F         0
                text40                             1E12     1E12       1A         0
                text39                             119F     119F       51         0
                text38                             1CF1     1CF1       12         0
                text37                             10B6     10B6       2E         0
                text36                             15BB     15BB       91         0
                text35                             1BC4     1BC4        1         0
                text34                             136A     136A       66         0
                text33                             13D0     13D0       66         0
                text32                              84C      84C       AA         0
                text31                              800      800        2         0
                text30                             1DCB     1DCB       17         0
                text29                             124A     124A       5B         0
                text28                             1D03     1D03       12         0
                text27                             1D4D     1D4D       13         0
                text26                             1D89     1D89       15         0
                text25                             1F12     1F12       20         0
                text24                             1F32     1F32       20         0
                text23                             1F52     1F52       20         0
                text22                             1F72     1F72       20         0
                text21                             12A5     12A5       62         0
                text20                             1D15     1D15       12         0
                text19                             1307     1307       63         0
                text18                             1C9F     1C9F        F         0
                text17                             1C11     1C11        7         0
                text16                             1C18     1C18        7         0
                text15                             1E2C     1E2C       1A         0
                text14                              802      802       4A         0
                text13                             1000     1000        1         0
                text12                             1E60     1E60       1B         0
                text11                             1001     1001        7         0
                text10                             11F0     11F0       5A         0
                text9                              1E46     1E46       1A         0
                text8                              1032     1032       2B         0
                text7                              1DFA     1DFA       18         0
                text6                              1BD5     1BD5        4         0
                text5                                 2        2        2         0
                text4                              1008     1008       2A         0
                text3                               B2E      B2E      4D2         0
                text2                              1113     1113       46         0
                text1                              1159     1159       46         0
                maintext                           1089     1089       2D         0
                clrtext                            1BF7     1BF7        6         0
                inittext                           1BFD     1BFD        6         0
                idataBANK1                         1F92     1F92       22         0

        CLASS   STRCODE        
                stringtext3                        1824     1824        4         0
                stringtext2                        1800     1800       20         0
                stringtext1                        1820     1820        4         0

        CLASS   STRING         

        CLASS   CONST          

        CLASS   ENTRY          

        CLASS   COMMON         
                cstackCOMMON                         70       70        C         1
                bssCOMMON                            7C       7C        1         1

        CLASS   BANK0          
                cstackBANK0                          20       20       4C         1
                bssBANK0                             6C       6C        4         1

        CLASS   BANK1          
                dataBANK1                            A0       A0       22         1
                bssBANK1                             C2       C2        D         1
                nvBANK1                              CF       CF        8         1

        CLASS   BANK2          
                bssBANK2                            120      120       20         1

        CLASS   BANK3          

        CLASS   BANK4          

        CLASS   BANK5          

        CLASS   BANK6          

        CLASS   BANK7          

        CLASS   BANK8          

        CLASS   BANK9          

        CLASS   BANK10         

        CLASS   BANK11         

        CLASS   BANK12         

        CLASS   BIGRAM         

        CLASS   RAM            

        CLASS   ABS1           
                abs_s1                               7E       7E        2         1

        CLASS   SFR0           

        CLASS   SFR1           

        CLASS   SFR2           

        CLASS   SFR3           

        CLASS   SFR4           

        CLASS   SFR5           

        CLASS   SFR6           

        CLASS   SFR7           

        CLASS   SFR8           

        CLASS   SFR9           

        CLASS   SFR10          

        CLASS   SFR11          

        CLASS   SFR12          

        CLASS   SFR13          

        CLASS   SFR14          

        CLASS   SFR15          

        CLASS   SFR16          

        CLASS   SFR17          

        CLASS   SFR18          

        CLASS   SFR19          

        CLASS   SFR20          

        CLASS   SFR21          

        CLASS   SFR22          

        CLASS   SFR23          

        CLASS   SFR24          

        CLASS   SFR25          

        CLASS   SFR26          

        CLASS   SFR27          

        CLASS   SFR28          

        CLASS   SFR29          

        CLASS   SFR30          

        CLASS   SFR31          

        CLASS   CONFIG         
                config                             8007     8007        2         4

        CLASS   IDLOC          
                idloc                              8000     8000        4         5

        CLASS   EEDATA         

        CLASS   BANK31         

        CLASS   BANK30         

        CLASS   BANK29         

        CLASS   BANK28         

        CLASS   BANK27         

        CLASS   BANK26         

        CLASS   BANK25         

        CLASS   BANK24         

        CLASS   BANK23         

        CLASS   BANK22         

        CLASS   BANK21         

        CLASS   BANK20         

        CLASS   BANK19         

        CLASS   BANK18         

        CLASS   BANK17         

        CLASS   BANK16         

        CLASS   BANK15         

        CLASS   BANK14         

        CLASS   BANK13         



SEGMENTS        Name                           Load    Length   Top    Selector   Space  Class     Delta

                text30                         001DCB  000017  001DE2      3B96       0  CODE        2
                text68                         001DE2  000018  001DFA      3BC4       0  CODE        2
                text43                         001D9E  000016  001DB4      3B3C       0  CODE        2
                text66                         001DB4  000017  001DCB      3B68       0  CODE        2
                text7                          001DFA  000018  001E12      3BF4       0  CODE        2
                text9                          001E46  00001A  001E60      3C8C       0  CODE        2
                text12                         001E60  00001B  001E7B      3CC0       0  CODE        2
                text40                         001E12  00001A  001E2C      3C24       0  CODE        2
                text15                         001E2C  00001A  001E46      3C58       0  CODE        2
                text26                         001D89  000015  001D9E      3B12       0  CODE        2
                text28                         001D03  000012  001D15      3A06       0  CODE        2
                text20                         001D15  000012  001D27      3A2A       0  CODE        2
                text58                         001CDF  000012  001CF1      39BE       0  CODE        2
                text38                         001CF1  000012  001D03      39E2       0  CODE        2
                text47                         001D27  000013  001D3A      3A4E       0  CODE        2
                text60                         001D60  000014  001D74      3AC0       0  CODE        2
                text61                         001D74  000015  001D89      3AE8       0  CODE        2
                text45                         001D3A  000013  001D4D      3A74       0  CODE        2
                text27                         001D4D  000013  001D60      3A9A       0  CODE        2
                text51                         001FD7  000029  002000      3FAE       0  CODE        2
                text4                          001008  00002A  001032      2010       0  CODE        2
                idataBANK1                     001F92  000022  001FB4      3F24       0  CODE        2
                text74                         001FB4  000023  001FD7      3F68       0  CODE        2
                text8                          001032  00002B  00105D      2064       0  CODE        2
                text37                         0010B6  00002E  0010E4      216C       0  CODE        2
                text63                         0010E4  00002F  001113      21C8       0  CODE        2
                text90                         00105D  00002C  001089      20BA       0  CODE        2
                maintext                       001089  00002D  0010B6      2112       0  CODE        2
                stringtext2                    001800  000028  001828      3000       0  STRCODE     2
                text56                         001EB6  00001E  001ED4      3D6C       0  CODE        2
                text42                         001ED4  00001E  001EF2      3DA8       0  CODE        2
                text87                         001E7B  00001D  001E98      3CF6       0  CODE        2
                text62                         001E98  00001E  001EB6      3D30       0  CODE        2
                text71                         001EF2  000020  001F12      3DE4       0  CODE        2
                text23                         001F52  000020  001F72      3EA4       0  CODE        2
                text22                         001F72  000020  001F92      3EE4       0  CODE        2
                text25                         001F12  000020  001F32      3E24       0  CODE        2
                text24                         001F32  000020  001F52      3E64       0  CODE        2
                text84                         001BD9  000006  001BDF      37B2       0  CODE        2
                text52                         001BDF  000006  001BE5      37BE       0  CODE        2
                text44                         001BD1  000004  001BD5      37A2       0  CODE        2
                text6                          001BD5  000004  001BD9      37AA       0  CODE        2
                text50                         001BE5  000006  001BEB      37CA       0  CODE        2
                clrtext                        001BF7  000006  001BFD      37EE       0  CODE        2
                inittext                       001BFD  000006  001C03      37FA       0  CODE        2
                text48                         001BEB  000006  001BF1      37D6       0  CODE        2
                text46                         001BF1  000006  001BF7      37E2       0  CODE        2
                text78                         001BCE  000003  001BD1      379C       0  CODE        2
                text86                         001BC1  000001  001BC2      3782       0  CODE        2
                text83                         001BC2  000001  001BC3      3784       0  CODE        2
                text94                         001BBF  000001  001BC0      377E       0  CODE        2
                text89                         001BC0  000001  001BC1      3780       0  CODE        2
                text65                         001BC3  000001  001BC4      3786       0  CODE        2
                text91                         001BC8  000003  001BCB      3790       0  CODE        2
                text79                         001BCB  000003  001BCE      3796       0  CODE        2
                text35                         001BC4  000001  001BC5      3788       0  CODE        2
                text96                         001BC5  000003  001BC8      378A       0  CODE        2
                text88                         001C72  00000F  001C81      38E4       0  CODE        2
                text85                         001C81  00000F  001C90      3902       0  CODE        2
                text54                         001C56  00000D  001C63      38AC       0  CODE        2
                text93                         001C63  00000F  001C72      38C6       0  CODE        2
                text82                         001C90  00000F  001C9F      3920       0  CODE        2
                text57                         001CBE  000010  001CCE      397C       0  CODE        2
                text49                         001CCE  000011  001CDF      399C       0  CODE        2
                text18                         001C9F  00000F  001CAE      393E       0  CODE        2
                text77                         001CAE  000010  001CBE      395C       0  CODE        2
                text67                         001C4A  00000C  001C56      3894       0  CODE        2
                text17                         001C11  000007  001C18      3822       0  CODE        2
                text16                         001C18  000007  001C1F      3830       0  CODE        2
                text59                         001C03  000007  001C0A      3806       0  CODE        2
                text53                         001C0A  000007  001C11      3814       0  CODE        2
                text11                         001001  000007  001008      2002       0  CODE        2
                text80                         001C32  00000C  001C3E      3864       0  CODE        2
                text76                         001C3E  00000C  001C4A      387C       0  CODE        2
                text92                         001C1F  000009  001C28      383E       0  CODE        2
                text95                         001C28  00000A  001C32      3850       0  CODE        2
                text2                          001113  000046  001159      2226       0  CODE        2
                reset_vec                      000000  000004  000004         0       0  CODE        2
                cstackBANK0                    000020  000050  000070        20       1  BANK0       1
                bssBANK2                       000120  000020  000140       120       1  BANK2       1
                dataBANK1                      0000A0  000037  0000D7        A0       1  BANK1       1
                cstackCOMMON                   000070  00000D  00007D        70       1  COMMON      1
                intentry                       000004  0007FE  000802         8       0  CODE        2
                text21                         0012A5  000062  001307      254A       0  CODE        2
                text19                         001307  000063  00136A      260E       0  CODE        2
                text29                         00124A  00005B  0012A5      2494       0  CODE        2
                text34                         00136A  000066  0013D0      26D4       0  CODE        2
                text10                         0011F0  00005A  00124A      23E0       0  CODE        2
                text33                         0013D0  000066  001436      27A0       0  CODE        2
                text70                         001436  000075  0014AB      286C       0  CODE        2
                text39                         00119F  000051  0011F0      233E       0  CODE        2
                text14                         000802  00004A  00084C      1004       0  CODE        2
                text1                          001159  000046  00119F      22B2       0  CODE        2
                text72                         0008F6  000238  000B2E      11EC       0  CODE        2
                text3                          000B2E  0004D3  001001      165C       0  CODE        2
                text41                         00152C  00008F  0015BB      2A58       0  CODE        2
                text69                         0014AB  000081  00152C      2956       0  CODE        2
                text36                         0015BB  000091  00164C      2B76       0  CODE        2
                text75                         00164C  0001B4  001800      2C98       0  CODE        2
                text32                         00084C  0000AA  0008F6      1098       0  CODE        2


UNUSED ADDRESS RANGES

        Name                Unused          Largest block    Delta
        BANK1            0000D7-0000EF               19           1
        BANK10           000520-00056F               50           1
        BANK11           0005A0-0005EF               50           1
        BANK12           000620-00064F               30           1
        BANK2            000140-00016F               30           1
        BANK3            0001A0-0001EF               50           1
        BANK4            000220-00026F               50           1
        BANK5            0002A0-0002EF               50           1
        BANK6            000320-00036F               50           1
        BANK7            0003A0-0003EF               50           1
        BANK8            000420-00046F               50           1
        BANK9            0004A0-0004EF               50           1
        BIGRAM           002000-0023EF              3F0           1
        CODE             001828-001BBE              397           2
        COMMON           00007D-00007D                1           1
        CONST            001828-001BBE              100           2
        EEDATA           00F000-00F0FF              100           2
        ENTRY            001828-001BBE              100           2
        RAM              0000D7-0000EF               19           1
                         000140-00016F               30
                         0001A0-0001EF               50
                         000220-00026F               50
                         0002A0-0002EF               50
                         000320-00036F               50
                         0003A0-0003EF               50
                         000420-00046F               50
                         0004A0-0004EF               50
                         000520-00056F               50
                         0005A0-0005EF               50
                         000620-00064F               30
        SFR0             000000-00001F               20           1
        SFR1             000080-00009F               20           1
        SFR10            000500-00051F               20           1
        SFR11            000580-00059F               20           1
        SFR12            000600-00061F               20           1
        SFR13            000680-0006EF               70           1
        SFR14            000700-00076F               70           1
        SFR15            000780-0007EF               70           1
        SFR16            000800-00086F               70           1
        SFR17            000880-0008EF               70           1
        SFR18            000900-00096F               70           1
        SFR19            000980-0009EF               70           1
        SFR2             000100-00011F               20           1
        SFR20            000A00-000A6F               70           1
        SFR21            000A80-000AEF               70           1
        SFR22            000B00-000B6F               70           1
        SFR23            000B80-000BEF               70           1
        SFR24            000C00-000C6F               70           1
        SFR25            000C80-000CEF               70           1
        SFR26            000D00-000D6F               70           1
        SFR27            000D80-000DEF               70           1
        SFR28            000E00-000E6F               70           1
        SFR29            000E80-000EEF               70           1
        SFR3             000180-00019F               20           1
        SFR30            000F00-000F6F               70           1
        SFR31            000F80-000FEF               70           1
        SFR4             000200-00021F               20           1
        SFR5             000280-00029F               20           1
        SFR6             000300-00031F               20           1
        SFR7             000380-00039F               20           1
        SFR8             000400-00041F               20           1
        SFR9             000480-00049F               20           1
        STACK            0020C0-0023EF              330           1
        STRCODE          001828-001BBE              397           2
        STRING           001828-001BBE              100           2

                                  Symbol Table

?_MTOUCH_Sensor_RawSample_Get                cstackCOMMON 000075
?__Umul8_16                                  cstackCOMMON 000071
?___fladd                                    cstackCOMMON 000071
?___fldiv                                    cstackBANK0  00003A
?___flmul                                    cstackBANK0  000020
?___flsub                                    cstackBANK0  000054
?___fltol                                    cstackBANK0  000054
?_abs                                        cstackCOMMON 000071
Button_Baseline_Initialize@button            cstackCOMMON 000079
Button_Baseline_Update@button                cstackCOMMON 000077
Button_DefaultCallback@button                cstackCOMMON 000071
Button_Deviation_Update@button               cstackBANK0  000020
Button_Deviation_Update@deviation            cstackBANK0  000021
Button_Reading_Update@button                 cstackBANK0  000020
Button_Reading_Update_Helper@button          cstackCOMMON 00007B
Button_Service@button                        cstackBANK0  00002C
Button_Service@name                          cstackBANK0  00002B
Button_State_Initializing@button             cstackBANK0  000024
Button_State_NotPressed@button               cstackBANK0  000024
Button_State_Pressed@button                  cstackBANK0  000024
Button_Tick_helper@button                    cstackCOMMON 000073
IOCAF2_SetInterruptHandler@InterruptHandler  cstackCOMMON 000071
MTOUCH_Button_Initialize@button              cstackCOMMON 000074
MTOUCH_Button_Initialize@name                cstackCOMMON 000073
MTOUCH_Button_InitializeAll@button           cstackBANK0  000020
MTOUCH_Button_ServiceAll@button              cstackBANK0  00002E
MTOUCH_Button_Tick@i                         cstackCOMMON 000075
MTOUCH_Button_isPressed@name                 cstackCOMMON 000072
MTOUCH_Delay@i                               cstackCOMMON 000072
MTOUCH_Random@seed                           bssCOMMON    00007C
MTOUCH_Sensor_Enable@sensor                  cstackCOMMON 000076
MTOUCH_Sensor_Initialize@sensor              cstackCOMMON 000078
MTOUCH_Sensor_InitializeAll@sensor           cstackCOMMON 00007A
MTOUCH_Sensor_RawSample_Get@name             cstackCOMMON 000078
MTOUCH_Sensor_SampleAll@sensor               cstackBANK0  00002C
MTOUCH_Sensor_Sampled_ResetAll@sensor        cstackCOMMON 000073
MTOUCH_Sensor_wasSampled@sensor              cstackCOMMON 000076
Sensor_Acq_ExecutePacket@ADCON0_temp         cstackBANK0  000020
Sensor_Acq_ExecutePacket@ADCON1_temp         cstackBANK0  000021
Sensor_Acq_ExecutePacket@GIE_state           cstackBANK0  000022
Sensor_Acq_ExecutePacket@error               cstackBANK0  000023
Sensor_Acq_ExecutePacket@sensor              cstackBANK0  000024
Sensor_Acq_ExecuteScan@result                cstackCOMMON 000077
Sensor_Acquisition@retry                     cstackBANK0  000025
Sensor_Acquisition@sensor                    cstackBANK0  000026
Sensor_DefaultCallback@sensor                cstackCOMMON 000071
Sensor_RawSample_Update@sensor               cstackCOMMON 000071
Sensor_Sampled_Reset@sensor                  cstackCOMMON 000071
Sensor_Service@error                         cstackBANK0  00002A
Sensor_Service@name                          cstackBANK0  000029
Sensor_Service@sensor                        cstackBANK0  00002B
Sensor_isEnabled@sensor                      cstackCOMMON 000071
Sensor_setActive@sensor                      cstackCOMMON 000071
Sensor_setInactive@sensor                    cstackCOMMON 000071
Sensor_setSampled@sensor                     cstackCOMMON 000071
Sensor_setScanFunction@sensor                cstackCOMMON 000071
SetDimmer@TRIAC_off_duration_ms              cstackBANK0  000061
SetDimmer@dim_percentage                     cstackBANK0  00005D
StartHeater@i                                cstackBANK0  000069
StartHeater@status_flag                      cstackBANK0  000068
StartStop_AlarmLED@OnOff                     cstackCOMMON 000071
StartStop_AlarmLED_Blink@OnOff               cstackCOMMON 000071
StartStop_Buzzer@OnOff                       cstackCOMMON 000071
StartStop_Dimmer@OnOff                       cstackBANK0  000065
StartStop_Fan@OnOff                          cstackCOMMON 000071
TMR2_Drive_TRIAC_isr@counter_tmr2            bssBANK1     0000C4
TMR2_SetInterruptHandler@InterruptHandler    cstackCOMMON 000071
TMR4_SetInterruptHandler@InterruptHandler    cstackCOMMON 000071
TMR4_Wroking_Blink_AlarmLED_isr@counter_tmr4 bssBANK1     0000C2
TMR6_SetInterruptHandler@InterruptHandler    cstackCOMMON 000071
_ADCON0                                      (abs)        00009D
_ADCON0bits                                  (abs)        00009D
_ADCON1                                      (abs)        00009E
_ADRES                                       (abs)        00009B
_ANSELA                                      (abs)        00018C
_ANSELB                                      (abs)        00018D
_ANSELC                                      (abs)        00018E
_APFCON0                                     (abs)        00011D
_APFCON1                                     (abs)        00011E
_BORCON                                      (abs)        000116
_Button_Baseline_Initialize                  text37       0010B6
_Button_Baseline_Update                      text36       0015BB
_Button_DefaultCallback                      text35       001BC4
_Button_Deviation_Update                     text41       00152C
_Button_Reading_Update                       text38       001CF1
_Button_Reading_Update_Helper                text39       00119F
_Button_Service                              text29       00124A
_Button_StateMachine                         dataBANK1    0000A0
_Button_State_Initializing                   text33       0013D0
_Button_State_NotPressed                     text32       00084C
_Button_State_Pressed                        text34       00136A
_Button_Tick_helper                          text8        001032
_DimmerStatusFlag_g                          bssBANK0     00006C
_GIE                                         (abs)        00005F
_INTCONbits                                  (abs)        00000B
_INTERRUPT_InterruptManager                  intentry     000004
_IOCAF2_DefaultInterruptHandler              text94       001BBF
_IOCAF2_ISR                                  text93       001C63
_IOCAF2_InterruptHandler                     nvBANK1      0000D5
_IOCAF2_SetInterruptHandler                  text52       001BDF
_IOCAFbits                                   (abs)        000393
_IOCANbits                                   (abs)        000392
_IOCAPbits                                   (abs)        000391
_Init_Function                               text66       001DB4
_LATA                                        (abs)        00010C
_LATB                                        (abs)        00010D
_LATC                                        (abs)        00010E
_LATCbits                                    (abs)        00010E
_MTOUCH_Button_Initialize                    text64       0007C4
_MTOUCH_Button_InitializeAll                 text62       001E98
_MTOUCH_Button_ServiceAll                    text28       001D03
_MTOUCH_Button_Tick                          text7        001DFA
_MTOUCH_Button_isPressed                     text42       001ED4
_MTOUCH_CVD_ScanA_0                          text24       001F32
_MTOUCH_CVD_ScanA_1                          text25       001F12
_MTOUCH_CVD_ScanB_0                          text22       001F72
_MTOUCH_CVD_ScanB_1                          text23       001F52
_MTOUCH_Delay                                text27       001D4D
_MTOUCH_Initialize                           text54       001C56
_MTOUCH_Random                               text26       001D89
_MTOUCH_Sensor_Calibrate                     text65       001BC3
_MTOUCH_Sensor_Enable                        text60       001D60
_MTOUCH_Sensor_Initialize                    text58       001CDF
_MTOUCH_Sensor_InitializeAll                 text57       001CBE
_MTOUCH_Sensor_RawSample_Get                 text40       001E12
_MTOUCH_Sensor_SampleAll                     text9        001E46
_MTOUCH_Sensor_Sampled_ResetAll              text56       001EB6
_MTOUCH_Sensor_Scan_Initialize               text55       0007FB
_MTOUCH_Sensor_isCalibrated                  text31       000800
_MTOUCH_Sensor_wasSampled                    text30       001DCB
_MTOUCH_Service_Mainloop                     text4        001008
_MTOUCH_Tick                                 text6        001BD5
_MTOUCH_needReburst                          text5        000002
_OPTION_REGbits                              (abs)        000095
_OSCCON                                      (abs)        000099
_OSCILLATOR_Initialize                       text53       001C0A
_OSCTUNE                                     (abs)        000098
_PIE1bits                                    (abs)        000091
_PIE3bits                                    (abs)        000093
_PIN_MANAGER_IOC                             text92       001C1F
_PIN_MANAGER_Initialize                      text51       001FD7
_PIR1bits                                    (abs)        000011
_PIR3bits                                    (abs)        000013
_PORTCbits                                   (abs)        00000E
_PR2                                         (abs)        00001B
_PR4                                         (abs)        000416
_PR6                                         (abs)        00041D
_SYSTEM_Initialize                           text43       001D9E
_Sensor_Acq_ExecutePacket                    text19       001307
_Sensor_Acq_ExecuteScan                      text21       0012A5
_Sensor_Acquisition                          text14       000802
_Sensor_DefaultCallback                      text13       001000
_Sensor_RawSample_Update                     text12       001E60
_Sensor_Sampled_Reset                        text59       001C03
_Sensor_Service                              text10       0011F0
_Sensor_isEnabled                            text18       001C9F
_Sensor_scanA                                dataBANK1    0000AC
_Sensor_scanB                                dataBANK1    0000AA
_Sensor_setActive                            text17       001C11
_Sensor_setInactive                          text16       001C18
_Sensor_setSampled                           text11       001001
_Sensor_setScanFunction                      text20       001D15
_SetDimmer                                   text69       0014AB
_StartHeater                                 text3        000B2E
_StartStop_AlarmLED                          text80       001C32
_StartStop_AlarmLED_Blink                    text77       001CAE
_StartStop_Buzzer                            text76       001C3E
_StartStop_Dimmer                            text68       001DE2
_StartStop_Fan                               text67       001C4A
_StartTouchDetection                         text2        001113
_StopTouchDetection                          text1        001159
_T2CON                                       (abs)        00001C
_T2CONbits                                   (abs)        00001C
_T4CON                                       (abs)        000417
_T4CONbits                                   (abs)        000417
_T6CON                                       (abs)        00041E
_T6CONbits                                   (abs)        00041E
_TMR2                                        (abs)        00001A
_TMR2_DefaultInterruptHandler                text89       001BC0
_TMR2_Drive_TRIAC_isr                        text90       00105D
_TMR2_ISR                                    text88       001C72
_TMR2_Initialize                             text49       001CCE
_TMR2_InterruptHandler                       nvBANK1      0000D3
_TMR2_SetInterruptHandler                    text50       001BE5
_TMR2_StartTimer                             text96       001BC5
_TMR2_StopTimer                              text91       001BC8
_TMR4                                        (abs)        000415
_TMR4_DefaultInterruptHandler                text86       001BC1
_TMR4_ISR                                    text85       001C81
_TMR4_Initialize                             text47       001D27
_TMR4_InterruptHandler                       nvBANK1      0000D1
_TMR4_SetInterruptHandler                    text48       001BEB
_TMR4_StartTimer                             text79       001BCB
_TMR4_StopTimer                              text78       001BCE
_TMR4_Wroking_Blink_AlarmLED_isr             text87       001E7B
_TMR6                                        (abs)        00041C
_TMR6_DefaultInterruptHandler                text83       001BC2
_TMR6_ISR                                    text82       001C90
_TMR6_Initialize                             text45       001D3A
_TMR6_InterruptHandler                       nvBANK1      0000CF
_TMR6_SetInterruptHandler                    text46       001BF1
_TMR6_long_press_duration_isr                text84       001BD9
_TRISA                                       (abs)        00008C
_TRISB                                       (abs)        00008D
_TRISC                                       (abs)        00008E
_WDTCON                                      (abs)        000097
_WDT_Initialize                              text44       001BD1
_WPUA                                        (abs)        00020C
_WPUB                                        (abs)        00020D
_WPUC                                        (abs)        00020E
_Zero_Detection_isr                          text95       001C28
__Habs1                                      abs1         000000
__Hbank0                                     bank0        000000
__Hbank1                                     bank1        000000
__Hbank10                                    bank10       000000
__Hbank11                                    bank11       000000
__Hbank12                                    bank12       000000
__Hbank13                                    bank13       000000
__Hbank14                                    bank14       000000
__Hbank15                                    bank15       000000
__Hbank16                                    bank16       000000
__Hbank17                                    bank17       000000
__Hbank18                                    bank18       000000
__Hbank19                                    bank19       000000
__Hbank2                                     bank2        000000
__Hbank20                                    bank20       000000
__Hbank21                                    bank21       000000
__Hbank22                                    bank22       000000
__Hbank23                                    bank23       000000
__Hbank24                                    bank24       000000
__Hbank25                                    bank25       000000
__Hbank26                                    bank26       000000
__Hbank27                                    bank27       000000
__Hbank28                                    bank28       000000
__Hbank29                                    bank29       000000
__Hbank3                                     bank3        000000
__Hbank30                                    bank30       000000
__Hbank31                                    bank31       000000
__Hbank4                                     bank4        000000
__Hbank5                                     bank5        000000
__Hbank6                                     bank6        000000
__Hbank7                                     bank7        000000
__Hbank8                                     bank8        000000
__Hbank9                                     bank9        000000
__Hbigram                                    bigram       000000
__HbssBANK0                                  bssBANK0     000000
__HbssBANK1                                  bssBANK1     000000
__HbssBANK2                                  bssBANK2     000000
__HbssCOMMON                                 bssCOMMON    000000
__Hcinit                                     cinit        000069
__Hclrtext                                   clrtext      000000
__Hcode                                      code         000000
__Hcommon                                    common       000000
__Hconfig                                    config       008009
__HcstackBANK0                               cstackBANK0  000000
__HcstackCOMMON                              cstackCOMMON 000000
__HdataBANK1                                 dataBANK1    000000
__Heeprom_data                               eeprom_data  000000
__Hend_init                                  end_init     000044
__Hfunctab                                   functab      000000
__HidataBANK1                                idataBANK1   000000
__Hidloc                                     idloc        008004
__Hinit                                      init         000042
__Hinittext                                  inittext     000000
__Hintentry                                  intentry     000042
__Hmaintext                                  maintext     000000
__HnvBANK1                                   nvBANK1      000000
__Hpowerup                                   powerup      000000
__Hram                                       ram          000000
__Hreset_vec                                 reset_vec    000002
__Hsfr0                                      sfr0         000000
__Hsfr1                                      sfr1         000000
__Hsfr10                                     sfr10        000000
__Hsfr11                                     sfr11        000000
__Hsfr12                                     sfr12        000000
__Hsfr13                                     sfr13        000000
__Hsfr14                                     sfr14        000000
__Hsfr15                                     sfr15        000000
__Hsfr16                                     sfr16        000000
__Hsfr17                                     sfr17        000000
__Hsfr18                                     sfr18        000000
__Hsfr19                                     sfr19        000000
__Hsfr2                                      sfr2         000000
__Hsfr20                                     sfr20        000000
__Hsfr21                                     sfr21        000000
__Hsfr22                                     sfr22        000000
__Hsfr23                                     sfr23        000000
__Hsfr24                                     sfr24        000000
__Hsfr25                                     sfr25        000000
__Hsfr26                                     sfr26        000000
__Hsfr27                                     sfr27        000000
__Hsfr28                                     sfr28        000000
__Hsfr29                                     sfr29        000000
__Hsfr3                                      sfr3         000000
__Hsfr30                                     sfr30        000000
__Hsfr31                                     sfr31        000000
__Hsfr4                                      sfr4         000000
__Hsfr5                                      sfr5         000000
__Hsfr6                                      sfr6         000000
__Hsfr7                                      sfr7         000000
__Hsfr8                                      sfr8         000000
__Hsfr9                                      sfr9         000000
__Hspace_0                                   (abs)        002000
__Hspace_1                                   (abs)        000140
__Hspace_2                                   (abs)        000000
__Hspace_3                                   (abs)        000000
__Hspace_4                                   (abs)        010010
__Hstack                                     stack        000000
__Hstrings                                   strings      000000
__Hstringtext1                               stringtext1  000000
__Hstringtext2                               stringtext2  000000
__Hstringtext3                               stringtext3  000000
__Htext                                      text         000000
__Labs1                                      abs1         000000
__Lbank0                                     bank0        000000
__Lbank1                                     bank1        000000
__Lbank10                                    bank10       000000
__Lbank11                                    bank11       000000
__Lbank12                                    bank12       000000
__Lbank13                                    bank13       000000
__Lbank14                                    bank14       000000
__Lbank15                                    bank15       000000
__Lbank16                                    bank16       000000
__Lbank17                                    bank17       000000
__Lbank18                                    bank18       000000
__Lbank19                                    bank19       000000
__Lbank2                                     bank2        000000
__Lbank20                                    bank20       000000
__Lbank21                                    bank21       000000
__Lbank22                                    bank22       000000
__Lbank23                                    bank23       000000
__Lbank24                                    bank24       000000
__Lbank25                                    bank25       000000
__Lbank26                                    bank26       000000
__Lbank27                                    bank27       000000
__Lbank28                                    bank28       000000
__Lbank29                                    bank29       000000
__Lbank3                                     bank3        000000
__Lbank30                                    bank30       000000
__Lbank31                                    bank31       000000
__Lbank4                                     bank4        000000
__Lbank5                                     bank5        000000
__Lbank6                                     bank6        000000
__Lbank7                                     bank7        000000
__Lbank8                                     bank8        000000
__Lbank9                                     bank9        000000
__Lbigram                                    bigram       000000
__LbssBANK0                                  bssBANK0     000000
__LbssBANK1                                  bssBANK1     000000
__LbssBANK2                                  bssBANK2     000000
__LbssCOMMON                                 bssCOMMON    000000
__Lcinit                                     cinit        000044
__Lclrtext                                   clrtext      000000
__Lcode                                      code         000000
__Lcommon                                    common       000000
__Lconfig                                    config       000000
__LcstackBANK0                               cstackBANK0  000000
__LcstackCOMMON                              cstackCOMMON 000000
__LdataBANK1                                 dataBANK1    000000
__Leeprom_data                               eeprom_data  000000
__Lend_init                                  end_init     000042
__Lfunctab                                   functab      000000
__LidataBANK1                                idataBANK1   000000
__Lidloc                                     idloc        000000
__Linit                                      init         000042
__Linittext                                  inittext     000000
__Lintentry                                  intentry     000004
__Lmaintext                                  maintext     000000
__LnvBANK1                                   nvBANK1      000000
__Lpowerup                                   powerup      000000
__Lram                                       ram          000000
__Lreset_vec                                 reset_vec    000000
__Lsfr0                                      sfr0         000000
__Lsfr1                                      sfr1         000000
__Lsfr10                                     sfr10        000000
__Lsfr11                                     sfr11        000000
__Lsfr12                                     sfr12        000000
__Lsfr13                                     sfr13        000000
__Lsfr14                                     sfr14        000000
__Lsfr15                                     sfr15        000000
__Lsfr16                                     sfr16        000000
__Lsfr17                                     sfr17        000000
__Lsfr18                                     sfr18        000000
__Lsfr19                                     sfr19        000000
__Lsfr2                                      sfr2         000000
__Lsfr20                                     sfr20        000000
__Lsfr21                                     sfr21        000000
__Lsfr22                                     sfr22        000000
__Lsfr23                                     sfr23        000000
__Lsfr24                                     sfr24        000000
__Lsfr25                                     sfr25        000000
__Lsfr26                                     sfr26        000000
__Lsfr27                                     sfr27        000000
__Lsfr28                                     sfr28        000000
__Lsfr29                                     sfr29        000000
__Lsfr3                                      sfr3         000000
__Lsfr30                                     sfr30        000000
__Lsfr31                                     sfr31        000000
__Lsfr4                                      sfr4         000000
__Lsfr5                                      sfr5         000000
__Lsfr6                                      sfr6         000000
__Lsfr7                                      sfr7         000000
__Lsfr8                                      sfr8         000000
__Lsfr9                                      sfr9         000000
__Lspace_0                                   (abs)        000000
__Lspace_1                                   (abs)        000000
__Lspace_2                                   (abs)        000000
__Lspace_3                                   (abs)        000000
__Lspace_4                                   (abs)        000000
__Lstack                                     stack        000000
__Lstrings                                   strings      000000
__Lstringtext1                               stringtext1  000000
__Lstringtext2                               stringtext2  000000
__Lstringtext3                               stringtext3  000000
__Ltext                                      text         000000
__S0                                         (abs)        002000
__S1                                         (abs)        000140
__S2                                         (abs)        000000
__S3                                         (abs)        000000
__Umul8_16                                   text74       001FB4
__Umul8_16@multiplicand                      cstackCOMMON 000071
__Umul8_16@multiplier                        cstackCOMMON 000079
__Umul8_16@product                           cstackCOMMON 000075
__Umul8_16@word_mpld                         cstackCOMMON 000077
___bmul                                      text61       001D74
___bmul@multiplicand                         cstackCOMMON 000071
___bmul@multiplier                           cstackCOMMON 000074
___bmul@product                              cstackCOMMON 000073
___fladd                                     text72       0008F6
___fladd@a                                   cstackCOMMON 000075
___fladd@aexp                                cstackBANK0  000029
___fladd@b                                   cstackCOMMON 000071
___fladd@bexp                                cstackBANK0  00002A
___fladd@grs                                 cstackBANK0  00002B
___fladd@signs                               cstackBANK0  000028
___fldiv                                     text75       00164C
___fldiv@a                                   cstackBANK0  00003A
___fldiv@aexp                                cstackBANK0  000053
___fldiv@b                                   cstackBANK0  00003E
___fldiv@bexp                                cstackBANK0  000052
___fldiv@grs                                 cstackBANK0  00004E
___fldiv@new_exp                             cstackBANK0  00004C
___fldiv@rem                                 cstackBANK0  000047
___fldiv@sign                                cstackBANK0  00004B
___flmul                                     text73       00056D
___flmul@a                                   cstackBANK0  000024
___flmul@aexp                                cstackBANK0  000032
___flmul@b                                   cstackBANK0  000020
___flmul@bexp                                cstackBANK0  000033
___flmul@grs                                 cstackBANK0  00002E
___flmul@prod                                cstackBANK0  000034
___flmul@sign                                cstackBANK0  00002D
___flmul@temp                                cstackBANK0  000038
___flsub                                     text71       001EF2
___flsub@a                                   cstackBANK0  000054
___flsub@b                                   cstackBANK0  000058
___fltol                                     text70       001436
___fltol@exp1                                cstackCOMMON 00007B
___fltol@f1                                  cstackBANK0  000054
___fltol@sign1                               cstackCOMMON 00007A
___int_sp                                    stack        000000
___latbits                                   (abs)        000002
___sp                                        stack        000000
___stackhi                                   (abs)        0023EF
___stacklo                                   (abs)        0020C0
__end_of_Button_Baseline_Initialize          text37       0010E4
__end_of_Button_Baseline_Update              text36       00164C
__end_of_Button_DefaultCallback              text35       001BC5
__end_of_Button_Deviation_Update             text41       0015BB
__end_of_Button_Reading_Update               text38       001D03
__end_of_Button_Reading_Update_Helper        text39       0011F0
__end_of_Button_Service                      text29       0012A5
__end_of_Button_State_Initializing           text33       001436
__end_of_Button_State_NotPressed             text32       0008F6
__end_of_Button_State_Pressed                text34       0013D0
__end_of_Button_Tick_helper                  text8        00105D
__end_of_HalfCycleACDuration_const           stringtext3  001828
__end_of_INTERRUPT_InterruptManager          intentry     000042
__end_of_IOCAF2_DefaultInterruptHandler      text94       001BC0
__end_of_IOCAF2_ISR                          text93       001C72
__end_of_IOCAF2_SetInterruptHandler          text52       001BE5
__end_of_Init_Function                       text66       001DCB
__end_of_MTOUCH_Button_Initialize            text64       0007FB
__end_of_MTOUCH_Button_InitializeAll         text62       001EB6
__end_of_MTOUCH_Button_ServiceAll            text28       001D15
__end_of_MTOUCH_Button_Tick                  text7        001E12
__end_of_MTOUCH_Button_isPressed             text42       001EF2
__end_of_MTOUCH_CVD_ScanA_0                  text24       001F52
__end_of_MTOUCH_CVD_ScanA_1                  text25       001F32
__end_of_MTOUCH_CVD_ScanB_0                  text22       001F92
__end_of_MTOUCH_CVD_ScanB_1                  text23       001F72
__end_of_MTOUCH_Delay                        text27       001D60
__end_of_MTOUCH_Initialize                   text54       001C63
__end_of_MTOUCH_Random                       text26       001D9E
__end_of_MTOUCH_Sensor_Calibrate             text65       001BC4
__end_of_MTOUCH_Sensor_Enable                text60       001D74
__end_of_MTOUCH_Sensor_Initialize            text58       001CF1
__end_of_MTOUCH_Sensor_InitializeAll         text57       001CCE
__end_of_MTOUCH_Sensor_RawSample_Get         text40       001E2C
__end_of_MTOUCH_Sensor_SampleAll             text9        001E60
__end_of_MTOUCH_Sensor_Sampled_ResetAll      text56       001ED4
__end_of_MTOUCH_Sensor_Scan_Initialize       text55       000800
__end_of_MTOUCH_Sensor_isCalibrated          text31       000802
__end_of_MTOUCH_Sensor_wasSampled            text30       001DE2
__end_of_MTOUCH_Service_Mainloop             text4        001032
__end_of_MTOUCH_Tick                         text6        001BD9
__end_of_MTOUCH_needReburst                  text5        000004
__end_of_OSCILLATOR_Initialize               text53       001C11
__end_of_PIN_MANAGER_IOC                     text92       001C28
__end_of_PIN_MANAGER_Initialize              text51       002000
__end_of_SYSTEM_Initialize                   text43       001DB4
__end_of_Sensor_Acq_ExecutePacket            text19       00136A
__end_of_Sensor_Acq_ExecuteScan              text21       001307
__end_of_Sensor_Acquisition                  text14       00084C
__end_of_Sensor_DefaultCallback              text13       001001
__end_of_Sensor_RawSample_Update             text12       001E7B
__end_of_Sensor_Sampled_Reset                text59       001C0A
__end_of_Sensor_Service                      text10       00124A
__end_of_Sensor_isEnabled                    text18       001CAE
__end_of_Sensor_setActive                    text17       001C18
__end_of_Sensor_setInactive                  text16       001C1F
__end_of_Sensor_setSampled                   text11       001008
__end_of_Sensor_setScanFunction              text20       001D27
__end_of_SetDimmer                           text69       00152C
__end_of_StartHeater                         text3_split_1 00056D
__end_of_StartStop_AlarmLED                  text80       001C3E
__end_of_StartStop_AlarmLED_Blink            text77       001CBE
__end_of_StartStop_Buzzer                    text76       001C4A
__end_of_StartStop_Dimmer                    text68       001DFA
__end_of_StartStop_Fan                       text67       001C56
__end_of_StartTouchDetection                 text2        001159
__end_of_StopTouchDetection                  text1        00119F
__end_of_TMR2_DefaultInterruptHandler        text89       001BC1
__end_of_TMR2_Drive_TRIAC_isr                text90       001089
__end_of_TMR2_ISR                            text88       001C81
__end_of_TMR2_Initialize                     text49       001CDF
__end_of_TMR2_SetInterruptHandler            text50       001BEB
__end_of_TMR2_StartTimer                     text96       001BC8
__end_of_TMR2_StopTimer                      text91       001BCB
__end_of_TMR2_Timer_Period_const             stringtext1  001824
__end_of_TMR4_DefaultInterruptHandler        text86       001BC2
__end_of_TMR4_ISR                            text85       001C90
__end_of_TMR4_Initialize                     text47       001D3A
__end_of_TMR4_SetInterruptHandler            text48       001BF1
__end_of_TMR4_StartTimer                     text79       001BCE
__end_of_TMR4_StopTimer                      text78       001BD1
__end_of_TMR4_Wroking_Blink_AlarmLED_isr     text87       001E98
__end_of_TMR6_DefaultInterruptHandler        text83       001BC3
__end_of_TMR6_ISR                            text82       001C9F
__end_of_TMR6_Initialize                     text45       001D4D
__end_of_TMR6_SetInterruptHandler            text46       001BF7
__end_of_TMR6_long_press_duration_isr        text84       001BDF
__end_of_WDT_Initialize                      text44       001BD5
__end_of_Zero_Detection_isr                  text95       001C32
__end_of__Umul8_16                           text74       001FD7
__end_of___bmul                              text61       001D89
__end_of___fladd                             text72       000B2E
__end_of___fldiv                             text75       001800
__end_of___flmul                             text73       0007C4
__end_of___flsub                             text71       001F12
__end_of___fltol                             text70       0014AB
__end_of__initialization                     cinit        000065
__end_of_abs                                 text15       001E46
__end_of_main                                maintext     0010B6
__end_of_memcpy                              text63       001113
__end_of_mtouch_button_init                  stringtext2  001820
__initialization                             cinit        000044
__pbssBANK0                                  bssBANK0     00006C
__pbssBANK1                                  bssBANK1     0000C2
__pbssBANK2                                  bssBANK2     000120
__pbssCOMMON                                 bssCOMMON    00007C
__pcstackBANK0                               cstackBANK0  000020
__pcstackCOMMON                              cstackCOMMON 000070
__pdataBANK1                                 dataBANK1    0000A0
__pidataBANK1                                idataBANK1   001F92
__pintentry                                  intentry     000004
__pmaintext                                  maintext     001089
__pnvBANK1                                   nvBANK1      0000CF
__pstringtext1                               stringtext1  001820
__pstringtext2                               stringtext2  001800
__pstringtext3                               stringtext3  001824
__ptext1                                     text1        001159
__ptext10                                    text10       0011F0
__ptext11                                    text11       001001
__ptext12                                    text12       001E60
__ptext13                                    text13       001000
__ptext14                                    text14       000802
__ptext15                                    text15       001E2C
__ptext16                                    text16       001C18
__ptext17                                    text17       001C11
__ptext18                                    text18       001C9F
__ptext19                                    text19       001307
__ptext2                                     text2        001113
__ptext20                                    text20       001D15
__ptext21                                    text21       0012A5
__ptext22                                    text22       001F72
__ptext23                                    text23       001F52
__ptext24                                    text24       001F32
__ptext25                                    text25       001F12
__ptext26                                    text26       001D89
__ptext27                                    text27       001D4D
__ptext28                                    text28       001D03
__ptext29                                    text29       00124A
__ptext3                                     text3        000B2E
__ptext30                                    text30       001DCB
[...]
      Params:         0       0       0       0       0       0       0       0       0       0       0       0       0       0
      Locals:         0       0       0       0       0       0       0       0       0       0       0       0       0       0
      Temps:          0       0       0       0       0       0       0       0       0       0       0       0       0       0
      Totals:         0       0       0       0       0       0       0       0       0       0       0       0       0       0
Total ram usage:        0 bytes
 Hardware stack levels used:    1
 This function calls:
		Nothing
 This function is called by:
		_main
		_TMR4_ISR
 This function uses a non-reentrant model


 *************** function _TMR2_ISR *****************
 Defined at:
		line 119 in file "mcc_generated_files/tmr2.c"
 Parameters:    Size  Location     Type
		None
 Auto vars:     Size  Location     Type
		None
 Return value:  Size  Location     Type
                  1    wreg      void 
 Registers used:
		wreg, status,2, status,0, pclath, cstack
 Tracked objects:
		On entry : 
		On exit  : 
		Unchanged: 
 Data sizes:     COMMON   BANK0   BANK1   BANK2   BANK3   BANK4   BANK5   BANK6   BANK7   BANK8   BANK9  BANK10  BANK11  BANK12
      Params:         0       0       0       0       0       0       0       0       0       0       0       0       0       0
      Locals:         0       0       0       0       0       0       0       0       0       0       0       0       0       0
      Temps:          0       0       0       0       0       0       0       0       0       0       0       0       0       0
      Totals:         0       0       0       0       0       0       0       0       0       0       0       0       0       0
Total ram usage:        0 bytes
 Hardware stack levels used:    1
 Hardware stack levels required when called:    2
 This function calls:
		Absolute function
		_TMR2_DefaultInterruptHandler
		_TMR2_Drive_TRIAC_isr
 This function is called by:
		_INTERRUPT_InterruptManager
 This function uses a non-reentrant model


 *************** function _TMR2_DefaultInterruptHandler *****************
 Defined at:
		line 136 in file "mcc_generated_files/tmr2.c"
 Parameters:    Size  Location     Type
		None
 Auto vars:     Size  Location     Type
		None
 Return value:  Size  Location     Type
                  1    wreg      void 
 Registers used:
		None
 Tracked objects:
		On entry : 
		On exit  : 
		Unchanged: 
 Data sizes:     COMMON   BANK0   BANK1   BANK2   BANK3   BANK4   BANK5   BANK6   BANK7   BANK8   BANK9  BANK10  BANK11  BANK12
      Params:         0       0       0       0       0       0       0       0       0       0       0       0       0       0
      Locals:         0       0       0       0       0       0       0       0       0       0       0       0       0       0
      Temps:          0       0       0       0       0       0       0       0       0       0       0       0       0       0
      Totals:         0       0       0       0       0       0       0       0       0       0       0       0       0       0
Total ram usage:        0 bytes
 Hardware stack levels used:    1
 This function calls:
		Nothing
 This function is called by:
		_TMR2_Initialize
		_TMR2_ISR
 This function uses a non-reentrant model


 *************** function _TMR2_Drive_TRIAC_isr *****************
 Defined at:
		line 109 in file "main.c"
 Parameters:    Size  Location     Type
		None
 Auto vars:     Size  Location     Type
		None
 Return value:  Size  Location     Type
                  1    wreg      void 
 Registers used:
		wreg, status,2, status,0, pclath, cstack
 Tracked objects:
		On entry : 
		On exit  : 
		Unchanged: 
 Data sizes:     COMMON   BANK0   BANK1   BANK2   BANK3   BANK4   BANK5   BANK6   BANK7   BANK8   BANK9  BANK10  BANK11  BANK12
      Params:         0       0       0       0       0       0       0       0       0       0       0       0       0       0
      Locals:         0       0       0       0       0       0       0       0       0       0       0       0       0       0
      Temps:          0       0       0       0       0       0       0       0       0       0       0       0       0       0
      Totals:         0       0       0       0       0       0       0       0       0       0       0       0       0       0
Total ram usage:        0 bytes
 Hardware stack levels used:    1
 Hardware stack levels required when called:    1
 This function calls:
		_TMR2_StopTimer
 This function is called by:
		_main
		_TMR2_ISR
 This function uses a non-reentrant model


 *************** function _TMR2_StopTimer *****************
 Defined at:
		line 93 in file "mcc_generated_files/tmr2.c"
 Parameters:    Size  Location     Type
		None
 Auto vars:     Size  Location     Type
		None
 Return value:  Size  Location     Type
                  1    wreg      void 
 Registers used:
		None
 Tracked objects:
		On entry : 
		On exit  : 
		Unchanged: 
 Data sizes:     COMMON   BANK0   BANK1   BANK2   BANK3   BANK4   BANK5   BANK6   BANK7   BANK8   BANK9  BANK10  BANK11  BANK12
      Params:         0       0       0       0       0       0       0       0       0       0       0       0       0       0
      Locals:         0       0       0       0       0       0       0       0       0       0       0       0       0       0
      Temps:          0       0       0       0       0       0       0       0       0       0       0       0       0       0
      Totals:         0       0       0       0       0       0       0       0       0       0       0       0       0       0
Total ram usage:        0 bytes
 Hardware stack levels used:    1
 This function calls:
		Nothing
 This function is called by:
		_TMR2_Drive_TRIAC_isr
 This function uses a non-reentrant model


 *************** function _PIN_MANAGER_IOC *****************
 Defined at:
		line 115 in file "mcc_generated_files/pin_manager.c"
 Parameters:    Size  Location     Type
		None
 Auto vars:     Size  Location     Type
		None
 Return value:  Size  Location     Type
                  1    wreg      void 
 Registers used:
		wreg, status,2, status,0, pclath, cstack
 Tracked objects:
		On entry : 
		On exit  : 
		Unchanged: 
 Data sizes:     COMMON   BANK0   BANK1   BANK2   BANK3   BANK4   BANK5   BANK6   BANK7   BANK8   BANK9  BANK10  BANK11  BANK12
      Params:         0       0       0       0       0       0       0       0       0       0       0       0       0       0
      Locals:         0       0       0       0       0       0       0       0       0       0       0       0       0       0
      Temps:          0       0       0       0       0       0       0       0       0       0       0       0       0       0
      Totals:         0       0       0       0       0       0       0       0       0       0       0       0       0       0
Total ram usage:        0 bytes
 Hardware stack levels used:    1
 Hardware stack levels required when called:    3
 This function calls:
		_IOCAF2_ISR
 This function is called by:
		_INTERRUPT_InterruptManager
 This function uses a non-reentrant model


 *************** function _IOCAF2_ISR *****************
 Defined at:
		line 127 in file "mcc_generated_files/pin_manager.c"
 Parameters:    Size  Location     Type
		None
 Auto vars:     Size  Location     Type
		None
 Return value:  Size  Location     Type
                  1    wreg      void 
 Registers used:
		wreg, status,2, status,0, pclath, cstack
 Tracked objects:
		On entry : 
		On exit  : 
		Unchanged: 
 Data sizes:     COMMON   BANK0   BANK1   BANK2   BANK3   BANK4   BANK5   BANK6   BANK7   BANK8   BANK9  BANK10  BANK11  BANK12
      Params:         0       0       0       0       0       0       0       0       0       0       0       0       0       0
      Locals:         0       0       0       0       0       0       0       0       0       0       0       0       0       0
      Temps:          0       0       0       0       0       0       0       0       0       0       0       0       0       0
      Totals:         0       0       0       0       0       0       0       0       0       0       0       0       0       0
Total ram usage:        0 bytes
 Hardware stack levels used:    1
 Hardware stack levels required when called:    2
 This function calls:
		Absolute function
		_IOCAF2_DefaultInterruptHandler
		_Zero_Detection_isr
 This function is called by:
		_PIN_MANAGER_IOC
 This function uses a non-reentrant model


 *************** function _IOCAF2_DefaultInterruptHandler *****************
 Defined at:
		line 149 in file "mcc_generated_files/pin_manager.c"
 Parameters:    Size  Location     Type
		None
 Auto vars:     Size  Location     Type
		None
 Return value:  Size  Location     Type
                  1    wreg      void 
 Registers used:
		None
 Tracked objects:
		On entry : 
		On exit  : 
		Unchanged: 
 Data sizes:     COMMON   BANK0   BANK1   BANK2   BANK3   BANK4   BANK5   BANK6   BANK7   BANK8   BANK9  BANK10  BANK11  BANK12
      Params:         0       0       0       0       0       0       0       0       0       0       0       0       0       0
      Locals:         0       0       0       0       0       0       0       0       0       0       0       0       0       0
      Temps:          0       0       0       0       0       0       0       0       0       0       0       0       0       0
      Totals:         0       0       0       0       0       0       0       0       0       0       0       0       0       0
Total ram usage:        0 bytes
 Hardware stack levels used:    1
 This function calls:
		Nothing
 This function is called by:
		_PIN_MANAGER_Initialize
		_IOCAF2_ISR
 This function uses a non-reentrant model


 *************** function _Zero_Detection_isr *****************
 Defined at:
		line 96 in file "main.c"
 Parameters:    Size  Location     Type
		None
 Auto vars:     Size  Location     Type
		None
 Return value:  Size  Location     Type
                  1    wreg      void 
 Registers used:
		wreg, status,2, status,0, pclath, cstack
 Tracked objects:
		On entry : 
		On exit  : 
		Unchanged: 
 Data sizes:     COMMON   BANK0   BANK1   BANK2   BANK3   BANK4   BANK5   BANK6   BANK7   BANK8   BANK9  BANK10  BANK11  BANK12
      Params:         0       0       0       0       0       0       0       0       0       0       0       0       0       0
      Locals:         0       0       0       0       0       0       0       0       0       0       0       0       0       0
      Temps:          0       0       0       0       0       0       0       0       0       0       0       0       0       0
      Totals:         0       0       0       0       0       0       0       0       0       0       0       0       0       0
Total ram usage:        0 bytes
 Hardware stack levels used:    1
 Hardware stack levels required when called:    1
 This function calls:
		_TMR2_StartTimer
 This function is called by:
		_main
		_IOCAF2_ISR
 This function uses a non-reentrant model


 *************** function _TMR2_StartTimer *****************
 Defined at:
		line 87 in file "mcc_generated_files/tmr2.c"
 Parameters:    Size  Location     Type
		None
 Auto vars:     Size  Location     Type
		None
 Return value:  Size  Location     Type
                  1    wreg      void 
 Registers used:
		None
 Tracked objects:
		On entry : 
		On exit  : 
		Unchanged: 
 Data sizes:     COMMON   BANK0   BANK1   BANK2   BANK3   BANK4   BANK5   BANK6   BANK7   BANK8   BANK9  BANK10  BANK11  BANK12
      Params:         0       0       0       0       0       0       0       0       0       0       0       0       0       0
      Locals:         0       0       0       0       0       0       0       0       0       0       0       0       0       0
      Temps:          0       0       0       0       0       0       0       0       0       0       0       0       0       0
      Totals:         0       0       0       0       0       0       0       0       0       0       0       0       0       0
Total ram usage:        0 bytes
 Hardware stack levels used:    1
 This function calls:
		Nothing
 This function is called by:
		_Zero_Detection_isr
 This function uses a non-reentrant model



MODULE INFORMATION

Module		Function		Class		Link	Load	Size
mcc_generated_files/mtouch/mtouch_button.c
		_Button_Deviation_Update		CODE           	152C	0000	143
		_MTOUCH_Button_isPressed		CODE           	1ED4	0000	30
		_MTOUCH_Button_Initialize		CODE           	07C4	0000	55
		_Button_Tick_helper		CODE           	1032	0000	43
		_MTOUCH_Button_InitializeAll		CODE           	1E98	0000	30
		_Button_Baseline_Update		CODE           	15BB	0000	145
		_Button_State_Pressed		CODE           	136A	0000	102
		_Button_Reading_Update		CODE           	1CF1	0000	18
		_Button_DefaultCallback		CODE           	1BC4	0000	1
		_MTOUCH_Button_Tick		CODE           	1DFA	0000	24
		_Button_State_NotPressed		CODE           	084C	0000	170
		_Button_Reading_Update_Helper		CODE           	119F	0000	81
		_Button_Service		CODE           	124A	0000	91
		_Button_State_Initializing		CODE           	13D0	0000	102
		_MTOUCH_Button_ServiceAll		CODE           	1D03	0000	18
		_Button_Baseline_Initialize		CODE           	10B6	0000	46

mcc_generated_files/mtouch/mtouch_button.c estimated size: 1099

/opt/microchip/xc8/v2.31/pic/sources/c99/common/sprcdiv.c
		___fldiv       		CODE           	164C	0000	436

/opt/microchip/xc8/v2.31/pic/sources/c99/common/sprcdiv.c estimated size: 436

/opt/microchip/xc8/v2.31/pic/sources/c99/common/Umul8.c
		___bmul        		CODE           	1D74	0000	21

/opt/microchip/xc8/v2.31/pic/sources/c99/common/Umul8.c estimated size: 21

mcc_generated_files/tmr6.c
		_TMR6_ISR      		CODE           	1C90	0000	15
		_TMR6_Initialize		CODE           	1D3A	0000	19
		_TMR6_SetInterruptHandler		CODE           	1BF1	0000	6
		_TMR6_DefaultInterruptHandler		CODE           	1BC2	0000	1

mcc_generated_files/tmr6.c estimated size: 41

mcc_generated_files/tmr4.c
		_TMR4_ISR      		CODE           	1C81	0000	15
		_TMR4_Initialize		CODE           	1D27	0000	19
		_TMR4_SetInterruptHandler		CODE           	1BEB	0000	6
		_TMR4_StopTimer		CODE           	1BCE	0000	3
		_TMR4_DefaultInterruptHandler		CODE           	1BC1	0000	1
		_TMR4_StartTimer		CODE           	1BCB	0000	3

mcc_generated_files/tmr4.c estimated size: 47

/opt/microchip/xc8/v2.31/pic/sources/c99/common/abs.c
		_abs           		CODE           	1E2C	0000	26

/opt/microchip/xc8/v2.31/pic/sources/c99/common/abs.c estimated size: 26

mcc_generated_files/tmr2.c
		_TMR2_ISR      		CODE           	1C72	0000	15
		_TMR2_Initialize		CODE           	1CCE	0000	17
		_TMR2_SetInterruptHandler		CODE           	1BE5	0000	6
		_TMR2_StopTimer		CODE           	1BC8	0000	3
		_TMR2_DefaultInterruptHandler		CODE           	1BC0	0000	1
		_TMR2_StartTimer		CODE           	1BC5	0000	3

mcc_generated_files/tmr2.c estimated size: 45

mcc_generated_files/interrupt_manager.c
		_INTERRUPT_InterruptManager		CODE           	0004	0000	62

mcc_generated_files/interrupt_manager.c estimated size: 62

mcc_generated_files/mtouch/mtouch.c
		_MTOUCH_Tick   		CODE           	1BD5	0000	4
		_MTOUCH_Initialize		CODE           	1C56	0000	13
		_MTOUCH_Service_Mainloop		CODE           	1008	0000	42
		_MTOUCH_needReburst		CODE           	0002	0000	2

mcc_generated_files/mtouch/mtouch.c estimated size: 61

/opt/microchip/xc8/v2.31/pic/sources/c99/common/memcpy.c
		_memcpy        		CODE           	10E4	0000	47

/opt/microchip/xc8/v2.31/pic/sources/c99/common/memcpy.c estimated size: 47

mcc_generated_files/pin_manager.c
		_PIN_MANAGER_Initialize		CODE           	1FD7	0000	41
		_IOCAF2_DefaultInterruptHandler		CODE           	1BBF	0000	1
		_IOCAF2_ISR    		CODE           	1C63	0000	15
		_PIN_MANAGER_IOC		CODE           	1C1F	0000	9
		_IOCAF2_SetInterruptHandler		CODE           	1BDF	0000	6

mcc_generated_files/pin_manager.c estimated size: 72

mcc_generated_files/mtouch/mtouch_sensor_scan.c
		_MTOUCH_CVD_ScanA_0		CODE           	1F32	0000	32
		_MTOUCH_CVD_ScanB_0		CODE           	1F72	0000	32
		_MTOUCH_CVD_ScanA_1		CODE           	1F12	0000	32
		_MTOUCH_CVD_ScanB_1		CODE           	1F52	0000	32

mcc_generated_files/mtouch/mtouch_sensor_scan.c estimated size: 128

/opt/microchip/xc8/v2.31/pic/sources/c99/common/sprcadd.c
		___flsub       		CODE           	1EF2	0000	32
		___fladd       		CODE           	08F6	0000	568

/opt/microchip/xc8/v2.31/pic/sources/c99/common/sprcadd.c estimated size: 600

shared
		_HalfCycleACDuration_const		STRCODE        	0000	0000	0
		_TMR2_Timer_Period_const		STRCODE        	0000	0000	0
		__initialization		CODE           	0044	0000	33
		_mtouch_button_init		STRCODE        	1800	0000	32

shared estimated size: 65

mcc_generated_files/mcc.c
		_WDT_Initialize		CODE           	1BD1	0000	4
		_OSCILLATOR_Initialize		CODE           	1C0A	0000	7
		_SYSTEM_Initialize		CODE           	1D9E	0000	22

mcc_generated_files/mcc.c estimated size: 33

/opt/microchip/xc8/v2.31/pic/sources/c99/common/Umul8_16.c
		__Umul8_16     		CODE           	1FB4	0000	35

/opt/microchip/xc8/v2.31/pic/sources/c99/common/Umul8_16.c estimated size: 35

main.c
		_StartTouchDetection		CODE           	1113	0000	70
		_StartStop_AlarmLED_Blink		CODE           	1CAE	0000	16
		_TMR6_long_press_duration_isr		CODE           	1BD9	0000	6
		_main          		CODE           	1089	0000	45
		_TMR2_Drive_TRIAC_isr		CODE           	105D	0000	44
		_TMR4_Wroking_Blink_AlarmLED_isr		CODE           	1E7B	0000	29
		_SetDimmer     		CODE           	14AB	0000	129
		_StartHeater   		CODE           	0B2E	0000	2518
		_Zero_Detection_isr		CODE           	1C28	0000	10
		_StopTouchDetection		CODE           	1159	0000	70
		_Init_Function 		CODE           	1DB4	0000	23
		_StartStop_Fan 		CODE           	1C4A	0000	12
		_StartStop_Dimmer		CODE           	1DE2	0000	24
		_StartStop_AlarmLED		CODE           	1C32	0000	12
		_StartStop_Buzzer		CODE           	1C3E	0000	12

main.c estimated size: 3020

mcc_generated_files/mtouch/mtouch_random.c
		_MTOUCH_Random 		CODE           	1D89	0000	21

mcc_generated_files/mtouch/mtouch_random.c estimated size: 21

mcc_generated_files/mtouch/mtouch_sensor.c
		_Sensor_Acq_ExecutePacket		CODE           	1307	0000	99
		_MTOUCH_Delay  		CODE           	1D4D	0000	19
		_Sensor_Acquisition		CODE           	0802	0000	74
		_MTOUCH_Sensor_Initialize		CODE           	1CDF	0000	18
		_Sensor_Sampled_Reset		CODE           	1C03	0000	7
		_MTOUCH_Sensor_InitializeAll		CODE           	1CBE	0000	16
		_Sensor_DefaultCallback		CODE           	1000	0000	1
		_Sensor_isEnabled		CODE           	1C9F	0000	15
		_MTOUCH_Sensor_isCalibrated		CODE           	0800	0000	2
		_MTOUCH_Sensor_Calibrate		CODE           	1BC3	0000	1
		_MTOUCH_Sensor_Sampled_ResetAll		CODE           	1EB6	0000	30
		_Sensor_setActive		CODE           	1C11	0000	7
		_MTOUCH_Sensor_Enable		CODE           	1D60	0000	20
		_Sensor_Acq_ExecuteScan		CODE           	12A5	0000	98
		_Sensor_setSampled		CODE           	1001	0000	7
		_MTOUCH_Sensor_RawSample_Get		CODE           	1E12	0000	26
		_MTOUCH_Sensor_SampleAll		CODE           	1E46	0000	26
		_MTOUCH_Sensor_wasSampled		CODE           	1DCB	0000	23
		_Sensor_Service		CODE           	11F0	0000	90
		_Sensor_setScanFunction		CODE           	1D15	0000	18
		_MTOUCH_Sensor_Scan_Initialize		CODE           	07FB	0000	5
		_Sensor_RawSample_Update		CODE           	1E60	0000	27
		_Sensor_setInactive		CODE           	1C18	0000	7

mcc_generated_files/mtouch/mtouch_sensor.c estimated size: 636

/opt/microchip/xc8/v2.31/pic/sources/c99/common/fltol.c
		___fltol       		CODE           	1436	0000	117

/opt/microchip/xc8/v2.31/pic/sources/c99/common/fltol.c estimated size: 117

/opt/microchip/xc8/v2.31/pic/sources/c99/common/sprcmul.c
		___flmul       		CODE           	056D	0000	599

/opt/microchip/xc8/v2.31/pic/sources/c99/common/sprcmul.c estimated size: 599

