Microchip MPLAB XC8 Compiler V2.31

Linker command line:

-W-3 --edf=/opt/microchip/xc8/v2.31/pic/dat/en_msgs.txt -cn \
  -h+dist/default/production/reflow_oven_v2.X.production.sym \
  --cmf=dist/default/production/reflow_oven_v2.X.production.cmf -z \
  -Q16F1829 -o/tmp/xcXKldNpo --defsym=__MPLAB_BUILD=1 \
  -Mdist/default/production/reflow_oven_v2.X.production.map -E1 \
  -ver=XC8 Compiler --acfsm=1493 -ASTACK=020C0h-023EFh -pstack=STACK \
  -ACODE=00h-07FFhx4 -ASTRCODE=00h-01FFFh -ASTRING=00h-0FFhx32 \
  -ACONST=00h-0FFhx32 -AENTRY=00h-0FFhx32 -ACOMMON=070h-07Fh \
  -ABANK0=020h-06Fh -ABANK1=0A0h-0EFh -ABANK2=0120h-016Fh \
  -ABANK3=01A0h-01EFh -ABANK4=0220h-026Fh -ABANK5=02A0h-02EFh \
  -ABANK6=0320h-036Fh -ABANK7=03A0h-03EFh -ABANK8=0420h-046Fh \
  -ABANK9=04A0h-04EFh -ABANK10=0520h-056Fh -ABANK11=05A0h-05EFh \
  -ABANK12=0620h-064Fh -ABIGRAM=02000h-023EFh \
  -ARAM=020h-06Fh,0A0h-0EFh,0120h-016Fh,01A0h-01EFh,0220h-026Fh,02A0h-02EFh,0320h-036Fh,03A0h-03EFh,0420h-046Fh,04A0h-04EFh,0520h-056Fh,05A0h-05EFh,0620h-064Fh \
  -AABS1=020h-07Fh,0A0h-0EFh,0120h-016Fh,01A0h-01EFh,0220h-026Fh,02A0h-02EFh,0320h-036Fh,03A0h-03EFh,0420h-046Fh,04A0h-04EFh,0520h-056Fh,05A0h-05EFh,0620h-064Fh \
  -ASFR0=00h-01Fh -ASFR1=080h-09Fh -ASFR2=0100h-011Fh -ASFR3=0180h-019Fh \
  -ASFR4=0200h-021Fh -ASFR5=0280h-029Fh -ASFR6=0300h-031Fh \
  -ASFR7=0380h-039Fh -ASFR8=0400h-041Fh -ASFR9=0480h-049Fh \
  -ASFR10=0500h-051Fh -ASFR11=0580h-059Fh -ASFR12=0600h-061Fh \
  -ASFR13=0680h-06EFh -ASFR14=0700h-076Fh -ASFR15=0780h-07EFh \
  -ASFR16=0800h-086Fh -ASFR17=0880h-08EFh -ASFR18=0900h-096Fh \
  -ASFR19=0980h-09EFh -ASFR20=0A00h-0A6Fh -ASFR21=0A80h-0AEFh \
  -ASFR22=0B00h-0B6Fh -ASFR23=0B80h-0BEFh -ASFR24=0C00h-0C6Fh \
  -ASFR25=0C80h-0CEFh -ASFR26=0D00h-0D6Fh -ASFR27=0D80h-0DEFh \
  -ASFR28=0E00h-0E6Fh -ASFR29=0E80h-0EEFh -ASFR30=0F00h-0F6Fh \
  -ASFR31=0F80h-0FEFh -ACONFIG=08007h-08008h -DCONFIG=2 \
  -AIDLOC=08000h-08003h -DIDLOC=2 -AEEDATA=00h-0FFh/0F000h \
  -peeprom_data=EEDATA -DEEDATA=2 -DCODE=2 -DSTRCODE=2 -DSTRING=2 -DCONST=2 \
  -DENTRY=2 -preset_vec=00h,intentry=04h,init,end_init -ppowerup=CODE \
  -pcinit=CODE -pfunctab=ENTRY -k /tmp/xcXlECPMP.o \
  dist/default/production/reflow_oven_v2.X.production.o 

Object code version is 3.11

Machine type is 16F1829



                Name                               Link     Load   Length Selector   Space Scale
/tmp/xcXlECPMP.o
                end_init                             34       34        2        8       0
                reset_vec                             0        0        2        0       0
                config                             8007     8007        2        0       4
                idloc                              8000     8000        4        0       5
dist/default/production/reflow_oven_v2.X.production.o
                cinit                                36       36       28        8       0
                intentry                              4        4       30        8       0
                text3_split_1                        5E       5E      504        8       0
                config                             8007     8007        2        0       4
                idloc                              8000     8000        4        0       5
                text91                             1C11     1C11        3     3822       0
                text90                             1C74     1C74        A     38E8       0
                text89                             1C0C     1C0C        1     3818       0
                text88                             1CAF     1CAF        F     395E       0
                text87                             1C6B     1C6B        9     38D6       0
                text86                             1C14     1C14        3     3828       0
                text85                             10A0     10A0       2C     2140       0
                text84                             1C0D     1C0D        1     381A       0
                text83                             1CBE     1CBE        F     397C       0
                text82                             1EBE     1EBE       1D     3D7C       0
                text81                             1C0E     1C0E        1     381C       0
                text80                             1CCD     1CCD        F     399A       0
                text78                             1C7E     1C7E        C     38FC       0
                text77                             1C17     1C17        3     382E       0
                text76                             1C1A     1C1A        3     3834       0
                text75                             1CEB     1CEB       10     39D6       0
                text74                             1C8A     1C8A        C     3914       0
                text73                             164C     164C      1B4     2C98       0
                text72                             1FB7     1FB7       23     3F6E       0
                text71                              562      562      257        8       0
                text70                              8EF      8EF      23F     11DE       0
                text69                             1F17     1F17       20     3E2E       0
                text68                             1436     1436       75     286C       0
                text67                             14AB     14AB       81     2956       0
                text66                             1E09     1E09       18     3C12       0
                text65                             1C96     1C96        C     392C       0
                text64                             1DDB     1DDB       17     3BB6       0
                text63                             1C0F     1C0F        1     381E       0
                text62                             1128     1128       37     2250       0
                text61                             10F9     10F9       2F     21F2       0
                text60                             1EA2     1EA2       1C     3D44       0
                text59                             1DB0     1DB0       15     3B60       0
                text58                             1D9C     1D9C       14     3B38       0
                text57                             1C48     1C48        7     3890       0
                text56                             1D2D     1D2D       12     3A5A       0
                text55                             1CFB     1CFB       10     39F6       0
                text54                             1EDB     1EDB       1E     3DB6       0
                text53                             1C25     1C25        5     384A       0
                text52                             1CA2     1CA2        D     3944       0
                text51                             1C4F     1C4F        7     389E       0
                text50                             1C2A     1C2A        6     3854       0
                text49                             1022     1022       29     2044       0
                text48                             1C30     1C30        6     3860       0
                text47                             1D0B     1D0B       11     3A16       0
                text46                             1C36     1C36        6     386C       0
                text45                             1D63     1D63       13     3AC6       0
                text44                             1C1D     1C1D        4     383A       0
                text43                             1D76     1D76       13     3AEC       0
                text42                             1EF9     1EF9       1E     3DF2       0
                text41                             152C     152C       8F     2A58       0
                text40                             1E39     1E39       1A     3C72       0
                text39                             11A9     11A9       51     2352       0
                text38                             1D1C     1D1C       11     3A38       0
                text37                             10CC     10CC       2D     2198       0
                text36                             15BB     15BB       91     2B76       0
                text35                             1C10     1C10        1     3820       0
                text34                             136A     136A       66     26D4       0
                text33                             13D0     13D0       66     27A0       0
                text32                              846      846       A9     108C       0
                text31                                2        2        2        0       0
                text30                             1DF2     1DF2       17     3BE4       0
                text29                             12AD     12AD       5B     255A       0
                text28                             1D3F     1D3F       12     3A7E       0
                text27                             1D89     1D89       13     3B12       0
                text26                             1DC5     1DC5       16     3B8A       0
                text25                             1F37     1F37       20     3E6E       0
                text24                             1F57     1F57       20     3EAE       0
                text23                             1F77     1F77       20     3EEE       0
                text22                             1F97     1F97       20     3F2E       0
                text21                             1308     1308       62     2610       0
                text20                             1D51     1D51       12     3AA2       0
                text19                             1253     1253       5A     24A6       0
                text18                             1CDC     1CDC        F     39B8       0
                text17                             1C56     1C56        7     38AC       0
                text16                             1C5D     1C5D        7     38BA       0
                text15                             1E53     1E53       1A     3CA6       0
                text14                             115F     115F       4A     22BE       0
                text13                              800      800        1        8       0
                text12                             1E87     1E87       1B     3D0E       0
                text11                             1C64     1C64        7     38C8       0
                text10                             11FA     11FA       59     23F4       0
                text9                              1E6D     1E6D       1A     3CDA       0
                text8                              1075     1075       2B     20EA       0
                text7                              1E21     1E21       18     3C42       0
                text6                              1C21     1C21        4     3842       0
                text5                               7FE      7FE        2        8       0
                text4                              104B     104B       2A     2096       0
                text3                               B2E      B2E      4D2     165C       0
                text2                               801      801       45     1002       0
                text1                               7B9      7B9       45        8       0
                maintext                           1FDA     1FDA       26     3FB4       0
                cstackBANK0                          20       20       49       20       1
                cstackCOMMON                         70       70        E       70       1
                clrtext                            1C3C     1C3C        6     3878       0
                inittext                           1C42     1C42        6     3884       0
                bssBANK2                            120      120       20      120       1
                dataBANK1                            A0       A0       22       A0       1
                bssBANK1                             C2       C2        A       A0       1
                bssBANK0                             69       69        7       20       1
                nvBANK1                              CC       CC        6       A0       1
                stringtext3                        1824     1824        4     3000       0
                stringtext2                        1800     1800       20     3000       0
                stringtext1                        1820     1820        4     3000       0
                idataBANK1                         1000     1000       22     165C       0

TOTAL           Name                               Link     Load   Length     Space
        CLASS   STACK          

        CLASS   CODE           
                end_init                             34       34        2         0
                cinit                                36       36       28         0
                intentry                              4        4       30         0
                reset_vec                             0        0        2         0
                text3_split_1                        5E       5E      504         0
                text91                             1C11     1C11        3         0
                text90                             1C74     1C74        A         0
                text89                             1C0C     1C0C        1         0
                text88                             1CAF     1CAF        F         0
                text87                             1C6B     1C6B        9         0
                text86                             1C14     1C14        3         0
                text85                             10A0     10A0       2C         0
                text84                             1C0D     1C0D        1         0
                text83                             1CBE     1CBE        F         0
                text82                             1EBE     1EBE       1D         0
                text81                             1C0E     1C0E        1         0
                text80                             1CCD     1CCD        F         0
                text78                             1C7E     1C7E        C         0
                text77                             1C17     1C17        3         0
                text76                             1C1A     1C1A        3         0
                text75                             1CEB     1CEB       10         0
                text74                             1C8A     1C8A        C         0
                text73                             164C     164C      1B4         0
                text72                             1FB7     1FB7       23         0
                text71                              562      562      257         0
                text70                              8EF      8EF      23F         0
                text69                             1F17     1F17       20         0
                text68                             1436     1436       75         0
                text67                             14AB     14AB       81         0
                text66                             1E09     1E09       18         0
                text65                             1C96     1C96        C         0
                text64                             1DDB     1DDB       17         0
                text63                             1C0F     1C0F        1         0
                text62                             1128     1128       37         0
                text61                             10F9     10F9       2F         0
                text60                             1EA2     1EA2       1C         0
                text59                             1DB0     1DB0       15         0
                text58                             1D9C     1D9C       14         0
                text57                             1C48     1C48        7         0
                text56                             1D2D     1D2D       12         0
                text55                             1CFB     1CFB       10         0
                text54                             1EDB     1EDB       1E         0
                text53                             1C25     1C25        5         0
                text52                             1CA2     1CA2        D         0
                text51                             1C4F     1C4F        7         0
                text50                             1C2A     1C2A        6         0
                text49                             1022     1022       29         0
                text48                             1C30     1C30        6         0
                text47                             1D0B     1D0B       11         0
                text46                             1C36     1C36        6         0
                text45                             1D63     1D63       13         0
                text44                             1C1D     1C1D        4         0
                text43                             1D76     1D76       13         0
                text42                             1EF9     1EF9       1E         0
                text41                             152C     152C       8F         0
                text40                             1E39     1E39       1A         0
                text39                             11A9     11A9       51         0
                text38                             1D1C     1D1C       11         0
                text37                             10CC     10CC       2D         0
                text36                             15BB     15BB       91         0
                text35                             1C10     1C10        1         0
                text34                             136A     136A       66         0
                text33                             13D0     13D0       66         0
                text32                              846      846       A9         0
                text31                                2        2        2         0
                text30                             1DF2     1DF2       17         0
                text29                             12AD     12AD       5B         0
                text28                             1D3F     1D3F       12         0
                text27                             1D89     1D89       13         0
                text26                             1DC5     1DC5       16         0
                text25                             1F37     1F37       20         0
                text24                             1F57     1F57       20         0
                text23                             1F77     1F77       20         0
                text22                             1F97     1F97       20         0
                text21                             1308     1308       62         0
                text20                             1D51     1D51       12         0
                text19                             1253     1253       5A         0
                text18                             1CDC     1CDC        F         0
                text17                             1C56     1C56        7         0
                text16                             1C5D     1C5D        7         0
                text15                             1E53     1E53       1A         0
                text14                             115F     115F       4A         0
                text13                              800      800        1         0
                text12                             1E87     1E87       1B         0
                text11                             1C64     1C64        7         0
                text10                             11FA     11FA       59         0
                text9                              1E6D     1E6D       1A         0
                text8                              1075     1075       2B         0
                text7                              1E21     1E21       18         0
                text6                              1C21     1C21        4         0
                text5                               7FE      7FE        2         0
                text4                              104B     104B       2A         0
                text3                               B2E      B2E      4D2         0
                text2                               801      801       45         0
                text1                               7B9      7B9       45         0
                maintext                           1FDA     1FDA       26         0
                clrtext                            1C3C     1C3C        6         0
                inittext                           1C42     1C42        6         0
                idataBANK1                         1000     1000       22         0

        CLASS   STRCODE        
                stringtext3                        1824     1824        4         0
                stringtext2                        1800     1800       20         0
                stringtext1                        1820     1820        4         0

        CLASS   STRING         

        CLASS   CONST          

        CLASS   ENTRY          

        CLASS   COMMON         
                cstackCOMMON                         70       70        E         1

        CLASS   BANK0          
                cstackBANK0                          20       20       49         1
                bssBANK0                             69       69        7         1

        CLASS   BANK1          
                dataBANK1                            A0       A0       22         1
                bssBANK1                             C2       C2        A         1
                nvBANK1                              CC       CC        6         1

        CLASS   BANK2          
                bssBANK2                            120      120       20         1

        CLASS   BANK3          

        CLASS   BANK4          

        CLASS   BANK5          

        CLASS   BANK6          

        CLASS   BANK7          

        CLASS   BANK8          

        CLASS   BANK9          

        CLASS   BANK10         

        CLASS   BANK11         

        CLASS   BANK12         

        CLASS   BIGRAM         

        CLASS   RAM            

        CLASS   ABS1           
                abs_s1                               7E       7E        2         1

        CLASS   SFR0           

        CLASS   SFR1           

        CLASS   SFR2           

        CLASS   SFR3           

        CLASS   SFR4           

        CLASS   SFR5           

        CLASS   SFR6           

        CLASS   SFR7           

        CLASS   SFR8           

        CLASS   SFR9           

        CLASS   SFR10          

        CLASS   SFR11          

        CLASS   SFR12          

        CLASS   SFR13          

        CLASS   SFR14          

        CLASS   SFR15          

        CLASS   SFR16          

        CLASS   SFR17          

        CLASS   SFR18          

        CLASS   SFR19          

        CLASS   SFR20          

        CLASS   SFR21          

        CLASS   SFR22          

        CLASS   SFR23          

        CLASS   SFR24          

        CLASS   SFR25          

        CLASS   SFR26          

        CLASS   SFR27          

        CLASS   SFR28          

        CLASS   SFR29          

        CLASS   SFR30          

        CLASS   SFR31          

        CLASS   CONFIG         
                config                             8007     8007        2         4

        CLASS   IDLOC          
                idloc                              8000     8000        4         5

        CLASS   EEDATA         

        CLASS   BANK31         

        CLASS   BANK30         

        CLASS   BANK29         

        CLASS   BANK28         

        CLASS   BANK27         

        CLASS   BANK26         

        CLASS   BANK25         

        CLASS   BANK24         

        CLASS   BANK23         

        CLASS   BANK22         

        CLASS   BANK21         

        CLASS   BANK20         

        CLASS   BANK19         

        CLASS   BANK18         

        CLASS   BANK17         

        CLASS   BANK16         

        CLASS   BANK15         

        CLASS   BANK14         

        CLASS   BANK13         



SEGMENTS        Name                           Load    Length   Top    Selector   Space  Class     Delta

                text7                          001E21  000018  001E39      3C42       0  CODE        2
                text40                         001E39  00001A  001E53      3C72       0  CODE        2
                text30                         001DF2  000017  001E09      3BE4       0  CODE        2
                text66                         001E09  000018  001E21      3C12       0  CODE        2
                text15                         001E53  00001A  001E6D      3CA6       0  CODE        2
                text60                         001EA2  00001C  001EBE      3D44       0  CODE        2
                text82                         001EBE  00001D  001EDB      3D7C       0  CODE        2
                text9                          001E6D  00001A  001E87      3CDA       0  CODE        2
                text12                         001E87  00001B  001EA2      3D0E       0  CODE        2
                text45                         001D63  000013  001D76      3AC6       0  CODE        2
                text43                         001D76  000013  001D89      3AEC       0  CODE        2
                text28                         001D3F  000012  001D51      3A7E       0  CODE        2
                text20                         001D51  000012  001D63      3AA2       0  CODE        2
                text27                         001D89  000013  001D9C      3B12       0  CODE        2
                text26                         001DC5  000016  001DDB      3B8A       0  CODE        2
                text64                         001DDB  000017  001DF2      3BB6       0  CODE        2
                text58                         001D9C  000014  001DB0      3B38       0  CODE        2
                text59                         001DB0  000015  001DC5      3B60       0  CODE        2
                text54                         001EDB  00001E  001EF9      3DB6       0  CODE        2
                text8                          001075  00002B  0010A0      20EA       0  CODE        2
                text85                         0010A0  00002C  0010CC      2140       0  CODE        2
                text49                         001022  000029  00104B      2044       0  CODE        2
                text4                          00104B  00002A  001075      2096       0  CODE        2
                text37                         0010CC  00002D  0010F9      2198       0  CODE        2
                text2                          000801  000045  000846      1002       0  CODE        2
                text14                         00115F  00004A  0011A9      22BE       0  CODE        2
                text61                         0010F9  00002F  001128      21F2       0  CODE        2
                text62                         001128  000037  00115F      2250       0  CODE        2
                text25                         001F37  000020  001F57      3E6E       0  CODE        2
                text24                         001F57  000020  001F77      3EAE       0  CODE        2
                text42                         001EF9  00001E  001F17      3DF2       0  CODE        2
                text69                         001F17  000020  001F37      3E2E       0  CODE        2
                text23                         001F77  000020  001F97      3EEE       0  CODE        2
                text72                         001FB7  000023  001FDA      3F6E       0  CODE        2
                maintext                       001FDA  000026  002000      3FB4       0  CODE        2
                text22                         001F97  000020  001FB7      3F2E       0  CODE        2
                stringtext2                    001800  000028  001828      3000       0  STRCODE     2
                text53                         001C25  000005  001C2A      384A       0  CODE        2
                text50                         001C2A  000006  001C30      3854       0  CODE        2
                text44                         001C1D  000004  001C21      383A       0  CODE        2
                text6                          001C21  000004  001C25      3842       0  CODE        2
                text48                         001C30  000006  001C36      3860       0  CODE        2
                inittext                       001C42  000006  001C48      3884       0  CODE        2
                text57                         001C48  000007  001C4F      3890       0  CODE        2
                text46                         001C36  000006  001C3C      386C       0  CODE        2
                clrtext                        001C3C  000006  001C42      3878       0  CODE        2
                text81                         001C0E  000001  001C0F      381C       0  CODE        2
                text63                         001C0F  000001  001C10      381E       0  CODE        2
                text89                         001C0C  000001  001C0D      3818       0  CODE        2
                text84                         001C0D  000001  001C0E      381A       0  CODE        2
                text35                         001C10  000001  001C11      3820       0  CODE        2
                text77                         001C17  000003  001C1A      382E       0  CODE        2
                text76                         001C1A  000003  001C1D      3834       0  CODE        2
                text91                         001C11  000003  001C14      3822       0  CODE        2
                text86                         001C14  000003  001C17      3828       0  CODE        2
                text51                         001C4F  000007  001C56      389E       0  CODE        2
                text80                         001CCD  00000F  001CDC      399A       0  CODE        2
                text18                         001CDC  00000F  001CEB      39B8       0  CODE        2
                text88                         001CAF  00000F  001CBE      395E       0  CODE        2
                text83                         001CBE  00000F  001CCD      397C       0  CODE        2
                text75                         001CEB  000010  001CFB      39D6       0  CODE        2
                text38                         001D1C  000011  001D2D      3A38       0  CODE        2
                text56                         001D2D  000012  001D3F      3A5A       0  CODE        2
                text55                         001CFB  000010  001D0B      39F6       0  CODE        2
                text47                         001D0B  000011  001D1C      3A16       0  CODE        2
                text11                         001C64  000007  001C6B      38C8       0  CODE        2
                text87                         001C6B  000009  001C74      38D6       0  CODE        2
                text17                         001C56  000007  001C5D      38AC       0  CODE        2
                text16                         001C5D  000007  001C64      38BA       0  CODE        2
                text90                         001C74  00000A  001C7E      38E8       0  CODE        2
                text65                         001C96  00000C  001CA2      392C       0  CODE        2
                text52                         001CA2  00000D  001CAF      3944       0  CODE        2
                text78                         001C7E  00000C  001C8A      38FC       0  CODE        2
                text74                         001C8A  00000C  001C96      3914       0  CODE        2
                reset_vec                      000000  000004  000004         0       0  CODE        2
                cstackBANK0                    000020  000050  000070        20       1  BANK0       1
                bssBANK2                       000120  000020  000140       120       1  BANK2       1
                dataBANK1                      0000A0  000032  0000D2        A0       1  BANK1       1
                cstackCOMMON                   000070  00000E  00007E        70       1  COMMON      1
                intentry                       000004  0007FD  000801         8       0  CODE        2
                text21                         001308  000062  00136A      2610       0  CODE        2
                text34                         00136A  000066  0013D0      26D4       0  CODE        2
                text29                         0012AD  00005B  001308      255A       0  CODE        2
                text33                         0013D0  000066  001436      27A0       0  CODE        2
                text19                         001253  00005A  0012AD      24A6       0  CODE        2
                text68                         001436  000075  0014AB      286C       0  CODE        2
                text67                         0014AB  000081  00152C      2956       0  CODE        2
                text10                         0011FA  000059  001253      23F4       0  CODE        2
                text39                         0011A9  000051  0011FA      2352       0  CODE        2
                text41                         00152C  00008F  0015BB      2A58       0  CODE        2
                text3                          000B2E  0004F4  001022      165C       0  CODE        2
                text32                         000846  0000A9  0008EF      108C       0  CODE        2
                text36                         0015BB  000091  00164C      2B76       0  CODE        2
                text70                         0008EF  00023F  000B2E      11DE       0  CODE        2
                text73                         00164C  0001B4  001800      2C98       0  CODE        2


UNUSED ADDRESS RANGES

        Name                Unused          Largest block    Delta
        BANK1            0000D2-0000EF               1E           1
        BANK10           000520-00056F               50           1
        BANK11           0005A0-0005EF               50           1
        BANK12           000620-00064F               30           1
        BANK2            000140-00016F               30           1
        BANK3            0001A0-0001EF               50           1
        BANK4            000220-00026F               50           1
        BANK5            0002A0-0002EF               50           1
        BANK6            000320-00036F               50           1
        BANK7            0003A0-0003EF               50           1
        BANK8            000420-00046F               50           1
        BANK9            0004A0-0004EF               50           1
        BIGRAM           002000-0023EF              3F0           1
        CODE             001828-001C0B              3E4           2
        CONST            001828-001C0B              100           2
        EEDATA           00F000-00F0FF              100           2
        ENTRY            001828-001C0B              100           2
        RAM              0000D2-0000EF               1E           1
                         000140-00016F               30
                         0001A0-0001EF               50
                         000220-00026F               50
                         0002A0-0002EF               50
                         000320-00036F               50
                         0003A0-0003EF               50
                         000420-00046F               50
                         0004A0-0004EF               50
                         000520-00056F               50
                         0005A0-0005EF               50
                         000620-00064F               30
        SFR0             000000-00001F               20           1
        SFR1             000080-00009F               20           1
        SFR10            000500-00051F               20           1
        SFR11            000580-00059F               20           1
        SFR12            000600-00061F               20           1
        SFR13            000680-0006EF               70           1
        SFR14            000700-00076F               70           1
        SFR15            000780-0007EF               70           1
        SFR16            000800-00086F               70           1
        SFR17            000880-0008EF               70           1
        SFR18            000900-00096F               70           1
        SFR19            000980-0009EF               70           1
        SFR2             000100-00011F               20           1
        SFR20            000A00-000A6F               70           1
        SFR21            000A80-000AEF               70           1
        SFR22            000B00-000B6F               70           1
        SFR23            000B80-000BEF               70           1
        SFR24            000C00-000C6F               70           1
        SFR25            000C80-000CEF               70           1
        SFR26            000D00-000D6F               70           1
        SFR27            000D80-000DEF               70           1
        SFR28            000E00-000E6F               70           1
        SFR29            000E80-000EEF               70           1
        SFR3             000180-00019F               20           1
        SFR30            000F00-000F6F               70           1
        SFR31            000F80-000FEF               70           1
        SFR4             000200-00021F               20           1
        SFR5             000280-00029F               20           1
        SFR6             000300-00031F               20           1
        SFR7             000380-00039F               20           1
        SFR8             000400-00041F               20           1
        SFR9             000480-00049F               20           1
        STACK            0020C0-0023EF              330           1
        STRCODE          001828-001C0B              3E4           2
        STRING           001828-001C0B              100           2

                                  Symbol Table

?_MTOUCH_Sensor_RawSample_Get                cstackCOMMON 000074
?__Umul8_16                                  cstackCOMMON 000070
?___fladd                                    cstackCOMMON 000070
?___fldiv                                    cstackBANK0  000035
?___flmul                                    cstackBANK0  000020
?___flsub                                    cstackBANK0  00004F
?___fltol                                    cstackBANK0  00004F
?_abs                                        cstackCOMMON 000070
Button_Baseline_Initialize@button            cstackCOMMON 00007C
Button_Baseline_Update@button                cstackCOMMON 000076
Button_DefaultCallback@button                cstackCOMMON 000070
Button_Deviation_Update@button               cstackBANK0  000020
Button_Deviation_Update@deviation            cstackBANK0  000021
Button_Reading_Update@button                 cstackCOMMON 00007B
Button_Reading_Update_Helper@button          cstackCOMMON 00007A
Button_Service@button                        cstackBANK0  000028
Button_Service@name                          cstackBANK0  000027
Button_State_Initializing@button             cstackCOMMON 00007D
Button_State_NotPressed@button               cstackCOMMON 00007D
Button_State_Pressed@button                  cstackCOMMON 00007D
Button_Tick_helper@button                    cstackCOMMON 000072
IOCAF2_SetInterruptHandler@InterruptHandler  cstackCOMMON 000070
MTOUCH_Button_Initialize@button              cstackCOMMON 000073
MTOUCH_Button_Initialize@name                cstackCOMMON 000072
MTOUCH_Button_InitializeAll@button           cstackCOMMON 00007B
MTOUCH_Button_ServiceAll@button              cstackBANK0  00002A
MTOUCH_Button_Tick@i                         cstackCOMMON 000074
MTOUCH_Button_isPressed@name                 cstackCOMMON 000071
MTOUCH_Delay@i                               cstackCOMMON 000071
MTOUCH_Random@seed                           bssBANK0     00006F
MTOUCH_Sensor_Enable@sensor                  cstackCOMMON 000075
MTOUCH_Sensor_Initialize@sensor              cstackCOMMON 000077
MTOUCH_Sensor_InitializeAll@sensor           cstackCOMMON 000079
MTOUCH_Sensor_RawSample_Get@name             cstackCOMMON 000077
MTOUCH_Sensor_SampleAll@sensor               cstackBANK0  000029
MTOUCH_Sensor_Sampled_ResetAll@sensor        cstackCOMMON 000072
MTOUCH_Sensor_wasSampled@sensor              cstackCOMMON 000075
Sensor_Acq_ExecutePacket@ADCON0_temp         cstackCOMMON 000079
Sensor_Acq_ExecutePacket@ADCON1_temp         cstackCOMMON 00007A
Sensor_Acq_ExecutePacket@GIE_state           cstackCOMMON 00007B
Sensor_Acq_ExecutePacket@error               cstackCOMMON 00007C
Sensor_Acq_ExecutePacket@sensor              cstackCOMMON 00007D
Sensor_Acq_ExecuteScan@result                cstackCOMMON 000076
Sensor_Acquisition@retry                     cstackBANK0  000021
Sensor_Acquisition@sensor                    cstackBANK0  000022
Sensor_DefaultCallback@sensor                cstackCOMMON 000070
Sensor_RawSample_Update@sensor               cstackCOMMON 000070
Sensor_Sampled_Reset@sensor                  cstackCOMMON 000070
Sensor_Service@error                         cstackBANK0  000026
Sensor_Service@name                          cstackBANK0  000025
Sensor_Service@sensor                        cstackBANK0  000027
Sensor_isEnabled@sensor                      cstackCOMMON 000070
Sensor_setActive@sensor                      cstackCOMMON 000070
Sensor_setInactive@sensor                    cstackCOMMON 000070
Sensor_setSampled@sensor                     cstackCOMMON 000070
Sensor_setScanFunction@sensor                cstackCOMMON 000070
SetDimmer@TRIAC_off_duration_ms              cstackBANK0  00005E
SetDimmer@dim_percentage                     cstackBANK0  00005A
StartHeater@i                                cstackBANK0  000066
StartHeater@status_flag                      cstackBANK0  000065
StartStop_AlarmLED@OnOff                     cstackCOMMON 000070
StartStop_AlarmLED_Blink@OnOff               cstackCOMMON 000070
StartStop_Buzzer@OnOff                       cstackCOMMON 000070
StartStop_Dimmer@OnOff                       cstackBANK0  000062
StartStop_Fan@OnOff                          cstackCOMMON 000070
TMR2_Drive_TRIAC_isr@counter_tmr2            bssBANK1     0000C4
TMR2_SetInterruptHandler@InterruptHandler    cstackCOMMON 000070
TMR4_SetInterruptHandler@InterruptHandler    cstackCOMMON 000070
TMR4_Wroking_Blink_AlarmLED_isr@counter_tmr4 bssBANK1     0000C2
_ADCON0                                      (abs)        00009D
_ADCON0bits                                  (abs)        00009D
_ADCON1                                      (abs)        00009E
_ADRES                                       (abs)        00009B
_ANSELA                                      (abs)        00018C
_ANSELB                                      (abs)        00018D
_ANSELC                                      (abs)        00018E
_APFCON0                                     (abs)        00011D
_APFCON1                                     (abs)        00011E
_BORCON                                      (abs)        000116
_Button_Baseline_Initialize                  text37       0010CC
_Button_Baseline_Update                      text36       0015BB
_Button_DefaultCallback                      text35       001C10
_Button_Deviation_Update                     text41       00152C
_Button_Reading_Update                       text38       001D1C
_Button_Reading_Update_Helper                text39       0011A9
_Button_Service                              text29       0012AD
_Button_StateMachine                         dataBANK1    0000A0
_Button_State_Initializing                   text33       0013D0
_Button_State_NotPressed                     text32       000846
_Button_State_Pressed                        text34       00136A
_Button_Tick_helper                          text8        001075
_DimmerStatusFlag_g                          bssBANK0     000069
_GIE                                         (abs)        00005F
_INTCONbits                                  (abs)        00000B
_INTERRUPT_InterruptManager                  intentry     000004
_IOCAF2_DefaultInterruptHandler              text89       001C0C
_IOCAF2_ISR                                  text88       001CAF
_IOCAF2_InterruptHandler                     nvBANK1      0000D0
_IOCAF2_SetInterruptHandler                  text50       001C2A
_IOCAFbits                                   (abs)        000393
_IOCANbits                                   (abs)        000392
_IOCAPbits                                   (abs)        000391
_Init_Function                               text64       001DDB
_LATA                                        (abs)        00010C
_LATB                                        (abs)        00010D
_LATC                                        (abs)        00010E
_LATCbits                                    (abs)        00010E
_MTOUCH_Button_Initialize                    text62       001128
_MTOUCH_Button_InitializeAll                 text60       001EA2
_MTOUCH_Button_ServiceAll                    text28       001D3F
_MTOUCH_Button_Tick                          text7        001E21
_MTOUCH_Button_isPressed                     text42       001EF9
_MTOUCH_CVD_ScanA_0                          text24       001F57
_MTOUCH_CVD_ScanA_1                          text25       001F37
_MTOUCH_CVD_ScanB_0                          text22       001F97
_MTOUCH_CVD_ScanB_1                          text23       001F77
_MTOUCH_Delay                                text27       001D89
_MTOUCH_Initialize                           text52       001CA2
_MTOUCH_Random                               text26       001DC5
_MTOUCH_Sensor_Calibrate                     text63       001C0F
_MTOUCH_Sensor_Enable                        text58       001D9C
_MTOUCH_Sensor_Initialize                    text56       001D2D
_MTOUCH_Sensor_InitializeAll                 text55       001CFB
_MTOUCH_Sensor_RawSample_Get                 text40       001E39
_MTOUCH_Sensor_SampleAll                     text9        001E6D
_MTOUCH_Sensor_Sampled_ResetAll              text54       001EDB
_MTOUCH_Sensor_Scan_Initialize               text53       001C25
_MTOUCH_Sensor_isCalibrated                  text31       000002
_MTOUCH_Sensor_wasSampled                    text30       001DF2
_MTOUCH_Service_Mainloop                     text4        00104B
_MTOUCH_Tick                                 text6        001C21
_MTOUCH_needReburst                          text5        0007FE
_OPTION_REGbits                              (abs)        000095
_OSCCON                                      (abs)        000099
_OSCILLATOR_Initialize                       text51       001C4F
_OSCTUNE                                     (abs)        000098
_PIE1bits                                    (abs)        000091
_PIE3bits                                    (abs)        000093
_PIN_MANAGER_IOC                             text87       001C6B
_PIN_MANAGER_Initialize                      text49       001022
_PIR1bits                                    (abs)        000011
_PIR3bits                                    (abs)        000013
_PORTCbits                                   (abs)        00000E
_PR2                                         (abs)        00001B
_PR4                                         (abs)        000416
_SYSTEM_Initialize                           text43       001D76
_Sensor_Acq_ExecutePacket                    text19       001253
_Sensor_Acq_ExecuteScan                      text21       001308
_Sensor_Acquisition                          text14       00115F
_Sensor_DefaultCallback                      text13       000800
_Sensor_RawSample_Update                     text12       001E87
_Sensor_Sampled_Reset                        text57       001C48
_Sensor_Service                              text10       0011FA
_Sensor_isEnabled                            text18       001CDC
_Sensor_scanA                                dataBANK1    0000AC
_Sensor_scanB                                dataBANK1    0000AA
_Sensor_setActive                            text17       001C56
_Sensor_setInactive                          text16       001C5D
_Sensor_setSampled                           text11       001C64
_Sensor_setScanFunction                      text20       001D51
_SetDimmer                                   text67       0014AB
_StartHeater                                 text3        000B2E
_StartStop_AlarmLED                          text78       001C7E
_StartStop_AlarmLED_Blink                    text75       001CEB
_StartStop_Buzzer                            text74       001C8A
_StartStop_Dimmer                            text66       001E09
_StartStop_Fan                               text65       001C96
_StartTouchDetection                         text2        000801
_StopTouchDetection                          text1        0007B9
_T2CON                                       (abs)        00001C
_T2CONbits                                   (abs)        00001C
_T4CON                                       (abs)        000417
_T4CONbits                                   (abs)        000417
_TMR2                                        (abs)        00001A
_TMR2_DefaultInterruptHandler                text84       001C0D
_TMR2_Drive_TRIAC_isr                        text85       0010A0
_TMR2_ISR                                    text83       001CBE
_TMR2_Initialize                             text47       001D0B
_TMR2_InterruptHandler                       nvBANK1      0000CE
_TMR2_SetInterruptHandler                    text48       001C30
_TMR2_StartTimer                             text91       001C11
_TMR2_StopTimer                              text86       001C14
_TMR4                                        (abs)        000415
_TMR4_DefaultInterruptHandler                text81       001C0E
_TMR4_ISR                                    text80       001CCD
_TMR4_Initialize                             text45       001D63
_TMR4_InterruptHandler                       nvBANK1      0000CC
_TMR4_SetInterruptHandler                    text46       001C36
_TMR4_StartTimer                             text77       001C17
_TMR4_StopTimer                              text76       001C1A
_TMR4_Wroking_Blink_AlarmLED_isr             text82       001EBE
_TRISA                                       (abs)        00008C
_TRISB                                       (abs)        00008D
_TRISC                                       (abs)        00008E
_WDTCON                                      (abs)        000097
_WDT_Initialize                              text44       001C1D
_WPUA                                        (abs)        00020C
_WPUB                                        (abs)        00020D
_WPUC                                        (abs)        00020E
_Zero_Detection_isr                          text90       001C74
__Habs1                                      abs1         000000
__Hbank0                                     bank0        000000
__Hbank1                                     bank1        000000
__Hbank10                                    bank10       000000
__Hbank11                                    bank11       000000
__Hbank12                                    bank12       000000
__Hbank13                                    bank13       000000
__Hbank14                                    bank14       000000
__Hbank15                                    bank15       000000
__Hbank16                                    bank16       000000
__Hbank17                                    bank17       000000
__Hbank18                                    bank18       000000
__Hbank19                                    bank19       000000
__Hbank2                                     bank2        000000
__Hbank20                                    bank20       000000
__Hbank21                                    bank21       000000
__Hbank22                                    bank22       000000
__Hbank23                                    bank23       000000
__Hbank24                                    bank24       000000
__Hbank25                                    bank25       000000
__Hbank26                                    bank26       000000
__Hbank27                                    bank27       000000
__Hbank28                                    bank28       000000
__Hbank29                                    bank29       000000
__Hbank3                                     bank3        000000
__Hbank30                                    bank30       000000
__Hbank31                                    bank31       000000
__Hbank4                                     bank4        000000
__Hbank5                                     bank5        000000
__Hbank6                                     bank6        000000
__Hbank7                                     bank7        000000
__Hbank8                                     bank8        000000
__Hbank9                                     bank9        000000
__Hbigram                                    bigram       000000
__HbssBANK0                                  bssBANK0     000000
__HbssBANK1                                  bssBANK1     000000
__HbssBANK2                                  bssBANK2     000000
__Hcinit                                     cinit        00005E
__Hclrtext                                   clrtext      000000
__Hcode                                      code         000000
__Hcommon                                    common       000000
__Hconfig                                    config       008009
__HcstackBANK0                               cstackBANK0  000000
__HcstackCOMMON                              cstackCOMMON 000000
__HdataBANK1                                 dataBANK1    000000
__Heeprom_data                               eeprom_data  000000
__Hend_init                                  end_init     000036
__Hfunctab                                   functab      000000
__HidataBANK1                                idataBANK1   000000
__Hidloc                                     idloc        008004
__Hinit                                      init         000034
__Hinittext                                  inittext     000000
__Hintentry                                  intentry     000034
__Hmaintext                                  maintext     000000
__HnvBANK1                                   nvBANK1      000000
__Hpowerup                                   powerup      000000
__Hram                                       ram          000000
__Hreset_vec                                 reset_vec    000002
__Hsfr0                                      sfr0         000000
__Hsfr1                                      sfr1         000000
__Hsfr10                                     sfr10        000000
__Hsfr11                                     sfr11        000000
__Hsfr12                                     sfr12        000000
__Hsfr13                                     sfr13        000000
__Hsfr14                                     sfr14        000000
__Hsfr15                                     sfr15        000000
__Hsfr16                                     sfr16        000000
__Hsfr17                                     sfr17        000000
__Hsfr18                                     sfr18        000000
__Hsfr19                                     sfr19        000000
__Hsfr2                                      sfr2         000000
__Hsfr20                                     sfr20        000000
__Hsfr21                                     sfr21        000000
__Hsfr22                                     sfr22        000000
__Hsfr23                                     sfr23        000000
__Hsfr24                                     sfr24        000000
__Hsfr25                                     sfr25        000000
__Hsfr26                                     sfr26        000000
__Hsfr27                                     sfr27        000000
__Hsfr28                                     sfr28        000000
__Hsfr29                                     sfr29        000000
__Hsfr3                                      sfr3         000000
__Hsfr30                                     sfr30        000000
__Hsfr31                                     sfr31        000000
__Hsfr4                                      sfr4         000000
__Hsfr5                                      sfr5         000000
__Hsfr6                                      sfr6         000000
__Hsfr7                                      sfr7         000000
__Hsfr8                                      sfr8         000000
__Hsfr9                                      sfr9         000000
__Hspace_0                                   (abs)        002000
__Hspace_1                                   (abs)        000140
__Hspace_2                                   (abs)        000000
__Hspace_3                                   (abs)        000000
__Hspace_4                                   (abs)        010010
__Hstack                                     stack        000000
__Hstrings                                   strings      000000
__Hstringtext1                               stringtext1  000000
__Hstringtext2                               stringtext2  000000
__Hstringtext3                               stringtext3  000000
__Htext                                      text         000000
__Labs1                                      abs1         000000
__Lbank0                                     bank0        000000
__Lbank1                                     bank1        000000
__Lbank10                                    bank10       000000
__Lbank11                                    bank11       000000
__Lbank12                                    bank12       000000
__Lbank13                                    bank13       000000
__Lbank14                                    bank14       000000
__Lbank15                                    bank15       000000
__Lbank16                                    bank16       000000
__Lbank17                                    bank17       000000
__Lbank18                                    bank18       000000
__Lbank19                                    bank19       000000
__Lbank2                                     bank2        000000
__Lbank20                                    bank20       000000
__Lbank21                                    bank21       000000
__Lbank22                                    bank22       000000
__Lbank23                                    bank23       000000
__Lbank24                                    bank24       000000
__Lbank25                                    bank25       000000
__Lbank26                                    bank26       000000
__Lbank27                                    bank27       000000
__Lbank28                                    bank28       000000
__Lbank29                                    bank29       000000
__Lbank3                                     bank3        000000
__Lbank30                                    bank30       000000
__Lbank31                                    bank31       000000
__Lbank4                                     bank4        000000
__Lbank5                                     bank5        000000
__Lbank6                                     bank6        000000
__Lbank7                                     bank7        000000
__Lbank8                                     bank8        000000
__Lbank9                                     bank9        000000
__Lbigram                                    bigram       000000
__LbssBANK0                                  bssBANK0     000000
__LbssBANK1                                  bssBANK1     000000
__LbssBANK2                                  bssBANK2     000000
__Lcinit                                     cinit        000036
__Lclrtext                                   clrtext      000000
__Lcode                                      code         000000
__Lcommon                                    common       000000
__Lconfig                                    config       000000
__LcstackBANK0                               cstackBANK0  000000
__LcstackCOMMON                              cstackCOMMON 000000
__LdataBANK1                                 dataBANK1    000000
__Leeprom_data                               eeprom_data  000000
__Lend_init                                  end_init     000034
__Lfunctab                                   functab      000000
__LidataBANK1                                idataBANK1   000000
__Lidloc                                     idloc        000000
__Linit                                      init         000034
__Linittext                                  inittext     000000
__Lintentry                                  intentry     000004
__Lmaintext                                  maintext     000000
__LnvBANK1                                   nvBANK1      000000
__Lpowerup                                   powerup      000000
__Lram                                       ram          000000
__Lreset_vec                                 reset_vec    000000
__Lsfr0                                      sfr0         000000
__Lsfr1                                      sfr1         000000
__Lsfr10                                     sfr10        000000
__Lsfr11                                     sfr11        000000
__Lsfr12                                     sfr12        000000
__Lsfr13                                     sfr13        000000
__Lsfr14                                     sfr14        000000
__Lsfr15                                     sfr15        000000
__Lsfr16                                     sfr16        000000
__Lsfr17                                     sfr17        000000
__Lsfr18                                     sfr18        000000
__Lsfr19                                     sfr19        000000
__Lsfr2                                      sfr2         000000
__Lsfr20                                     sfr20        000000
__Lsfr21                                     sfr21        000000
__Lsfr22                                     sfr22        000000
__Lsfr23                                     sfr23        000000
__Lsfr24                                     sfr24        000000
__Lsfr25                                     sfr25        000000
__Lsfr26                                     sfr26        000000
__Lsfr27                                     sfr27        000000
__Lsfr28                                     sfr28        000000
__Lsfr29                                     sfr29        000000
__Lsfr3                                      sfr3         000000
__Lsfr30                                     sfr30        000000
__Lsfr31                                     sfr31        000000
__Lsfr4                                      sfr4         000000
__Lsfr5                                      sfr5         000000
__Lsfr6                                      sfr6         000000
__Lsfr7                                      sfr7         000000
__Lsfr8                                      sfr8         000000
__Lsfr9                                      sfr9         000000
__Lspace_0                                   (abs)        000000
__Lspace_1                                   (abs)        000000
__Lspace_2                                   (abs)        000000
__Lspace_3                                   (abs)        000000
__Lspace_4                                   (abs)        000000
__Lstack                                     stack        000000
__Lstrings                                   strings      000000
__Lstringtext1                               stringtext1  000000
__Lstringtext2                               stringtext2  000000
__Lstringtext3                               stringtext3  000000
__Ltext                                      text         000000
__S0                                         (abs)        002000
__S1                                         (abs)        000140
__S2                                         (abs)        000000
__S3                                         (abs)        000000
__Umul8_16                                   text72       001FB7
__Umul8_16@multiplicand                      cstackCOMMON 000070
__Umul8_16@multiplier                        cstackCOMMON 000078
__Umul8_16@product                           cstackCOMMON 000074
__Umul8_16@word_mpld                         cstackCOMMON 000076
___bmul                                      text59       001DB0
___bmul@multiplicand                         cstackCOMMON 000070
___bmul@multiplier                           cstackCOMMON 000073
___bmul@product                              cstackCOMMON 000072
___fladd                                     text70       0008EF
___fladd@a                                   cstackCOMMON 000074
___fladd@aexp                                cstackCOMMON 000079
___fladd@b                                   cstackCOMMON 000070
___fladd@bexp                                cstackCOMMON 00007A
___fladd@grs                                 cstackCOMMON 00007B
___fladd@signs                               cstackCOMMON 000078
___fldiv                                     text73       00164C
___fldiv@a                                   cstackBANK0  000035
___fldiv@aexp                                cstackBANK0  00004E
___fldiv@b                                   cstackBANK0  000039
___fldiv@bexp                                cstackBANK0  00004D
___fldiv@grs                                 cstackBANK0  000049
___fldiv@new_exp                             cstackBANK0  000047
___fldiv@rem                                 cstackBANK0  000042
___fldiv@sign                                cstackBANK0  000046
___flmul                                     text71       000562
___flmul@a                                   cstackBANK0  000024
___flmul@aexp                                cstackBANK0  00002D
___flmul@b                                   cstackBANK0  000020
___flmul@bexp                                cstackBANK0  00002E
___flmul@grs                                 cstackBANK0  000029
___flmul@prod                                cstackBANK0  00002F
___flmul@sign                                cstackBANK0  000028
___flmul@temp                                cstackBANK0  000033
___flsub                                     text69       001F17
___flsub@a                                   cstackBANK0  00004F
___flsub@b                                   cstackBANK0  000053
___fltol                                     text68       001436
___fltol@exp1                                cstackBANK0  000059
___fltol@f1                                  cstackBANK0  00004F
___fltol@sign1                               cstackBANK0  000058
___int_sp                                    stack        000000
___latbits                                   (abs)        000002
___sp                                        stack        000000
___stackhi                                   (abs)        0023EF
___stacklo                                   (abs)        0020C0
__end_of_Button_Baseline_Initialize          text37       0010F9
__end_of_Button_Baseline_Update              text36       00164C
__end_of_Button_DefaultCallback              text35       001C11
__end_of_Button_Deviation_Update             text41       0015BB
__end_of_Button_Reading_Update               text38       001D2D
__end_of_Button_Reading_Update_Helper        text39       0011FA
__end_of_Button_Service                      text29       001308
__end_of_Button_State_Initializing           text33       001436
__end_of_Button_State_NotPressed             text32       0008EF
__end_of_Button_State_Pressed                text34       0013D0
__end_of_Button_Tick_helper                  text8        0010A0
__end_of_HalfCycleACDuration_const           stringtext3  001828
__end_of_INTERRUPT_InterruptManager          intentry     000034
__end_of_IOCAF2_DefaultInterruptHandler      text89       001C0D
__end_of_IOCAF2_ISR                          text88       001CBE
__end_of_IOCAF2_SetInterruptHandler          text50       001C30
__end_of_Init_Function                       text64       001DF2
__end_of_MTOUCH_Button_Initialize            text62       00115F
__end_of_MTOUCH_Button_InitializeAll         text60       001EBE
__end_of_MTOUCH_Button_ServiceAll            text28       001D51
__end_of_MTOUCH_Button_Tick                  text7        001E39
__end_of_MTOUCH_Button_isPressed             text42       001F17
__end_of_MTOUCH_CVD_ScanA_0                  text24       001F77
__end_of_MTOUCH_CVD_ScanA_1                  text25       001F57
__end_of_MTOUCH_CVD_ScanB_0                  text22       001FB7
__end_of_MTOUCH_CVD_ScanB_1                  text23       001F97
__end_of_MTOUCH_Delay                        text27       001D9C
__end_of_MTOUCH_Initialize                   text52       001CAF
__end_of_MTOUCH_Random                       text26       001DDB
__end_of_MTOUCH_Sensor_Calibrate             text63       001C10
__end_of_MTOUCH_Sensor_Enable                text58       001DB0
__end_of_MTOUCH_Sensor_Initialize            text56       001D3F
__end_of_MTOUCH_Sensor_InitializeAll         text55       001D0B
__end_of_MTOUCH_Sensor_RawSample_Get         text40       001E53
__end_of_MTOUCH_Sensor_SampleAll             text9        001E87
__end_of_MTOUCH_Sensor_Sampled_ResetAll      text54       001EF9
__end_of_MTOUCH_Sensor_Scan_Initialize       text53       001C2A
__end_of_MTOUCH_Sensor_isCalibrated          text31       000004
__end_of_MTOUCH_Sensor_wasSampled            text30       001E09
__end_of_MTOUCH_Service_Mainloop             text4        001075
__end_of_MTOUCH_Tick                         text6        001C25
__end_of_MTOUCH_needReburst                  text5        000800
__end_of_OSCILLATOR_Initialize               text51       001C56
__end_of_PIN_MANAGER_IOC                     text87       001C74
__end_of_PIN_MANAGER_Initialize              text49       00104B
__end_of_SYSTEM_Initialize                   text43       001D89
__end_of_Sensor_Acq_ExecutePacket            text19       0012AD
__end_of_Sensor_Acq_ExecuteScan              text21       00136A
__end_of_Sensor_Acquisition                  text14       0011A9
__end_of_Sensor_DefaultCallback              text13       000801
__end_of_Sensor_RawSample_Update             text12       001EA2
__end_of_Sensor_Sampled_Reset                text57       001C4F
__end_of_Sensor_Service                      text10       001253
__end_of_Sensor_isEnabled                    text18       001CEB
__end_of_Sensor_setActive                    text17       001C5D
__end_of_Sensor_setInactive                  text16       001C64
__end_of_Sensor_setSampled                   text11       001C6B
__end_of_Sensor_setScanFunction              text20       001D63
__end_of_SetDimmer                           text67       00152C
__end_of_StartHeater                         text3_split_1 000562
__end_of_StartStop_AlarmLED                  text78       001C8A
__end_of_StartStop_AlarmLED_Blink            text75       001CFB
__end_of_StartStop_Buzzer                    text74       001C96
__end_of_StartStop_Dimmer                    text66       001E21
__end_of_StartStop_Fan                       text65       001CA2
__end_of_StartTouchDetection                 text2        000846
__end_of_StopTouchDetection                  text1        0007FE
__end_of_TMR2_DefaultInterruptHandler        text84       001C0E
__end_of_TMR2_Drive_TRIAC_isr                text85       0010CC
__end_of_TMR2_ISR                            text83       001CCD
__end_of_TMR2_Initialize                     text47       001D1C
__end_of_TMR2_SetInterruptHandler            text48       001C36
__end_of_TMR2_StartTimer                     text91       001C14
__end_of_TMR2_StopTimer                      text86       001C17
__end_of_TMR2_Timer_Period_const             stringtext1  001824
__end_of_TMR4_DefaultInterruptHandler        text81       001C0F
__end_of_TMR4_ISR                            text80       001CDC
__end_of_TMR4_Initialize                     text45       001D76
__end_of_TMR4_SetInterruptHandler            text46       001C3C
__end_of_TMR4_StartTimer                     text77       001C1A
__end_of_TMR4_StopTimer                      text76       001C1D
__end_of_TMR4_Wroking_Blink_AlarmLED_isr     text82       001EDB
__end_of_WDT_Initialize                      text44       001C21
__end_of_Zero_Detection_isr                  text90       001C7E
__end_of__Umul8_16                           text72       001FDA
__end_of___bmul                              text59       001DC5
__end_of___fladd                             text70       000B2E
__end_of___fldiv                             text73       001800
__end_of___flmul                             text71       0007B9
__end_of___flsub                             text69       001F37
__end_of___fltol                             text68       0014AB
__end_of__initialization                     cinit        00005A
__end_of_abs                                 text15       001E6D
__end_of_main                                maintext     002000
__end_of_memcpy                              text61       001128
__end_of_mtouch_button_init                  stringtext2  001820
__initialization                             cinit        000036
__pbssBANK0                                  bssBANK0     000069
__pbssBANK1                                  bssBANK1     0000C2
__pbssBANK2                                  bssBANK2     000120
__pcstackBANK0                               cstackBANK0  000020
__pcstackCOMMON                              cstackCOMMON 000070
__pdataBANK1                                 dataBANK1    0000A0
__pidataBANK1                                idataBANK1   001000
__pintentry                                  intentry     000004
__pmaintext                                  maintext     001FDA
__pnvBANK1                                   nvBANK1      0000CC
__pstringtext1                               stringtext1  001820
__pstringtext2                               stringtext2  001800
__pstringtext3                               stringtext3  001824
__ptext1                                     text1        0007B9
__ptext10                                    text10       0011FA
__ptext11                                    text11       001C64
__ptext12                                    text12       001E87
__ptext13                                    text13       000800
__ptext14                                    text14       00115F
__ptext15                                    text15       001E53
__ptext16                                    text16       001C5D
__ptext17                                    text17       001C56
__ptext18                                    text18       001CDC
__ptext19                                    text19       001253
__ptext2                                     text2        000801
__ptext20                                    text20       001D51
__ptext21                                    text21       001308
__ptext22                                    text22       001F97
__ptext23                                    text23       001F77
__ptext24                                    text24       001F57
__ptext25                                    text25       001F37
__ptext26                                    text26       001DC5
__ptext27                                    text27       001D89
__ptext28                                    text28       001D3F
__ptext29                                    text29       0012AD
__ptext3                                     text3        000B2E
__ptext30                                    text30       001DF2
__ptext31                                    text31       000002
__ptext32                                    text32       000846
__ptext33                                    text33       0013D0
__ptext34                                    text34       00136A
__ptext35                                    text35       001C10
__ptext36                                    text36       0015BB
__ptext37                                    text37       0010CC
__ptext38                                    text38       001D1C
__ptext39                                    text39       0011A9
__ptext4                                     text4        00104B
__ptext40                                    text40       001E39
__ptext41                                    text41       00152C
__ptext42                                    text42       001EF9
__ptext43                                    text43       001D76
__ptext44                                    text44       001C1D
__ptext45                                    text45       001D63
__ptext46                                    text46       001C36
__ptext47                                    text47       001D0B
__ptext48                                    text48       001C30
__ptext49                                    text49       001022
__ptext5                                     text5        0007FE
__ptext50                                    text50       001C2A
__ptext51                                    text51       001C4F
__ptext52                                    text52       001CA2
__ptext53                                    text53       001C25
__ptext54                                    text54       001EDB
__ptext55                                    text55       001CFB
__ptext56                                    text56       001D2D
__ptext57                                    text57       001C48
__ptext58                                    text58       001D9C
__ptext59                                    text59       001DB0
__ptext6                                     text6        001C21
__ptext60                                    text60       001EA2
__ptext61                                    text61       0010F9
__ptext62                                    text62       001128
__ptext63                                    text63       001C0F
__ptext64                                    text64       001DDB
__ptext65                                    text65       001C96
__ptext66                                    text66       001E09
__ptext67                                    text67       0014AB
__ptext68                                    text68       001436
__ptext69                                    text69       001F17
__ptext7                                     text7        001E21
__ptext70                                    text70       0008EF
[...]
 Defined at:
		line 132 in file "main.c"
 Parameters:    Size  Location     Type
		None
 Auto vars:     Size  Location     Type
		None
 Return value:  Size  Location     Type
                  1    wreg      void 
 Registers used:
		wreg, status,2, status,0
 Tracked objects:
		On entry : 
		On exit  : 
		Unchanged: 
 Data sizes:     COMMON   BANK0   BANK1   BANK2   BANK3   BANK4   BANK5   BANK6   BANK7   BANK8   BANK9  BANK10  BANK11  BANK12
      Params:         0       0       0       0       0       0       0       0       0       0       0       0       0       0
      Locals:         0       0       0       0       0       0       0       0       0       0       0       0       0       0
      Temps:          0       0       0       0       0       0       0       0       0       0       0       0       0       0
      Totals:         0       0       0       0       0       0       0       0       0       0       0       0       0       0
Total ram usage:        0 bytes
 Hardware stack levels used:    1
 This function calls:
		Nothing
 This function is called by:
		_main
		_TMR4_ISR
 This function uses a non-reentrant model


 *************** function _TMR2_ISR *****************
 Defined at:
		line 119 in file "mcc_generated_files/tmr2.c"
 Parameters:    Size  Location     Type
		None
 Auto vars:     Size  Location     Type
		None
 Return value:  Size  Location     Type
                  1    wreg      void 
 Registers used:
		wreg, status,2, status,0, pclath, cstack
 Tracked objects:
		On entry : 
		On exit  : 
		Unchanged: 
 Data sizes:     COMMON   BANK0   BANK1   BANK2   BANK3   BANK4   BANK5   BANK6   BANK7   BANK8   BANK9  BANK10  BANK11  BANK12
      Params:         0       0       0       0       0       0       0       0       0       0       0       0       0       0
      Locals:         0       0       0       0       0       0       0       0       0       0       0       0       0       0
      Temps:          0       0       0       0       0       0       0       0       0       0       0       0       0       0
      Totals:         0       0       0       0       0       0       0       0       0       0       0       0       0       0
Total ram usage:        0 bytes
 Hardware stack levels used:    1
 Hardware stack levels required when called:    2
 This function calls:
		Absolute function
		_TMR2_DefaultInterruptHandler
		_TMR2_Drive_TRIAC_isr
 This function is called by:
		_INTERRUPT_InterruptManager
 This function uses a non-reentrant model


 *************** function _TMR2_DefaultInterruptHandler *****************
 Defined at:
		line 136 in file "mcc_generated_files/tmr2.c"
 Parameters:    Size  Location     Type
		None
 Auto vars:     Size  Location     Type
		None
 Return value:  Size  Location     Type
                  1    wreg      void 
 Registers used:
		None
 Tracked objects:
		On entry : 
		On exit  : 
		Unchanged: 
 Data sizes:     COMMON   BANK0   BANK1   BANK2   BANK3   BANK4   BANK5   BANK6   BANK7   BANK8   BANK9  BANK10  BANK11  BANK12
      Params:         0       0       0       0       0       0       0       0       0       0       0       0       0       0
      Locals:         0       0       0       0       0       0       0       0       0       0       0       0       0       0
      Temps:          0       0       0       0       0       0       0       0       0       0       0       0       0       0
      Totals:         0       0       0       0       0       0       0       0       0       0       0       0       0       0
Total ram usage:        0 bytes
 Hardware stack levels used:    1
 This function calls:
		Nothing
 This function is called by:
		_TMR2_Initialize
		_TMR2_ISR
 This function uses a non-reentrant model


 *************** function _TMR2_Drive_TRIAC_isr *****************
 Defined at:
		line 104 in file "main.c"
 Parameters:    Size  Location     Type
		None
 Auto vars:     Size  Location     Type
		None
 Return value:  Size  Location     Type
                  1    wreg      void 
 Registers used:
		wreg, status,2, status,0, pclath, cstack
 Tracked objects:
		On entry : 
		On exit  : 
		Unchanged: 
 Data sizes:     COMMON   BANK0   BANK1   BANK2   BANK3   BANK4   BANK5   BANK6   BANK7   BANK8   BANK9  BANK10  BANK11  BANK12
      Params:         0       0       0       0       0       0       0       0       0       0       0       0       0       0
      Locals:         0       0       0       0       0       0       0       0       0       0       0       0       0       0
      Temps:          0       0       0       0       0       0       0       0       0       0       0       0       0       0
      Totals:         0       0       0       0       0       0       0       0       0       0       0       0       0       0
Total ram usage:        0 bytes
 Hardware stack levels used:    1
 Hardware stack levels required when called:    1
 This function calls:
		_TMR2_StopTimer
 This function is called by:
		_main
		_TMR2_ISR
 This function uses a non-reentrant model


 *************** function _TMR2_StopTimer *****************
 Defined at:
		line 93 in file "mcc_generated_files/tmr2.c"
 Parameters:    Size  Location     Type
		None
 Auto vars:     Size  Location     Type
		None
 Return value:  Size  Location     Type
                  1    wreg      void 
 Registers used:
		None
 Tracked objects:
		On entry : 
		On exit  : 
		Unchanged: 
 Data sizes:     COMMON   BANK0   BANK1   BANK2   BANK3   BANK4   BANK5   BANK6   BANK7   BANK8   BANK9  BANK10  BANK11  BANK12
      Params:         0       0       0       0       0       0       0       0       0       0       0       0       0       0
      Locals:         0       0       0       0       0       0       0       0       0       0       0       0       0       0
      Temps:          0       0       0       0       0       0       0       0       0       0       0       0       0       0
      Totals:         0       0       0       0       0       0       0       0       0       0       0       0       0       0
Total ram usage:        0 bytes
 Hardware stack levels used:    1
 This function calls:
		Nothing
 This function is called by:
		_TMR2_Drive_TRIAC_isr
 This function uses a non-reentrant model


 *************** function _PIN_MANAGER_IOC *****************
 Defined at:
		line 115 in file "mcc_generated_files/pin_manager.c"
 Parameters:    Size  Location     Type
		None
 Auto vars:     Size  Location     Type
		None
 Return value:  Size  Location     Type
                  1    wreg      void 
 Registers used:
		wreg, status,2, status,0, pclath, cstack
 Tracked objects:
		On entry : 
		On exit  : 
		Unchanged: 
 Data sizes:     COMMON   BANK0   BANK1   BANK2   BANK3   BANK4   BANK5   BANK6   BANK7   BANK8   BANK9  BANK10  BANK11  BANK12
      Params:         0       0       0       0       0       0       0       0       0       0       0       0       0       0
      Locals:         0       0       0       0       0       0       0       0       0       0       0       0       0       0
      Temps:          0       0       0       0       0       0       0       0       0       0       0       0       0       0
      Totals:         0       0       0       0       0       0       0       0       0       0       0       0       0       0
Total ram usage:        0 bytes
 Hardware stack levels used:    1
 Hardware stack levels required when called:    3
 This function calls:
		_IOCAF2_ISR
 This function is called by:
		_INTERRUPT_InterruptManager
 This function uses a non-reentrant model


 *************** function _IOCAF2_ISR *****************
 Defined at:
		line 127 in file "mcc_generated_files/pin_manager.c"
 Parameters:    Size  Location     Type
		None
 Auto vars:     Size  Location     Type
		None
 Return value:  Size  Location     Type
                  1    wreg      void 
 Registers used:
		wreg, status,2, status,0, pclath, cstack
 Tracked objects:
		On entry : 
		On exit  : 
		Unchanged: 
 Data sizes:     COMMON   BANK0   BANK1   BANK2   BANK3   BANK4   BANK5   BANK6   BANK7   BANK8   BANK9  BANK10  BANK11  BANK12
      Params:         0       0       0       0       0       0       0       0       0       0       0       0       0       0
      Locals:         0       0       0       0       0       0       0       0       0       0       0       0       0       0
      Temps:          0       0       0       0       0       0       0       0       0       0       0       0       0       0
      Totals:         0       0       0       0       0       0       0       0       0       0       0       0       0       0
Total ram usage:        0 bytes
 Hardware stack levels used:    1
 Hardware stack levels required when called:    2
 This function calls:
		Absolute function
		_IOCAF2_DefaultInterruptHandler
		_Zero_Detection_isr
 This function is called by:
		_PIN_MANAGER_IOC
 This function uses a non-reentrant model


 *************** function _IOCAF2_DefaultInterruptHandler *****************
 Defined at:
		line 149 in file "mcc_generated_files/pin_manager.c"
 Parameters:    Size  Location     Type
		None
 Auto vars:     Size  Location     Type
		None
 Return value:  Size  Location     Type
                  1    wreg      void 
 Registers used:
		None
 Tracked objects:
		On entry : 
		On exit  : 
		Unchanged: 
 Data sizes:     COMMON   BANK0   BANK1   BANK2   BANK3   BANK4   BANK5   BANK6   BANK7   BANK8   BANK9  BANK10  BANK11  BANK12
      Params:         0       0       0       0       0       0       0       0       0       0       0       0       0       0
      Locals:         0       0       0       0       0       0       0       0       0       0       0       0       0       0
      Temps:          0       0       0       0       0       0       0       0       0       0       0       0       0       0
      Totals:         0       0       0       0       0       0       0       0       0       0       0       0       0       0
Total ram usage:        0 bytes
 Hardware stack levels used:    1
 This function calls:
		Nothing
 This function is called by:
		_PIN_MANAGER_Initialize
		_IOCAF2_ISR
 This function uses a non-reentrant model


 *************** function _Zero_Detection_isr *****************
 Defined at:
		line 91 in file "main.c"
 Parameters:    Size  Location     Type
		None
 Auto vars:     Size  Location     Type
		None
 Return value:  Size  Location     Type
                  1    wreg      void 
 Registers used:
		wreg, status,2, status,0, pclath, cstack
 Tracked objects:
		On entry : 
		On exit  : 
		Unchanged: 
 Data sizes:     COMMON   BANK0   BANK1   BANK2   BANK3   BANK4   BANK5   BANK6   BANK7   BANK8   BANK9  BANK10  BANK11  BANK12
      Params:         0       0       0       0       0       0       0       0       0       0       0       0       0       0
      Locals:         0       0       0       0       0       0       0       0       0       0       0       0       0       0
      Temps:          0       0       0       0       0       0       0       0       0       0       0       0       0       0
      Totals:         0       0       0       0       0       0       0       0       0       0       0       0       0       0
Total ram usage:        0 bytes
 Hardware stack levels used:    1
 Hardware stack levels required when called:    1
 This function calls:
		_TMR2_StartTimer
 This function is called by:
		_main
		_IOCAF2_ISR
 This function uses a non-reentrant model


 *************** function _TMR2_StartTimer *****************
 Defined at:
		line 87 in file "mcc_generated_files/tmr2.c"
 Parameters:    Size  Location     Type
		None
 Auto vars:     Size  Location     Type
		None
 Return value:  Size  Location     Type
                  1    wreg      void 
 Registers used:
		None
 Tracked objects:
		On entry : 
		On exit  : 
		Unchanged: 
 Data sizes:     COMMON   BANK0   BANK1   BANK2   BANK3   BANK4   BANK5   BANK6   BANK7   BANK8   BANK9  BANK10  BANK11  BANK12
      Params:         0       0       0       0       0       0       0       0       0       0       0       0       0       0
      Locals:         0       0       0       0       0       0       0       0       0       0       0       0       0       0
      Temps:          0       0       0       0       0       0       0       0       0       0       0       0       0       0
      Totals:         0       0       0       0       0       0       0       0       0       0       0       0       0       0
Total ram usage:        0 bytes
 Hardware stack levels used:    1
 This function calls:
		Nothing
 This function is called by:
		_Zero_Detection_isr
 This function uses a non-reentrant model



MODULE INFORMATION

Module		Function		Class		Link	Load	Size
mcc_generated_files/mtouch/mtouch_button.c
		_Button_Deviation_Update		CODE           	152C	0000	143
		_MTOUCH_Button_isPressed		CODE           	1EF9	0000	30
		_MTOUCH_Button_Initialize		CODE           	1128	0000	55
		_Button_Tick_helper		CODE           	1075	0000	43
		_MTOUCH_Button_InitializeAll		CODE           	1EA2	0000	28
		_Button_Baseline_Update		CODE           	15BB	0000	145
		_Button_State_Pressed		CODE           	136A	0000	102
		_Button_Reading_Update		CODE           	1D1C	0000	17
		_Button_DefaultCallback		CODE           	1C10	0000	1
		_MTOUCH_Button_Tick		CODE           	1E21	0000	24
		_Button_State_NotPressed		CODE           	0846	0000	169
		_Button_Reading_Update_Helper		CODE           	11A9	0000	81
		_Button_Service		CODE           	12AD	0000	91
		_Button_State_Initializing		CODE           	13D0	0000	102
		_MTOUCH_Button_ServiceAll		CODE           	1D3F	0000	18
		_Button_Baseline_Initialize		CODE           	10CC	0000	45

mcc_generated_files/mtouch/mtouch_button.c estimated size: 1094

/opt/microchip/xc8/v2.31/pic/sources/c99/common/sprcdiv.c
		___fldiv       		CODE           	164C	0000	436

/opt/microchip/xc8/v2.31/pic/sources/c99/common/sprcdiv.c estimated size: 436

/opt/microchip/xc8/v2.31/pic/sources/c99/common/Umul8.c
		___bmul        		CODE           	1DB0	0000	21

/opt/microchip/xc8/v2.31/pic/sources/c99/common/Umul8.c estimated size: 21

mcc_generated_files/tmr4.c
		_TMR4_ISR      		CODE           	1CCD	0000	15
		_TMR4_Initialize		CODE           	1D63	0000	19
		_TMR4_SetInterruptHandler		CODE           	1C36	0000	6
		_TMR4_StopTimer		CODE           	1C1A	0000	3
		_TMR4_DefaultInterruptHandler		CODE           	1C0E	0000	1
		_TMR4_StartTimer		CODE           	1C17	0000	3

mcc_generated_files/tmr4.c estimated size: 47

/opt/microchip/xc8/v2.31/pic/sources/c99/common/abs.c
		_abs           		CODE           	1E53	0000	26

/opt/microchip/xc8/v2.31/pic/sources/c99/common/abs.c estimated size: 26

mcc_generated_files/tmr2.c
		_TMR2_ISR      		CODE           	1CBE	0000	15
		_TMR2_Initialize		CODE           	1D0B	0000	17
		_TMR2_SetInterruptHandler		CODE           	1C30	0000	6
		_TMR2_StopTimer		CODE           	1C14	0000	3
		_TMR2_DefaultInterruptHandler		CODE           	1C0D	0000	1
		_TMR2_StartTimer		CODE           	1C11	0000	3

mcc_generated_files/tmr2.c estimated size: 45

mcc_generated_files/interrupt_manager.c
		_INTERRUPT_InterruptManager		CODE           	0004	0000	48

mcc_generated_files/interrupt_manager.c estimated size: 48

mcc_generated_files/mtouch/mtouch.c
		_MTOUCH_Tick   		CODE           	1C21	0000	4
		_MTOUCH_Initialize		CODE           	1CA2	0000	13
		_MTOUCH_Service_Mainloop		CODE           	104B	0000	42
		_MTOUCH_needReburst		CODE           	07FE	0000	2

mcc_generated_files/mtouch/mtouch.c estimated size: 61

/opt/microchip/xc8/v2.31/pic/sources/c99/common/memcpy.c
		_memcpy        		CODE           	10F9	0000	47

/opt/microchip/xc8/v2.31/pic/sources/c99/common/memcpy.c estimated size: 47

mcc_generated_files/pin_manager.c
		_PIN_MANAGER_Initialize		CODE           	1022	0000	41
		_IOCAF2_DefaultInterruptHandler		CODE           	1C0C	0000	1
		_IOCAF2_ISR    		CODE           	1CAF	0000	15
		_PIN_MANAGER_IOC		CODE           	1C6B	0000	9
		_IOCAF2_SetInterruptHandler		CODE           	1C2A	0000	6

mcc_generated_files/pin_manager.c estimated size: 72

mcc_generated_files/mtouch/mtouch_sensor_scan.c
		_MTOUCH_CVD_ScanA_0		CODE           	1F57	0000	32
		_MTOUCH_CVD_ScanB_0		CODE           	1F97	0000	32
		_MTOUCH_CVD_ScanA_1		CODE           	1F37	0000	32
		_MTOUCH_CVD_ScanB_1		CODE           	1F77	0000	32

mcc_generated_files/mtouch/mtouch_sensor_scan.c estimated size: 128

/opt/microchip/xc8/v2.31/pic/sources/c99/common/sprcadd.c
		___flsub       		CODE           	1F17	0000	32
		___fladd       		CODE           	08EF	0000	575

/opt/microchip/xc8/v2.31/pic/sources/c99/common/sprcadd.c estimated size: 607

shared
		_HalfCycleACDuration_const		STRCODE        	0000	0000	0
		_TMR2_Timer_Period_const		STRCODE        	0000	0000	0
		__initialization		CODE           	0036	0000	36
		_mtouch_button_init		STRCODE        	1800	0000	32

shared estimated size: 68

mcc_generated_files/mcc.c
		_WDT_Initialize		CODE           	1C1D	0000	4
		_OSCILLATOR_Initialize		CODE           	1C4F	0000	7
		_SYSTEM_Initialize		CODE           	1D76	0000	19

mcc_generated_files/mcc.c estimated size: 30

/opt/microchip/xc8/v2.31/pic/sources/c99/common/Umul8_16.c
		__Umul8_16     		CODE           	1FB7	0000	35

/opt/microchip/xc8/v2.31/pic/sources/c99/common/Umul8_16.c estimated size: 35

main.c
		_StartTouchDetection		CODE           	0801	0000	69
		_StartStop_AlarmLED_Blink		CODE           	1CEB	0000	16
		_main          		CODE           	1FDA	0000	38
		_TMR2_Drive_TRIAC_isr		CODE           	10A0	0000	44
		_TMR4_Wroking_Blink_AlarmLED_isr		CODE           	1EBE	0000	29
		_SetDimmer     		CODE           	14AB	0000	129
		_StartHeater   		CODE           	0B2E	0000	2518
		_Zero_Detection_isr		CODE           	1C74	0000	10
		_StopTouchDetection		CODE           	07B9	0000	69
		_Init_Function 		CODE           	1DDB	0000	23
		_StartStop_Fan 		CODE           	1C96	0000	12
		_StartStop_Dimmer		CODE           	1E09	0000	24
		_StartStop_AlarmLED		CODE           	1C7E	0000	12
		_StartStop_Buzzer		CODE           	1C8A	0000	12

main.c estimated size: 3005

mcc_generated_files/mtouch/mtouch_random.c
		_MTOUCH_Random 		CODE           	1DC5	0000	22

mcc_generated_files/mtouch/mtouch_random.c estimated size: 22

mcc_generated_files/mtouch/mtouch_sensor.c
		_Sensor_Acq_ExecutePacket		CODE           	1253	0000	90
		_MTOUCH_Delay  		CODE           	1D89	0000	19
		_Sensor_Acquisition		CODE           	115F	0000	74
		_MTOUCH_Sensor_Initialize		CODE           	1D2D	0000	18
		_Sensor_Sampled_Reset		CODE           	1C48	0000	7
		_MTOUCH_Sensor_InitializeAll		CODE           	1CFB	0000	16
		_Sensor_DefaultCallback		CODE           	0800	0000	1
		_Sensor_isEnabled		CODE           	1CDC	0000	15
		_MTOUCH_Sensor_isCalibrated		CODE           	0002	0000	2
		_MTOUCH_Sensor_Calibrate		CODE           	1C0F	0000	1
		_MTOUCH_Sensor_Sampled_ResetAll		CODE           	1EDB	0000	30
		_Sensor_setActive		CODE           	1C56	0000	7
		_MTOUCH_Sensor_Enable		CODE           	1D9C	0000	20
		_Sensor_Acq_ExecuteScan		CODE           	1308	0000	98
		_Sensor_setSampled		CODE           	1C64	0000	7
		_MTOUCH_Sensor_RawSample_Get		CODE           	1E39	0000	26
		_MTOUCH_Sensor_SampleAll		CODE           	1E6D	0000	26
		_MTOUCH_Sensor_wasSampled		CODE           	1DF2	0000	23
		_Sensor_Service		CODE           	11FA	0000	89
		_Sensor_setScanFunction		CODE           	1D51	0000	18
		_MTOUCH_Sensor_Scan_Initialize		CODE           	1C25	0000	5
		_Sensor_RawSample_Update		CODE           	1E87	0000	27
		_Sensor_setInactive		CODE           	1C5D	0000	7

mcc_generated_files/mtouch/mtouch_sensor.c estimated size: 626

/opt/microchip/xc8/v2.31/pic/sources/c99/common/fltol.c
		___fltol       		CODE           	1436	0000	117

/opt/microchip/xc8/v2.31/pic/sources/c99/common/fltol.c estimated size: 117

/opt/microchip/xc8/v2.31/pic/sources/c99/common/sprcmul.c
		___flmul       		CODE           	0562	0000	599

/opt/microchip/xc8/v2.31/pic/sources/c99/common/sprcmul.c estimated size: 599

