Microchip MPLAB XC8 Compiler V2.31

Linker command line:

-W-3 --edf=/opt/microchip/xc8/v2.31/pic/dat/en_msgs.txt -cn \
  -h+dist/default/production/reflow_oven_v2.X.production.sym \
  --cmf=dist/default/production/reflow_oven_v2.X.production.cmf -z \
  -Q16F1829 -o/tmp/xcXJjendC --defsym=__MPLAB_BUILD=1 \
  -Mdist/default/production/reflow_oven_v2.X.production.map -E1 \
  -ver=XC8 Compiler --acfsm=1493 -ASTACK=020ECh-023EFh -pstack=STACK \
  -ACODE=00h-07FFhx4 -ASTRCODE=00h-01FFFh -ASTRING=00h-0FFhx32 \
  -ACONST=00h-0FFhx32 -AENTRY=00h-0FFhx32 -ACOMMON=070h-07Fh \
  -ABANK0=020h-06Fh -ABANK1=0A0h-0EFh -ABANK2=0120h-016Fh \
  -ABANK3=01A0h-01EFh -ABANK4=0220h-026Fh -ABANK5=02A0h-02EFh \
  -ABANK6=0320h-036Fh -ABANK7=03A0h-03EFh -ABANK8=0420h-046Fh \
  -ABANK9=04A0h-04EFh -ABANK10=0520h-056Fh -ABANK11=05A0h-05EFh \
  -ABANK12=0620h-064Fh -ABIGRAM=02000h-023EFh \
  -ARAM=020h-06Fh,0A0h-0EFh,0120h-016Fh,01A0h-01EFh,0220h-026Fh,02A0h-02EFh,0320h-036Fh,03A0h-03EFh,0420h-046Fh,04A0h-04EFh,0520h-056Fh,05A0h-05EFh,0620h-064Fh \
  -AABS1=020h-07Fh,0A0h-0EFh,0120h-016Fh,01A0h-01EFh,0220h-026Fh,02A0h-02EFh,0320h-036Fh,03A0h-03EFh,0420h-046Fh,04A0h-04EFh,0520h-056Fh,05A0h-05EFh,0620h-064Fh \
  -ASFR0=00h-01Fh -ASFR1=080h-09Fh -ASFR2=0100h-011Fh -ASFR3=0180h-019Fh \
  -ASFR4=0200h-021Fh -ASFR5=0280h-029Fh -ASFR6=0300h-031Fh \
  -ASFR7=0380h-039Fh -ASFR8=0400h-041Fh -ASFR9=0480h-049Fh \
  -ASFR10=0500h-051Fh -ASFR11=0580h-059Fh -ASFR12=0600h-061Fh \
  -ASFR13=0680h-06EFh -ASFR14=0700h-076Fh -ASFR15=0780h-07EFh \
  -ASFR16=0800h-086Fh -ASFR17=0880h-08EFh -ASFR18=0900h-096Fh \
  -ASFR19=0980h-09EFh -ASFR20=0A00h-0A6Fh -ASFR21=0A80h-0AEFh \
  -ASFR22=0B00h-0B6Fh -ASFR23=0B80h-0BEFh -ASFR24=0C00h-0C6Fh \
  -ASFR25=0C80h-0CEFh -ASFR26=0D00h-0D6Fh -ASFR27=0D80h-0DEFh \
  -ASFR28=0E00h-0E6Fh -ASFR29=0E80h-0EEFh -ASFR30=0F00h-0F6Fh \
  -ASFR31=0F80h-0FEFh -ACONFIG=08007h-08008h -DCONFIG=2 \
  -AIDLOC=08000h-08003h -DIDLOC=2 -AEEDATA=00h-0FFh/0F000h \
  -peeprom_data=EEDATA -DEEDATA=2 -DCODE=2 -DSTRCODE=2 -DSTRING=2 -DCONST=2 \
  -DENTRY=2 -preset_vec=00h,intentry=04h,init,end_init -ppowerup=CODE \
  -pcinit=CODE -pfunctab=ENTRY -k /tmp/xcXAefkAc.o \
  dist/default/production/reflow_oven_v2.X.production.o 

Object code version is 3.11

Machine type is 16F1829



                Name                               Link     Load   Length Selector   Space Scale
/tmp/xcXAefkAc.o
                end_init                             23       23        2        8       0
                reset_vec                             0        0        2        0       0
                config                             8007     8007        2        0       4
                idloc                              8000     8000        4        0       5
dist/default/production/reflow_oven_v2.X.production.o
                cinit                                25       25       33        8       0
                intentry                              4        4       1F        8       0
                config                             8007     8007        2        0       4
                idloc                              8000     8000        4        0       5
                text56                                2        2        2        0       0
                text55                              95C      95C        7     12B8       0
                text54                              90F      90F        1     121E       0
                text53                              9B6      9B6        D     136C       0
                text52                              938      938        6     1270       0
                text51                              912      912        3     1224       0
                text50                              B78      B78       25     16F0       0
                text49                              910      910        1     1220       0
                text48                              992      992        C     1324       0
                text47                              A8B      A8B       19     1516       0
                text46                              911      911        1     1222       0
                text45                              99E      99E        C     133C       0
                text43                              915      915        3     122A       0
                text42                              918      918        3     1230       0
                text41                              96A      96A        A     12D4       0
                text40                              974      974        A     12E8       0
                text39                              C9F      C9F      179     193E       0
                text38                              AF6      AF6       1F     15EC       0
                text37                              57B      57B      218        8       0
                text36                              E18      E18      1E8     1C30       0
                text35                              AD8      AD8       1E     15B0       0
                text34                              793      793       65        8       0
                text33                              C26      C26       79     184C       0
                text32                              A46      A46       15     148C       0
                text31                              97E      97E        A     12FC       0
                text30                               58       58      523        8       0
                text29                              9C3      9C3        D     1386       0
                text28                              988      988        A     1310       0
                text27                              AA4      AA4       1A     1548       0
                text26                              963      963        7     12C6       0
                text25                              91F      91F        5     123E       0
                text24                              93E      93E        6     127C       0
                text23                              924      924        5     1248       0
                text22                              B15      B15       20     162A       0
                text21                              7FF      7FF        1        8       0
                text20                              BF0      BF0       36     17E0       0
                text19                              BC5      BC5       2B     178A       0
                text18                              ABE      ABE       1A     157C       0
                text17                              9EE      9EE       11     13DC       0
                text16                              9FF      9FF       11     13FE       0
                text15                              7F8      7F8        7        8       0
                text14                              A10      A10       11     1420       0
                text13                              9D0      9D0        E     13A0       0
                text12                              A33      A33       13     1466       0
                text11                              929      929        5     1252       0
                text10                              9AA      9AA        C     1354       0
                text9                               944      944        6     1288       0
                text8                               94A      94A        6     1294       0
                text7                               B9D      B9D       28     173A       0
                text6                               92E      92E        5     125C       0
                text5                               9DE      9DE       10     13BC       0
                text4                               933      933        5     1266       0
                text3                               A21      A21       12     1442       0
                text2                               91B      91B        4     1236       0
                text1                               A5B      A5B       18     14B6       0
                maintext                            B35      B35       21     166A       0
                cstackBANK0                          20       20       45       20       1
                cstackCOMMON                         70       70        E       70       1
                clrtext                             950      950        6     12A0       0
                inittext                            956      956        6     12AC       0
                dataBANK2                           154      154       18      120       1
                bssBANK2                            120      120       34      120       1
                dataBANK1                            A0       A0       22       A0       1
                bssBANK1                             C2       C2       1D       A0       1
                bssBANK0                             65       65        7       20       1
                stringtext9                        103C     103C        1     2000       0
                nvBANK1                              DF       DF        C       A0       1
                stringtext8                        1038     1038        4     2000       0
                stringtext7                        1034     1034        4     2000       0
                stringtext6                        1030     1030        4     2000       0
                stringtext5                        1000     1000       20     2000       0
                stringtext4                        102C     102C        4     2000       0
                stringtext3                        1028     1028        4     2000       0
                stringtext2                        1024     1024        4     2000       0
                stringtext1                        1020     1020        4     2000       0
                idataBANK2                          A73      A73       18     14E6       0
                idataBANK1                          B56      B56       22     16AC       0

TOTAL           Name                               Link     Load   Length     Space
        CLASS   STACK          

        CLASS   CODE           
                end_init                             23       23        2         0
                cinit                                25       25       33         0
                intentry                              4        4       1F         0
                reset_vec                             0        0        2         0
                text56                                2        2        2         0
                text55                              95C      95C        7         0
                text54                              90F      90F        1         0
                text53                              9B6      9B6        D         0
                text52                              938      938        6         0
                text51                              912      912        3         0
                text50                              B78      B78       25         0
                text49                              910      910        1         0
                text48                              992      992        C         0
                text47                              A8B      A8B       19         0
                text46                              911      911        1         0
                text45                              99E      99E        C         0
                text43                              915      915        3         0
                text42                              918      918        3         0
                text41                              96A      96A        A         0
                text40                              974      974        A         0
                text39                              C9F      C9F      179         0
                text38                              AF6      AF6       1F         0
                text37                              57B      57B      218         0
                text36                              E18      E18      1E8         0
                text35                              AD8      AD8       1E         0
                text34                              793      793       65         0
                text33                              C26      C26       79         0
                text32                              A46      A46       15         0
                text31                              97E      97E        A         0
                text30                               58       58      523         0
                text29                              9C3      9C3        D         0
                text28                              988      988        A         0
                text27                              AA4      AA4       1A         0
                text26                              963      963        7         0
                text25                              91F      91F        5         0
                text24                              93E      93E        6         0
                text23                              924      924        5         0
                text22                              B15      B15       20         0
                text21                              7FF      7FF        1         0
                text20                              BF0      BF0       36         0
                text19                              BC5      BC5       2B         0
                text18                              ABE      ABE       1A         0
                text17                              9EE      9EE       11         0
                text16                              9FF      9FF       11         0
                text15                              7F8      7F8        7         0
                text14                              A10      A10       11         0
                text13                              9D0      9D0        E         0
                text12                              A33      A33       13         0
                text11                              929      929        5         0
                text10                              9AA      9AA        C         0
                text9                               944      944        6         0
                text8                               94A      94A        6         0
                text7                               B9D      B9D       28         0
                text6                               92E      92E        5         0
                text5                               9DE      9DE       10         0
                text4                               933      933        5         0
                text3                               A21      A21       12         0
                text2                               91B      91B        4         0
                text1                               A5B      A5B       18         0
                maintext                            B35      B35       21         0
                clrtext                             950      950        6         0
                inittext                            956      956        6         0
                idataBANK2                          A73      A73       18         0
                idataBANK1                          B56      B56       22         0

        CLASS   STRCODE        
                stringtext9                        103C     103C        1         0
                stringtext8                        1038     1038        4         0
                stringtext7                        1034     1034        4         0
                stringtext6                        1030     1030        4         0
                stringtext5                        1000     1000       20         0
                stringtext4                        102C     102C        4         0
                stringtext3                        1028     1028        4         0
                stringtext2                        1024     1024        4         0
                stringtext1                        1020     1020        4         0

        CLASS   STRING         

        CLASS   CONST          

        CLASS   ENTRY          

        CLASS   COMMON         
                cstackCOMMON                         70       70        E         1

        CLASS   BANK0          
                cstackBANK0                          20       20       45         1
                bssBANK0                             65       65        7         1

        CLASS   BANK1          
                dataBANK1                            A0       A0       22         1
                bssBANK1                             C2       C2       1D         1
                nvBANK1                              DF       DF        C         1

        CLASS   BANK2          
                dataBANK2                           154      154       18         1
                bssBANK2                            120      120       34         1

        CLASS   BANK3          

        CLASS   BANK4          

        CLASS   BANK5          

        CLASS   BANK6          

        CLASS   BANK7          

        CLASS   BANK8          

        CLASS   BANK9          

        CLASS   BANK10         

        CLASS   BANK11         

        CLASS   BANK12         

        CLASS   BIGRAM         

        CLASS   RAM            

        CLASS   ABS1           
                abs_s1                               7E       7E        2         1

        CLASS   SFR0           

        CLASS   SFR1           

        CLASS   SFR2           

        CLASS   SFR3           

        CLASS   SFR4           

        CLASS   SFR5           

        CLASS   SFR6           

        CLASS   SFR7           

        CLASS   SFR8           

        CLASS   SFR9           

        CLASS   SFR10          

        CLASS   SFR11          

        CLASS   SFR12          

        CLASS   SFR13          

        CLASS   SFR14          

        CLASS   SFR15          

        CLASS   SFR16          

        CLASS   SFR17          

        CLASS   SFR18          

        CLASS   SFR19          

        CLASS   SFR20          

        CLASS   SFR21          

        CLASS   SFR22          

        CLASS   SFR23          

        CLASS   SFR24          

        CLASS   SFR25          

        CLASS   SFR26          

        CLASS   SFR27          

        CLASS   SFR28          

        CLASS   SFR29          

        CLASS   SFR30          

        CLASS   SFR31          

        CLASS   CONFIG         
                config                             8007     8007        2         4

        CLASS   IDLOC          
                idloc                              8000     8000        4         5

        CLASS   EEDATA         

        CLASS   BANK31         

        CLASS   BANK30         

        CLASS   BANK29         

        CLASS   BANK28         

        CLASS   BANK27         

        CLASS   BANK26         

        CLASS   BANK25         

        CLASS   BANK24         

        CLASS   BANK23         

        CLASS   BANK22         

        CLASS   BANK21         

        CLASS   BANK20         

        CLASS   BANK19         

        CLASS   BANK18         

        CLASS   BANK17         

        CLASS   BANK16         

        CLASS   BANK15         

        CLASS   BANK14         

        CLASS   BANK13         



SEGMENTS        Name                           Load    Length   Top    Selector   Space  Class     Delta

                text26                         000963  000007  00096A      12C6       0  CODE        2
                clrtext                        000950  000006  000956      12A0       0  CODE        2
                inittext                       000956  000006  00095C      12AC       0  CODE        2
                text55                         00095C  000007  000963      12B8       0  CODE        2
                text41                         00096A  00000A  000974      12D4       0  CODE        2
                reset_vec                      000000  000004  000004         0       0  CODE        2
                text40                         000974  00000A  00097E      12E8       0  CODE        2
                text8                          00094A  000006  000950      1294       0  CODE        2
                text9                          000944  000006  00094A      1288       0  CODE        2
                text31                         00097E  00000A  000988      12FC       0  CODE        2
                text48                         000992  00000C  00099E      1324       0  CODE        2
                text28                         000988  00000A  000992      1310       0  CODE        2
                text24                         00093E  000006  000944      127C       0  CODE        2
                text6                          00092E  000005  000933      125C       0  CODE        2
                text23                         000924  000005  000929      1248       0  CODE        2
                text11                         000929  000005  00092E      1252       0  CODE        2
                text4                          000933  000005  000938      1266       0  CODE        2
                text52                         000938  000006  00093E      1270       0  CODE        2
                text45                         00099E  00000C  0009AA      133C       0  CODE        2
                text10                         0009AA  00000C  0009B6      1354       0  CODE        2
                text13                         0009D0  00000E  0009DE      13A0       0  CODE        2
                text5                          0009DE  000010  0009EE      13BC       0  CODE        2
                text53                         0009B6  00000D  0009C3      136C       0  CODE        2
                text29                         0009C3  00000D  0009D0      1386       0  CODE        2
                text25                         00091F  000005  000924      123E       0  CODE        2
                text51                         000912  000003  000915      1224       0  CODE        2
                text43                         000915  000003  000918      122A       0  CODE        2
                text54                         00090F  000001  000910      121E       0  CODE        2
                text46                         000911  000001  000912      1222       0  CODE        2
                text49                         000910  000001  000911      1220       0  CODE        2
                text2                          00091B  000004  00091F      1236       0  CODE        2
                text42                         000918  000003  00091B      1230       0  CODE        2
                text33                         000C26  000079  000C9F      184C       0  CODE        2
                text20                         000BF0  000036  000C26      17E0       0  CODE        2
                text39                         000C9F  000179  000E18      193E       0  CODE        2
                text50                         000B78  000025  000B9D      16F0       0  CODE        2
                idataBANK1                     000B56  000022  000B78      16AC       0  CODE        2
                text19                         000BC5  00002B  000BF0      178A       0  CODE        2
                text7                          000B9D  000028  000BC5      173A       0  CODE        2
                text36                         000E18  0001E8  001000      1C30       0  CODE        2
                cstackCOMMON                   000070  00000E  00007E        70       1  COMMON      1
                intentry                       000004  0007FC  000800         8       0  CODE        2
                cstackBANK0                    000020  00004C  00006C        20       1  BANK0       1
                dataBANK1                      0000A0  00004B  0000EB        A0       1  BANK1       1
                bssBANK2                       000120  00004C  00016C       120       1  BANK2       1
                text32                         000A46  000015  000A5B      148C       0  CODE        2
                text12                         000A33  000013  000A46      1466       0  CODE        2
                idataBANK2                     000A73  000018  000A8B      14E6       0  CODE        2
                text1                          000A5B  000018  000A73      14B6       0  CODE        2
                text16                         0009FF  000011  000A10      13FE       0  CODE        2
                text17                         0009EE  000011  0009FF      13DC       0  CODE        2
                text3                          000A21  000012  000A33      1442       0  CODE        2
                text14                         000A10  000011  000A21      1420       0  CODE        2
                text22                         000B15  000020  000B35      162A       0  CODE        2
                text38                         000AF6  00001F  000B15      15EC       0  CODE        2
                maintext                       000B35  000021  000B56      166A       0  CODE        2
                stringtext5                    001000  00003D  00103D      2000       0  STRCODE     2
                text27                         000AA4  00001A  000ABE      1548       0  CODE        2
                text47                         000A8B  000019  000AA4      1516       0  CODE        2
                text35                         000AD8  00001E  000AF6      15B0       0  CODE        2
                text18                         000ABE  00001A  000AD8      157C       0  CODE        2


UNUSED ADDRESS RANGES

        Name                Unused          Largest block    Delta
        BANK0            0006C-0006F               4           1
        BANK1            000EB-000EF               5           1
        BANK10           00520-0056F              50           1
        BANK11           005A0-005EF              50           1
        BANK12           00620-0064F              30           1
        BANK2            0016C-0016F               4           1
        BANK3            001A0-001EF              50           1
        BANK4            00220-0026F              50           1
        BANK5            002A0-002EF              50           1
        BANK6            00320-0036F              50           1
        BANK7            003A0-003EF              50           1
        BANK8            00420-0046F              50           1
        BANK9            004A0-004EF              50           1
        BIGRAM           02000-023EF             3F0           1
        CODE             00800-0090E             10F           2
                         0103D-01FFF             7C3
        CONST            00800-0090E             100           2
                         0103D-01FFF             100
        EEDATA           0F000-0F0FF             100           2
        ENTRY            00800-0090E             100           2
                         0103D-01FFF             100
        RAM              0006C-0006F               4           1
                         000EB-000EF               5
                         0016C-0016F               4
                         001A0-001EF              50
                         00220-0026F              50
                         002A0-002EF              50
                         00320-0036F              50
                         003A0-003EF              50
                         00420-0046F              50
                         004A0-004EF              50
                         00520-0056F              50
                         005A0-005EF              50
                         00620-0064F              30
        SFR0             00000-0001F              20           1
        SFR1             00080-0009F              20           1
        SFR10            00500-0051F              20           1
        SFR11            00580-0059F              20           1
        SFR12            00600-0061F              20           1
        SFR13            00680-006EF              70           1
        SFR14            00700-0076F              70           1
        SFR15            00780-007EF              70           1
        SFR16            00800-0086F              70           1
        SFR17            00880-008EF              70           1
        SFR18            00900-0096F              70           1
        SFR19            00980-009EF              70           1
        SFR2             00100-0011F              20           1
        SFR20            00A00-00A6F              70           1
        SFR21            00A80-00AEF              70           1
        SFR22            00B00-00B6F              70           1
        SFR23            00B80-00BEF              70           1
        SFR24            00C00-00C6F              70           1
        SFR25            00C80-00CEF              70           1
        SFR26            00D00-00D6F              70           1
        SFR27            00D80-00DEF              70           1
        SFR28            00E00-00E6F              70           1
        SFR29            00E80-00EEF              70           1
        SFR3             00180-0019F              20           1
        SFR30            00F00-00F6F              70           1
        SFR31            00F80-00FEF              70           1
        SFR4             00200-0021F              20           1
        SFR5             00280-0029F              20           1
        SFR6             00300-0031F              20           1
        SFR7             00380-0039F              20           1
        SFR8             00400-0041F              20           1
        SFR9             00480-0049F              20           1
        STACK            020EC-023EF             304           1
        STRCODE          00800-0090E             10F           2
                         0103D-01FFF             FC3
        STRING           00800-0090E             100           2
                         0103D-01FFF             100

                                  Symbol Table

?__Umul8_16                                    cstackCOMMON 00070
?___fladd                                      cstackCOMMON 00070
?___fldiv                                      cstackBANK0  00035
?___flmul                                      cstackBANK0  00020
?___flsub                                      cstackBANK0  0004F
?___fltol                                      cstackBANK0  0004F
ADC_SelectChannel@channel                      cstackCOMMON 00071
EUSART_SetErrorHandler@interruptHandler        cstackCOMMON 00070
EUSART_SetFramingErrorHandler@interruptHandler cstackCOMMON 00070
EUSART_SetOverrunErrorHandler@interruptHandler cstackCOMMON 00070
IOCAF2_SetInterruptHandler@InterruptHandler    cstackCOMMON 00070
MTOUCH_Button_Initialize@button                cstackCOMMON 00073
MTOUCH_Button_Initialize@name                  cstackCOMMON 00072
MTOUCH_Button_InitializeAll@button             cstackCOMMON 0007B
MTOUCH_Random@seed                             bssBANK0     0006B
MTOUCH_Sensor_Enable@sensor                    cstackCOMMON 00075
MTOUCH_Sensor_Initialize@sensor                cstackCOMMON 00077
MTOUCH_Sensor_InitializeAll@sensor             cstackCOMMON 00079
MTOUCH_Sensor_Sampled_ResetAll@sensor          cstackCOMMON 00072
Sensor_Sampled_Reset@sensor                    cstackCOMMON 00070
SetDimmer@TRIAC_off_duration_ms                cstackBANK0  0005E
SetDimmer@dim_percentage                       cstackBANK0  0005A
StartStop_AlarmLED@OnOff                       cstackCOMMON 00070
StartStop_AlarmLED_Blink@OnOff                 cstackCOMMON 00070
StartStop_Buzzer@OnOff                         cstackCOMMON 00070
StartStop_Dimmer@OnOff                         cstackBANK0  00062
StartStop_Fan@OnOff                            cstackCOMMON 00070
TMR2_Drive_TRIAC_isr@counter_tmr2              bssBANK1     000D2
TMR2_SetInterruptHandler@InterruptHandler      cstackCOMMON 00070
TMR4_SetInterruptHandler@InterruptHandler      cstackCOMMON 00070
TMR4_Wroking_Blink_AlarmLED_isr@counter_tmr4   bssBANK1     000D0
_ADCON0                                        (abs)        0009D
_ADCON0bits                                    (abs)        0009D
_ADCON1                                        (abs)        0009E
_ADC_Initialize                                text26       00963
_ADC_SelectChannel                             text29       009C3
_ADRESH                                        (abs)        0009C
_ADRESL                                        (abs)        0009B
_ANSELA                                        (abs)        0018C
_ANSELB                                        (abs)        0018D
_ANSELC                                        (abs)        0018E
_APFCON0                                       (abs)        0011D
_APFCON1                                       (abs)        0011E
_BAUDCON                                       (abs)        0019F
_BORCON                                        (abs)        00116
_Button_DefaultCallback                        (abs)        00000
_Button_State_Initializing                     (abs)        00000
_Button_State_NotPressed                       (abs)        00000
_Button_State_Pressed                          (abs)        00000
_Config_Heater                                 text30       00058
_DimmerStatusFlag_g                            bssBANK0     00065
_EUSART_DefaultErrorHandler                    (abs)        00000
_EUSART_DefaultFramingErrorHandler             (abs)        00000
_EUSART_DefaultOverrunErrorHandler             (abs)        00000
_EUSART_ErrorHandler                           nvBANK1      000E3
_EUSART_FramingErrorHandler                    nvBANK1      000E7
_EUSART_Initialize                             text22       00B15
_EUSART_OverrunErrorHandler                    nvBANK1      000E5
_EUSART_SetErrorHandler                        text25       0091F
_EUSART_SetFramingErrorHandler                 text24       0093E
_EUSART_SetOverrunErrorHandler                 text23       00924
_GIE                                           (abs)        0005F
_INTCONbits                                    (abs)        0000B
_INTERRUPT_InterruptManager                    intentry     00004
_IOCAF2_DefaultInterruptHandler                text54       0090F
_IOCAF2_ISR                                    text53       009B6
_IOCAF2_InterruptHandler                       nvBANK1      000E9
_IOCAF2_SetInterruptHandler                    text8        0094A
_IOCAFbits                                     (abs)        00393
_IOCANbits                                     (abs)        00392
_IOCAPbits                                     (abs)        00391
_Init_Function                                 text27       00AA4
_LATA                                          (abs)        0010C
_LATB                                          (abs)        0010D
_LATC                                          (abs)        0010E
_LATCbits                                      (abs)        0010E
_MTOUCH_Button_Initialize                      text20       00BF0
_MTOUCH_Button_InitializeAll                   text18       00ABE
_MTOUCH_CVD_ScanA_0                            (abs)        00000
_MTOUCH_CVD_ScanA_1                            (abs)        00000
_MTOUCH_CVD_ScanB_0                            (abs)        00000
_MTOUCH_CVD_ScanB_1                            (abs)        00000
_MTOUCH_Initialize                             text10       009AA
_MTOUCH_Sensor_Calibrate                       text21       007FF
_MTOUCH_Sensor_Enable                          text16       009FF
_MTOUCH_Sensor_Initialize                      text14       00A10
_MTOUCH_Sensor_InitializeAll                   text13       009D0
_MTOUCH_Sensor_Sampled_ResetAll                text12       00A33
_MTOUCH_Sensor_Scan_Initialize                 text11       00929
_OPTION_REGbits                                (abs)        00095
_OSCCON                                        (abs)        00099
_OSCILLATOR_Initialize                         text9        00944
_OSCTUNE                                       (abs)        00098
_PIE1bits                                      (abs)        00091
_PIE3bits                                      (abs)        00093
_PIN_MANAGER_IOC                               text52       00938
_PIN_MANAGER_Initialize                        text7        00B9D
_PIR1bits                                      (abs)        00011
_PIR3bits                                      (abs)        00013
_PORTCbits                                     (abs)        0000E
_PR2                                           (abs)        0001B
_PR4                                           (abs)        00416
_RCSTA                                         (abs)        0019D
_SPBRGH                                        (abs)        0019C
_SPBRGL                                        (abs)        0019B
_SYSTEM_Initialize                             text1        00A5B
_Sensor_DefaultCallback                        (abs)        00000
_Sensor_Sampled_Reset                          text15       007F8
_SetDimmer                                     text33       00C26
_StartStop_AlarmLED                            text28       00988
_StartStop_AlarmLED_Blink                      text41       0096A
_StartStop_Buzzer                              text40       00974
_StartStop_Dimmer                              text32       00A46
_StartStop_Fan                                 text31       0097E
_T2CON                                         (abs)        0001C
_T2CONbits                                     (abs)        0001C
_T4CON                                         (abs)        00417
_T4CONbits                                     (abs)        00417
_TMR2                                          (abs)        0001A
_TMR2_DefaultInterruptHandler                  text49       00910
_TMR2_Drive_TRIAC_isr                          text50       00B78
_TMR2_ISR                                      text48       00992
_TMR2_Initialize                               text5        009DE
_TMR2_InterruptHandler                         nvBANK1      000E1
_TMR2_SetInterruptHandler                      text6        0092E
_TMR2_StartTimer                               text56       00002
_TMR2_StopTimer                                text51       00912
_TMR4                                          (abs)        00415
_TMR4_DefaultInterruptHandler                  text46       00911
_TMR4_ISR                                      text45       0099E
_TMR4_Initialize                               text3        00A21
_TMR4_InterruptHandler                         nvBANK1      000DF
_TMR4_SetInterruptHandler                      text4        00933
_TMR4_StartTimer                               text43       00915
_TMR4_StopTimer                                text42       00918
_TMR4_Wroking_Blink_AlarmLED_isr               text47       00A8B
_TRISA                                         (abs)        0008C
_TRISB                                         (abs)        0008D
_TRISC                                         (abs)        0008E
_TXSTA                                         (abs)        0019E
_WDTCON                                        (abs)        00097
_WDT_Initialize                                text2        0091B
_WPUA                                          (abs)        0020C
_WPUB                                          (abs)        0020D
_WPUC                                          (abs)        0020E
_Zero_Detection_isr                            text55       0095C
__Habs1                                        abs1         00000
__Hbank0                                       bank0        00000
__Hbank1                                       bank1        00000
__Hbank10                                      bank10       00000
__Hbank11                                      bank11       00000
__Hbank12                                      bank12       00000
__Hbank13                                      bank13       00000
__Hbank14                                      bank14       00000
__Hbank15                                      bank15       00000
__Hbank16                                      bank16       00000
__Hbank17                                      bank17       00000
__Hbank18                                      bank18       00000
__Hbank19                                      bank19       00000
__Hbank2                                       bank2        00000
__Hbank20                                      bank20       00000
__Hbank21                                      bank21       00000
__Hbank22                                      bank22       00000
__Hbank23                                      bank23       00000
__Hbank24                                      bank24       00000
__Hbank25                                      bank25       00000
__Hbank26                                      bank26       00000
__Hbank27                                      bank27       00000
__Hbank28                                      bank28       00000
__Hbank29                                      bank29       00000
__Hbank3                                       bank3        00000
__Hbank30                                      bank30       00000
__Hbank31                                      bank31       00000
__Hbank4                                       bank4        00000
__Hbank5                                       bank5        00000
__Hbank6                                       bank6        00000
__Hbank7                                       bank7        00000
__Hbank8                                       bank8        00000
__Hbank9                                       bank9        00000
__Hbigram                                      bigram       00000
__HbssBANK0                                    bssBANK0     00000
__HbssBANK1                                    bssBANK1     00000
__HbssBANK2                                    bssBANK2     00000
__Hcinit                                       cinit        00058
__Hclrtext                                     clrtext      00000
__Hcode                                        code         00000
__Hcommon                                      common       00000
__Hconfig                                      config       08009
__HcstackBANK0                                 cstackBANK0  00000
__HcstackCOMMON                                cstackCOMMON 00000
__HdataBANK1                                   dataBANK1    00000
__HdataBANK2                                   dataBANK2    00000
__Heeprom_data                                 eeprom_data  00000
__Hend_init                                    end_init     00025
__Hfunctab                                     functab      00000
__HidataBANK1                                  idataBANK1   00000
__HidataBANK2                                  idataBANK2   00000
__Hidloc                                       idloc        08004
__Hinit                                        init         00023
__Hinittext                                    inittext     00000
__Hintentry                                    intentry     00023
__Hmaintext                                    maintext     00000
__HnvBANK1                                     nvBANK1      00000
__Hpowerup                                     powerup      00000
__Hram                                         ram          00000
__Hreset_vec                                   reset_vec    00002
__Hsfr0                                        sfr0         00000
__Hsfr1                                        sfr1         00000
__Hsfr10                                       sfr10        00000
__Hsfr11                                       sfr11        00000
__Hsfr12                                       sfr12        00000
__Hsfr13                                       sfr13        00000
__Hsfr14                                       sfr14        00000
__Hsfr15                                       sfr15        00000
__Hsfr16                                       sfr16        00000
__Hsfr17                                       sfr17        00000
__Hsfr18                                       sfr18        00000
__Hsfr19                                       sfr19        00000
__Hsfr2                                        sfr2         00000
__Hsfr20                                       sfr20        00000
__Hsfr21                                       sfr21        00000
__Hsfr22                                       sfr22        00000
__Hsfr23                                       sfr23        00000
__Hsfr24                                       sfr24        00000
__Hsfr25                                       sfr25        00000
__Hsfr26                                       sfr26        00000
__Hsfr27                                       sfr27        00000
__Hsfr28                                       sfr28        00000
__Hsfr29                                       sfr29        00000
__Hsfr3                                        sfr3         00000
__Hsfr30                                       sfr30        00000
__Hsfr31                                       sfr31        00000
__Hsfr4                                        sfr4         00000
__Hsfr5                                        sfr5         00000
__Hsfr6                                        sfr6         00000
__Hsfr7                                        sfr7         00000
__Hsfr8                                        sfr8         00000
__Hsfr9                                        sfr9         00000
__Hspace_0                                     (abs)        0103D
__Hspace_1                                     (abs)        0016C
__Hspace_2                                     (abs)        00000
__Hspace_3                                     (abs)        00000
__Hspace_4                                     (abs)        10010
__Hstack                                       stack        00000
__Hstrings                                     strings      00000
__Hstringtext1                                 stringtext1  00000
__Hstringtext10                                stringtext10 00000
__Hstringtext2                                 stringtext2  00000
__Hstringtext3                                 stringtext3  00000
__Hstringtext4                                 stringtext4  00000
__Hstringtext5                                 stringtext5  00000
__Hstringtext6                                 stringtext6  00000
__Hstringtext7                                 stringtext7  00000
__Hstringtext8                                 stringtext8  00000
__Hstringtext9                                 stringtext9  00000
__Htext                                        text         00000
__Labs1                                        abs1         00000
__Lbank0                                       bank0        00000
__Lbank1                                       bank1        00000
__Lbank10                                      bank10       00000
__Lbank11                                      bank11       00000
__Lbank12                                      bank12       00000
__Lbank13                                      bank13       00000
__Lbank14                                      bank14       00000
__Lbank15                                      bank15       00000
__Lbank16                                      bank16       00000
__Lbank17                                      bank17       00000
__Lbank18                                      bank18       00000
__Lbank19                                      bank19       00000
__Lbank2                                       bank2        00000
__Lbank20                                      bank20       00000
__Lbank21                                      bank21       00000
__Lbank22                                      bank22       00000
__Lbank23                                      bank23       00000
__Lbank24                                      bank24       00000
__Lbank25                                      bank25       00000
__Lbank26                                      bank26       00000
__Lbank27                                      bank27       00000
__Lbank28                                      bank28       00000
__Lbank29                                      bank29       00000
__Lbank3                                       bank3        00000
__Lbank30                                      bank30       00000
__Lbank31                                      bank31       00000
__Lbank4                                       bank4        00000
__Lbank5                                       bank5        00000
__Lbank6                                       bank6        00000
__Lbank7                                       bank7        00000
__Lbank8                                       bank8        00000
__Lbank9                                       bank9        00000
__Lbigram                                      bigram       00000
__LbssBANK0                                    bssBANK0     00000
__LbssBANK1                                    bssBANK1     00000
__LbssBANK2                                    bssBANK2     00000
__Lcinit                                       cinit        00025
__Lclrtext                                     clrtext      00000
__Lcode                                        code         00000
__Lcommon                                      common       00000
__Lconfig                                      config       00000
__LcstackBANK0                                 cstackBANK0  00000
__LcstackCOMMON                                cstackCOMMON 00000
__LdataBANK1                                   dataBANK1    00000
__LdataBANK2                                   dataBANK2    00000
__Leeprom_data                                 eeprom_data  00000
__Lend_init                                    end_init     00023
__Lfunctab                                     functab      00000
__LidataBANK1                                  idataBANK1   00000
__LidataBANK2                                  idataBANK2   00000
__Lidloc                                       idloc        00000
__Linit                                        init         00023
__Linittext                                    inittext     00000
__Lintentry                                    intentry     00004
__Lmaintext                                    maintext     00000
__LnvBANK1                                     nvBANK1      00000
__Lpowerup                                     powerup      00000
__Lram                                         ram          00000
__Lreset_vec                                   reset_vec    00000
__Lsfr0                                        sfr0         00000
__Lsfr1                                        sfr1         00000
__Lsfr10                                       sfr10        00000
__Lsfr11                                       sfr11        00000
__Lsfr12                                       sfr12        00000
__Lsfr13                                       sfr13        00000
__Lsfr14                                       sfr14        00000
__Lsfr15                                       sfr15        00000
__Lsfr16                                       sfr16        00000
__Lsfr17                                       sfr17        00000
__Lsfr18                                       sfr18        00000
__Lsfr19                                       sfr19        00000
__Lsfr2                                        sfr2         00000
__Lsfr20                                       sfr20        00000
__Lsfr21                                       sfr21        00000
__Lsfr22                                       sfr22        00000
__Lsfr23                                       sfr23        00000
__Lsfr24                                       sfr24        00000
__Lsfr25                                       sfr25        00000
__Lsfr26                                       sfr26        00000
__Lsfr27                                       sfr27        00000
__Lsfr28                                       sfr28        00000
__Lsfr29                                       sfr29        00000
__Lsfr3                                        sfr3         00000
__Lsfr30                                       sfr30        00000
__Lsfr31                                       sfr31        00000
__Lsfr4                                        sfr4         00000
__Lsfr5                                        sfr5         00000
__Lsfr6                                        sfr6         00000
__Lsfr7                                        sfr7         00000
__Lsfr8                                        sfr8         00000
__Lsfr9                                        sfr9         00000
__Lspace_0                                     (abs)        00000
__Lspace_1                                     (abs)        00000
__Lspace_2                                     (abs)        00000
__Lspace_3                                     (abs)        00000
__Lspace_4                                     (abs)        00000
__Lstack                                       stack        00000
__Lstrings                                     strings      00000
__Lstringtext1                                 stringtext1  00000
__Lstringtext10                                stringtext10 00000
__Lstringtext2                                 stringtext2  00000
__Lstringtext3                                 stringtext3  00000
__Lstringtext4                                 stringtext4  00000
__Lstringtext5                                 stringtext5  00000
__Lstringtext6                                 stringtext6  00000
__Lstringtext7                                 stringtext7  00000
__Lstringtext8                                 stringtext8  00000
__Lstringtext9                                 stringtext9  00000
__Ltext                                        text         00000
__S0                                           (abs)        0103D
__S1                                           (abs)        0016C
__S2                                           (abs)        00000
__S3                                           (abs)        00000
__Umul8_16                                     text38       00AF6
__Umul8_16@multiplicand                        cstackCOMMON 00070
__Umul8_16@multiplier                          cstackCOMMON 00078
__Umul8_16@product                             cstackCOMMON 00074
__Umul8_16@word_mpld                           cstackCOMMON 00076
___bmul                                        text17       009EE
___bmul@multiplicand                           cstackCOMMON 00070
___bmul@multiplier                             cstackCOMMON 00073
___bmul@product                                cstackCOMMON 00072
___fladd                                       text36       00E18
___fladd@a                                     cstackCOMMON 00074
___fladd@aexp                                  cstackCOMMON 00079
___fladd@b                                     cstackCOMMON 00070
___fladd@bexp                                  cstackCOMMON 0007A
___fladd@grs                                   cstackCOMMON 0007B
___fladd@signs                                 cstackCOMMON 00078
___fldiv                                       text39       00C9F
___fldiv@a                                     cstackBANK0  00035
___fldiv@aexp                                  cstackBANK0  0004E
___fldiv@b                                     cstackBANK0  00039
___fldiv@bexp                                  cstackBANK0  0004D
___fldiv@grs                                   cstackBANK0  00049
___fldiv@new_exp                               cstackBANK0  00047
___fldiv@rem                                   cstackBANK0  00042
___fldiv@sign                                  cstackBANK0  00046
___flmul                                       text37       0057B
___flmul@a                                     cstackBANK0  00024
___flmul@aexp                                  cstackBANK0  00029
___flmul@b                                     cstackBANK0  00020
___flmul@bexp                                  cstackBANK0  0002E
___flmul@grs                                   cstackBANK0  0002A
___flmul@prod                                  cstackBANK0  0002F
___flmul@sign                                  cstackBANK0  00028
___flmul@temp                                  cstackBANK0  00033
___flsub                                       text35       00AD8
___flsub@a                                     cstackBANK0  0004F
___flsub@b                                     cstackBANK0  00053
___fltol                                       text34       00793
___fltol@exp1                                  cstackBANK0  00059
___fltol@f1                                    cstackBANK0  0004F
___fltol@sign1                                 cstackBANK0  00058
___int_sp                                      stack        00000
___latbits                                     (abs)        00002
___sp                                          stack        00000
___stackhi                                     (abs)        023EF
___stacklo                                     (abs)        020EC
__end_of_ADC_Initialize                        text26       0096A
__end_of_ADC_SelectChannel                     text29       009D0
__end_of_Config_Heater                         text30       0057B
__end_of_EUSART_Initialize                     text22       00B35
__end_of_EUSART_SetErrorHandler                text25       00924
__end_of_EUSART_SetFramingErrorHandler         text24       00944
__end_of_EUSART_SetOverrunErrorHandler         text23       00929
__end_of_HalfCycleACDuration_const             stringtext6  01034
__end_of_INTERRUPT_InterruptManager            intentry     00023
__end_of_IOCAF2_DefaultInterruptHandler        text54       00910
__end_of_IOCAF2_ISR                            text53       009C3
__end_of_IOCAF2_SetInterruptHandler            text8        00950
__end_of_Init_Function                         text27       00ABE
__end_of_MTOUCH_Button_Initialize              text20       00C26
__end_of_MTOUCH_Button_InitializeAll           text18       00AD8
__end_of_MTOUCH_Initialize                     text10       009B6
__end_of_MTOUCH_Sensor_Calibrate               text21       00800
__end_of_MTOUCH_Sensor_Enable                  text16       00A10
__end_of_MTOUCH_Sensor_Initialize              text14       00A21
__end_of_MTOUCH_Sensor_InitializeAll           text13       009DE
__end_of_MTOUCH_Sensor_Sampled_ResetAll        text12       00A46
__end_of_MTOUCH_Sensor_Scan_Initialize         text11       0092E
__end_of_OSCILLATOR_Initialize                 text9        0094A
__end_of_PIN_MANAGER_IOC                       text52       0093E
__end_of_PIN_MANAGER_Initialize                text7        00BC5
__end_of_R_const                               stringtext8  0103C
__end_of_SYSTEM_Initialize                     text1        00A73
__end_of_Sensor_Sampled_Reset                  text15       007FF
__end_of_SetDimmer                             text33       00C9F
__end_of_StartStop_AlarmLED                    text28       00992
__end_of_StartStop_AlarmLED_Blink              text41       00974
__end_of_StartStop_Buzzer                      text40       0097E
__end_of_StartStop_Dimmer                      text32       00A5B
__end_of_StartStop_Fan                         text31       00988
__end_of_TMR2_DefaultInterruptHandler          text49       00911
__end_of_TMR2_Drive_TRIAC_isr                  text50       00B9D
__end_of_TMR2_ISR                              text48       0099E
__end_of_TMR2_Initialize                       text5        009EE
__end_of_TMR2_SetInterruptHandler              text6        00933
__end_of_TMR2_StartTimer                       text56       00004
__end_of_TMR2_StopTimer                        text51       00915
__end_of_TMR2_Timer_Period_const               stringtext3  0102C
__end_of_TMR4_DefaultInterruptHandler          text46       00912
__end_of_TMR4_ISR                              text45       009AA
__end_of_TMR4_Initialize                       text3        00A33
__end_of_TMR4_SetInterruptHandler              text4        00938
__end_of_TMR4_StartTimer                       text43       00918
__end_of_TMR4_StopTimer                        text42       0091B
__end_of_TMR4_Wroking_Blink_AlarmLED_isr       text47       00AA4
__end_of_TMR6_Timer_Period_const               stringtext2  01028
__end_of_Tolerance_Temp_const                  stringtext7  01038
__end_of_V_cc_const                            stringtext4  01030
__end_of_WDT_Initialize                        text2        0091F
__end_of_Zero_Detection_isr                    text55       00963
__end_of__Umul8_16                             text38       00B15
__end_of___bmul                                text17       009FF
__end_of___fladd                               text36       01000
__end_of___fldiv                               text39       00E18
__end_of___flmul                               text37       00793
__end_of___flsub                               text35       00AF6
__end_of___fltol                               text34       007F8
__end_of__initialization                       cinit        00054
__end_of_main                                  maintext     00B56
__end_of_memcpy                                text19       00BF0
__end_of_mtouch_button_init                    stringtext5  01020
__end_of_tiny                                  stringtext1  01024
__initialization                               cinit        00025
__pbssBANK0                                    bssBANK0     00065
__pbssBANK1                                    bssBANK1     000C2
__pbssBANK2                                    bssBANK2     00120
__pcstackBANK0                                 cstackBANK0  00020
__pcstackCOMMON                                cstackCOMMON 00070
__pdataBANK1                                   dataBANK1    000A0
__pdataBANK2                                   dataBANK2    00154
__pidataBANK1                                  idataBANK1   00B56
__pidataBANK2                                  idataBANK2   00A73
__pintentry                                    intentry     00004
__pmaintext                                    maintext     00B35
__pnvBANK1                                     nvBANK1      000DF
__pstringtext1                                 stringtext1  01020
__pstringtext10                                stringtext10 00000
__pstringtext2                                 stringtext2  01024
__pstringtext3                                 stringtext3  01028
__pstringtext4                                 stringtext4  0102C
__pstringtext5                                 stringtext5  01000
__pstringtext6                                 stringtext6  01030
__pstringtext7                                 stringtext7  01034
__pstringtext8                                 stringtext8  01038
__pstringtext9                                 stringtext9  0103C
__ptext1                                       text1        00A5B
__ptext10                                      text10       009AA
__ptext11                                      text11       00929
__ptext12                                      text12       00A33
__ptext13                                      text13       009D0
__ptext14                                      text14       00A10
__ptext15                                      text15       007F8
__ptext16                                      text16       009FF
__ptext17                                      text17       009EE
__ptext18                                      text18       00ABE
__ptext19                                      text19       00BC5
__ptext2                                       text2        0091B
__ptext20                                      text20       00BF0
__ptext21                                      text21       007FF
__ptext22                                      text22       00B15
__ptext23                                      text23       00924
__ptext24                                      text24       0093E
__ptext25                                      text25       0091F
__ptext26                                      text26       00963
__ptext27                                      text27       00AA4
__ptext28                                      text28       00988
__ptext29                                      text29       009C3
__ptext3                                       text3        00A21
__ptext30                                      text30       00058
__ptext31                                      text31       0097E
__ptext32                                      text32       00A46
__ptext33                                      text33       00C26
__ptext34                                      text34       00793
__ptext35                                      text35       00AD8
__ptext36                                      text36       00E18
__ptext37                                      text37       0057B
__ptext38                                      text38       00AF6
__ptext39                                      text39       00C9F
__ptext4                                       text4        00933
__ptext40                                      text40       00974
__ptext41                                      text41       0096A
__ptext42                                      text42       00918
__ptext43                                      text43       00915
__ptext45                                      text45       0099E
__ptext46                                      text46       00911
__ptext47                                      text47       00A8B
__ptext48                                      text48       00992
__ptext49                                      text49       00910
__ptext5                                       text5        009DE
__ptext50                                      text50       00B78
__ptext51                                      text51       00912
__ptext52                                      text52       00938
__ptext53                                      text53       009B6
__ptext54                                      text54       0090F
__ptext55                                      text55       0095C
__ptext56                                      text56       00002
__ptext6                                       text6        0092E
__ptext7                                       text7        00B9D
__ptext8                                       text8        0094A
__ptext9                                       text9        00944
__size_of_ADC_Initialize                       (abs)        00000
__size_of_ADC_SelectChannel                    (abs)        00000
__size_of_Config_Heater                        (abs)        00000
__size_of_EUSART_Initialize                    (abs)        00000
__size_of_EUSART_SetErrorHandler               (abs)        00000
__size_of_EUSART_SetFramingErrorHandler        (abs)        00000
__size_of_EUSART_SetOverrunErrorHandler        (abs)        00000
__size_of_INTERRUPT_InterruptManager           (abs)        00000
__size_of_IOCAF2_DefaultInterruptHandler       (abs)        00000
__size_of_IOCAF2_ISR                           (abs)        00000
__size_of_IOCAF2_SetInterruptHandler           (abs)        00000
__size_of_Init_Function                        (abs)        00000
__size_of_MTOUCH_Button_Initialize             (abs)        00000
__size_of_MTOUCH_Button_InitializeAll          (abs)        00000
__size_of_MTOUCH_Initialize                    (abs)        00000
__size_of_MTOUCH_Sensor_Calibrate              (abs)        00000
__size_of_MTOUCH_Sensor_Enable                 (abs)        00000
__size_of_MTOUCH_Sensor_Initialize             (abs)        00000
__size_of_MTOUCH_Sensor_InitializeAll          (abs)        00000
__size_of_MTOUCH_Sensor_Sampled_ResetAll       (abs)        00000
__size_of_MTOUCH_Sensor_Scan_Initialize        (abs)        00000
__size_of_OSCILLATOR_Initialize                (abs)        00000
__size_of_PIN_MANAGER_IOC                      (abs)        00000
__size_of_PIN_MANAGER_Initialize               (abs)        00000
__size_of_SYSTEM_Initialize                    (abs)        00000
__size_of_Sensor_Sampled_Reset                 (abs)        00000
__size_of_SetDimmer                            (abs)        00000
__size_of_StartStop_AlarmLED                   (abs)        00000
__size_of_StartStop_AlarmLED_Blink             (abs)        00000
__size_of_StartStop_Buzzer                     (abs)        00000
__size_of_StartStop_Dimmer                     (abs)        00000
__size_of_StartStop_Fan                        (abs)        00000
__size_of_TMR2_DefaultInterruptHandler         (abs)        00000
__size_of_TMR2_Drive_TRIAC_isr                 (abs)        00000
__size_of_TMR2_ISR                             (abs)        00000
__size_of_TMR2_Initialize                      (abs)        00000
__size_of_TMR2_SetInterruptHandler             (abs)        00000
__size_of_TMR2_StartTimer                      (abs)        00000
__size_of_TMR2_StopTimer                       (abs)        00000
__size_of_TMR4_DefaultInterruptHandler         (abs)        00000
__size_of_TMR4_ISR                             (abs)        00000
__size_of_TMR4_Initialize                      (abs)        00000
__size_of_TMR4_SetInterruptHandler             (abs)        00000
__size_of_TMR4_StartTimer                      (abs)        00000
__size_of_TMR4_StopTimer                       (abs)        00000
__size_of_TMR4_Wroking_Blink_AlarmLED_isr      (abs)        00000
__size_of_WDT_Initialize                       (abs)        00000
__size_of_Zero_Detection_isr                   (abs)        00000
__size_of__Umul8_16                            (abs)        00000
__size_of___bmul                               (abs)        00000
__size_of___fladd                              (abs)        00000
__size_of___fldiv                              (abs)        00000
__size_of___flmul                              (abs)        00000
__size_of___flsub                              (abs)        00000
__size_of___fltol                              (abs)        00000
__size_of_main                                 (abs)        00000
__size_of_memcpy                               (abs)        00000
_eusartRxLastError                             bssBANK1     000DC
_main                                          maintext     00B35
_memcpy                                        text19       00BC5
_mtouch_button                                 bssBANK2     00134
_mtouch_button_init                            stringtext5  01000
_mtouch_sensor                                 dataBANK1    000B0
_sensor_globalFlags                            bssBANK0     0006A
_tmr2_required_counter_steps_g                 bssBANK1     000D6
btemp                                          (abs)        0007E
clear_ram0                                     clrtext      00950
end_of_initialization                          cinit        00054
init_ram                                       inittext     00956
int$flags                                      (abs)        0007E
intlevel0                                      functab      00000
intlevel1                                      functab      00000
intlevel2                                      functab      00000
intlevel3                                      functab      00000
intlevel4                                      functab      00000
intlevel5                                      functab      00000
memcpy@d                                       cstackCOMMON 00079
memcpy@d1                                      cstackCOMMON 00078
memcpy@n                                       cstackCOMMON 00072
memcpy@s                                       cstackCOMMON 00075
memcpy@s1                                      cstackCOMMON 00070
memcpy@tmp                                     cstackCOMMON 00077
reset_vec                                      reset_vec    00000
start                                          init         00023
start_initialization                           cinit        00025
wtemp0                                         (abs)        0007E


FUNCTION INFORMATION:

 *************** function _main *****************
 Defined at:
		line 77 in file "main.c"
 Parameters:    Size  Location     Type
		None
 Auto vars:     Size  Location     Type
  Temp_PT100      4    0        float 
 Return value:  Size  Location     Type
                  1    wreg      void 
 Registers used:
		wreg, fsr0l, fsr0h, fsr1l, fsr1h, status,2, status,0, pclath, cstack
 Tracked objects:
		On entry : 
		On exit  : 
		Unchanged: 
 Data sizes:     COMMON   BANK0   BANK1   BANK2   BANK3   BANK4   BANK5   BANK6   BANK7   BANK8   BANK9  BANK10  BANK11  BANK12
      Params:         0       0       0       0       0       0       0       0       0       0       0       0       0       0
      Locals:         0       4       0       0       0       0       0       0       0       0       0       0       0       0
      Temps:          0       0       0       0       0       0       0       0       0       0       0       0       0       0
      Totals:         0       4       0       0       0       0       0       0       0       0       0       0       0       0
Total ram usage:        4 bytes
 Hardware stack levels required when called:   11
 This function calls:
		_Config_Heater
		_IOCAF2_SetInterruptHandler
		_Init_Function
		_SYSTEM_Initialize
		_TMR2_SetInterruptHandler
		_TMR4_SetInterruptHandler
 This function is called by:
		Startup code after reset
 This function uses a non-reentrant model


 *************** function _SYSTEM_Initialize *****************
 Defined at:
		line 50 in file "mcc_generated_files/mcc.c"
 Parameters:    Size  Location     Type
		None
 Auto vars:     Size  Location     Type
		None
 Return value:  Size  Location     Type
                  1    wreg      void 
 Registers used:
		wreg, fsr0l, fsr0h, fsr1l, fsr1h, status,2, status,0, pclath, cstack
 Tracked objects:
		On entry : 
		On exit  : 
		Unchanged: 
 Data sizes:     COMMON   BANK0   BANK1   BANK2   BANK3   BANK4   BANK5   BANK6   BANK7   BANK8   BANK9  BANK10  BANK11  BANK12
      Params:         0       0       0       0       0       0       0       0       0       0       0       0       0       0
      Locals:         0       0       0       0       0       0       0       0       0       0       0       0       0       0
      Temps:          0       0       0       0       0       0       0       0       0       0       0       0       0       0
      Totals:         0       0       0       0       0       0       0       0       0       0       0       0       0       0
Total ram usage:        0 bytes
 Hardware stack levels used:    1
 Hardware stack levels required when called:   10
 This function calls:
		_ADC_Initialize
		_EUSART_Initialize
		_MTOUCH_Initialize
		_OSCILLATOR_Initialize
		_PIN_MANAGER_Initialize
		_TMR2_Initialize
		_TMR4_Initialize
		_WDT_Initialize
 This function is called by:
		_main
 This function uses a non-reentrant model


 *************** function _WDT_Initialize *****************
 Defined at:
		line 73 in file "mcc_generated_files/mcc.c"
 Parameters:    Size  Location     Type
		None
 Auto vars:     Size  Location     Type
		None
 Return value:  Size  Location     Type
                  1    wreg      void 
 Registers used:
		wreg
 Tracked objects:
		On entry : 
		On exit  : 
		Unchanged: 
 Data sizes:     COMMON   BANK0   BANK1   BANK2   BANK3   BANK4   BANK5   BANK6   BANK7   BANK8   BANK9  BANK10  BANK11  BANK12
      Params:         0       0       0       0       0       0       0       0       0       0       0       0       0       0
      Locals:         0       0       0       0       0       0       0       0       0       0       0       0       0       0
      Temps:          0       0       0       0       0       0       0       0       0       0       0       0       0       0
      Totals:         0       0       0       0       0       0       0       0       0       0       0       0       0       0
Total ram usage:        0 bytes
 Hardware stack levels used:    1
 Hardware stack levels required when called:    5
 This function calls:
		Nothing
 This function is called by:
		_SYSTEM_Initialize
 This function uses a non-reentrant model


 *************** function _TMR4_Initialize *****************
 Defined at:
		line 64 in file "mcc_generated_files/tmr4.c"
 Parameters:    Size  Location     Type
		None
 Auto vars:     Size  Location     Type
		None
 Return value:  Size  Location     Type
                  1    wreg      void 
 Registers used:
		wreg, status,2, status,0, pclath, cstack
 Tracked objects:
		On entry : 
		On exit  : 
		Unchanged: 
 Data sizes:     COMMON   BANK0   BANK1   BANK2   BANK3   BANK4   BANK5   BANK6   BANK7   BANK8   BANK9  BANK10  BANK11  BANK12
      Params:         0       0       0       0       0       0       0       0       0       0       0       0       0       0
      Locals:         0       0       0       0       0       0       0       0       0       0       0       0       0       0
      Temps:          0       0       0       0       0       0       0       0       0       0       0       0       0       0
      Totals:         0       0       0       0       0       0       0       0       0       0       0       0       0       0
Total ram usage:        0 bytes
 Hardware stack levels used:    1
 Hardware stack levels required when called:    6
 This function calls:
		_TMR4_SetInterruptHandler
 This function is called by:
		_SYSTEM_Initialize
 This function uses a non-reentrant model


 *************** function _TMR4_SetInterruptHandler *****************
 Defined at:
		line 132 in file "mcc_generated_files/tmr4.c"
 Parameters:    Size  Location     Type
  InterruptHan    2    0[COMMON] PTR FTN()void 
		 -> TMR4_DefaultInterruptHandler(1), TMR4_Wroking_Blink_AlarmLED_isr(1), 
 Auto vars:     Size  Location     Type
		None
 Return value:  Size  Location     Type
                  1    wreg      void 
 Registers used:
		wreg
 Tracked objects:
		On entry : 
		On exit  : 
		Unchanged: 
 Data sizes:     COMMON   BANK0   BANK1   BANK2   BANK3   BANK4   BANK5   BANK6   BANK7   BANK8   BANK9  BANK10  BANK11  BANK12
      Params:         2       0       0       0       0       0       0       0       0       0       0       0       0       0
      Locals:         0       0       0       0       0       0       0       0       0       0       0       0       0       0
      Temps:          0       0       0       0       0       0       0       0       0       0       0       0       0       0
[...]
      Totals:         0       0       0       0       0       0       0       0       0       0       0       0       0       0
Total ram usage:        0 bytes
 Hardware stack levels used:    1
 Hardware stack levels required when called:    1
 This function calls:
		Absolute function
		_TMR4_DefaultInterruptHandler
		_TMR4_Wroking_Blink_AlarmLED_isr
 This function is called by:
		_INTERRUPT_InterruptManager
 This function uses a non-reentrant model


 *************** function _TMR4_DefaultInterruptHandler *****************
 Defined at:
		line 136 in file "mcc_generated_files/tmr4.c"
 Parameters:    Size  Location     Type
		None
 Auto vars:     Size  Location     Type
		None
 Return value:  Size  Location     Type
                  1    wreg      void 
 Registers used:
		None
 Tracked objects:
		On entry : 
		On exit  : 
		Unchanged: 
 Data sizes:     COMMON   BANK0   BANK1   BANK2   BANK3   BANK4   BANK5   BANK6   BANK7   BANK8   BANK9  BANK10  BANK11  BANK12
      Params:         0       0       0       0       0       0       0       0       0       0       0       0       0       0
      Locals:         0       0       0       0       0       0       0       0       0       0       0       0       0       0
      Temps:          0       0       0       0       0       0       0       0       0       0       0       0       0       0
      Totals:         0       0       0       0       0       0       0       0       0       0       0       0       0       0
Total ram usage:        0 bytes
 Hardware stack levels used:    1
 This function calls:
		Nothing
 This function is called by:
		_TMR4_Initialize
		_TMR4_ISR
 This function uses a non-reentrant model


 *************** function _TMR4_Wroking_Blink_AlarmLED_isr *****************
 Defined at:
		line 262 in file "main.c"
 Parameters:    Size  Location     Type
		None
 Auto vars:     Size  Location     Type
		None
 Return value:  Size  Location     Type
                  1    wreg      void 
 Registers used:
		wreg, status,2, status,0
 Tracked objects:
		On entry : 
		On exit  : 
		Unchanged: 
 Data sizes:     COMMON   BANK0   BANK1   BANK2   BANK3   BANK4   BANK5   BANK6   BANK7   BANK8   BANK9  BANK10  BANK11  BANK12
      Params:         0       0       0       0       0       0       0       0       0       0       0       0       0       0
      Locals:         0       0       0       0       0       0       0       0       0       0       0       0       0       0
      Temps:          0       0       0       0       0       0       0       0       0       0       0       0       0       0
      Totals:         0       0       0       0       0       0       0       0       0       0       0       0       0       0
Total ram usage:        0 bytes
 Hardware stack levels used:    1
 This function calls:
		Nothing
 This function is called by:
		_main
		_TMR4_ISR
 This function uses a non-reentrant model


 *************** function _TMR2_ISR *****************
 Defined at:
		line 119 in file "mcc_generated_files/tmr2.c"
 Parameters:    Size  Location     Type
		None
 Auto vars:     Size  Location     Type
		None
 Return value:  Size  Location     Type
                  1    wreg      void 
 Registers used:
		wreg, status,2, status,0, pclath, cstack
 Tracked objects:
		On entry : 
		On exit  : 
		Unchanged: 
 Data sizes:     COMMON   BANK0   BANK1   BANK2   BANK3   BANK4   BANK5   BANK6   BANK7   BANK8   BANK9  BANK10  BANK11  BANK12
      Params:         0       0       0       0       0       0       0       0       0       0       0       0       0       0
      Locals:         0       0       0       0       0       0       0       0       0       0       0       0       0       0
      Temps:          0       0       0       0       0       0       0       0       0       0       0       0       0       0
      Totals:         0       0       0       0       0       0       0       0       0       0       0       0       0       0
Total ram usage:        0 bytes
 Hardware stack levels used:    1
 Hardware stack levels required when called:    2
 This function calls:
		Absolute function
		_TMR2_DefaultInterruptHandler
		_TMR2_Drive_TRIAC_isr
 This function is called by:
		_INTERRUPT_InterruptManager
 This function uses a non-reentrant model


 *************** function _TMR2_DefaultInterruptHandler *****************
 Defined at:
		line 136 in file "mcc_generated_files/tmr2.c"
 Parameters:    Size  Location     Type
		None
 Auto vars:     Size  Location     Type
		None
 Return value:  Size  Location     Type
                  1    wreg      void 
 Registers used:
		None
 Tracked objects:
		On entry : 
		On exit  : 
		Unchanged: 
 Data sizes:     COMMON   BANK0   BANK1   BANK2   BANK3   BANK4   BANK5   BANK6   BANK7   BANK8   BANK9  BANK10  BANK11  BANK12
      Params:         0       0       0       0       0       0       0       0       0       0       0       0       0       0
      Locals:         0       0       0       0       0       0       0       0       0       0       0       0       0       0
      Temps:          0       0       0       0       0       0       0       0       0       0       0       0       0       0
      Totals:         0       0       0       0       0       0       0       0       0       0       0       0       0       0
Total ram usage:        0 bytes
 Hardware stack levels used:    1
 This function calls:
		Nothing
 This function is called by:
		_TMR2_Initialize
		_TMR2_ISR
 This function uses a non-reentrant model


 *************** function _TMR2_Drive_TRIAC_isr *****************
 Defined at:
		line 234 in file "main.c"
 Parameters:    Size  Location     Type
		None
 Auto vars:     Size  Location     Type
		None
 Return value:  Size  Location     Type
                  1    wreg      void 
 Registers used:
		wreg, status,2, status,0, pclath, cstack
 Tracked objects:
		On entry : 
		On exit  : 
		Unchanged: 
 Data sizes:     COMMON   BANK0   BANK1   BANK2   BANK3   BANK4   BANK5   BANK6   BANK7   BANK8   BANK9  BANK10  BANK11  BANK12
      Params:         0       0       0       0       0       0       0       0       0       0       0       0       0       0
      Locals:         0       0       0       0       0       0       0       0       0       0       0       0       0       0
      Temps:          0       0       0       0       0       0       0       0       0       0       0       0       0       0
      Totals:         0       0       0       0       0       0       0       0       0       0       0       0       0       0
Total ram usage:        0 bytes
 Hardware stack levels used:    1
 Hardware stack levels required when called:    1
 This function calls:
		_TMR2_StopTimer
 This function is called by:
		_main
		_TMR2_ISR
 This function uses a non-reentrant model


 *************** function _TMR2_StopTimer *****************
 Defined at:
		line 93 in file "mcc_generated_files/tmr2.c"
 Parameters:    Size  Location     Type
		None
 Auto vars:     Size  Location     Type
		None
 Return value:  Size  Location     Type
                  1    wreg      void 
 Registers used:
		None
 Tracked objects:
		On entry : 
		On exit  : 
		Unchanged: 
 Data sizes:     COMMON   BANK0   BANK1   BANK2   BANK3   BANK4   BANK5   BANK6   BANK7   BANK8   BANK9  BANK10  BANK11  BANK12
      Params:         0       0       0       0       0       0       0       0       0       0       0       0       0       0
      Locals:         0       0       0       0       0       0       0       0       0       0       0       0       0       0
      Temps:          0       0       0       0       0       0       0       0       0       0       0       0       0       0
      Totals:         0       0       0       0       0       0       0       0       0       0       0       0       0       0
Total ram usage:        0 bytes
 Hardware stack levels used:    1
 This function calls:
		Nothing
 This function is called by:
		_TMR2_Drive_TRIAC_isr
 This function uses a non-reentrant model


 *************** function _PIN_MANAGER_IOC *****************
 Defined at:
		line 115 in file "mcc_generated_files/pin_manager.c"
 Parameters:    Size  Location     Type
		None
 Auto vars:     Size  Location     Type
		None
 Return value:  Size  Location     Type
                  1    wreg      void 
 Registers used:
		wreg, status,2, status,0, pclath, cstack
 Tracked objects:
		On entry : 
		On exit  : 
		Unchanged: 
 Data sizes:     COMMON   BANK0   BANK1   BANK2   BANK3   BANK4   BANK5   BANK6   BANK7   BANK8   BANK9  BANK10  BANK11  BANK12
      Params:         0       0       0       0       0       0       0       0       0       0       0       0       0       0
      Locals:         0       0       0       0       0       0       0       0       0       0       0       0       0       0
      Temps:          0       0       0       0       0       0       0       0       0       0       0       0       0       0
      Totals:         0       0       0       0       0       0       0       0       0       0       0       0       0       0
Total ram usage:        0 bytes
 Hardware stack levels used:    1
 Hardware stack levels required when called:    3
 This function calls:
		_IOCAF2_ISR
 This function is called by:
		_INTERRUPT_InterruptManager
 This function uses a non-reentrant model


 *************** function _IOCAF2_ISR *****************
 Defined at:
		line 127 in file "mcc_generated_files/pin_manager.c"
 Parameters:    Size  Location     Type
		None
 Auto vars:     Size  Location     Type
		None
 Return value:  Size  Location     Type
                  1    wreg      void 
 Registers used:
		wreg, status,2, status,0, pclath, cstack
 Tracked objects:
		On entry : 
		On exit  : 
		Unchanged: 
 Data sizes:     COMMON   BANK0   BANK1   BANK2   BANK3   BANK4   BANK5   BANK6   BANK7   BANK8   BANK9  BANK10  BANK11  BANK12
      Params:         0       0       0       0       0       0       0       0       0       0       0       0       0       0
      Locals:         0       0       0       0       0       0       0       0       0       0       0       0       0       0
      Temps:          0       0       0       0       0       0       0       0       0       0       0       0       0       0
      Totals:         0       0       0       0       0       0       0       0       0       0       0       0       0       0
Total ram usage:        0 bytes
 Hardware stack levels used:    1
 Hardware stack levels required when called:    2
 This function calls:
		Absolute function
		_IOCAF2_DefaultInterruptHandler
		_Zero_Detection_isr
 This function is called by:
		_PIN_MANAGER_IOC
 This function uses a non-reentrant model


 *************** function _IOCAF2_DefaultInterruptHandler *****************
 Defined at:
		line 149 in file "mcc_generated_files/pin_manager.c"
 Parameters:    Size  Location     Type
		None
 Auto vars:     Size  Location     Type
		None
 Return value:  Size  Location     Type
                  1    wreg      void 
 Registers used:
		None
 Tracked objects:
		On entry : 
		On exit  : 
		Unchanged: 
 Data sizes:     COMMON   BANK0   BANK1   BANK2   BANK3   BANK4   BANK5   BANK6   BANK7   BANK8   BANK9  BANK10  BANK11  BANK12
      Params:         0       0       0       0       0       0       0       0       0       0       0       0       0       0
      Locals:         0       0       0       0       0       0       0       0       0       0       0       0       0       0
      Temps:          0       0       0       0       0       0       0       0       0       0       0       0       0       0
      Totals:         0       0       0       0       0       0       0       0       0       0       0       0       0       0
Total ram usage:        0 bytes
 Hardware stack levels used:    1
 This function calls:
		Nothing
 This function is called by:
		_PIN_MANAGER_Initialize
		_IOCAF2_ISR
 This function uses a non-reentrant model


 *************** function _Zero_Detection_isr *****************
 Defined at:
		line 221 in file "main.c"
 Parameters:    Size  Location     Type
		None
 Auto vars:     Size  Location     Type
		None
 Return value:  Size  Location     Type
                  1    wreg      void 
 Registers used:
		wreg, status,2, status,0, pclath, cstack
 Tracked objects:
		On entry : 
		On exit  : 
		Unchanged: 
 Data sizes:     COMMON   BANK0   BANK1   BANK2   BANK3   BANK4   BANK5   BANK6   BANK7   BANK8   BANK9  BANK10  BANK11  BANK12
      Params:         0       0       0       0       0       0       0       0       0       0       0       0       0       0
      Locals:         0       0       0       0       0       0       0       0       0       0       0       0       0       0
      Temps:          0       0       0       0       0       0       0       0       0       0       0       0       0       0
      Totals:         0       0       0       0       0       0       0       0       0       0       0       0       0       0
Total ram usage:        0 bytes
 Hardware stack levels used:    1
 Hardware stack levels required when called:    1
 This function calls:
		_TMR2_StartTimer
 This function is called by:
		_main
		_IOCAF2_ISR
 This function uses a non-reentrant model


 *************** function _TMR2_StartTimer *****************
 Defined at:
		line 87 in file "mcc_generated_files/tmr2.c"
 Parameters:    Size  Location     Type
		None
 Auto vars:     Size  Location     Type
		None
 Return value:  Size  Location     Type
                  1    wreg      void 
 Registers used:
		None
 Tracked objects:
		On entry : 
		On exit  : 
		Unchanged: 
 Data sizes:     COMMON   BANK0   BANK1   BANK2   BANK3   BANK4   BANK5   BANK6   BANK7   BANK8   BANK9  BANK10  BANK11  BANK12
      Params:         0       0       0       0       0       0       0       0       0       0       0       0       0       0
      Locals:         0       0       0       0       0       0       0       0       0       0       0       0       0       0
      Temps:          0       0       0       0       0       0       0       0       0       0       0       0       0       0
      Totals:         0       0       0       0       0       0       0       0       0       0       0       0       0       0
Total ram usage:        0 bytes
 Hardware stack levels used:    1
 This function calls:
		Nothing
 This function is called by:
		_Zero_Detection_isr
 This function uses a non-reentrant model



MODULE INFORMATION

Module		Function		Class		Link	Load	Size
mcc_generated_files/mtouch/mtouch_button.c
		_MTOUCH_Button_Initialize		CODE           	0BF0	0000	54
		_MTOUCH_Button_InitializeAll		CODE           	0ABE	0000	26

mcc_generated_files/mtouch/mtouch_button.c estimated size: 80

/opt/microchip/xc8/v2.31/pic/sources/c99/common/sprcdiv.c
		___fldiv       		CODE           	0C9F	0000	377

/opt/microchip/xc8/v2.31/pic/sources/c99/common/sprcdiv.c estimated size: 377

/opt/microchip/xc8/v2.31/pic/sources/c99/common/Umul8.c
		___bmul        		CODE           	09EE	0000	17

/opt/microchip/xc8/v2.31/pic/sources/c99/common/Umul8.c estimated size: 17

mcc_generated_files/tmr4.c
		_TMR4_ISR      		CODE           	099E	0000	12
		_TMR4_Initialize		CODE           	0A21	0000	18
		_TMR4_SetInterruptHandler		CODE           	0933	0000	5
		_TMR4_StopTimer		CODE           	0918	0000	3
		_TMR4_DefaultInterruptHandler		CODE           	0911	0000	1
		_TMR4_StartTimer		CODE           	0915	0000	3

mcc_generated_files/tmr4.c estimated size: 42

mcc_generated_files/tmr2.c
		_TMR2_ISR      		CODE           	0992	0000	12
		_TMR2_Initialize		CODE           	09DE	0000	16
		_TMR2_SetInterruptHandler		CODE           	092E	0000	5
		_TMR2_StopTimer		CODE           	0912	0000	3
		_TMR2_DefaultInterruptHandler		CODE           	0910	0000	1
		_TMR2_StartTimer		CODE           	0002	0000	2

mcc_generated_files/tmr2.c estimated size: 39

mcc_generated_files/interrupt_manager.c
		_INTERRUPT_InterruptManager		CODE           	0004	0000	31

mcc_generated_files/interrupt_manager.c estimated size: 31

mcc_generated_files/mtouch/mtouch.c
		_MTOUCH_Initialize		CODE           	09AA	0000	12

mcc_generated_files/mtouch/mtouch.c estimated size: 12

/opt/microchip/xc8/v2.31/pic/sources/c99/common/memcpy.c
		_memcpy        		CODE           	0BC5	0000	43

/opt/microchip/xc8/v2.31/pic/sources/c99/common/memcpy.c estimated size: 43

mcc_generated_files/pin_manager.c
		_PIN_MANAGER_Initialize		CODE           	0B9D	0000	40
		_IOCAF2_DefaultInterruptHandler		CODE           	090F	0000	1
		_IOCAF2_ISR    		CODE           	09B6	0000	13
		_PIN_MANAGER_IOC		CODE           	0938	0000	6
		_IOCAF2_SetInterruptHandler		CODE           	094A	0000	6

mcc_generated_files/pin_manager.c estimated size: 66

/opt/microchip/xc8/v2.31/pic/sources/c99/common/sprcadd.c
		___flsub       		CODE           	0AD8	0000	30
		___fladd       		CODE           	0E18	0000	488

/opt/microchip/xc8/v2.31/pic/sources/c99/common/sprcadd.c estimated size: 518

mcc_generated_files/adc.c
		_ADC_Initialize		CODE           	0963	0000	7
		_ADC_SelectChannel		CODE           	09C3	0000	13

mcc_generated_files/adc.c estimated size: 20

shared
		_HalfCycleACDuration_const		STRCODE        	0000	0000	0
		_R_const       		STRCODE        	0000	0000	0
		_TMR2_Timer_Period_const		STRCODE        	0000	0000	0
		__initialization		CODE           	0025	0000	47
		_mtouch_button_init		STRCODE        	1000	0000	32
		_V_cc_const    		STRCODE        	0000	0000	0
		_TMR6_Timer_Period_const		STRCODE        	0000	0000	0
		_tiny          		STRCODE        	0000	0000	0
		_Tolerance_Temp_const		STRCODE        	0000	0000	0

shared estimated size: 79

mcc_generated_files/mcc.c
		_WDT_Initialize		CODE           	091B	0000	4
		_OSCILLATOR_Initialize		CODE           	0944	0000	6
		_SYSTEM_Initialize		CODE           	0A5B	0000	24

mcc_generated_files/mcc.c estimated size: 34

mcc_generated_files/eusart.c
		_EUSART_Initialize		CODE           	0B15	0000	32
		_EUSART_SetFramingErrorHandler		CODE           	093E	0000	6
		_EUSART_SetErrorHandler		CODE           	091F	0000	5
		_EUSART_SetOverrunErrorHandler		CODE           	0924	0000	5

mcc_generated_files/eusart.c estimated size: 48

/opt/microchip/xc8/v2.31/pic/sources/c99/common/Umul8_16.c
		__Umul8_16     		CODE           	0AF6	0000	31

/opt/microchip/xc8/v2.31/pic/sources/c99/common/Umul8_16.c estimated size: 31

main.c
		_StartStop_AlarmLED_Blink		CODE           	096A	0000	10
		_main          		CODE           	0B35	0000	33
		_TMR2_Drive_TRIAC_isr		CODE           	0B78	0000	37
		_TMR4_Wroking_Blink_AlarmLED_isr		CODE           	0A8B	0000	25
		_SetDimmer     		CODE           	0C26	0000	121
		_Config_Heater 		CODE           	0058	0000	1315
		_Zero_Detection_isr		CODE           	095C	0000	7
		_Init_Function 		CODE           	0AA4	0000	26
		_StartStop_Fan 		CODE           	097E	0000	10
		_StartStop_Dimmer		CODE           	0A46	0000	21
		_StartStop_AlarmLED		CODE           	0988	0000	10
		_StartStop_Buzzer		CODE           	0974	0000	10

main.c estimated size: 1625

mcc_generated_files/mtouch/mtouch_sensor.c
		_MTOUCH_Sensor_Initialize		CODE           	0A10	0000	17
		_Sensor_Sampled_Reset		CODE           	07F8	0000	7
		_MTOUCH_Sensor_InitializeAll		CODE           	09D0	0000	14
		_MTOUCH_Sensor_Calibrate		CODE           	07FF	0000	1
		_MTOUCH_Sensor_Sampled_ResetAll		CODE           	0A33	0000	19
		_MTOUCH_Sensor_Enable		CODE           	09FF	0000	17
		_MTOUCH_Sensor_Scan_Initialize		CODE           	0929	0000	5

mcc_generated_files/mtouch/mtouch_sensor.c estimated size: 80

/opt/microchip/xc8/v2.31/pic/sources/c99/common/fltol.c
		___fltol       		CODE           	0793	0000	101

/opt/microchip/xc8/v2.31/pic/sources/c99/common/fltol.c estimated size: 101

/opt/microchip/xc8/v2.31/pic/sources/c99/common/sprcmul.c
		___flmul       		CODE           	057B	0000	536

/opt/microchip/xc8/v2.31/pic/sources/c99/common/sprcmul.c estimated size: 536

