Microchip MPLAB XC8 Compiler V2.31

Linker command line:

-W-3 --edf=/opt/microchip/xc8/v2.31/pic/dat/en_msgs.txt -cn \
  -h+dist/default/production/reflow_oven_v2.X.production.sym \
  --cmf=dist/default/production/reflow_oven_v2.X.production.cmf -z \
  -Q16F1829 -o/tmp/xcXhIDgag --defsym=__MPLAB_BUILD=1 \
  -Mdist/default/production/reflow_oven_v2.X.production.map -E1 \
  -ver=XC8 Compiler --acfsm=1493 -ASTACK=020C0h-023EFh -pstack=STACK \
  -ACODE=00h-07FFhx4 -ASTRCODE=00h-01FFFh -ASTRING=00h-0FFhx32 \
  -ACONST=00h-0FFhx32 -AENTRY=00h-0FFhx32 -ACOMMON=070h-07Fh \
  -ABANK0=020h-06Fh -ABANK1=0A0h-0EFh -ABANK2=0120h-016Fh \
  -ABANK3=01A0h-01EFh -ABANK4=0220h-026Fh -ABANK5=02A0h-02EFh \
  -ABANK6=0320h-036Fh -ABANK7=03A0h-03EFh -ABANK8=0420h-046Fh \
  -ABANK9=04A0h-04EFh -ABANK10=0520h-056Fh -ABANK11=05A0h-05EFh \
  -ABANK12=0620h-064Fh -ABIGRAM=02000h-023EFh \
  -ARAM=020h-06Fh,0A0h-0EFh,0120h-016Fh,01A0h-01EFh,0220h-026Fh,02A0h-02EFh,0320h-036Fh,03A0h-03EFh,0420h-046Fh,04A0h-04EFh,0520h-056Fh,05A0h-05EFh,0620h-064Fh \
  -AABS1=020h-07Fh,0A0h-0EFh,0120h-016Fh,01A0h-01EFh,0220h-026Fh,02A0h-02EFh,0320h-036Fh,03A0h-03EFh,0420h-046Fh,04A0h-04EFh,0520h-056Fh,05A0h-05EFh,0620h-064Fh \
  -ASFR0=00h-01Fh -ASFR1=080h-09Fh -ASFR2=0100h-011Fh -ASFR3=0180h-019Fh \
  -ASFR4=0200h-021Fh -ASFR5=0280h-029Fh -ASFR6=0300h-031Fh \
  -ASFR7=0380h-039Fh -ASFR8=0400h-041Fh -ASFR9=0480h-049Fh \
  -ASFR10=0500h-051Fh -ASFR11=0580h-059Fh -ASFR12=0600h-061Fh \
  -ASFR13=0680h-06EFh -ASFR14=0700h-076Fh -ASFR15=0780h-07EFh \
  -ASFR16=0800h-086Fh -ASFR17=0880h-08EFh -ASFR18=0900h-096Fh \
  -ASFR19=0980h-09EFh -ASFR20=0A00h-0A6Fh -ASFR21=0A80h-0AEFh \
  -ASFR22=0B00h-0B6Fh -ASFR23=0B80h-0BEFh -ASFR24=0C00h-0C6Fh \
  -ASFR25=0C80h-0CEFh -ASFR26=0D00h-0D6Fh -ASFR27=0D80h-0DEFh \
  -ASFR28=0E00h-0E6Fh -ASFR29=0E80h-0EEFh -ASFR30=0F00h-0F6Fh \
  -ASFR31=0F80h-0FEFh -ACONFIG=08007h-08008h -DCONFIG=2 \
  -AIDLOC=08000h-08003h -DIDLOC=2 -AEEDATA=00h-0FFh/0F000h \
  -peeprom_data=EEDATA -DEEDATA=2 -DCODE=2 -DSTRCODE=2 -DSTRING=2 -DCONST=2 \
  -DENTRY=2 -preset_vec=00h,intentry=04h,init,end_init -ppowerup=CODE \
  -pcinit=CODE -pfunctab=ENTRY -k /tmp/xcXHhdBCm.o \
  dist/default/production/reflow_oven_v2.X.production.o 

Object code version is 3.11

Machine type is 16F1829



                Name                               Link     Load   Length Selector   Space Scale
/tmp/xcXHhdBCm.o
                end_init                             42       42        2        8       0
                reset_vec                             0        0        2        0       0
                config                             8007     8007        2        0       4
                idloc                              8000     8000        4        0       5
dist/default/production/reflow_oven_v2.X.production.o
                cinit                                44       44       26        8       0
                intentry                              4        4       3E        8       0
                text23_split_1                      B3B      B3B      4C5     1676       0
                config                             8007     8007        2        0       4
                idloc                              8000     8000        4        0       5
                text97                             1A9D     1A9D        3     353A       0
                text96                             1B00     1B00        A     3600       0
                text95                             1A95     1A95        1     352A       0
                text94                             1B3B     1B3B        F     3676       0
                text93                             1000     1000        9     1676       0
                text92                             1AA0     1AA0        3     3540       0
                text91                             1F2D     1F2D       2C     3E5A       0
                text90                             1A96     1A96        1     352C       0
                text89                             1B4A     1B4A        F     3694       0
                text88                             1D53     1D53       1D     3AA6       0
                text87                             1A97     1A97        1     352E       0
                text86                             1B59     1B59        F     36B2       0
                text85                             1AB3     1AB3        6     3566       0
                text84                             1A98     1A98        1     3530       0
                text83                             1B68     1B68        F     36D0       0
                text81                             1D70     1D70       1E     3AE0       0
                text80                             1356     1356       8F     26AC       0
                text79                             1C4C     1C4C       15     3898       0
                text78                             1CEA     1CEA       1A     39D4       0
                text77                             1040     1040       51     2080       0
                text76                             1BB7     1BB7       12     376E       0
                text75                             1F59     1F59       2E     3EB2       0
                text74                             13E5     13E5       91     27CA       0
                text73                             1A99     1A99        1     3532       0
                text72                             1A9A     1A9A        1     3534       0
                text71                             1009     1009       37     2012       0
                text70                             1209     1209       66     2412       0
                text69                             126F     126F       66     24DE       0
                text68                             15A2     15A2       AA     2B44       0
                text67                             1A9B     1A9B        2     3536       0
                text66                             1C8C     1C8C       17     3918       0
                text65                             10EB     10EB       5B     21D6       0
                text64                             1BC9     1BC9       12     3792       0
                text63                             1F87     1F87       2F     3F0E       0
                text62                             1D8E     1D8E       1E     3B1C       0
                text61                             1C38     1C38       14     3870       0
                text60                             1ADD     1ADD        7     35BA       0
                text59                             1BDB     1BDB       12     37B6       0
                text58                             1B86     1B86       10     370C       0
                text57                             1DAC     1DAC       1E     3B58       0
                text56                             1AAE     1AAE        5     355C       0
                text55                             1B2E     1B2E        D     365C       0
                text54                             1BFF     1BFF       13     37FE       0
                text53                             1C61     1C61       15     38C2       0
                text52                             1DCA     1DCA       20     3B94       0
                text51                             1DEA     1DEA       20     3BD4       0
                text50                             1E0A     1E0A       20     3C14       0
                text49                             1E2A     1E2A       20     3C54       0
                text48                             11A7     11A7       62     234E       0
                text47                             1BED     1BED       12     37DA       0
                text46                             1146     1146       61     228C       0
                text45                             1B77     1B77        F     36EE       0
                text44                             1AE4     1AE4        7     35C8       0
                text43                             1AEB     1AEB        7     35D6       0
                text42                             1D04     1D04       1A     3A08       0
                text41                             1FB6     1FB6       4A     3F6C       0
                text40                              7FF      7FF        1        8       0
                text39                             1D38     1D38       1B     3A70       0
                text38                             1AF2     1AF2        7     35E4       0
                text37                             1091     1091       5A     2122       0
                text36                             1D1E     1D1E       1A     3A3C       0
                text35                             1F02     1F02       2B     3E04       0
                text34                             1CBA     1CBA       18     3974       0
                text33                             1AA6     1AA6        4     354C       0
                text32                                2        2        2        0       0
                text31                             1ED8     1ED8       2A     3DB0       0
                text30                             164C     164C      1B4     2C98       0
                text29                             1E8C     1E8C       23     3D18       0
                text28                              533      533      257        8       0
                text27                              903      903      238     1206       0
                text26                             1E4A     1E4A       20     3C94       0
                text25                              78A      78A       75        8       0
                text24                             12D5     12D5       81     25AA       0
                text23                               6A       6A      4C9        8       0
                text22                             1AA3     1AA3        3     3546       0
                text21                              800      800        3     1000       0
                text20                             1B96     1B96       10     372C       0
                text19                             1B0A     1B0A        C     3614       0
                text18                             1CD2     1CD2       18     39A4       0
                text17                              833      833       D0     1066       0
                text16                             1B16     1B16        C     362C       0
                text15                             1B22     1B22        C     3644       0
                text14                             1CA3     1CA3       17     3946       0
                text13                             1AF9     1AF9        7     35F2       0
                text12                             1AB9     1AB9        6     3572       0
                text11                             1EAF     1EAF       29     3D5E       0
                text10                             1ABF     1ABF        6     357E       0
                text9                              1BA6     1BA6       11     374C       0
                text8                              1AC5     1AC5        6     358A       0
                text7                              1C12     1C12       13     3824       0
                text6                              1ACB     1ACB        6     3596       0
                text5                              1C25     1C25       13     384A       0
                text4                              1AAA     1AAA        4     3554       0
                text3                              1C76     1C76       16     38EC       0
                text2                              1476     1476       96     28EC       0
                text1                              150C     150C       96     2A18       0
                maintext                            803      803       30     1006       0
                cstackBANK0                          20       20       4B       20       1
                cstackCOMMON                         70       70        C       70       1
                clrtext                            1AD1     1AD1        6     35A2       0
                inittext                           1AD7     1AD7        6     35AE       0
                bssBANK2                            120      120       20      120       1
                dataBANK1                            A0       A0       22       A0       1
                bssBANK1                             C2       C2        C       A0       1
                bssBANK0                             6B       6B        5       20       1
                bssCOMMON                            7C       7C        1       70       1
                nvBANK1                              CE       CE        8       A0       1
                stringtext3                        1824     1824        4     3000       0
                stringtext2                        1800     1800       20     3000       0
                stringtext1                        1820     1820        4     3000       0
                idataBANK1                         1E6A     1E6A       22     3CD4       0

TOTAL           Name                               Link     Load   Length     Space
        CLASS   STACK          

        CLASS   CODE           
                end_init                             42       42        2         0
                cinit                                44       44       26         0
                intentry                              4        4       3E         0
                reset_vec                             0        0        2         0
                text23_split_1                      B3B      B3B      4C5         0
                text97                             1A9D     1A9D        3         0
                text96                             1B00     1B00        A         0
                text95                             1A95     1A95        1         0
                text94                             1B3B     1B3B        F         0
                text93                             1000     1000        9         0
                text92                             1AA0     1AA0        3         0
                text91                             1F2D     1F2D       2C         0
                text90                             1A96     1A96        1         0
                text89                             1B4A     1B4A        F         0
                text88                             1D53     1D53       1D         0
                text87                             1A97     1A97        1         0
                text86                             1B59     1B59        F         0
                text85                             1AB3     1AB3        6         0
                text84                             1A98     1A98        1         0
                text83                             1B68     1B68        F         0
                text81                             1D70     1D70       1E         0
                text80                             1356     1356       8F         0
                text79                             1C4C     1C4C       15         0
                text78                             1CEA     1CEA       1A         0
                text77                             1040     1040       51         0
                text76                             1BB7     1BB7       12         0
                text75                             1F59     1F59       2E         0
                text74                             13E5     13E5       91         0
                text73                             1A99     1A99        1         0
                text72                             1A9A     1A9A        1         0
                text71                             1009     1009       37         0
                text70                             1209     1209       66         0
                text69                             126F     126F       66         0
                text68                             15A2     15A2       AA         0
                text67                             1A9B     1A9B        2         0
                text66                             1C8C     1C8C       17         0
                text65                             10EB     10EB       5B         0
                text64                             1BC9     1BC9       12         0
                text63                             1F87     1F87       2F         0
                text62                             1D8E     1D8E       1E         0
                text61                             1C38     1C38       14         0
                text60                             1ADD     1ADD        7         0
                text59                             1BDB     1BDB       12         0
                text58                             1B86     1B86       10         0
                text57                             1DAC     1DAC       1E         0
                text56                             1AAE     1AAE        5         0
                text55                             1B2E     1B2E        D         0
                text54                             1BFF     1BFF       13         0
                text53                             1C61     1C61       15         0
                text52                             1DCA     1DCA       20         0
                text51                             1DEA     1DEA       20         0
                text50                             1E0A     1E0A       20         0
                text49                             1E2A     1E2A       20         0
                text48                             11A7     11A7       62         0
                text47                             1BED     1BED       12         0
                text46                             1146     1146       61         0
                text45                             1B77     1B77        F         0
                text44                             1AE4     1AE4        7         0
                text43                             1AEB     1AEB        7         0
                text42                             1D04     1D04       1A         0
                text41                             1FB6     1FB6       4A         0
                text40                              7FF      7FF        1         0
                text39                             1D38     1D38       1B         0
                text38                             1AF2     1AF2        7         0
                text37                             1091     1091       5A         0
                text36                             1D1E     1D1E       1A         0
                text35                             1F02     1F02       2B         0
                text34                             1CBA     1CBA       18         0
                text33                             1AA6     1AA6        4         0
                text32                                2        2        2         0
                text31                             1ED8     1ED8       2A         0
                text30                             164C     164C      1B4         0
                text29                             1E8C     1E8C       23         0
                text28                              533      533      257         0
                text27                              903      903      238         0
                text26                             1E4A     1E4A       20         0
                text25                              78A      78A       75         0
                text24                             12D5     12D5       81         0
                text23                               6A       6A      4C9         0
                text22                             1AA3     1AA3        3         0
                text21                              800      800        3         0
                text20                             1B96     1B96       10         0
                text19                             1B0A     1B0A        C         0
                text18                             1CD2     1CD2       18         0
                text17                              833      833       D0         0
                text16                             1B16     1B16        C         0
                text15                             1B22     1B22        C         0
                text14                             1CA3     1CA3       17         0
                text13                             1AF9     1AF9        7         0
                text12                             1AB9     1AB9        6         0
                text11                             1EAF     1EAF       29         0
                text10                             1ABF     1ABF        6         0
                text9                              1BA6     1BA6       11         0
                text8                              1AC5     1AC5        6         0
                text7                              1C12     1C12       13         0
                text6                              1ACB     1ACB        6         0
                text5                              1C25     1C25       13         0
                text4                              1AAA     1AAA        4         0
                text3                              1C76     1C76       16         0
                text2                              1476     1476       96         0
                text1                              150C     150C       96         0
                maintext                            803      803       30         0
                clrtext                            1AD1     1AD1        6         0
                inittext                           1AD7     1AD7        6         0
                idataBANK1                         1E6A     1E6A       22         0

        CLASS   STRCODE        
                stringtext3                        1824     1824        4         0
                stringtext2                        1800     1800       20         0
                stringtext1                        1820     1820        4         0

        CLASS   STRING         

        CLASS   CONST          

        CLASS   ENTRY          

        CLASS   COMMON         
                cstackCOMMON                         70       70        C         1
                bssCOMMON                            7C       7C        1         1

        CLASS   BANK0          
                cstackBANK0                          20       20       4B         1
                bssBANK0                             6B       6B        5         1

        CLASS   BANK1          
                dataBANK1                            A0       A0       22         1
                bssBANK1                             C2       C2        C         1
                nvBANK1                              CE       CE        8         1

        CLASS   BANK2          
                bssBANK2                            120      120       20         1

        CLASS   BANK3          

        CLASS   BANK4          

        CLASS   BANK5          

        CLASS   BANK6          

        CLASS   BANK7          

        CLASS   BANK8          

        CLASS   BANK9          

        CLASS   BANK10         

        CLASS   BANK11         

        CLASS   BANK12         

        CLASS   BIGRAM         

        CLASS   RAM            

        CLASS   ABS1           
                abs_s1                               7E       7E        2         1

        CLASS   SFR0           

        CLASS   SFR1           

        CLASS   SFR2           

        CLASS   SFR3           

        CLASS   SFR4           

        CLASS   SFR5           

        CLASS   SFR6           

        CLASS   SFR7           

        CLASS   SFR8           

        CLASS   SFR9           

        CLASS   SFR10          

        CLASS   SFR11          

        CLASS   SFR12          

        CLASS   SFR13          

        CLASS   SFR14          

        CLASS   SFR15          

        CLASS   SFR16          

        CLASS   SFR17          

        CLASS   SFR18          

        CLASS   SFR19          

        CLASS   SFR20          

        CLASS   SFR21          

        CLASS   SFR22          

        CLASS   SFR23          

        CLASS   SFR24          

        CLASS   SFR25          

        CLASS   SFR26          

        CLASS   SFR27          

        CLASS   SFR28          

        CLASS   SFR29          

        CLASS   SFR30          

        CLASS   SFR31          

        CLASS   CONFIG         
                config                             8007     8007        2         4

        CLASS   IDLOC          
                idloc                              8000     8000        4         5

        CLASS   EEDATA         

        CLASS   BANK31         

        CLASS   BANK30         

        CLASS   BANK29         

        CLASS   BANK28         

        CLASS   BANK27         

        CLASS   BANK26         

        CLASS   BANK25         

        CLASS   BANK24         

        CLASS   BANK23         

        CLASS   BANK22         

        CLASS   BANK21         

        CLASS   BANK20         

        CLASS   BANK19         

        CLASS   BANK18         

        CLASS   BANK17         

        CLASS   BANK16         

        CLASS   BANK15         

        CLASS   BANK14         

        CLASS   BANK13         



SEGMENTS        Name                           Load    Length   Top    Selector   Space  Class     Delta

                text14                         001CA3  000017  001CBA      3946       0  CODE        2
                text34                         001CBA  000018  001CD2      3974       0  CODE        2
                text3                          001C76  000016  001C8C      38EC       0  CODE        2
                text66                         001C8C  000017  001CA3      3918       0  CODE        2
                text18                         001CD2  000018  001CEA      39A4       0  CODE        2
                text36                         001D1E  00001A  001D38      3A3C       0  CODE        2
                text39                         001D38  00001B  001D53      3A70       0  CODE        2
                text78                         001CEA  00001A  001D04      39D4       0  CODE        2
                text42                         001D04  00001A  001D1E      3A08       0  CODE        2
                text53                         001C61  000015  001C76      38C2       0  CODE        2
                text59                         001BDB  000012  001BED      37B6       0  CODE        2
                text47                         001BED  000012  001BFF      37DA       0  CODE        2
                text76                         001BB7  000012  001BC9      376E       0  CODE        2
                text64                         001BC9  000012  001BDB      3792       0  CODE        2
                text54                         001BFF  000013  001C12      37FE       0  CODE        2
                text61                         001C38  000014  001C4C      3870       0  CODE        2
                text79                         001C4C  000015  001C61      3898       0  CODE        2
                text7                          001C12  000013  001C25      3824       0  CODE        2
                text5                          001C25  000013  001C38      384A       0  CODE        2
                text11                         001EAF  000029  001ED8      3D5E       0  CODE        2
                text31                         001ED8  00002A  001F02      3DB0       0  CODE        2
                idataBANK1                     001E6A  000022  001E8C      3CD4       0  CODE        2
                text29                         001E8C  000023  001EAF      3D18       0  CODE        2
                text35                         001F02  00002B  001F2D      3E04       0  CODE        2
                text63                         001F87  00002F  001FB6      3F0E       0  CODE        2
                maintext                       000803  000030  000833      1006       0  CODE        2
                text91                         001F2D  00002C  001F59      3E5A       0  CODE        2
                text75                         001F59  00002E  001F87      3EB2       0  CODE        2
                stringtext2                    001800  000028  001828      3000       0  STRCODE     2
                text62                         001D8E  00001E  001DAC      3B1C       0  CODE        2
                text57                         001DAC  00001E  001DCA      3B58       0  CODE        2
                text88                         001D53  00001D  001D70      3AA6       0  CODE        2
                text81                         001D70  00001E  001D8E      3AE0       0  CODE        2
                text52                         001DCA  000020  001DEA      3B94       0  CODE        2
                text49                         001E2A  000020  001E4A      3C54       0  CODE        2
                text26                         001E4A  000020  001E6A      3C94       0  CODE        2
                text51                         001DEA  000020  001E0A      3BD4       0  CODE        2
                text50                         001E0A  000020  001E2A      3C14       0  CODE        2
                text9                          001BA6  000011  001BB7      374C       0  CODE        2
                text4                          001AAA  000004  001AAE      3554       0  CODE        2
                text56                         001AAE  000005  001AB3      355C       0  CODE        2
                text21                         000800  000003  000803      1000       0  CODE        2
                text33                         001AA6  000004  001AAA      354C       0  CODE        2
                text85                         001AB3  000006  001AB9      3566       0  CODE        2
                text8                          001AC5  000006  001ACB      358A       0  CODE        2
                text6                          001ACB  000006  001AD1      3596       0  CODE        2
                text12                         001AB9  000006  001ABF      3572       0  CODE        2
                text10                         001ABF  000006  001AC5      357E       0  CODE        2
                text22                         001AA3  000003  001AA6      3546       0  CODE        2
                text87                         001A97  000001  001A98      352E       0  CODE        2
                text84                         001A98  000001  001A99      3530       0  CODE        2
                text95                         001A95  000001  001A96      352A       0  CODE        2
                text90                         001A96  000001  001A97      352C       0  CODE        2
                text73                         001A99  000001  001A9A      3532       0  CODE        2
                text97                         001A9D  000003  001AA0      353A       0  CODE        2
                text92                         001AA0  000003  001AA3      3540       0  CODE        2
                text72                         001A9A  000001  001A9B      3534       0  CODE        2
                text67                         001A9B  000002  001A9D      3536       0  CODE        2
                text94                         001B3B  00000F  001B4A      3676       0  CODE        2
                text89                         001B4A  00000F  001B59      3694       0  CODE        2
                text15                         001B22  00000C  001B2E      3644       0  CODE        2
                text55                         001B2E  00000D  001B3B      365C       0  CODE        2
                text86                         001B59  00000F  001B68      36B2       0  CODE        2
                text58                         001B86  000010  001B96      370C       0  CODE        2
                text20                         001B96  000010  001BA6      372C       0  CODE        2
                text83                         001B68  00000F  001B77      36D0       0  CODE        2
                text45                         001B77  00000F  001B86      36EE       0  CODE        2
                text16                         001B16  00000C  001B22      362C       0  CODE        2
                text60                         001ADD  000007  001AE4      35BA       0  CODE        2
                text44                         001AE4  000007  001AEB      35C8       0  CODE        2
                clrtext                        001AD1  000006  001AD7      35A2       0  CODE        2
                inittext                       001AD7  000006  001ADD      35AE       0  CODE        2
                text43                         001AEB  000007  001AF2      35D6       0  CODE        2
                text96                         001B00  00000A  001B0A      3600       0  CODE        2
                text19                         001B0A  00000C  001B16      3614       0  CODE        2
                text38                         001AF2  000007  001AF9      35E4       0  CODE        2
                text13                         001AF9  000007  001B00      35F2       0  CODE        2
                text71                         001009  000037  001040      2012       0  CODE        2
                reset_vec                      000000  000004  000004         0       0  CODE        2
                cstackBANK0                    000020  000050  000070        20       1  BANK0       1
                bssBANK2                       000120  000020  000140       120       1  BANK2       1
                dataBANK1                      0000A0  000036  0000D6        A0       1  BANK1       1
                cstackCOMMON                   000070  00000D  00007D        70       1  COMMON      1
                intentry                       000004  0007FC  000800         8       0  CODE        2
                text48                         0011A7  000062  001209      234E       0  CODE        2
                text70                         001209  000066  00126F      2412       0  CODE        2
                text46                         001146  000061  0011A7      228C       0  CODE        2
                text69                         00126F  000066  0012D5      24DE       0  CODE        2
                text65                         0010EB  00005B  001146      21D6       0  CODE        2
                text24                         0012D5  000081  001356      25AA       0  CODE        2
                text80                         001356  00008F  0013E5      26AC       0  CODE        2
                text37                         001091  00005A  0010EB      2122       0  CODE        2
                text77                         001040  000051  001091      2080       0  CODE        2
                text41                         001FB6  00004A  002000      3F6C       0  CODE        2
                text27                         000903  000238  000B3B      1206       0  CODE        2
                text30                         00164C  0001B4  001800      2C98       0  CODE        2
                text23_split_1                 000B3B  0004CE  001009      1676       0  CODE        2
                text2                          001476  000096  00150C      28EC       0  CODE        2
                text74                         0013E5  000091  001476      27CA       0  CODE        2
                text1                          00150C  000096  0015A2      2A18       0  CODE        2
                text17                         000833  0000D0  000903      1066       0  CODE        2
                text68                         0015A2  0000AA  00164C      2B44       0  CODE        2


UNUSED ADDRESS RANGES

        Name                Unused          Largest block    Delta
        BANK1            0000D6-0000EF               1A           1
        BANK10           000520-00056F               50           1
        BANK11           0005A0-0005EF               50           1
        BANK12           000620-00064F               30           1
        BANK2            000140-00016F               30           1
        BANK3            0001A0-0001EF               50           1
        BANK4            000220-00026F               50           1
        BANK5            0002A0-0002EF               50           1
        BANK6            000320-00036F               50           1
        BANK7            0003A0-0003EF               50           1
        BANK8            000420-00046F               50           1
        BANK9            0004A0-0004EF               50           1
        BIGRAM           002000-0023EF              3F0           1
        CODE             001828-001A94              26D           2
        COMMON           00007D-00007D                1           1
        CONST            001828-001A94              100           2
        EEDATA           00F000-00F0FF              100           2
        ENTRY            001828-001A94              100           2
        RAM              0000D6-0000EF               1A           1
                         000140-00016F               30
                         0001A0-0001EF               50
                         000220-00026F               50
                         0002A0-0002EF               50
                         000320-00036F               50
                         0003A0-0003EF               50
                         000420-00046F               50
                         0004A0-0004EF               50
                         000520-00056F               50
                         0005A0-0005EF               50
                         000620-00064F               30
        SFR0             000000-00001F               20           1
        SFR1             000080-00009F               20           1
        SFR10            000500-00051F               20           1
        SFR11            000580-00059F               20           1
        SFR12            000600-00061F               20           1
        SFR13            000680-0006EF               70           1
        SFR14            000700-00076F               70           1
        SFR15            000780-0007EF               70           1
        SFR16            000800-00086F               70           1
        SFR17            000880-0008EF               70           1
        SFR18            000900-00096F               70           1
        SFR19            000980-0009EF               70           1
        SFR2             000100-00011F               20           1
        SFR20            000A00-000A6F               70           1
        SFR21            000A80-000AEF               70           1
        SFR22            000B00-000B6F               70           1
        SFR23            000B80-000BEF               70           1
        SFR24            000C00-000C6F               70           1
        SFR25            000C80-000CEF               70           1
        SFR26            000D00-000D6F               70           1
        SFR27            000D80-000DEF               70           1
        SFR28            000E00-000E6F               70           1
        SFR29            000E80-000EEF               70           1
        SFR3             000180-00019F               20           1
        SFR30            000F00-000F6F               70           1
        SFR31            000F80-000FEF               70           1
        SFR4             000200-00021F               20           1
        SFR5             000280-00029F               20           1
        SFR6             000300-00031F               20           1
        SFR7             000380-00039F               20           1
        SFR8             000400-00041F               20           1
        SFR9             000480-00049F               20           1
        STACK            0020C0-0023EF              330           1
        STRCODE          001828-001A94              26D           2
        STRING           001828-001A94              100           2

                                  Symbol Table

?_MTOUCH_Sensor_RawSample_Get                cstackCOMMON 000075
?__Umul8_16                                  cstackCOMMON 000071
?___fladd                                    cstackCOMMON 000071
?___fldiv                                    cstackBANK0  00003A
?___flmul                                    cstackBANK0  000020
?___flsub                                    cstackBANK0  000054
?___fltol                                    cstackBANK0  000054
?_abs                                        cstackCOMMON 000071
BothTouchesDetection@i                       cstackBANK0  00006A
Button_Baseline_Initialize@button            cstackCOMMON 000079
Button_Baseline_Update@button                cstackCOMMON 000077
Button_DefaultCallback@button                cstackCOMMON 000071
Button_Deviation_Update@button               cstackBANK0  000020
Button_Deviation_Update@deviation            cstackBANK0  000021
Button_Reading_Update@button                 cstackBANK0  000020
Button_Reading_Update_Helper@button          cstackCOMMON 00007B
Button_Service@button                        cstackBANK0  00002C
Button_Service@name                          cstackBANK0  00002B
Button_State_Initializing@button             cstackBANK0  000024
Button_State_NotPressed@button               cstackBANK0  000024
Button_State_Pressed@button                  cstackBANK0  000024
Button_Tick_helper@button                    cstackCOMMON 000073
IOCAF2_SetInterruptHandler@InterruptHandler  cstackCOMMON 000071
MTOUCH_Button_Initialize@button              cstackCOMMON 000074
MTOUCH_Button_Initialize@name                cstackCOMMON 000073
MTOUCH_Button_InitializeAll@button           cstackBANK0  000020
MTOUCH_Button_ServiceAll@button              cstackBANK0  00002E
MTOUCH_Button_Tick@i                         cstackCOMMON 000075
MTOUCH_Button_isPressed@name                 cstackCOMMON 000072
MTOUCH_Delay@i                               cstackCOMMON 000072
MTOUCH_Random@seed                           bssCOMMON    00007C
MTOUCH_Sensor_Enable@sensor                  cstackCOMMON 000076
MTOUCH_Sensor_Initialize@sensor              cstackCOMMON 000078
MTOUCH_Sensor_InitializeAll@sensor           cstackCOMMON 00007A
MTOUCH_Sensor_RawSample_Get@name             cstackCOMMON 000078
MTOUCH_Sensor_SampleAll@sensor               cstackBANK0  00002C
MTOUCH_Sensor_Sampled_ResetAll@sensor        cstackCOMMON 000073
MTOUCH_Sensor_wasSampled@sensor              cstackCOMMON 000076
Sensor_Acq_ExecutePacket@ADCON0_temp         cstackBANK0  000020
Sensor_Acq_ExecutePacket@ADCON1_temp         cstackBANK0  000021
Sensor_Acq_ExecutePacket@GIE_state           cstackBANK0  000022
Sensor_Acq_ExecutePacket@error               cstackBANK0  000023
Sensor_Acq_ExecutePacket@sensor              cstackBANK0  000024
Sensor_Acq_ExecuteScan@result                cstackCOMMON 000077
Sensor_Acquisition@retry                     cstackBANK0  000025
Sensor_Acquisition@sensor                    cstackBANK0  000026
Sensor_DefaultCallback@sensor                cstackCOMMON 000071
Sensor_RawSample_Update@sensor               cstackCOMMON 000071
Sensor_Sampled_Reset@sensor                  cstackCOMMON 000071
Sensor_Service@error                         cstackBANK0  00002A
Sensor_Service@name                          cstackBANK0  000029
Sensor_Service@sensor                        cstackBANK0  00002B
Sensor_isEnabled@sensor                      cstackCOMMON 000071
Sensor_setActive@sensor                      cstackCOMMON 000071
Sensor_setInactive@sensor                    cstackCOMMON 000071
Sensor_setSampled@sensor                     cstackCOMMON 000071
Sensor_setScanFunction@sensor                cstackCOMMON 000071
SetDimmer@TRIAC_off_duration_ms              cstackBANK0  000061
SetDimmer@dim_percentage                     cstackBANK0  00005D
StartHeater@status_flag                      cstackBANK0  000067
StartStop_AlarmLED@OnOff                     cstackCOMMON 000071
StartStop_AlarmLED_Blink@OnOff               cstackCOMMON 000071
StartStop_Buzzer@OnOff                       cstackCOMMON 000071
StartStop_Dimmer@OnOff                       cstackBANK0  000065
StartStop_Fan@OnOff                          cstackCOMMON 000071
StartTouchDetection@i                        cstackBANK0  00006A
StopTouchDetection@i                         cstackBANK0  00006A
TMR2_Drive_TRIAC_isr@counter_tmr2            bssBANK1     0000C4
TMR2_SetInterruptHandler@InterruptHandler    cstackCOMMON 000071
TMR4_SetInterruptHandler@InterruptHandler    cstackCOMMON 000071
TMR4_Wroking_Blink_AlarmLED_isr@counter_tmr4 bssBANK1     0000C2
TMR6_SetInterruptHandler@InterruptHandler    cstackCOMMON 000071
_ADCON0                                      (abs)        00009D
_ADCON0bits                                  (abs)        00009D
_ADCON1                                      (abs)        00009E
_ADRES                                       (abs)        00009B
_ANSELA                                      (abs)        00018C
_ANSELB                                      (abs)        00018D
_ANSELC                                      (abs)        00018E
_APFCON0                                     (abs)        00011D
_APFCON1                                     (abs)        00011E
_BORCON                                      (abs)        000116
_BothTouchesDetection                        text17       000833
_Button_Baseline_Initialize                  text75       001F59
_Button_Baseline_Update                      text74       0013E5
_Button_DefaultCallback                      text73       001A99
_Button_Deviation_Update                     text80       001356
_Button_Reading_Update                       text76       001BB7
_Button_Reading_Update_Helper                text77       001040
_Button_Service                              text65       0010EB
_Button_StateMachine                         dataBANK1    0000A0
_Button_State_Initializing                   text69       00126F
_Button_State_NotPressed                     text68       0015A2
_Button_State_Pressed                        text70       001209
_Button_Tick_helper                          text35       001F02
_DimmerStatusFlag_g                          bssBANK0     00006B
_GIE                                         (abs)        00005F
_INTCONbits                                  (abs)        00000B
_INTERRUPT_InterruptManager                  intentry     000004
_IOCAF2_DefaultInterruptHandler              text95       001A95
_IOCAF2_ISR                                  text94       001B3B
_IOCAF2_InterruptHandler                     nvBANK1      0000D4
_IOCAF2_SetInterruptHandler                  text12       001AB9
_IOCAFbits                                   (abs)        000393
_IOCANbits                                   (abs)        000392
_IOCAPbits                                   (abs)        000391
_Init_Function                               text14       001CA3
_LATA                                        (abs)        00010C
_LATB                                        (abs)        00010D
_LATC                                        (abs)        00010E
_LATCbits                                    (abs)        00010E
_MTOUCH_Button_Initialize                    text71       001009
_MTOUCH_Button_InitializeAll                 text62       001D8E
_MTOUCH_Button_ServiceAll                    text64       001BC9
_MTOUCH_Button_Tick                          text34       001CBA
_MTOUCH_Button_isPressed                     text81       001D70
_MTOUCH_CVD_ScanA_0                          text51       001DEA
_MTOUCH_CVD_ScanA_1                          text52       001DCA
_MTOUCH_CVD_ScanB_0                          text49       001E2A
_MTOUCH_CVD_ScanB_1                          text50       001E0A
_MTOUCH_Delay                                text54       001BFF
_MTOUCH_Initialize                           text55       001B2E
_MTOUCH_Random                               text53       001C61
_MTOUCH_Sensor_Calibrate                     text72       001A9A
_MTOUCH_Sensor_Enable                        text61       001C38
_MTOUCH_Sensor_Initialize                    text59       001BDB
_MTOUCH_Sensor_InitializeAll                 text58       001B86
_MTOUCH_Sensor_RawSample_Get                 text78       001CEA
_MTOUCH_Sensor_SampleAll                     text36       001D1E
_MTOUCH_Sensor_Sampled_ResetAll              text57       001DAC
_MTOUCH_Sensor_Scan_Initialize               text56       001AAE
_MTOUCH_Sensor_isCalibrated                  text67       001A9B
_MTOUCH_Sensor_wasSampled                    text66       001C8C
_MTOUCH_Service_Mainloop                     text31       001ED8
_MTOUCH_Tick                                 text33       001AA6
_MTOUCH_needReburst                          text32       000002
_OPTION_REGbits                              (abs)        000095
_OSCCON                                      (abs)        000099
_OSCILLATOR_Initialize                       text13       001AF9
_OSCTUNE                                     (abs)        000098
_PIE1bits                                    (abs)        000091
_PIE3bits                                    (abs)        000093
_PIN_MANAGER_IOC                             text93       001000
_PIN_MANAGER_Initialize                      text11       001EAF
_PIR1bits                                    (abs)        000011
_PIR3bits                                    (abs)        000013
_PORTCbits                                   (abs)        00000E
_PR2                                         (abs)        00001B
_PR4                                         (abs)        000416
_PR6                                         (abs)        00041D
_SYSTEM_Initialize                           text3        001C76
_Sensor_Acq_ExecutePacket                    text46       001146
_Sensor_Acq_ExecuteScan                      text48       0011A7
_Sensor_Acquisition                          text41       001FB6
_Sensor_DefaultCallback                      text40       0007FF
_Sensor_RawSample_Update                     text39       001D38
_Sensor_Sampled_Reset                        text60       001ADD
_Sensor_Service                              text37       001091
_Sensor_isEnabled                            text45       001B77
_Sensor_scanA                                dataBANK1    0000AC
_Sensor_scanB                                dataBANK1    0000AA
_Sensor_setActive                            text44       001AE4
_Sensor_setInactive                          text43       001AEB
_Sensor_setSampled                           text38       001AF2
_Sensor_setScanFunction                      text47       001BED
_SetDimmer                                   text24       0012D5
_StartHeater                                 text23       00006A
_StartStop_AlarmLED                          text16       001B16
_StartStop_AlarmLED_Blink                    text20       001B96
_StartStop_Buzzer                            text19       001B0A
_StartStop_Dimmer                            text18       001CD2
_StartStop_Fan                               text15       001B22
_StartTouchDetection                         text2        001476
_StopTouchDetection                          text1        00150C
_T2CON                                       (abs)        00001C
_T2CONbits                                   (abs)        00001C
_T4CON                                       (abs)        000417
_T4CONbits                                   (abs)        000417
_T6CON                                       (abs)        00041E
_T6CONbits                                   (abs)        00041E
_TMR2                                        (abs)        00001A
_TMR2_DefaultInterruptHandler                text90       001A96
_TMR2_Drive_TRIAC_isr                        text91       001F2D
_TMR2_ISR                                    text89       001B4A
_TMR2_Initialize                             text9        001BA6
_TMR2_InterruptHandler                       nvBANK1      0000D2
_TMR2_SetInterruptHandler                    text10       001ABF
_TMR2_StartTimer                             text97       001A9D
_TMR2_StopTimer                              text92       001AA0
_TMR4                                        (abs)        000415
_TMR4_DefaultInterruptHandler                text87       001A97
_TMR4_ISR                                    text86       001B59
_TMR4_Initialize                             text7        001C12
_TMR4_InterruptHandler                       nvBANK1      0000D0
_TMR4_SetInterruptHandler                    text8        001AC5
_TMR4_StartTimer                             text22       001AA3
_TMR4_StopTimer                              text21       000800
_TMR4_Wroking_Blink_AlarmLED_isr             text88       001D53
_TMR6                                        (abs)        00041C
_TMR6_DefaultInterruptHandler                text84       001A98
_TMR6_ISR                                    text83       001B68
_TMR6_Initialize                             text5        001C25
_TMR6_InterruptHandler                       nvBANK1      0000CE
_TMR6_SetInterruptHandler                    text6        001ACB
_TMR6_long_press_duration_isr                text85       001AB3
_TRISA                                       (abs)        00008C
_TRISB                                       (abs)        00008D
_TRISC                                       (abs)        00008E
_WDTCON                                      (abs)        000097
_WDT_Initialize                              text4        001AAA
_WPUA                                        (abs)        00020C
_WPUB                                        (abs)        00020D
_WPUC                                        (abs)        00020E
_Zero_Detection_isr                          text96       001B00
__Habs1                                      abs1         000000
__Hbank0                                     bank0        000000
__Hbank1                                     bank1        000000
__Hbank10                                    bank10       000000
__Hbank11                                    bank11       000000
__Hbank12                                    bank12       000000
__Hbank13                                    bank13       000000
__Hbank14                                    bank14       000000
__Hbank15                                    bank15       000000
__Hbank16                                    bank16       000000
__Hbank17                                    bank17       000000
__Hbank18                                    bank18       000000
__Hbank19                                    bank19       000000
__Hbank2                                     bank2        000000
__Hbank20                                    bank20       000000
__Hbank21                                    bank21       000000
__Hbank22                                    bank22       000000
__Hbank23                                    bank23       000000
__Hbank24                                    bank24       000000
__Hbank25                                    bank25       000000
__Hbank26                                    bank26       000000
__Hbank27                                    bank27       000000
__Hbank28                                    bank28       000000
__Hbank29                                    bank29       000000
__Hbank3                                     bank3        000000
__Hbank30                                    bank30       000000
__Hbank31                                    bank31       000000
__Hbank4                                     bank4        000000
__Hbank5                                     bank5        000000
__Hbank6                                     bank6        000000
__Hbank7                                     bank7        000000
__Hbank8                                     bank8        000000
__Hbank9                                     bank9        000000
__Hbigram                                    bigram       000000
__HbssBANK0                                  bssBANK0     000000
__HbssBANK1                                  bssBANK1     000000
__HbssBANK2                                  bssBANK2     000000
__HbssCOMMON                                 bssCOMMON    000000
__Hcinit                                     cinit        00006A
__Hclrtext                                   clrtext      000000
__Hcode                                      code         000000
__Hcommon                                    common       000000
__Hconfig                                    config       008009
__HcstackBANK0                               cstackBANK0  000000
__HcstackCOMMON                              cstackCOMMON 000000
__HdataBANK1                                 dataBANK1    000000
__Heeprom_data                               eeprom_data  000000
__Hend_init                                  end_init     000044
__Hfunctab                                   functab      000000
__HidataBANK1                                idataBANK1   000000
__Hidloc                                     idloc        008004
__Hinit                                      init         000042
__Hinittext                                  inittext     000000
__Hintentry                                  intentry     000042
__Hmaintext                                  maintext     000000
__HnvBANK1                                   nvBANK1      000000
__Hpowerup                                   powerup      000000
__Hram                                       ram          000000
__Hreset_vec                                 reset_vec    000002
__Hsfr0                                      sfr0         000000
__Hsfr1                                      sfr1         000000
__Hsfr10                                     sfr10        000000
__Hsfr11                                     sfr11        000000
__Hsfr12                                     sfr12        000000
__Hsfr13                                     sfr13        000000
__Hsfr14                                     sfr14        000000
__Hsfr15                                     sfr15        000000
__Hsfr16                                     sfr16        000000
__Hsfr17                                     sfr17        000000
__Hsfr18                                     sfr18        000000
__Hsfr19                                     sfr19        000000
__Hsfr2                                      sfr2         000000
__Hsfr20                                     sfr20        000000
__Hsfr21                                     sfr21        000000
__Hsfr22                                     sfr22        000000
__Hsfr23                                     sfr23        000000
__Hsfr24                                     sfr24        000000
__Hsfr25                                     sfr25        000000
__Hsfr26                                     sfr26        000000
__Hsfr27                                     sfr27        000000
__Hsfr28                                     sfr28        000000
__Hsfr29                                     sfr29        000000
__Hsfr3                                      sfr3         000000
__Hsfr30                                     sfr30        000000
__Hsfr31                                     sfr31        000000
__Hsfr4                                      sfr4         000000
__Hsfr5                                      sfr5         000000
__Hsfr6                                      sfr6         000000
__Hsfr7                                      sfr7         000000
__Hsfr8                                      sfr8         000000
__Hsfr9                                      sfr9         000000
__Hspace_0                                   (abs)        002000
__Hspace_1                                   (abs)        000140
__Hspace_2                                   (abs)        000000
__Hspace_3                                   (abs)        000000
__Hspace_4                                   (abs)        010010
__Hstack                                     stack        000000
__Hstrings                                   strings      000000
__Hstringtext1                               stringtext1  000000
__Hstringtext2                               stringtext2  000000
__Hstringtext3                               stringtext3  000000
__Htext                                      text         000000
__Labs1                                      abs1         000000
__Lbank0                                     bank0        000000
__Lbank1                                     bank1        000000
__Lbank10                                    bank10       000000
__Lbank11                                    bank11       000000
__Lbank12                                    bank12       000000
__Lbank13                                    bank13       000000
__Lbank14                                    bank14       000000
__Lbank15                                    bank15       000000
__Lbank16                                    bank16       000000
__Lbank17                                    bank17       000000
__Lbank18                                    bank18       000000
__Lbank19                                    bank19       000000
__Lbank2                                     bank2        000000
__Lbank20                                    bank20       000000
__Lbank21                                    bank21       000000
__Lbank22                                    bank22       000000
__Lbank23                                    bank23       000000
__Lbank24                                    bank24       000000
__Lbank25                                    bank25       000000
__Lbank26                                    bank26       000000
__Lbank27                                    bank27       000000
__Lbank28                                    bank28       000000
__Lbank29                                    bank29       000000
__Lbank3                                     bank3        000000
__Lbank30                                    bank30       000000
__Lbank31                                    bank31       000000
__Lbank4                                     bank4        000000
__Lbank5                                     bank5        000000
__Lbank6                                     bank6        000000
__Lbank7                                     bank7        000000
__Lbank8                                     bank8        000000
__Lbank9                                     bank9        000000
__Lbigram                                    bigram       000000
__LbssBANK0                                  bssBANK0     000000
__LbssBANK1                                  bssBANK1     000000
__LbssBANK2                                  bssBANK2     000000
__LbssCOMMON                                 bssCOMMON    000000
__Lcinit                                     cinit        000044
__Lclrtext                                   clrtext      000000
__Lcode                                      code         000000
__Lcommon                                    common       000000
__Lconfig                                    config       000000
__LcstackBANK0                               cstackBANK0  000000
__LcstackCOMMON                              cstackCOMMON 000000
__LdataBANK1                                 dataBANK1    000000
__Leeprom_data                               eeprom_data  000000
__Lend_init                                  end_init     000042
__Lfunctab                                   functab      000000
__LidataBANK1                                idataBANK1   000000
__Lidloc                                     idloc        000000
__Linit                                      init         000042
__Linittext                                  inittext     000000
__Lintentry                                  intentry     000004
__Lmaintext                                  maintext     000000
__LnvBANK1                                   nvBANK1      000000
__Lpowerup                                   powerup      000000
__Lram                                       ram          000000
__Lreset_vec                                 reset_vec    000000
__Lsfr0                                      sfr0         000000
__Lsfr1                                      sfr1         000000
__Lsfr10                                     sfr10        000000
__Lsfr11                                     sfr11        000000
__Lsfr12                                     sfr12        000000
__Lsfr13                                     sfr13        000000
__Lsfr14                                     sfr14        000000
__Lsfr15                                     sfr15        000000
__Lsfr16                                     sfr16        000000
__Lsfr17                                     sfr17        000000
__Lsfr18                                     sfr18        000000
__Lsfr19                                     sfr19        000000
__Lsfr2                                      sfr2         000000
__Lsfr20                                     sfr20        000000
__Lsfr21                                     sfr21        000000
__Lsfr22                                     sfr22        000000
__Lsfr23                                     sfr23        000000
__Lsfr24                                     sfr24        000000
__Lsfr25                                     sfr25        000000
__Lsfr26                                     sfr26        000000
__Lsfr27                                     sfr27        000000
__Lsfr28                                     sfr28        000000
__Lsfr29                                     sfr29        000000
__Lsfr3                                      sfr3         000000
__Lsfr30                                     sfr30        000000
__Lsfr31                                     sfr31        000000
__Lsfr4                                      sfr4         000000
__Lsfr5                                      sfr5         000000
__Lsfr6                                      sfr6         000000
__Lsfr7                                      sfr7         000000
__Lsfr8                                      sfr8         000000
__Lsfr9                                      sfr9         000000
__Lspace_0                                   (abs)        000000
__Lspace_1                                   (abs)        000000
__Lspace_2                                   (abs)        000000
__Lspace_3                                   (abs)        000000
__Lspace_4                                   (abs)        000000
__Lstack                                     stack        000000
__Lstrings                                   strings      000000
__Lstringtext1                               stringtext1  000000
__Lstringtext2                               stringtext2  000000
__Lstringtext3                               stringtext3  000000
__Ltext                                      text         000000
__S0                                         (abs)        002000
__S1                                         (abs)        000140
__S2                                         (abs)        000000
__S3                                         (abs)        000000
__Umul8_16                                   text29       001E8C
__Umul8_16@multiplicand                      cstackCOMMON 000071
__Umul8_16@multiplier                        cstackCOMMON 000079
__Umul8_16@product                           cstackCOMMON 000075
__Umul8_16@word_mpld                         cstackCOMMON 000077
___bmul                                      text79       001C4C
___bmul@multiplicand                         cstackCOMMON 000071
___bmul@multiplier                           cstackCOMMON 000074
___bmul@product                              cstackCOMMON 000073
___fladd                                     text27       000903
___fladd@a                                   cstackCOMMON 000075
___fladd@aexp                                cstackBANK0  000029
___fladd@b                                   cstackCOMMON 000071
___fladd@bexp                                cstackBANK0  00002A
___fladd@grs                                 cstackBANK0  00002B
___fladd@signs                               cstackBANK0  000028
___fldiv                                     text30       00164C
___fldiv@a                                   cstackBANK0  00003A
___fldiv@aexp                                cstackBANK0  000053
___fldiv@b                                   cstackBANK0  00003E
___fldiv@bexp                                cstackBANK0  000052
___fldiv@grs                                 cstackBANK0  00004E
___fldiv@new_exp                             cstackBANK0  00004C
___fldiv@rem                                 cstackBANK0  000047
___fldiv@sign                                cstackBANK0  00004B
___flmul                                     text28       000533
___flmul@a                                   cstackBANK0  000024
___flmul@aexp                                cstackBANK0  000032
___flmul@b                                   cstackBANK0  000020
___flmul@bexp                                cstackBANK0  000033
___flmul@grs                                 cstackBANK0  00002E
___flmul@prod                                cstackBANK0  000034
___flmul@sign                                cstackBANK0  00002D
___flmul@temp                                cstackBANK0  000038
___flsub                                     text26       001E4A
___flsub@a                                   cstackBANK0  000054
___flsub@b                                   cstackBANK0  000058
___fltol                                     text25       00078A
___fltol@exp1                                cstackCOMMON 00007B
___fltol@f1                                  cstackBANK0  000054
___fltol@sign1                               cstackCOMMON 00007A
___int_sp                                    stack        000000
___latbits                                   (abs)        000002
___sp                                        stack        000000
___stackhi                                   (abs)        0023EF
___stacklo                                   (abs)        0020C0
__end_of_BothTouchesDetection                text17       000903
__end_of_Button_Baseline_Initialize          text75       001F87
__end_of_Button_Baseline_Update              text74       001476
__end_of_Button_DefaultCallback              text73       001A9A
__end_of_Button_Deviation_Update             text80       0013E5
__end_of_Button_Reading_Update               text76       001BC9
__end_of_Button_Reading_Update_Helper        text77       001091
__end_of_Button_Service                      text65       001146
__end_of_Button_State_Initializing           text69       0012D5
__end_of_Button_State_NotPressed             text68       00164C
__end_of_Button_State_Pressed                text70       00126F
__end_of_Button_Tick_helper                  text35       001F2D
__end_of_HalfCycleACDuration_const           stringtext3  001828
__end_of_INTERRUPT_InterruptManager          intentry     000042
__end_of_IOCAF2_DefaultInterruptHandler      text95       001A96
__end_of_IOCAF2_ISR                          text94       001B4A
__end_of_IOCAF2_SetInterruptHandler          text12       001ABF
__end_of_Init_Function                       text14       001CBA
__end_of_MTOUCH_Button_Initialize            text71       001040
__end_of_MTOUCH_Button_InitializeAll         text62       001DAC
__end_of_MTOUCH_Button_ServiceAll            text64       001BDB
__end_of_MTOUCH_Button_Tick                  text34       001CD2
__end_of_MTOUCH_Button_isPressed             text81       001D8E
__end_of_MTOUCH_CVD_ScanA_0                  text51       001E0A
__end_of_MTOUCH_CVD_ScanA_1                  text52       001DEA
__end_of_MTOUCH_CVD_ScanB_0                  text49       001E4A
__end_of_MTOUCH_CVD_ScanB_1                  text50       001E2A
__end_of_MTOUCH_Delay                        text54       001C12
__end_of_MTOUCH_Initialize                   text55       001B3B
__end_of_MTOUCH_Random                       text53       001C76
__end_of_MTOUCH_Sensor_Calibrate             text72       001A9B
__end_of_MTOUCH_Sensor_Enable                text61       001C4C
__end_of_MTOUCH_Sensor_Initialize            text59       001BED
__end_of_MTOUCH_Sensor_InitializeAll         text58       001B96
__end_of_MTOUCH_Sensor_RawSample_Get         text78       001D04
__end_of_MTOUCH_Sensor_SampleAll             text36       001D38
__end_of_MTOUCH_Sensor_Sampled_ResetAll      text57       001DCA
__end_of_MTOUCH_Sensor_Scan_Initialize       text56       001AB3
__end_of_MTOUCH_Sensor_isCalibrated          text67       001A9D
__end_of_MTOUCH_Sensor_wasSampled            text66       001CA3
__end_of_MTOUCH_Service_Mainloop             text31       001F02
__end_of_MTOUCH_Tick                         text33       001AAA
__end_of_MTOUCH_needReburst                  text32       000004
__end_of_OSCILLATOR_Initialize               text13       001B00
__end_of_PIN_MANAGER_IOC                     text93       001009
__end_of_PIN_MANAGER_Initialize              text11       001ED8
__end_of_SYSTEM_Initialize                   text3        001C8C
__end_of_Sensor_Acq_ExecutePacket            text46       0011A7
__end_of_Sensor_Acq_ExecuteScan              text48       001209
__end_of_Sensor_Acquisition                  text41       002000
__end_of_Sensor_DefaultCallback              text40       000800
__end_of_Sensor_RawSample_Update             text39       001D53
__end_of_Sensor_Sampled_Reset                text60       001AE4
__end_of_Sensor_Service                      text37       0010EB
__end_of_Sensor_isEnabled                    text45       001B86
__end_of_Sensor_setActive                    text44       001AEB
__end_of_Sensor_setInactive                  text43       001AF2
__end_of_Sensor_setSampled                   text38       001AF9
__end_of_Sensor_setScanFunction              text47       001BFF
__end_of_SetDimmer                           text24       001356
__end_of_StartHeater                         text23_split_1 001000
__end_of_StartStop_AlarmLED                  text16       001B22
__end_of_StartStop_AlarmLED_Blink            text20       001BA6
__end_of_StartStop_Buzzer                    text19       001B16
__end_of_StartStop_Dimmer                    text18       001CEA
__end_of_StartStop_Fan                       text15       001B2E
__end_of_StartTouchDetection                 text2        00150C
__end_of_StopTouchDetection                  text1        0015A2
__end_of_TMR2_DefaultInterruptHandler        text90       001A97
__end_of_TMR2_Drive_TRIAC_isr                text91       001F59
__end_of_TMR2_ISR                            text89       001B59
__end_of_TMR2_Initialize                     text9        001BB7
__end_of_TMR2_SetInterruptHandler            text10       001AC5
__end_of_TMR2_StartTimer                     text97       001AA0
__end_of_TMR2_StopTimer                      text92       001AA3
__end_of_TMR2_Timer_Period_const             stringtext1  001824
__end_of_TMR4_DefaultInterruptHandler        text87       001A98
__end_of_TMR4_ISR                            text86       001B68
__end_of_TMR4_Initialize                     text7        001C25
__end_of_TMR4_SetInterruptHandler            text8        001ACB
__end_of_TMR4_StartTimer                     text22       001AA6
__end_of_TMR4_StopTimer                      text21       000803
__end_of_TMR4_Wroking_Blink_AlarmLED_isr     text88       001D70
__end_of_TMR6_DefaultInterruptHandler        text84       001A99
__end_of_TMR6_ISR                            text83       001B77
__end_of_TMR6_Initialize                     text5        001C38
__end_of_TMR6_SetInterruptHandler            text6        001AD1
__end_of_TMR6_long_press_duration_isr        text85       001AB9
__end_of_WDT_Initialize                      text4        001AAE
__end_of_Zero_Detection_isr                  text96       001B0A
__end_of__Umul8_16                           text29       001EAF
__end_of___bmul                              text79       001C61
__end_of___fladd                             text27       000B3B
__end_of___fldiv                             text30       001800
__end_of___flmul                             text28       00078A
__end_of___flsub                             text26       001E6A
__end_of___fltol                             text25       0007FF
__end_of__initialization                     cinit        000066
__end_of_abs                                 text42       001D1E
__end_of_main                                maintext     000833
__end_of_memcpy                              text63       001FB6
__end_of_mtouch_button_init                  stringtext2  001820
__initialization                             cinit        000044
__pbssBANK0                                  bssBANK0     00006B
__pbssBANK1                                  bssBANK1     0000C2
__pbssBANK2                                  bssBANK2     000120
__pbssCOMMON                                 bssCOMMON    00007C
__pcstackBANK0                               cstackBANK0  000020
__pcstackCOMMON                              cstackCOMMON 000070
__pdataBANK1                                 dataBANK1    0000A0
__pidataBANK1                                idataBANK1   001E6A
__pintentry                                  intentry     000004
__pmaintext                                  maintext     000803
__pnvBANK1                                   nvBANK1      0000CE
__pstringtext1                               stringtext1  001820
__pstringtext2                               stringtext2  001800
__pstringtext3                               stringtext3  001824
__ptext1                                     text1        00150C
__ptext10                                    text10       001ABF
__ptext11                                    text11       001EAF
__ptext12                                    text12       001AB9
__ptext13                                    text13       001AF9
__ptext14                                    text14       001CA3
__ptext15                                    text15       001B22
__ptext16                                    text16       001B16
__ptext17                                    text17       000833
__ptext18                                    text18       001CD2
__ptext19                                    text19       001B0A
__ptext2                                     text2        001476
__ptext20                                    text20       001B96
__ptext21                                    text21       000800
[...]
      Params:         0       0       0       0       0       0       0       0       0       0       0       0       0       0
      Locals:         0       0       0       0       0       0       0       0       0       0       0       0       0       0
      Temps:          0       0       0       0       0       0       0       0       0       0       0       0       0       0
      Totals:         0       0       0       0       0       0       0       0       0       0       0       0       0       0
Total ram usage:        0 bytes
 Hardware stack levels used:    1
 This function calls:
		Nothing
 This function is called by:
		_main
		_TMR4_ISR
 This function uses a non-reentrant model


 *************** function _TMR2_ISR *****************
 Defined at:
		line 119 in file "mcc_generated_files/tmr2.c"
 Parameters:    Size  Location     Type
		None
 Auto vars:     Size  Location     Type
		None
 Return value:  Size  Location     Type
                  1    wreg      void 
 Registers used:
		wreg, status,2, status,0, pclath, cstack
 Tracked objects:
		On entry : 
		On exit  : 
		Unchanged: 
 Data sizes:     COMMON   BANK0   BANK1   BANK2   BANK3   BANK4   BANK5   BANK6   BANK7   BANK8   BANK9  BANK10  BANK11  BANK12
      Params:         0       0       0       0       0       0       0       0       0       0       0       0       0       0
      Locals:         0       0       0       0       0       0       0       0       0       0       0       0       0       0
      Temps:          0       0       0       0       0       0       0       0       0       0       0       0       0       0
      Totals:         0       0       0       0       0       0       0       0       0       0       0       0       0       0
Total ram usage:        0 bytes
 Hardware stack levels used:    1
 Hardware stack levels required when called:    2
 This function calls:
		Absolute function
		_TMR2_DefaultInterruptHandler
		_TMR2_Drive_TRIAC_isr
 This function is called by:
		_INTERRUPT_InterruptManager
 This function uses a non-reentrant model


 *************** function _TMR2_DefaultInterruptHandler *****************
 Defined at:
		line 136 in file "mcc_generated_files/tmr2.c"
 Parameters:    Size  Location     Type
		None
 Auto vars:     Size  Location     Type
		None
 Return value:  Size  Location     Type
                  1    wreg      void 
 Registers used:
		None
 Tracked objects:
		On entry : 
		On exit  : 
		Unchanged: 
 Data sizes:     COMMON   BANK0   BANK1   BANK2   BANK3   BANK4   BANK5   BANK6   BANK7   BANK8   BANK9  BANK10  BANK11  BANK12
      Params:         0       0       0       0       0       0       0       0       0       0       0       0       0       0
      Locals:         0       0       0       0       0       0       0       0       0       0       0       0       0       0
      Temps:          0       0       0       0       0       0       0       0       0       0       0       0       0       0
      Totals:         0       0       0       0       0       0       0       0       0       0       0       0       0       0
Total ram usage:        0 bytes
 Hardware stack levels used:    1
 This function calls:
		Nothing
 This function is called by:
		_TMR2_Initialize
		_TMR2_ISR
 This function uses a non-reentrant model


 *************** function _TMR2_Drive_TRIAC_isr *****************
 Defined at:
		line 110 in file "main.c"
 Parameters:    Size  Location     Type
		None
 Auto vars:     Size  Location     Type
		None
 Return value:  Size  Location     Type
                  1    wreg      void 
 Registers used:
		wreg, status,2, status,0, pclath, cstack
 Tracked objects:
		On entry : 
		On exit  : 
		Unchanged: 
 Data sizes:     COMMON   BANK0   BANK1   BANK2   BANK3   BANK4   BANK5   BANK6   BANK7   BANK8   BANK9  BANK10  BANK11  BANK12
      Params:         0       0       0       0       0       0       0       0       0       0       0       0       0       0
      Locals:         0       0       0       0       0       0       0       0       0       0       0       0       0       0
      Temps:          0       0       0       0       0       0       0       0       0       0       0       0       0       0
      Totals:         0       0       0       0       0       0       0       0       0       0       0       0       0       0
Total ram usage:        0 bytes
 Hardware stack levels used:    1
 Hardware stack levels required when called:    1
 This function calls:
		_TMR2_StopTimer
 This function is called by:
		_main
		_TMR2_ISR
 This function uses a non-reentrant model


 *************** function _TMR2_StopTimer *****************
 Defined at:
		line 93 in file "mcc_generated_files/tmr2.c"
 Parameters:    Size  Location     Type
		None
 Auto vars:     Size  Location     Type
		None
 Return value:  Size  Location     Type
                  1    wreg      void 
 Registers used:
		None
 Tracked objects:
		On entry : 
		On exit  : 
		Unchanged: 
 Data sizes:     COMMON   BANK0   BANK1   BANK2   BANK3   BANK4   BANK5   BANK6   BANK7   BANK8   BANK9  BANK10  BANK11  BANK12
      Params:         0       0       0       0       0       0       0       0       0       0       0       0       0       0
      Locals:         0       0       0       0       0       0       0       0       0       0       0       0       0       0
      Temps:          0       0       0       0       0       0       0       0       0       0       0       0       0       0
      Totals:         0       0       0       0       0       0       0       0       0       0       0       0       0       0
Total ram usage:        0 bytes
 Hardware stack levels used:    1
 This function calls:
		Nothing
 This function is called by:
		_TMR2_Drive_TRIAC_isr
 This function uses a non-reentrant model


 *************** function _PIN_MANAGER_IOC *****************
 Defined at:
		line 115 in file "mcc_generated_files/pin_manager.c"
 Parameters:    Size  Location     Type
		None
 Auto vars:     Size  Location     Type
		None
 Return value:  Size  Location     Type
                  1    wreg      void 
 Registers used:
		wreg, status,2, status,0, pclath, cstack
 Tracked objects:
		On entry : 
		On exit  : 
		Unchanged: 
 Data sizes:     COMMON   BANK0   BANK1   BANK2   BANK3   BANK4   BANK5   BANK6   BANK7   BANK8   BANK9  BANK10  BANK11  BANK12
      Params:         0       0       0       0       0       0       0       0       0       0       0       0       0       0
      Locals:         0       0       0       0       0       0       0       0       0       0       0       0       0       0
      Temps:          0       0       0       0       0       0       0       0       0       0       0       0       0       0
      Totals:         0       0       0       0       0       0       0       0       0       0       0       0       0       0
Total ram usage:        0 bytes
 Hardware stack levels used:    1
 Hardware stack levels required when called:    3
 This function calls:
		_IOCAF2_ISR
 This function is called by:
		_INTERRUPT_InterruptManager
 This function uses a non-reentrant model


 *************** function _IOCAF2_ISR *****************
 Defined at:
		line 127 in file "mcc_generated_files/pin_manager.c"
 Parameters:    Size  Location     Type
		None
 Auto vars:     Size  Location     Type
		None
 Return value:  Size  Location     Type
                  1    wreg      void 
 Registers used:
		wreg, status,2, status,0, pclath, cstack
 Tracked objects:
		On entry : 
		On exit  : 
		Unchanged: 
 Data sizes:     COMMON   BANK0   BANK1   BANK2   BANK3   BANK4   BANK5   BANK6   BANK7   BANK8   BANK9  BANK10  BANK11  BANK12
      Params:         0       0       0       0       0       0       0       0       0       0       0       0       0       0
      Locals:         0       0       0       0       0       0       0       0       0       0       0       0       0       0
      Temps:          0       0       0       0       0       0       0       0       0       0       0       0       0       0
      Totals:         0       0       0       0       0       0       0       0       0       0       0       0       0       0
Total ram usage:        0 bytes
 Hardware stack levels used:    1
 Hardware stack levels required when called:    2
 This function calls:
		Absolute function
		_IOCAF2_DefaultInterruptHandler
		_Zero_Detection_isr
 This function is called by:
		_PIN_MANAGER_IOC
 This function uses a non-reentrant model


 *************** function _IOCAF2_DefaultInterruptHandler *****************
 Defined at:
		line 149 in file "mcc_generated_files/pin_manager.c"
 Parameters:    Size  Location     Type
		None
 Auto vars:     Size  Location     Type
		None
 Return value:  Size  Location     Type
                  1    wreg      void 
 Registers used:
		None
 Tracked objects:
		On entry : 
		On exit  : 
		Unchanged: 
 Data sizes:     COMMON   BANK0   BANK1   BANK2   BANK3   BANK4   BANK5   BANK6   BANK7   BANK8   BANK9  BANK10  BANK11  BANK12
      Params:         0       0       0       0       0       0       0       0       0       0       0       0       0       0
      Locals:         0       0       0       0       0       0       0       0       0       0       0       0       0       0
      Temps:          0       0       0       0       0       0       0       0       0       0       0       0       0       0
      Totals:         0       0       0       0       0       0       0       0       0       0       0       0       0       0
Total ram usage:        0 bytes
 Hardware stack levels used:    1
 This function calls:
		Nothing
 This function is called by:
		_PIN_MANAGER_Initialize
		_IOCAF2_ISR
 This function uses a non-reentrant model


 *************** function _Zero_Detection_isr *****************
 Defined at:
		line 97 in file "main.c"
 Parameters:    Size  Location     Type
		None
 Auto vars:     Size  Location     Type
		None
 Return value:  Size  Location     Type
                  1    wreg      void 
 Registers used:
		wreg, status,2, status,0, pclath, cstack
 Tracked objects:
		On entry : 
		On exit  : 
		Unchanged: 
 Data sizes:     COMMON   BANK0   BANK1   BANK2   BANK3   BANK4   BANK5   BANK6   BANK7   BANK8   BANK9  BANK10  BANK11  BANK12
      Params:         0       0       0       0       0       0       0       0       0       0       0       0       0       0
      Locals:         0       0       0       0       0       0       0       0       0       0       0       0       0       0
      Temps:          0       0       0       0       0       0       0       0       0       0       0       0       0       0
      Totals:         0       0       0       0       0       0       0       0       0       0       0       0       0       0
Total ram usage:        0 bytes
 Hardware stack levels used:    1
 Hardware stack levels required when called:    1
 This function calls:
		_TMR2_StartTimer
 This function is called by:
		_main
		_IOCAF2_ISR
 This function uses a non-reentrant model


 *************** function _TMR2_StartTimer *****************
 Defined at:
		line 87 in file "mcc_generated_files/tmr2.c"
 Parameters:    Size  Location     Type
		None
 Auto vars:     Size  Location     Type
		None
 Return value:  Size  Location     Type
                  1    wreg      void 
 Registers used:
		None
 Tracked objects:
		On entry : 
		On exit  : 
		Unchanged: 
 Data sizes:     COMMON   BANK0   BANK1   BANK2   BANK3   BANK4   BANK5   BANK6   BANK7   BANK8   BANK9  BANK10  BANK11  BANK12
      Params:         0       0       0       0       0       0       0       0       0       0       0       0       0       0
      Locals:         0       0       0       0       0       0       0       0       0       0       0       0       0       0
      Temps:          0       0       0       0       0       0       0       0       0       0       0       0       0       0
      Totals:         0       0       0       0       0       0       0       0       0       0       0       0       0       0
Total ram usage:        0 bytes
 Hardware stack levels used:    1
 This function calls:
		Nothing
 This function is called by:
		_Zero_Detection_isr
 This function uses a non-reentrant model



MODULE INFORMATION

Module		Function		Class		Link	Load	Size
mcc_generated_files/mtouch/mtouch_button.c
		_Button_Deviation_Update		CODE           	1356	0000	143
		_MTOUCH_Button_isPressed		CODE           	1D70	0000	30
		_MTOUCH_Button_Initialize		CODE           	1009	0000	55
		_Button_Tick_helper		CODE           	1F02	0000	43
		_MTOUCH_Button_InitializeAll		CODE           	1D8E	0000	30
		_Button_Baseline_Update		CODE           	13E5	0000	145
		_Button_State_Pressed		CODE           	1209	0000	102
		_Button_Reading_Update		CODE           	1BB7	0000	18
		_Button_DefaultCallback		CODE           	1A99	0000	1
		_MTOUCH_Button_Tick		CODE           	1CBA	0000	24
		_Button_State_NotPressed		CODE           	15A2	0000	170
		_Button_Reading_Update_Helper		CODE           	1040	0000	81
		_Button_Service		CODE           	10EB	0000	91
		_Button_State_Initializing		CODE           	126F	0000	102
		_MTOUCH_Button_ServiceAll		CODE           	1BC9	0000	18
		_Button_Baseline_Initialize		CODE           	1F59	0000	46

mcc_generated_files/mtouch/mtouch_button.c estimated size: 1099

/opt/microchip/xc8/v2.31/pic/sources/c99/common/sprcdiv.c
		___fldiv       		CODE           	164C	0000	436

/opt/microchip/xc8/v2.31/pic/sources/c99/common/sprcdiv.c estimated size: 436

/opt/microchip/xc8/v2.31/pic/sources/c99/common/Umul8.c
		___bmul        		CODE           	1C4C	0000	21

/opt/microchip/xc8/v2.31/pic/sources/c99/common/Umul8.c estimated size: 21

mcc_generated_files/tmr6.c
		_TMR6_ISR      		CODE           	1B68	0000	15
		_TMR6_Initialize		CODE           	1C25	0000	19
		_TMR6_SetInterruptHandler		CODE           	1ACB	0000	6
		_TMR6_DefaultInterruptHandler		CODE           	1A98	0000	1

mcc_generated_files/tmr6.c estimated size: 41

mcc_generated_files/tmr4.c
		_TMR4_ISR      		CODE           	1B59	0000	15
		_TMR4_Initialize		CODE           	1C12	0000	19
		_TMR4_SetInterruptHandler		CODE           	1AC5	0000	6
		_TMR4_StopTimer		CODE           	0800	0000	3
		_TMR4_DefaultInterruptHandler		CODE           	1A97	0000	1
		_TMR4_StartTimer		CODE           	1AA3	0000	3

mcc_generated_files/tmr4.c estimated size: 47

/opt/microchip/xc8/v2.31/pic/sources/c99/common/abs.c
		_abs           		CODE           	1D04	0000	26

/opt/microchip/xc8/v2.31/pic/sources/c99/common/abs.c estimated size: 26

mcc_generated_files/tmr2.c
		_TMR2_ISR      		CODE           	1B4A	0000	15
		_TMR2_Initialize		CODE           	1BA6	0000	17
		_TMR2_SetInterruptHandler		CODE           	1ABF	0000	6
		_TMR2_StopTimer		CODE           	1AA0	0000	3
		_TMR2_DefaultInterruptHandler		CODE           	1A96	0000	1
		_TMR2_StartTimer		CODE           	1A9D	0000	3

mcc_generated_files/tmr2.c estimated size: 45

mcc_generated_files/interrupt_manager.c
		_INTERRUPT_InterruptManager		CODE           	0004	0000	62

mcc_generated_files/interrupt_manager.c estimated size: 62

mcc_generated_files/mtouch/mtouch.c
		_MTOUCH_Tick   		CODE           	1AA6	0000	4
		_MTOUCH_Initialize		CODE           	1B2E	0000	13
		_MTOUCH_Service_Mainloop		CODE           	1ED8	0000	42
		_MTOUCH_needReburst		CODE           	0002	0000	2

mcc_generated_files/mtouch/mtouch.c estimated size: 61

/opt/microchip/xc8/v2.31/pic/sources/c99/common/memcpy.c
		_memcpy        		CODE           	1F87	0000	47

/opt/microchip/xc8/v2.31/pic/sources/c99/common/memcpy.c estimated size: 47

mcc_generated_files/pin_manager.c
		_PIN_MANAGER_Initialize		CODE           	1EAF	0000	41
		_IOCAF2_DefaultInterruptHandler		CODE           	1A95	0000	1
		_IOCAF2_ISR    		CODE           	1B3B	0000	15
		_PIN_MANAGER_IOC		CODE           	1000	0000	9
		_IOCAF2_SetInterruptHandler		CODE           	1AB9	0000	6

mcc_generated_files/pin_manager.c estimated size: 72

mcc_generated_files/mtouch/mtouch_sensor_scan.c
		_MTOUCH_CVD_ScanA_0		CODE           	1DEA	0000	32
		_MTOUCH_CVD_ScanB_0		CODE           	1E2A	0000	32
		_MTOUCH_CVD_ScanA_1		CODE           	1DCA	0000	32
		_MTOUCH_CVD_ScanB_1		CODE           	1E0A	0000	32

mcc_generated_files/mtouch/mtouch_sensor_scan.c estimated size: 128

/opt/microchip/xc8/v2.31/pic/sources/c99/common/sprcadd.c
		___flsub       		CODE           	1E4A	0000	32
		___fladd       		CODE           	0903	0000	568

/opt/microchip/xc8/v2.31/pic/sources/c99/common/sprcadd.c estimated size: 600

shared
		_HalfCycleACDuration_const		STRCODE        	0000	0000	0
		_TMR2_Timer_Period_const		STRCODE        	0000	0000	0
		__initialization		CODE           	0044	0000	34
		_mtouch_button_init		STRCODE        	1800	0000	32

shared estimated size: 66

mcc_generated_files/mcc.c
		_WDT_Initialize		CODE           	1AAA	0000	4
		_OSCILLATOR_Initialize		CODE           	1AF9	0000	7
		_SYSTEM_Initialize		CODE           	1C76	0000	22

mcc_generated_files/mcc.c estimated size: 33

/opt/microchip/xc8/v2.31/pic/sources/c99/common/Umul8_16.c
		__Umul8_16     		CODE           	1E8C	0000	35

/opt/microchip/xc8/v2.31/pic/sources/c99/common/Umul8_16.c estimated size: 35

main.c
		_BothTouchesDetection		CODE           	0833	0000	208
		_StartTouchDetection		CODE           	1476	0000	150
		_StartStop_AlarmLED_Blink		CODE           	1B96	0000	16
		_TMR6_long_press_duration_isr		CODE           	1AB3	0000	6
		_main          		CODE           	0803	0000	48
		_TMR2_Drive_TRIAC_isr		CODE           	1F2D	0000	44
		_TMR4_Wroking_Blink_AlarmLED_isr		CODE           	1D53	0000	29
		_SetDimmer     		CODE           	12D5	0000	129
		_StartHeater   		CODE           	006A	0000	2446
		_Zero_Detection_isr		CODE           	1B00	0000	10
		_StopTouchDetection		CODE           	150C	0000	150
		_Init_Function 		CODE           	1CA3	0000	23
		_StartStop_Fan 		CODE           	1B22	0000	12
		_StartStop_Dimmer		CODE           	1CD2	0000	24
		_StartStop_AlarmLED		CODE           	1B16	0000	12
		_StartStop_Buzzer		CODE           	1B0A	0000	12

main.c estimated size: 3319

mcc_generated_files/mtouch/mtouch_random.c
		_MTOUCH_Random 		CODE           	1C61	0000	21

mcc_generated_files/mtouch/mtouch_random.c estimated size: 21

/opt/microchip/xc8/v2.31/pic/sources/c99/common/fltol.c
		___fltol       		CODE           	078A	0000	117

/opt/microchip/xc8/v2.31/pic/sources/c99/common/fltol.c estimated size: 117

mcc_generated_files/mtouch/mtouch_sensor.c
		_Sensor_Acq_ExecutePacket		CODE           	1146	0000	97
		_MTOUCH_Delay  		CODE           	1BFF	0000	19
		_Sensor_Acquisition		CODE           	1FB6	0000	74
		_MTOUCH_Sensor_Initialize		CODE           	1BDB	0000	18
		_Sensor_Sampled_Reset		CODE           	1ADD	0000	7
		_MTOUCH_Sensor_InitializeAll		CODE           	1B86	0000	16
		_Sensor_DefaultCallback		CODE           	07FF	0000	1
		_Sensor_isEnabled		CODE           	1B77	0000	15
		_MTOUCH_Sensor_isCalibrated		CODE           	1A9B	0000	2
		_MTOUCH_Sensor_Calibrate		CODE           	1A9A	0000	1
		_MTOUCH_Sensor_Sampled_ResetAll		CODE           	1DAC	0000	30
		_Sensor_setActive		CODE           	1AE4	0000	7
		_MTOUCH_Sensor_Enable		CODE           	1C38	0000	20
		_Sensor_Acq_ExecuteScan		CODE           	11A7	0000	98
		_Sensor_setSampled		CODE           	1AF2	0000	7
		_MTOUCH_Sensor_RawSample_Get		CODE           	1CEA	0000	26
		_MTOUCH_Sensor_SampleAll		CODE           	1D1E	0000	26
		_MTOUCH_Sensor_wasSampled		CODE           	1C8C	0000	23
		_Sensor_Service		CODE           	1091	0000	90
		_Sensor_setScanFunction		CODE           	1BED	0000	18
		_MTOUCH_Sensor_Scan_Initialize		CODE           	1AAE	0000	5
		_Sensor_RawSample_Update		CODE           	1D38	0000	27
		_Sensor_setInactive		CODE           	1AEB	0000	7

mcc_generated_files/mtouch/mtouch_sensor.c estimated size: 634

/opt/microchip/xc8/v2.31/pic/sources/c99/common/sprcmul.c
		___flmul       		CODE           	0533	0000	599

/opt/microchip/xc8/v2.31/pic/sources/c99/common/sprcmul.c estimated size: 599

