Microchip MPLAB XC8 Compiler V2.31

Linker command line:

-W-3 --edf=/opt/microchip/xc8/v2.31/pic/dat/en_msgs.txt -cn \
  -h+dist/default/production/reflow_oven_v2.X.production.sym \
  --cmf=dist/default/production/reflow_oven_v2.X.production.cmf -z \
  -Q16F1829 -o/tmp/xcXPGBMLd --defsym=__MPLAB_BUILD=1 \
  -Mdist/default/production/reflow_oven_v2.X.production.map -E1 \
  -ver=XC8 Compiler --acfsm=1493 -ASTACK=020C0h-023EFh -pstack=STACK \
  -ACODE=00h-07FFhx4 -ASTRCODE=00h-01FFFh -ASTRING=00h-0FFhx32 \
  -ACONST=00h-0FFhx32 -AENTRY=00h-0FFhx32 -ACOMMON=070h-07Fh \
  -ABANK0=020h-06Fh -ABANK1=0A0h-0EFh -ABANK2=0120h-016Fh \
  -ABANK3=01A0h-01EFh -ABANK4=0220h-026Fh -ABANK5=02A0h-02EFh \
  -ABANK6=0320h-036Fh -ABANK7=03A0h-03EFh -ABANK8=0420h-046Fh \
  -ABANK9=04A0h-04EFh -ABANK10=0520h-056Fh -ABANK11=05A0h-05EFh \
  -ABANK12=0620h-064Fh -ABIGRAM=02000h-023EFh \
  -ARAM=020h-06Fh,0A0h-0EFh,0120h-016Fh,01A0h-01EFh,0220h-026Fh,02A0h-02EFh,0320h-036Fh,03A0h-03EFh,0420h-046Fh,04A0h-04EFh,0520h-056Fh,05A0h-05EFh,0620h-064Fh \
  -AABS1=020h-07Fh,0A0h-0EFh,0120h-016Fh,01A0h-01EFh,0220h-026Fh,02A0h-02EFh,0320h-036Fh,03A0h-03EFh,0420h-046Fh,04A0h-04EFh,0520h-056Fh,05A0h-05EFh,0620h-064Fh \
  -ASFR0=00h-01Fh -ASFR1=080h-09Fh -ASFR2=0100h-011Fh -ASFR3=0180h-019Fh \
  -ASFR4=0200h-021Fh -ASFR5=0280h-029Fh -ASFR6=0300h-031Fh \
  -ASFR7=0380h-039Fh -ASFR8=0400h-041Fh -ASFR9=0480h-049Fh \
  -ASFR10=0500h-051Fh -ASFR11=0580h-059Fh -ASFR12=0600h-061Fh \
  -ASFR13=0680h-06EFh -ASFR14=0700h-076Fh -ASFR15=0780h-07EFh \
  -ASFR16=0800h-086Fh -ASFR17=0880h-08EFh -ASFR18=0900h-096Fh \
  -ASFR19=0980h-09EFh -ASFR20=0A00h-0A6Fh -ASFR21=0A80h-0AEFh \
  -ASFR22=0B00h-0B6Fh -ASFR23=0B80h-0BEFh -ASFR24=0C00h-0C6Fh \
  -ASFR25=0C80h-0CEFh -ASFR26=0D00h-0D6Fh -ASFR27=0D80h-0DEFh \
  -ASFR28=0E00h-0E6Fh -ASFR29=0E80h-0EEFh -ASFR30=0F00h-0F6Fh \
  -ASFR31=0F80h-0FEFh -ACONFIG=08007h-08008h -DCONFIG=2 \
  -AIDLOC=08000h-08003h -DIDLOC=2 -AEEDATA=00h-0FFh/0F000h \
  -peeprom_data=EEDATA -DEEDATA=2 -DCODE=2 -DSTRCODE=2 -DSTRING=2 -DCONST=2 \
  -DENTRY=2 -preset_vec=00h,intentry=04h,init,end_init -ppowerup=CODE \
  -pcinit=CODE -pfunctab=ENTRY -k /tmp/xcXMMaAMJ.o \
  dist/default/production/reflow_oven_v2.X.production.o 

Object code version is 3.11

Machine type is 16F1829



                Name                               Link     Load   Length Selector   Space Scale
/tmp/xcXMMaAMJ.o
                end_init                             42       42        2        8       0
                reset_vec                             0        0        2        0       0
                config                             8007     8007        2        0       4
                idloc                              8000     8000        4        0       5
dist/default/production/reflow_oven_v2.X.production.o
                cinit                                44       44       28        8       0
                intentry                              4        4       3E        8       0
                text23_split_1                      B3B      B3B      4C5     1676       0
                config                             8007     8007        2        0       4
                idloc                              8000     8000        4        0       5
                text97                             1A26     1A26        3     344C       0
                text96                             1A8F     1A8F        A     351E       0
                text95                             1A1E     1A1E        1     343C       0
                text94                             1ABD     1ABD        F     357A       0
                text93                             1A86     1A86        9     350C       0
                text92                             1A29     1A29        3     3452       0
                text91                             1EAD     1EAD       2C     3D5A       0
                text90                             1A1F     1A1F        1     343E       0
                text89                             1ACC     1ACC        F     3598       0
                text88                             1CF1     1CF1       1D     39E2       0
                text87                             1A20     1A20        1     3440       0
                text86                             1ADB     1ADB        F     35B6       0
                text85                             1A3F     1A3F        6     347E       0
                text84                             1A21     1A21        1     3442       0
                text83                             1AEA     1AEA        F     35D4       0
                text81                             1D0E     1D0E       1E     3A1C       0
                text80                             1309     1309       8F     2612       0
                text79                             1BCD     1BCD       15     379A       0
                text78                             1C6C     1C6C       1A     38D8       0
                text77                             1FAF     1FAF       51     3F5E       0
                text76                             1B28     1B28       11     3650       0
                text75                             1ED9     1ED9       2D     3DB2       0
                text74                             1398     1398       91     2730       0
                text73                             1A22     1A22        1     3444       0
                text72                             1A23     1A23        1     3446       0
                text71                             1006     1006       37     200C       0
                text70                             11AD     11AD       66     235A       0
                text69                              78C      78C       66        8       0
                text68                             1429     1429       A9     2852       0
                text67                             1A24     1A24        2     3448       0
                text66                             1C0E     1C0E       17     381C       0
                text65                             10F0     10F0       5B     21E0       0
                text64                             1B4A     1B4A       12     3694       0
                text63                             1F06     1F06       2F     3E0C       0
                text62                             1CD5     1CD5       1C     39AA       0
                text61                             1BB9     1BB9       14     3772       0
                text60                             1A63     1A63        7     34C6       0
                text59                             1B5C     1B5C       12     36B8       0
                text58                             1B08     1B08       10     3610       0
                text57                             1D2C     1D2C       1E     3A58       0
                text56                             1A3A     1A3A        5     3474       0
                text55                              7F2      7F2        D        8       0
                text54                             1B80     1B80       13     3700       0
                text53                             1BE2     1BE2       16     37C4       0
                text52                             1D4A     1D4A       20     3A94       0
                text51                             1D6A     1D6A       20     3AD4       0
                text50                             1D8A     1D8A       20     3B14       0
                text49                             1DAA     1DAA       20     3B54       0
                text48                             114B     114B       62     2296       0
                text47                             1B6E     1B6E       12     36DC       0
                text46                             1096     1096       5A     212C       0
                text45                             1AF9     1AF9        F     35F2       0
                text44                             1A6A     1A6A        7     34D4       0
                text43                             1A71     1A71        7     34E2       0
                text42                             1C86     1C86       1A     390C       0
                text41                             1F65     1F65       4A     3ECA       0
                text40                              7FF      7FF        1        8       0
                text39                             1CBA     1CBA       1B     3974       0
                text38                             1A78     1A78        7     34F0       0
                text37                             103D     103D       59     207A       0
                text36                             1CA0     1CA0       1A     3940       0
                text35                             1E82     1E82       2B     3D04       0
                text34                             1C3C     1C3C       18     3878       0
                text33                             1A32     1A32        4     3464       0
                text32                                2        2        2        0       0
                text31                             1E58     1E58       2A     3CB0       0
                text30                             164C     164C      1B4     2C98       0
                text29                             1E0C     1E0C       23     3C18       0
                text28                              535      535      257        8       0
                text27                              8FC      8FC      23F     11F8       0
                text26                             1DCA     1DCA       20     3B94       0
                text25                             1213     1213       75     2426       0
                text24                             1288     1288       81     2510       0
                text23                               6C       6C      4C9        8       0
                text22                             1A2C     1A2C        3     3458       0
                text21                             1A2F     1A2F        3     345E       0
                text20                             1B18     1B18       10     3630       0
                text19                             1A99     1A99        C     3532       0
                text18                             1C54     1C54       18     38A8       0
                text17                             1AA5     1AA5        C     354A       0
                text16                              800      800       FC     1000       0
                text15                             1AB1     1AB1        C     3562       0
                text14                             1C25     1C25       17     384A       0
                text13                             1A7F     1A7F        7     34FE       0
                text12                             1A45     1A45        6     348A       0
                text11                             1E2F     1E2F       29     3C5E       0
                text10                             1A4B     1A4B        6     3496       0
                text9                              1B39     1B39       11     3672       0
                text8                              1A51     1A51        6     34A2       0
                text7                              1B93     1B93       13     3726       0
                text6                              1A57     1A57        6     34AE       0
                text5                              1BA6     1BA6       13     374C       0
                text4                              1A36     1A36        4     346C       0
                text3                              1BF8     1BF8       16     37F0       0
                text2                              14D2     14D2       BD     29A4       0
                text1                              158F     158F       BD     2B1E       0
                maintext                           1F35     1F35       30     3E6A       0
                cstackBANK0                          20       20       49       20       1
                cstackCOMMON                         70       70        E       70       1
                clrtext                            1A5D     1A5D        6     34BA       0
                inittext                           1000     1000        6     1676       0
                bssBANK2                            120      120       20      120       1
                dataBANK1                            A0       A0       22       A0       1
                bssBANK1                             C2       C2        C       A0       1
                bssBANK0                             69       69        7       20       1
                nvBANK1                              CE       CE        8       A0       1
                stringtext3                        1824     1824        4     3000       0
                stringtext2                        1800     1800       20     3000       0
                stringtext1                        1820     1820        4     3000       0
                idataBANK1                         1DEA     1DEA       22     3BD4       0

TOTAL           Name                               Link     Load   Length     Space
        CLASS   STACK          

        CLASS   CODE           
                end_init                             42       42        2         0
                cinit                                44       44       28         0
                intentry                              4        4       3E         0
                reset_vec                             0        0        2         0
                text23_split_1                      B3B      B3B      4C5         0
                text97                             1A26     1A26        3         0
                text96                             1A8F     1A8F        A         0
                text95                             1A1E     1A1E        1         0
                text94                             1ABD     1ABD        F         0
                text93                             1A86     1A86        9         0
                text92                             1A29     1A29        3         0
                text91                             1EAD     1EAD       2C         0
                text90                             1A1F     1A1F        1         0
                text89                             1ACC     1ACC        F         0
                text88                             1CF1     1CF1       1D         0
                text87                             1A20     1A20        1         0
                text86                             1ADB     1ADB        F         0
                text85                             1A3F     1A3F        6         0
                text84                             1A21     1A21        1         0
                text83                             1AEA     1AEA        F         0
                text81                             1D0E     1D0E       1E         0
                text80                             1309     1309       8F         0
                text79                             1BCD     1BCD       15         0
                text78                             1C6C     1C6C       1A         0
                text77                             1FAF     1FAF       51         0
                text76                             1B28     1B28       11         0
                text75                             1ED9     1ED9       2D         0
                text74                             1398     1398       91         0
                text73                             1A22     1A22        1         0
                text72                             1A23     1A23        1         0
                text71                             1006     1006       37         0
                text70                             11AD     11AD       66         0
                text69                              78C      78C       66         0
                text68                             1429     1429       A9         0
                text67                             1A24     1A24        2         0
                text66                             1C0E     1C0E       17         0
                text65                             10F0     10F0       5B         0
                text64                             1B4A     1B4A       12         0
                text63                             1F06     1F06       2F         0
                text62                             1CD5     1CD5       1C         0
                text61                             1BB9     1BB9       14         0
                text60                             1A63     1A63        7         0
                text59                             1B5C     1B5C       12         0
                text58                             1B08     1B08       10         0
                text57                             1D2C     1D2C       1E         0
                text56                             1A3A     1A3A        5         0
                text55                              7F2      7F2        D         0
                text54                             1B80     1B80       13         0
                text53                             1BE2     1BE2       16         0
                text52                             1D4A     1D4A       20         0
                text51                             1D6A     1D6A       20         0
                text50                             1D8A     1D8A       20         0
                text49                             1DAA     1DAA       20         0
                text48                             114B     114B       62         0
                text47                             1B6E     1B6E       12         0
                text46                             1096     1096       5A         0
                text45                             1AF9     1AF9        F         0
                text44                             1A6A     1A6A        7         0
                text43                             1A71     1A71        7         0
                text42                             1C86     1C86       1A         0
                text41                             1F65     1F65       4A         0
                text40                              7FF      7FF        1         0
                text39                             1CBA     1CBA       1B         0
                text38                             1A78     1A78        7         0
                text37                             103D     103D       59         0
                text36                             1CA0     1CA0       1A         0
                text35                             1E82     1E82       2B         0
                text34                             1C3C     1C3C       18         0
                text33                             1A32     1A32        4         0
                text32                                2        2        2         0
                text31                             1E58     1E58       2A         0
                text30                             164C     164C      1B4         0
                text29                             1E0C     1E0C       23         0
                text28                              535      535      257         0
                text27                              8FC      8FC      23F         0
                text26                             1DCA     1DCA       20         0
                text25                             1213     1213       75         0
                text24                             1288     1288       81         0
                text23                               6C       6C      4C9         0
                text22                             1A2C     1A2C        3         0
                text21                             1A2F     1A2F        3         0
                text20                             1B18     1B18       10         0
                text19                             1A99     1A99        C         0
                text18                             1C54     1C54       18         0
                text17                             1AA5     1AA5        C         0
                text16                              800      800       FC         0
                text15                             1AB1     1AB1        C         0
                text14                             1C25     1C25       17         0
                text13                             1A7F     1A7F        7         0
                text12                             1A45     1A45        6         0
                text11                             1E2F     1E2F       29         0
                text10                             1A4B     1A4B        6         0
                text9                              1B39     1B39       11         0
                text8                              1A51     1A51        6         0
                text7                              1B93     1B93       13         0
                text6                              1A57     1A57        6         0
                text5                              1BA6     1BA6       13         0
                text4                              1A36     1A36        4         0
                text3                              1BF8     1BF8       16         0
                text2                              14D2     14D2       BD         0
                text1                              158F     158F       BD         0
                maintext                           1F35     1F35       30         0
                clrtext                            1A5D     1A5D        6         0
                inittext                           1000     1000        6         0
                idataBANK1                         1DEA     1DEA       22         0

        CLASS   STRCODE        
                stringtext3                        1824     1824        4         0
                stringtext2                        1800     1800       20         0
                stringtext1                        1820     1820        4         0

        CLASS   STRING         

        CLASS   CONST          

        CLASS   ENTRY          

        CLASS   COMMON         
                cstackCOMMON                         70       70        E         1

        CLASS   BANK0          
                cstackBANK0                          20       20       49         1
                bssBANK0                             69       69        7         1

        CLASS   BANK1          
                dataBANK1                            A0       A0       22         1
                bssBANK1                             C2       C2        C         1
                nvBANK1                              CE       CE        8         1

        CLASS   BANK2          
                bssBANK2                            120      120       20         1

        CLASS   BANK3          

        CLASS   BANK4          

        CLASS   BANK5          

        CLASS   BANK6          

        CLASS   BANK7          

        CLASS   BANK8          

        CLASS   BANK9          

        CLASS   BANK10         

        CLASS   BANK11         

        CLASS   BANK12         

        CLASS   BIGRAM         

        CLASS   RAM            

        CLASS   ABS1           
                abs_s1                               7E       7E        2         1

        CLASS   SFR0           

        CLASS   SFR1           

        CLASS   SFR2           

        CLASS   SFR3           

        CLASS   SFR4           

        CLASS   SFR5           

        CLASS   SFR6           

        CLASS   SFR7           

        CLASS   SFR8           

        CLASS   SFR9           

        CLASS   SFR10          

        CLASS   SFR11          

        CLASS   SFR12          

        CLASS   SFR13          

        CLASS   SFR14          

        CLASS   SFR15          

        CLASS   SFR16          

        CLASS   SFR17          

        CLASS   SFR18          

        CLASS   SFR19          

        CLASS   SFR20          

        CLASS   SFR21          

        CLASS   SFR22          

        CLASS   SFR23          

        CLASS   SFR24          

        CLASS   SFR25          

        CLASS   SFR26          

        CLASS   SFR27          

        CLASS   SFR28          

        CLASS   SFR29          

        CLASS   SFR30          

        CLASS   SFR31          

        CLASS   CONFIG         
                config                             8007     8007        2         4

        CLASS   IDLOC          
                idloc                              8000     8000        4         5

        CLASS   EEDATA         

        CLASS   BANK31         

        CLASS   BANK30         

        CLASS   BANK29         

        CLASS   BANK28         

        CLASS   BANK27         

        CLASS   BANK26         

        CLASS   BANK25         

        CLASS   BANK24         

        CLASS   BANK23         

        CLASS   BANK22         

        CLASS   BANK21         

        CLASS   BANK20         

        CLASS   BANK19         

        CLASS   BANK18         

        CLASS   BANK17         

        CLASS   BANK16         

        CLASS   BANK15         

        CLASS   BANK14         

        CLASS   BANK13         



SEGMENTS        Name                           Load    Length   Top    Selector   Space  Class     Delta

                text34                         001C3C  000018  001C54      3878       0  CODE        2
                text18                         001C54  000018  001C6C      38A8       0  CODE        2
                text66                         001C0E  000017  001C25      381C       0  CODE        2
                text14                         001C25  000017  001C3C      384A       0  CODE        2
                text78                         001C6C  00001A  001C86      38D8       0  CODE        2
                text39                         001CBA  00001B  001CD5      3974       0  CODE        2
                text62                         001CD5  00001C  001CF1      39AA       0  CODE        2
                text42                         001C86  00001A  001CA0      390C       0  CODE        2
                text36                         001CA0  00001A  001CBA      3940       0  CODE        2
                text3                          001BF8  000016  001C0E      37F0       0  CODE        2
                text47                         001B6E  000012  001B80      36DC       0  CODE        2
                text54                         001B80  000013  001B93      3700       0  CODE        2
                text64                         001B4A  000012  001B5C      3694       0  CODE        2
                text59                         001B5C  000012  001B6E      36B8       0  CODE        2
                text7                          001B93  000013  001BA6      3726       0  CODE        2
                text79                         001BCD  000015  001BE2      379A       0  CODE        2
                text53                         001BE2  000016  001BF8      37C4       0  CODE        2
                text5                          001BA6  000013  001BB9      374C       0  CODE        2
                text61                         001BB9  000014  001BCD      3772       0  CODE        2
                text31                         001E58  00002A  001E82      3CB0       0  CODE        2
                text35                         001E82  00002B  001EAD      3D04       0  CODE        2
                text29                         001E0C  000023  001E2F      3C18       0  CODE        2
                text11                         001E2F  000029  001E58      3C5E       0  CODE        2
                text91                         001EAD  00002C  001ED9      3D5A       0  CODE        2
                maintext                       001F35  000030  001F65      3E6A       0  CODE        2
                text71                         001006  000037  00103D      200C       0  CODE        2
                text75                         001ED9  00002D  001F06      3DB2       0  CODE        2
                text63                         001F06  00002F  001F35      3E0C       0  CODE        2
                idataBANK1                     001DEA  000022  001E0C      3BD4       0  CODE        2
                text57                         001D2C  00001E  001D4A      3A58       0  CODE        2
                text52                         001D4A  000020  001D6A      3A94       0  CODE        2
                text88                         001CF1  00001D  001D0E      39E2       0  CODE        2
                text81                         001D0E  00001E  001D2C      3A1C       0  CODE        2
                text51                         001D6A  000020  001D8A      3AD4       0  CODE        2
                text26                         001DCA  000020  001DEA      3B94       0  CODE        2
                stringtext2                    001800  000028  001828      3000       0  STRCODE     2
                text50                         001D8A  000020  001DAA      3B14       0  CODE        2
                text49                         001DAA  000020  001DCA      3B54       0  CODE        2
                text9                          001B39  000011  001B4A      3672       0  CODE        2
                text4                          001A36  000004  001A3A      346C       0  CODE        2
                text56                         001A3A  000005  001A3F      3474       0  CODE        2
                text21                         001A2F  000003  001A32      345E       0  CODE        2
                text33                         001A32  000004  001A36      3464       0  CODE        2
                text85                         001A3F  000006  001A45      347E       0  CODE        2
                text8                          001A51  000006  001A57      34A2       0  CODE        2
                text6                          001A57  000006  001A5D      34AE       0  CODE        2
                text12                         001A45  000006  001A4B      348A       0  CODE        2
                text10                         001A4B  000006  001A51      3496       0  CODE        2
                text22                         001A2C  000003  001A2F      3458       0  CODE        2
                text87                         001A20  000001  001A21      3440       0  CODE        2
                text84                         001A21  000001  001A22      3442       0  CODE        2
                text95                         001A1E  000001  001A1F      343C       0  CODE        2
                text90                         001A1F  000001  001A20      343E       0  CODE        2
                text73                         001A22  000001  001A23      3444       0  CODE        2
                text97                         001A26  000003  001A29      344C       0  CODE        2
                text92                         001A29  000003  001A2C      3452       0  CODE        2
                text72                         001A23  000001  001A24      3446       0  CODE        2
                text67                         001A24  000002  001A26      3448       0  CODE        2
                text89                         001ACC  00000F  001ADB      3598       0  CODE        2
                text86                         001ADB  00000F  001AEA      35B6       0  CODE        2
                text15                         001AB1  00000C  001ABD      3562       0  CODE        2
                text94                         001ABD  00000F  001ACC      357A       0  CODE        2
                text83                         001AEA  00000F  001AF9      35D4       0  CODE        2
                text20                         001B18  000010  001B28      3630       0  CODE        2
                text76                         001B28  000011  001B39      3650       0  CODE        2
                text45                         001AF9  00000F  001B08      35F2       0  CODE        2
                text58                         001B08  000010  001B18      3610       0  CODE        2
                text17                         001AA5  00000C  001AB1      354A       0  CODE        2
                text44                         001A6A  000007  001A71      34D4       0  CODE        2
                text43                         001A71  000007  001A78      34E2       0  CODE        2
                clrtext                        001A5D  000006  001A63      34BA       0  CODE        2
                text60                         001A63  000007  001A6A      34C6       0  CODE        2
                text38                         001A78  000007  001A7F      34F0       0  CODE        2
                text96                         001A8F  00000A  001A99      351E       0  CODE        2
                text19                         001A99  00000C  001AA5      3532       0  CODE        2
                text13                         001A7F  000007  001A86      34FE       0  CODE        2
                text93                         001A86  000009  001A8F      350C       0  CODE        2
                reset_vec                      000000  000004  000004         0       0  CODE        2
                cstackBANK0                    000020  000050  000070        20       1  BANK0       1
                bssBANK2                       000120  000020  000140       120       1  BANK2       1
                dataBANK1                      0000A0  000036  0000D6        A0       1  BANK1       1
                cstackCOMMON                   000070  00000E  00007E        70       1  COMMON      1
                intentry                       000004  0007FC  000800         8       0  CODE        2
                text48                         00114B  000062  0011AD      2296       0  CODE        2
                text70                         0011AD  000066  001213      235A       0  CODE        2
                text65                         0010F0  00005B  00114B      21E0       0  CODE        2
                text25                         001213  000075  001288      2426       0  CODE        2
                text46                         001096  00005A  0010F0      212C       0  CODE        2
                text24                         001288  000081  001309      2510       0  CODE        2
                text80                         001309  00008F  001398      2612       0  CODE        2
                text37                         00103D  000059  001096      207A       0  CODE        2
                text77                         001FAF  000051  002000      3F5E       0  CODE        2
                text41                         001F65  00004A  001FAF      3ECA       0  CODE        2
                text27                         0008FC  00023F  000B3B      11F8       0  CODE        2
                text30                         00164C  0001B4  001800      2C98       0  CODE        2
                text23_split_1                 000B3B  0004CB  001006      1676       0  CODE        2
                text68                         001429  0000A9  0014D2      2852       0  CODE        2
                text74                         001398  000091  001429      2730       0  CODE        2
                text2                          0014D2  0000BD  00158F      29A4       0  CODE        2
                text16                         000800  0000FC  0008FC      1000       0  CODE        2
                text1                          00158F  0000BD  00164C      2B1E       0  CODE        2


UNUSED ADDRESS RANGES

        Name                Unused          Largest block    Delta
        BANK1            0000D6-0000EF               1A           1
        BANK10           000520-00056F               50           1
        BANK11           0005A0-0005EF               50           1
        BANK12           000620-00064F               30           1
        BANK2            000140-00016F               30           1
        BANK3            0001A0-0001EF               50           1
        BANK4            000220-00026F               50           1
        BANK5            0002A0-0002EF               50           1
        BANK6            000320-00036F               50           1
        BANK7            0003A0-0003EF               50           1
        BANK8            000420-00046F               50           1
        BANK9            0004A0-0004EF               50           1
        BIGRAM           002000-0023EF              3F0           1
        CODE             001828-001A1D              1F6           2
        CONST            001828-001A1D              100           2
        EEDATA           00F000-00F0FF              100           2
        ENTRY            001828-001A1D              100           2
        RAM              0000D6-0000EF               1A           1
                         000140-00016F               30
                         0001A0-0001EF               50
                         000220-00026F               50
                         0002A0-0002EF               50
                         000320-00036F               50
                         0003A0-0003EF               50
                         000420-00046F               50
                         0004A0-0004EF               50
                         000520-00056F               50
                         0005A0-0005EF               50
                         000620-00064F               30
        SFR0             000000-00001F               20           1
        SFR1             000080-00009F               20           1
        SFR10            000500-00051F               20           1
        SFR11            000580-00059F               20           1
        SFR12            000600-00061F               20           1
        SFR13            000680-0006EF               70           1
        SFR14            000700-00076F               70           1
        SFR15            000780-0007EF               70           1
        SFR16            000800-00086F               70           1
        SFR17            000880-0008EF               70           1
        SFR18            000900-00096F               70           1
        SFR19            000980-0009EF               70           1
        SFR2             000100-00011F               20           1
        SFR20            000A00-000A6F               70           1
        SFR21            000A80-000AEF               70           1
        SFR22            000B00-000B6F               70           1
        SFR23            000B80-000BEF               70           1
        SFR24            000C00-000C6F               70           1
        SFR25            000C80-000CEF               70           1
        SFR26            000D00-000D6F               70           1
        SFR27            000D80-000DEF               70           1
        SFR28            000E00-000E6F               70           1
        SFR29            000E80-000EEF               70           1
        SFR3             000180-00019F               20           1
        SFR30            000F00-000F6F               70           1
        SFR31            000F80-000FEF               70           1
        SFR4             000200-00021F               20           1
        SFR5             000280-00029F               20           1
        SFR6             000300-00031F               20           1
        SFR7             000380-00039F               20           1
        SFR8             000400-00041F               20           1
        SFR9             000480-00049F               20           1
        STACK            0020C0-0023EF              330           1
        STRCODE          001828-001A1D              1F6           2
        STRING           001828-001A1D              100           2

                                  Symbol Table

?_MTOUCH_Sensor_RawSample_Get                cstackCOMMON 000074
?__Umul8_16                                  cstackCOMMON 000070
?___fladd                                    cstackCOMMON 000070
?___fldiv                                    cstackBANK0  000035
?___flmul                                    cstackBANK0  000020
?___flsub                                    cstackBANK0  00004F
?___fltol                                    cstackBANK0  00004F
?_abs                                        cstackCOMMON 000070
BothTouchesDetection@i                       cstackBANK0  000067
BothTouchesDetection@i_1641                  cstackBANK0  000068
Button_Baseline_Initialize@button            cstackCOMMON 00007C
Button_Baseline_Update@button                cstackCOMMON 000076
Button_DefaultCallback@button                cstackCOMMON 000070
Button_Deviation_Update@button               cstackBANK0  000020
Button_Deviation_Update@deviation            cstackBANK0  000021
Button_Reading_Update@button                 cstackCOMMON 00007B
Button_Reading_Update_Helper@button          cstackCOMMON 00007A
Button_Service@button                        cstackBANK0  000028
Button_Service@name                          cstackBANK0  000027
Button_State_Initializing@button             cstackCOMMON 00007D
Button_State_NotPressed@button               cstackCOMMON 00007D
Button_State_Pressed@button                  cstackCOMMON 00007D
Button_Tick_helper@button                    cstackCOMMON 000072
IOCAF2_SetInterruptHandler@InterruptHandler  cstackCOMMON 000070
MTOUCH_Button_Initialize@button              cstackCOMMON 000073
MTOUCH_Button_Initialize@name                cstackCOMMON 000072
MTOUCH_Button_InitializeAll@button           cstackCOMMON 00007B
MTOUCH_Button_ServiceAll@button              cstackBANK0  00002A
MTOUCH_Button_Tick@i                         cstackCOMMON 000074
MTOUCH_Button_isPressed@name                 cstackCOMMON 000071
MTOUCH_Delay@i                               cstackCOMMON 000071
MTOUCH_Random@seed                           bssBANK0     00006F
MTOUCH_Sensor_Enable@sensor                  cstackCOMMON 000075
MTOUCH_Sensor_Initialize@sensor              cstackCOMMON 000077
MTOUCH_Sensor_InitializeAll@sensor           cstackCOMMON 000079
MTOUCH_Sensor_RawSample_Get@name             cstackCOMMON 000077
MTOUCH_Sensor_SampleAll@sensor               cstackBANK0  000029
MTOUCH_Sensor_Sampled_ResetAll@sensor        cstackCOMMON 000072
MTOUCH_Sensor_wasSampled@sensor              cstackCOMMON 000075
Sensor_Acq_ExecutePacket@ADCON0_temp         cstackCOMMON 000079
Sensor_Acq_ExecutePacket@ADCON1_temp         cstackCOMMON 00007A
Sensor_Acq_ExecutePacket@GIE_state           cstackCOMMON 00007B
Sensor_Acq_ExecutePacket@error               cstackCOMMON 00007C
Sensor_Acq_ExecutePacket@sensor              cstackCOMMON 00007D
Sensor_Acq_ExecuteScan@result                cstackCOMMON 000076
Sensor_Acquisition@retry                     cstackBANK0  000021
Sensor_Acquisition@sensor                    cstackBANK0  000022
Sensor_DefaultCallback@sensor                cstackCOMMON 000070
Sensor_RawSample_Update@sensor               cstackCOMMON 000070
Sensor_Sampled_Reset@sensor                  cstackCOMMON 000070
Sensor_Service@error                         cstackBANK0  000026
Sensor_Service@name                          cstackBANK0  000025
Sensor_Service@sensor                        cstackBANK0  000027
Sensor_isEnabled@sensor                      cstackCOMMON 000070
Sensor_setActive@sensor                      cstackCOMMON 000070
Sensor_setInactive@sensor                    cstackCOMMON 000070
Sensor_setSampled@sensor                     cstackCOMMON 000070
Sensor_setScanFunction@sensor                cstackCOMMON 000070
SetDimmer@TRIAC_off_duration_ms              cstackBANK0  00005E
SetDimmer@dim_percentage                     cstackBANK0  00005A
StartHeater@status_flag                      cstackBANK0  000064
StartStop_AlarmLED@OnOff                     cstackCOMMON 000070
StartStop_AlarmLED_Blink@OnOff               cstackCOMMON 000070
StartStop_Buzzer@OnOff                       cstackCOMMON 000070
StartStop_Dimmer@OnOff                       cstackBANK0  000062
StartStop_Fan@OnOff                          cstackCOMMON 000070
StartTouchDetection@i                        cstackBANK0  000067
StopTouchDetection@i                         cstackBANK0  000067
TMR2_Drive_TRIAC_isr@counter_tmr2            bssBANK1     0000C4
TMR2_SetInterruptHandler@InterruptHandler    cstackCOMMON 000070
TMR4_SetInterruptHandler@InterruptHandler    cstackCOMMON 000070
TMR4_Wroking_Blink_AlarmLED_isr@counter_tmr4 bssBANK1     0000C2
TMR6_SetInterruptHandler@InterruptHandler    cstackCOMMON 000070
_ADCON0                                      (abs)        00009D
_ADCON0bits                                  (abs)        00009D
_ADCON1                                      (abs)        00009E
_ADRES                                       (abs)        00009B
_ANSELA                                      (abs)        00018C
_ANSELB                                      (abs)        00018D
_ANSELC                                      (abs)        00018E
_APFCON0                                     (abs)        00011D
_APFCON1                                     (abs)        00011E
_BORCON                                      (abs)        000116
_BothTouchesDetection                        text16       000800
_Button_Baseline_Initialize                  text75       001ED9
_Button_Baseline_Update                      text74       001398
_Button_DefaultCallback                      text73       001A22
_Button_Deviation_Update                     text80       001309
_Button_Reading_Update                       text76       001B28
_Button_Reading_Update_Helper                text77       001FAF
_Button_Service                              text65       0010F0
_Button_StateMachine                         dataBANK1    0000A0
_Button_State_Initializing                   text69       00078C
_Button_State_NotPressed                     text68       001429
_Button_State_Pressed                        text70       0011AD
_Button_Tick_helper                          text35       001E82
_DimmerStatusFlag_g                          bssBANK0     000069
_GIE                                         (abs)        00005F
_INTCONbits                                  (abs)        00000B
_INTERRUPT_InterruptManager                  intentry     000004
_IOCAF2_DefaultInterruptHandler              text95       001A1E
_IOCAF2_ISR                                  text94       001ABD
_IOCAF2_InterruptHandler                     nvBANK1      0000D4
_IOCAF2_SetInterruptHandler                  text12       001A45
_IOCAFbits                                   (abs)        000393
_IOCANbits                                   (abs)        000392
_IOCAPbits                                   (abs)        000391
_Init_Function                               text14       001C25
_LATA                                        (abs)        00010C
_LATB                                        (abs)        00010D
_LATC                                        (abs)        00010E
_LATCbits                                    (abs)        00010E
_MTOUCH_Button_Initialize                    text71       001006
_MTOUCH_Button_InitializeAll                 text62       001CD5
_MTOUCH_Button_ServiceAll                    text64       001B4A
_MTOUCH_Button_Tick                          text34       001C3C
_MTOUCH_Button_isPressed                     text81       001D0E
_MTOUCH_CVD_ScanA_0                          text51       001D6A
_MTOUCH_CVD_ScanA_1                          text52       001D4A
_MTOUCH_CVD_ScanB_0                          text49       001DAA
_MTOUCH_CVD_ScanB_1                          text50       001D8A
_MTOUCH_Delay                                text54       001B80
_MTOUCH_Initialize                           text55       0007F2
_MTOUCH_Random                               text53       001BE2
_MTOUCH_Sensor_Calibrate                     text72       001A23
_MTOUCH_Sensor_Enable                        text61       001BB9
_MTOUCH_Sensor_Initialize                    text59       001B5C
_MTOUCH_Sensor_InitializeAll                 text58       001B08
_MTOUCH_Sensor_RawSample_Get                 text78       001C6C
_MTOUCH_Sensor_SampleAll                     text36       001CA0
_MTOUCH_Sensor_Sampled_ResetAll              text57       001D2C
_MTOUCH_Sensor_Scan_Initialize               text56       001A3A
_MTOUCH_Sensor_isCalibrated                  text67       001A24
_MTOUCH_Sensor_wasSampled                    text66       001C0E
_MTOUCH_Service_Mainloop                     text31       001E58
_MTOUCH_Tick                                 text33       001A32
_MTOUCH_needReburst                          text32       000002
_OPTION_REGbits                              (abs)        000095
_OSCCON                                      (abs)        000099
_OSCILLATOR_Initialize                       text13       001A7F
_OSCTUNE                                     (abs)        000098
_PIE1bits                                    (abs)        000091
_PIE3bits                                    (abs)        000093
_PIN_MANAGER_IOC                             text93       001A86
_PIN_MANAGER_Initialize                      text11       001E2F
_PIR1bits                                    (abs)        000011
_PIR3bits                                    (abs)        000013
_PORTCbits                                   (abs)        00000E
_PR2                                         (abs)        00001B
_PR4                                         (abs)        000416
_PR6                                         (abs)        00041D
_SYSTEM_Initialize                           text3        001BF8
_Sensor_Acq_ExecutePacket                    text46       001096
_Sensor_Acq_ExecuteScan                      text48       00114B
_Sensor_Acquisition                          text41       001F65
_Sensor_DefaultCallback                      text40       0007FF
_Sensor_RawSample_Update                     text39       001CBA
_Sensor_Sampled_Reset                        text60       001A63
_Sensor_Service                              text37       00103D
_Sensor_isEnabled                            text45       001AF9
_Sensor_scanA                                dataBANK1    0000AC
_Sensor_scanB                                dataBANK1    0000AA
_Sensor_setActive                            text44       001A6A
_Sensor_setInactive                          text43       001A71
_Sensor_setSampled                           text38       001A78
_Sensor_setScanFunction                      text47       001B6E
_SetDimmer                                   text24       001288
_StartHeater                                 text23       00006C
_StartStop_AlarmLED                          text15       001AB1
_StartStop_AlarmLED_Blink                    text20       001B18
_StartStop_Buzzer                            text19       001A99
_StartStop_Dimmer                            text18       001C54
_StartStop_Fan                               text17       001AA5
_StartTouchDetection                         text2        0014D2
_StopTouchDetection                          text1        00158F
_T2CON                                       (abs)        00001C
_T2CONbits                                   (abs)        00001C
_T4CON                                       (abs)        000417
_T4CONbits                                   (abs)        000417
_T6CON                                       (abs)        00041E
_T6CONbits                                   (abs)        00041E
_TMR2                                        (abs)        00001A
_TMR2_DefaultInterruptHandler                text90       001A1F
_TMR2_Drive_TRIAC_isr                        text91       001EAD
_TMR2_ISR                                    text89       001ACC
_TMR2_Initialize                             text9        001B39
_TMR2_InterruptHandler                       nvBANK1      0000D2
_TMR2_SetInterruptHandler                    text10       001A4B
_TMR2_StartTimer                             text97       001A26
_TMR2_StopTimer                              text92       001A29
_TMR4                                        (abs)        000415
_TMR4_DefaultInterruptHandler                text87       001A20
_TMR4_ISR                                    text86       001ADB
_TMR4_Initialize                             text7        001B93
_TMR4_InterruptHandler                       nvBANK1      0000D0
_TMR4_SetInterruptHandler                    text8        001A51
_TMR4_StartTimer                             text22       001A2C
_TMR4_StopTimer                              text21       001A2F
_TMR4_Wroking_Blink_AlarmLED_isr             text88       001CF1
_TMR6                                        (abs)        00041C
_TMR6_DefaultInterruptHandler                text84       001A21
_TMR6_ISR                                    text83       001AEA
_TMR6_Initialize                             text5        001BA6
_TMR6_InterruptHandler                       nvBANK1      0000CE
_TMR6_SetInterruptHandler                    text6        001A57
_TMR6_long_press_duration_isr                text85       001A3F
_TRISA                                       (abs)        00008C
_TRISB                                       (abs)        00008D
_TRISC                                       (abs)        00008E
_WDTCON                                      (abs)        000097
_WDT_Initialize                              text4        001A36
_WPUA                                        (abs)        00020C
_WPUB                                        (abs)        00020D
_WPUC                                        (abs)        00020E
_Zero_Detection_isr                          text96       001A8F
__Habs1                                      abs1         000000
__Hbank0                                     bank0        000000
__Hbank1                                     bank1        000000
__Hbank10                                    bank10       000000
__Hbank11                                    bank11       000000
__Hbank12                                    bank12       000000
__Hbank13                                    bank13       000000
__Hbank14                                    bank14       000000
__Hbank15                                    bank15       000000
__Hbank16                                    bank16       000000
__Hbank17                                    bank17       000000
__Hbank18                                    bank18       000000
__Hbank19                                    bank19       000000
__Hbank2                                     bank2        000000
__Hbank20                                    bank20       000000
__Hbank21                                    bank21       000000
__Hbank22                                    bank22       000000
__Hbank23                                    bank23       000000
__Hbank24                                    bank24       000000
__Hbank25                                    bank25       000000
__Hbank26                                    bank26       000000
__Hbank27                                    bank27       000000
__Hbank28                                    bank28       000000
__Hbank29                                    bank29       000000
__Hbank3                                     bank3        000000
__Hbank30                                    bank30       000000
__Hbank31                                    bank31       000000
__Hbank4                                     bank4        000000
__Hbank5                                     bank5        000000
__Hbank6                                     bank6        000000
__Hbank7                                     bank7        000000
__Hbank8                                     bank8        000000
__Hbank9                                     bank9        000000
__Hbigram                                    bigram       000000
__HbssBANK0                                  bssBANK0     000000
__HbssBANK1                                  bssBANK1     000000
__HbssBANK2                                  bssBANK2     000000
__Hcinit                                     cinit        00006C
__Hclrtext                                   clrtext      000000
__Hcode                                      code         000000
__Hcommon                                    common       000000
__Hconfig                                    config       008009
__HcstackBANK0                               cstackBANK0  000000
__HcstackCOMMON                              cstackCOMMON 000000
__HdataBANK1                                 dataBANK1    000000
__Heeprom_data                               eeprom_data  000000
__Hend_init                                  end_init     000044
__Hfunctab                                   functab      000000
__HidataBANK1                                idataBANK1   000000
__Hidloc                                     idloc        008004
__Hinit                                      init         000042
__Hinittext                                  inittext     000000
__Hintentry                                  intentry     000042
__Hmaintext                                  maintext     000000
__HnvBANK1                                   nvBANK1      000000
__Hpowerup                                   powerup      000000
__Hram                                       ram          000000
__Hreset_vec                                 reset_vec    000002
__Hsfr0                                      sfr0         000000
__Hsfr1                                      sfr1         000000
__Hsfr10                                     sfr10        000000
__Hsfr11                                     sfr11        000000
__Hsfr12                                     sfr12        000000
__Hsfr13                                     sfr13        000000
__Hsfr14                                     sfr14        000000
__Hsfr15                                     sfr15        000000
__Hsfr16                                     sfr16        000000
__Hsfr17                                     sfr17        000000
__Hsfr18                                     sfr18        000000
__Hsfr19                                     sfr19        000000
__Hsfr2                                      sfr2         000000
__Hsfr20                                     sfr20        000000
__Hsfr21                                     sfr21        000000
__Hsfr22                                     sfr22        000000
__Hsfr23                                     sfr23        000000
__Hsfr24                                     sfr24        000000
__Hsfr25                                     sfr25        000000
__Hsfr26                                     sfr26        000000
__Hsfr27                                     sfr27        000000
__Hsfr28                                     sfr28        000000
__Hsfr29                                     sfr29        000000
__Hsfr3                                      sfr3         000000
__Hsfr30                                     sfr30        000000
__Hsfr31                                     sfr31        000000
__Hsfr4                                      sfr4         000000
__Hsfr5                                      sfr5         000000
__Hsfr6                                      sfr6         000000
__Hsfr7                                      sfr7         000000
__Hsfr8                                      sfr8         000000
__Hsfr9                                      sfr9         000000
__Hspace_0                                   (abs)        002000
__Hspace_1                                   (abs)        000140
__Hspace_2                                   (abs)        000000
__Hspace_3                                   (abs)        000000
__Hspace_4                                   (abs)        010010
__Hstack                                     stack        000000
__Hstrings                                   strings      000000
__Hstringtext1                               stringtext1  000000
__Hstringtext2                               stringtext2  000000
__Hstringtext3                               stringtext3  000000
__Htext                                      text         000000
__Labs1                                      abs1         000000
__Lbank0                                     bank0        000000
__Lbank1                                     bank1        000000
__Lbank10                                    bank10       000000
__Lbank11                                    bank11       000000
__Lbank12                                    bank12       000000
__Lbank13                                    bank13       000000
__Lbank14                                    bank14       000000
__Lbank15                                    bank15       000000
__Lbank16                                    bank16       000000
__Lbank17                                    bank17       000000
__Lbank18                                    bank18       000000
__Lbank19                                    bank19       000000
__Lbank2                                     bank2        000000
__Lbank20                                    bank20       000000
__Lbank21                                    bank21       000000
__Lbank22                                    bank22       000000
__Lbank23                                    bank23       000000
__Lbank24                                    bank24       000000
__Lbank25                                    bank25       000000
__Lbank26                                    bank26       000000
__Lbank27                                    bank27       000000
__Lbank28                                    bank28       000000
__Lbank29                                    bank29       000000
__Lbank3                                     bank3        000000
__Lbank30                                    bank30       000000
__Lbank31                                    bank31       000000
__Lbank4                                     bank4        000000
__Lbank5                                     bank5        000000
__Lbank6                                     bank6        000000
__Lbank7                                     bank7        000000
__Lbank8                                     bank8        000000
__Lbank9                                     bank9        000000
__Lbigram                                    bigram       000000
__LbssBANK0                                  bssBANK0     000000
__LbssBANK1                                  bssBANK1     000000
__LbssBANK2                                  bssBANK2     000000
__Lcinit                                     cinit        000044
__Lclrtext                                   clrtext      000000
__Lcode                                      code         000000
__Lcommon                                    common       000000
__Lconfig                                    config       000000
__LcstackBANK0                               cstackBANK0  000000
__LcstackCOMMON                              cstackCOMMON 000000
__LdataBANK1                                 dataBANK1    000000
__Leeprom_data                               eeprom_data  000000
__Lend_init                                  end_init     000042
__Lfunctab                                   functab      000000
__LidataBANK1                                idataBANK1   000000
__Lidloc                                     idloc        000000
__Linit                                      init         000042
__Linittext                                  inittext     000000
__Lintentry                                  intentry     000004
__Lmaintext                                  maintext     000000
__LnvBANK1                                   nvBANK1      000000
__Lpowerup                                   powerup      000000
__Lram                                       ram          000000
__Lreset_vec                                 reset_vec    000000
__Lsfr0                                      sfr0         000000
__Lsfr1                                      sfr1         000000
__Lsfr10                                     sfr10        000000
__Lsfr11                                     sfr11        000000
__Lsfr12                                     sfr12        000000
__Lsfr13                                     sfr13        000000
__Lsfr14                                     sfr14        000000
__Lsfr15                                     sfr15        000000
__Lsfr16                                     sfr16        000000
__Lsfr17                                     sfr17        000000
__Lsfr18                                     sfr18        000000
__Lsfr19                                     sfr19        000000
__Lsfr2                                      sfr2         000000
__Lsfr20                                     sfr20        000000
__Lsfr21                                     sfr21        000000
__Lsfr22                                     sfr22        000000
__Lsfr23                                     sfr23        000000
__Lsfr24                                     sfr24        000000
__Lsfr25                                     sfr25        000000
__Lsfr26                                     sfr26        000000
__Lsfr27                                     sfr27        000000
__Lsfr28                                     sfr28        000000
__Lsfr29                                     sfr29        000000
__Lsfr3                                      sfr3         000000
__Lsfr30                                     sfr30        000000
__Lsfr31                                     sfr31        000000
__Lsfr4                                      sfr4         000000
__Lsfr5                                      sfr5         000000
__Lsfr6                                      sfr6         000000
__Lsfr7                                      sfr7         000000
__Lsfr8                                      sfr8         000000
__Lsfr9                                      sfr9         000000
__Lspace_0                                   (abs)        000000
__Lspace_1                                   (abs)        000000
__Lspace_2                                   (abs)        000000
__Lspace_3                                   (abs)        000000
__Lspace_4                                   (abs)        000000
__Lstack                                     stack        000000
__Lstrings                                   strings      000000
__Lstringtext1                               stringtext1  000000
__Lstringtext2                               stringtext2  000000
__Lstringtext3                               stringtext3  000000
__Ltext                                      text         000000
__S0                                         (abs)        002000
__S1                                         (abs)        000140
__S2                                         (abs)        000000
__S3                                         (abs)        000000
__Umul8_16                                   text29       001E0C
__Umul8_16@multiplicand                      cstackCOMMON 000070
__Umul8_16@multiplier                        cstackCOMMON 000078
__Umul8_16@product                           cstackCOMMON 000074
__Umul8_16@word_mpld                         cstackCOMMON 000076
___bmul                                      text79       001BCD
___bmul@multiplicand                         cstackCOMMON 000070
___bmul@multiplier                           cstackCOMMON 000073
___bmul@product                              cstackCOMMON 000072
___fladd                                     text27       0008FC
___fladd@a                                   cstackCOMMON 000074
___fladd@aexp                                cstackCOMMON 000079
___fladd@b                                   cstackCOMMON 000070
___fladd@bexp                                cstackCOMMON 00007A
___fladd@grs                                 cstackCOMMON 00007B
___fladd@signs                               cstackCOMMON 000078
___fldiv                                     text30       00164C
___fldiv@a                                   cstackBANK0  000035
___fldiv@aexp                                cstackBANK0  00004E
___fldiv@b                                   cstackBANK0  000039
___fldiv@bexp                                cstackBANK0  00004D
___fldiv@grs                                 cstackBANK0  000049
___fldiv@new_exp                             cstackBANK0  000047
___fldiv@rem                                 cstackBANK0  000042
___fldiv@sign                                cstackBANK0  000046
___flmul                                     text28       000535
___flmul@a                                   cstackBANK0  000024
___flmul@aexp                                cstackBANK0  00002D
___flmul@b                                   cstackBANK0  000020
___flmul@bexp                                cstackBANK0  00002E
___flmul@grs                                 cstackBANK0  000029
___flmul@prod                                cstackBANK0  00002F
___flmul@sign                                cstackBANK0  000028
___flmul@temp                                cstackBANK0  000033
___flsub                                     text26       001DCA
___flsub@a                                   cstackBANK0  00004F
___flsub@b                                   cstackBANK0  000053
___fltol                                     text25       001213
___fltol@exp1                                cstackBANK0  000059
___fltol@f1                                  cstackBANK0  00004F
___fltol@sign1                               cstackBANK0  000058
___int_sp                                    stack        000000
___latbits                                   (abs)        000002
___sp                                        stack        000000
___stackhi                                   (abs)        0023EF
___stacklo                                   (abs)        0020C0
__end_of_BothTouchesDetection                text16       0008FC
__end_of_Button_Baseline_Initialize          text75       001F06
__end_of_Button_Baseline_Update              text74       001429
__end_of_Button_DefaultCallback              text73       001A23
__end_of_Button_Deviation_Update             text80       001398
__end_of_Button_Reading_Update               text76       001B39
__end_of_Button_Reading_Update_Helper        text77       002000
__end_of_Button_Service                      text65       00114B
__end_of_Button_State_Initializing           text69       0007F2
__end_of_Button_State_NotPressed             text68       0014D2
__end_of_Button_State_Pressed                text70       001213
__end_of_Button_Tick_helper                  text35       001EAD
__end_of_HalfCycleACDuration_const           stringtext3  001828
__end_of_INTERRUPT_InterruptManager          intentry     000042
__end_of_IOCAF2_DefaultInterruptHandler      text95       001A1F
__end_of_IOCAF2_ISR                          text94       001ACC
__end_of_IOCAF2_SetInterruptHandler          text12       001A4B
__end_of_Init_Function                       text14       001C3C
__end_of_MTOUCH_Button_Initialize            text71       00103D
__end_of_MTOUCH_Button_InitializeAll         text62       001CF1
__end_of_MTOUCH_Button_ServiceAll            text64       001B5C
__end_of_MTOUCH_Button_Tick                  text34       001C54
__end_of_MTOUCH_Button_isPressed             text81       001D2C
__end_of_MTOUCH_CVD_ScanA_0                  text51       001D8A
__end_of_MTOUCH_CVD_ScanA_1                  text52       001D6A
__end_of_MTOUCH_CVD_ScanB_0                  text49       001DCA
__end_of_MTOUCH_CVD_ScanB_1                  text50       001DAA
__end_of_MTOUCH_Delay                        text54       001B93
__end_of_MTOUCH_Initialize                   text55       0007FF
__end_of_MTOUCH_Random                       text53       001BF8
__end_of_MTOUCH_Sensor_Calibrate             text72       001A24
__end_of_MTOUCH_Sensor_Enable                text61       001BCD
__end_of_MTOUCH_Sensor_Initialize            text59       001B6E
__end_of_MTOUCH_Sensor_InitializeAll         text58       001B18
__end_of_MTOUCH_Sensor_RawSample_Get         text78       001C86
__end_of_MTOUCH_Sensor_SampleAll             text36       001CBA
__end_of_MTOUCH_Sensor_Sampled_ResetAll      text57       001D4A
__end_of_MTOUCH_Sensor_Scan_Initialize       text56       001A3F
__end_of_MTOUCH_Sensor_isCalibrated          text67       001A26
__end_of_MTOUCH_Sensor_wasSampled            text66       001C25
__end_of_MTOUCH_Service_Mainloop             text31       001E82
__end_of_MTOUCH_Tick                         text33       001A36
__end_of_MTOUCH_needReburst                  text32       000004
__end_of_OSCILLATOR_Initialize               text13       001A86
__end_of_PIN_MANAGER_IOC                     text93       001A8F
__end_of_PIN_MANAGER_Initialize              text11       001E58
__end_of_SYSTEM_Initialize                   text3        001C0E
__end_of_Sensor_Acq_ExecutePacket            text46       0010F0
__end_of_Sensor_Acq_ExecuteScan              text48       0011AD
__end_of_Sensor_Acquisition                  text41       001FAF
__end_of_Sensor_DefaultCallback              text40       000800
__end_of_Sensor_RawSample_Update             text39       001CD5
__end_of_Sensor_Sampled_Reset                text60       001A6A
__end_of_Sensor_Service                      text37       001096
__end_of_Sensor_isEnabled                    text45       001B08
__end_of_Sensor_setActive                    text44       001A71
__end_of_Sensor_setInactive                  text43       001A78
__end_of_Sensor_setSampled                   text38       001A7F
__end_of_Sensor_setScanFunction              text47       001B80
__end_of_SetDimmer                           text24       001309
__end_of_StartHeater                         text23_split_1 001000
__end_of_StartStop_AlarmLED                  text15       001ABD
__end_of_StartStop_AlarmLED_Blink            text20       001B28
__end_of_StartStop_Buzzer                    text19       001AA5
__end_of_StartStop_Dimmer                    text18       001C6C
__end_of_StartStop_Fan                       text17       001AB1
__end_of_StartTouchDetection                 text2        00158F
__end_of_StopTouchDetection                  text1        00164C
__end_of_TMR2_DefaultInterruptHandler        text90       001A20
__end_of_TMR2_Drive_TRIAC_isr                text91       001ED9
__end_of_TMR2_ISR                            text89       001ADB
__end_of_TMR2_Initialize                     text9        001B4A
__end_of_TMR2_SetInterruptHandler            text10       001A51
__end_of_TMR2_StartTimer                     text97       001A29
__end_of_TMR2_StopTimer                      text92       001A2C
__end_of_TMR2_Timer_Period_const             stringtext1  001824
__end_of_TMR4_DefaultInterruptHandler        text87       001A21
__end_of_TMR4_ISR                            text86       001AEA
__end_of_TMR4_Initialize                     text7        001BA6
__end_of_TMR4_SetInterruptHandler            text8        001A57
__end_of_TMR4_StartTimer                     text22       001A2F
__end_of_TMR4_StopTimer                      text21       001A32
__end_of_TMR4_Wroking_Blink_AlarmLED_isr     text88       001D0E
__end_of_TMR6_DefaultInterruptHandler        text84       001A22
__end_of_TMR6_ISR                            text83       001AF9
__end_of_TMR6_Initialize                     text5        001BB9
__end_of_TMR6_SetInterruptHandler            text6        001A5D
__end_of_TMR6_long_press_duration_isr        text85       001A45
__end_of_WDT_Initialize                      text4        001A3A
__end_of_Zero_Detection_isr                  text96       001A99
__end_of__Umul8_16                           text29       001E2F
__end_of___bmul                              text79       001BE2
__end_of___fladd                             text27       000B3B
__end_of___fldiv                             text30       001800
__end_of___flmul                             text28       00078C
__end_of___flsub                             text26       001DEA
__end_of___fltol                             text25       001288
__end_of__initialization                     cinit        000068
__end_of_abs                                 text42       001CA0
__end_of_main                                maintext     001F65
__end_of_memcpy                              text63       001F35
__end_of_mtouch_button_init                  stringtext2  001820
__initialization                             cinit        000044
__pbssBANK0                                  bssBANK0     000069
__pbssBANK1                                  bssBANK1     0000C2
__pbssBANK2                                  bssBANK2     000120
__pcstackBANK0                               cstackBANK0  000020
__pcstackCOMMON                              cstackCOMMON 000070
__pdataBANK1                                 dataBANK1    0000A0
__pidataBANK1                                idataBANK1   001DEA
__pintentry                                  intentry     000004
__pmaintext                                  maintext     001F35
__pnvBANK1                                   nvBANK1      0000CE
__pstringtext1                               stringtext1  001820
__pstringtext2                               stringtext2  001800
__pstringtext3                               stringtext3  001824
__ptext1                                     text1        00158F
__ptext10                                    text10       001A4B
__ptext11                                    text11       001E2F
__ptext12                                    text12       001A45
__ptext13                                    text13       001A7F
__ptext14                                    text14       001C25
__ptext15                                    text15       001AB1
__ptext16                                    text16       000800
__ptext17                                    text17       001AA5
__ptext18                                    text18       001C54
__ptext19                                    text19       001A99
__ptext2                                     text2        0014D2
__ptext20                                    text20       001B18
__ptext21                                    text21       001A2F
__ptext22                                    text22       001A2C
__ptext23                                    text23       00006C
__ptext24                                    text24       001288
__ptext25                                    text25       001213
__ptext26                                    text26       001DCA
__ptext27                                    text27       0008FC
__ptext28                                    text28       000535
[...]
      Params:         0       0       0       0       0       0       0       0       0       0       0       0       0       0
      Locals:         0       0       0       0       0       0       0       0       0       0       0       0       0       0
      Temps:          0       0       0       0       0       0       0       0       0       0       0       0       0       0
      Totals:         0       0       0       0       0       0       0       0       0       0       0       0       0       0
Total ram usage:        0 bytes
 Hardware stack levels used:    1
 This function calls:
		Nothing
 This function is called by:
		_main
		_TMR4_ISR
 This function uses a non-reentrant model


 *************** function _TMR2_ISR *****************
 Defined at:
		line 119 in file "mcc_generated_files/tmr2.c"
 Parameters:    Size  Location     Type
		None
 Auto vars:     Size  Location     Type
		None
 Return value:  Size  Location     Type
                  1    wreg      void 
 Registers used:
		wreg, status,2, status,0, pclath, cstack
 Tracked objects:
		On entry : 
		On exit  : 
		Unchanged: 
 Data sizes:     COMMON   BANK0   BANK1   BANK2   BANK3   BANK4   BANK5   BANK6   BANK7   BANK8   BANK9  BANK10  BANK11  BANK12
      Params:         0       0       0       0       0       0       0       0       0       0       0       0       0       0
      Locals:         0       0       0       0       0       0       0       0       0       0       0       0       0       0
      Temps:          0       0       0       0       0       0       0       0       0       0       0       0       0       0
      Totals:         0       0       0       0       0       0       0       0       0       0       0       0       0       0
Total ram usage:        0 bytes
 Hardware stack levels used:    1
 Hardware stack levels required when called:    2
 This function calls:
		Absolute function
		_TMR2_DefaultInterruptHandler
		_TMR2_Drive_TRIAC_isr
 This function is called by:
		_INTERRUPT_InterruptManager
 This function uses a non-reentrant model


 *************** function _TMR2_DefaultInterruptHandler *****************
 Defined at:
		line 136 in file "mcc_generated_files/tmr2.c"
 Parameters:    Size  Location     Type
		None
 Auto vars:     Size  Location     Type
		None
 Return value:  Size  Location     Type
                  1    wreg      void 
 Registers used:
		None
 Tracked objects:
		On entry : 
		On exit  : 
		Unchanged: 
 Data sizes:     COMMON   BANK0   BANK1   BANK2   BANK3   BANK4   BANK5   BANK6   BANK7   BANK8   BANK9  BANK10  BANK11  BANK12
      Params:         0       0       0       0       0       0       0       0       0       0       0       0       0       0
      Locals:         0       0       0       0       0       0       0       0       0       0       0       0       0       0
      Temps:          0       0       0       0       0       0       0       0       0       0       0       0       0       0
      Totals:         0       0       0       0       0       0       0       0       0       0       0       0       0       0
Total ram usage:        0 bytes
 Hardware stack levels used:    1
 This function calls:
		Nothing
 This function is called by:
		_TMR2_Initialize
		_TMR2_ISR
 This function uses a non-reentrant model


 *************** function _TMR2_Drive_TRIAC_isr *****************
 Defined at:
		line 110 in file "main.c"
 Parameters:    Size  Location     Type
		None
 Auto vars:     Size  Location     Type
		None
 Return value:  Size  Location     Type
                  1    wreg      void 
 Registers used:
		wreg, status,2, status,0, pclath, cstack
 Tracked objects:
		On entry : 
		On exit  : 
		Unchanged: 
 Data sizes:     COMMON   BANK0   BANK1   BANK2   BANK3   BANK4   BANK5   BANK6   BANK7   BANK8   BANK9  BANK10  BANK11  BANK12
      Params:         0       0       0       0       0       0       0       0       0       0       0       0       0       0
      Locals:         0       0       0       0       0       0       0       0       0       0       0       0       0       0
      Temps:          0       0       0       0       0       0       0       0       0       0       0       0       0       0
      Totals:         0       0       0       0       0       0       0       0       0       0       0       0       0       0
Total ram usage:        0 bytes
 Hardware stack levels used:    1
 Hardware stack levels required when called:    1
 This function calls:
		_TMR2_StopTimer
 This function is called by:
		_main
		_TMR2_ISR
 This function uses a non-reentrant model


 *************** function _TMR2_StopTimer *****************
 Defined at:
		line 93 in file "mcc_generated_files/tmr2.c"
 Parameters:    Size  Location     Type
		None
 Auto vars:     Size  Location     Type
		None
 Return value:  Size  Location     Type
                  1    wreg      void 
 Registers used:
		None
 Tracked objects:
		On entry : 
		On exit  : 
		Unchanged: 
 Data sizes:     COMMON   BANK0   BANK1   BANK2   BANK3   BANK4   BANK5   BANK6   BANK7   BANK8   BANK9  BANK10  BANK11  BANK12
      Params:         0       0       0       0       0       0       0       0       0       0       0       0       0       0
      Locals:         0       0       0       0       0       0       0       0       0       0       0       0       0       0
      Temps:          0       0       0       0       0       0       0       0       0       0       0       0       0       0
      Totals:         0       0       0       0       0       0       0       0       0       0       0       0       0       0
Total ram usage:        0 bytes
 Hardware stack levels used:    1
 This function calls:
		Nothing
 This function is called by:
		_TMR2_Drive_TRIAC_isr
 This function uses a non-reentrant model


 *************** function _PIN_MANAGER_IOC *****************
 Defined at:
		line 115 in file "mcc_generated_files/pin_manager.c"
 Parameters:    Size  Location     Type
		None
 Auto vars:     Size  Location     Type
		None
 Return value:  Size  Location     Type
                  1    wreg      void 
 Registers used:
		wreg, status,2, status,0, pclath, cstack
 Tracked objects:
		On entry : 
		On exit  : 
		Unchanged: 
 Data sizes:     COMMON   BANK0   BANK1   BANK2   BANK3   BANK4   BANK5   BANK6   BANK7   BANK8   BANK9  BANK10  BANK11  BANK12
      Params:         0       0       0       0       0       0       0       0       0       0       0       0       0       0
      Locals:         0       0       0       0       0       0       0       0       0       0       0       0       0       0
      Temps:          0       0       0       0       0       0       0       0       0       0       0       0       0       0
      Totals:         0       0       0       0       0       0       0       0       0       0       0       0       0       0
Total ram usage:        0 bytes
 Hardware stack levels used:    1
 Hardware stack levels required when called:    3
 This function calls:
		_IOCAF2_ISR
 This function is called by:
		_INTERRUPT_InterruptManager
 This function uses a non-reentrant model


 *************** function _IOCAF2_ISR *****************
 Defined at:
		line 127 in file "mcc_generated_files/pin_manager.c"
 Parameters:    Size  Location     Type
		None
 Auto vars:     Size  Location     Type
		None
 Return value:  Size  Location     Type
                  1    wreg      void 
 Registers used:
		wreg, status,2, status,0, pclath, cstack
 Tracked objects:
		On entry : 
		On exit  : 
		Unchanged: 
 Data sizes:     COMMON   BANK0   BANK1   BANK2   BANK3   BANK4   BANK5   BANK6   BANK7   BANK8   BANK9  BANK10  BANK11  BANK12
      Params:         0       0       0       0       0       0       0       0       0       0       0       0       0       0
      Locals:         0       0       0       0       0       0       0       0       0       0       0       0       0       0
      Temps:          0       0       0       0       0       0       0       0       0       0       0       0       0       0
      Totals:         0       0       0       0       0       0       0       0       0       0       0       0       0       0
Total ram usage:        0 bytes
 Hardware stack levels used:    1
 Hardware stack levels required when called:    2
 This function calls:
		Absolute function
		_IOCAF2_DefaultInterruptHandler
		_Zero_Detection_isr
 This function is called by:
		_PIN_MANAGER_IOC
 This function uses a non-reentrant model


 *************** function _IOCAF2_DefaultInterruptHandler *****************
 Defined at:
		line 149 in file "mcc_generated_files/pin_manager.c"
 Parameters:    Size  Location     Type
		None
 Auto vars:     Size  Location     Type
		None
 Return value:  Size  Location     Type
                  1    wreg      void 
 Registers used:
		None
 Tracked objects:
		On entry : 
		On exit  : 
		Unchanged: 
 Data sizes:     COMMON   BANK0   BANK1   BANK2   BANK3   BANK4   BANK5   BANK6   BANK7   BANK8   BANK9  BANK10  BANK11  BANK12
      Params:         0       0       0       0       0       0       0       0       0       0       0       0       0       0
      Locals:         0       0       0       0       0       0       0       0       0       0       0       0       0       0
      Temps:          0       0       0       0       0       0       0       0       0       0       0       0       0       0
      Totals:         0       0       0       0       0       0       0       0       0       0       0       0       0       0
Total ram usage:        0 bytes
 Hardware stack levels used:    1
 This function calls:
		Nothing
 This function is called by:
		_PIN_MANAGER_Initialize
		_IOCAF2_ISR
 This function uses a non-reentrant model


 *************** function _Zero_Detection_isr *****************
 Defined at:
		line 97 in file "main.c"
 Parameters:    Size  Location     Type
		None
 Auto vars:     Size  Location     Type
		None
 Return value:  Size  Location     Type
                  1    wreg      void 
 Registers used:
		wreg, status,2, status,0, pclath, cstack
 Tracked objects:
		On entry : 
		On exit  : 
		Unchanged: 
 Data sizes:     COMMON   BANK0   BANK1   BANK2   BANK3   BANK4   BANK5   BANK6   BANK7   BANK8   BANK9  BANK10  BANK11  BANK12
      Params:         0       0       0       0       0       0       0       0       0       0       0       0       0       0
      Locals:         0       0       0       0       0       0       0       0       0       0       0       0       0       0
      Temps:          0       0       0       0       0       0       0       0       0       0       0       0       0       0
      Totals:         0       0       0       0       0       0       0       0       0       0       0       0       0       0
Total ram usage:        0 bytes
 Hardware stack levels used:    1
 Hardware stack levels required when called:    1
 This function calls:
		_TMR2_StartTimer
 This function is called by:
		_main
		_IOCAF2_ISR
 This function uses a non-reentrant model


 *************** function _TMR2_StartTimer *****************
 Defined at:
		line 87 in file "mcc_generated_files/tmr2.c"
 Parameters:    Size  Location     Type
		None
 Auto vars:     Size  Location     Type
		None
 Return value:  Size  Location     Type
                  1    wreg      void 
 Registers used:
		None
 Tracked objects:
		On entry : 
		On exit  : 
		Unchanged: 
 Data sizes:     COMMON   BANK0   BANK1   BANK2   BANK3   BANK4   BANK5   BANK6   BANK7   BANK8   BANK9  BANK10  BANK11  BANK12
      Params:         0       0       0       0       0       0       0       0       0       0       0       0       0       0
      Locals:         0       0       0       0       0       0       0       0       0       0       0       0       0       0
      Temps:          0       0       0       0       0       0       0       0       0       0       0       0       0       0
      Totals:         0       0       0       0       0       0       0       0       0       0       0       0       0       0
Total ram usage:        0 bytes
 Hardware stack levels used:    1
 This function calls:
		Nothing
 This function is called by:
		_Zero_Detection_isr
 This function uses a non-reentrant model



MODULE INFORMATION

Module		Function		Class		Link	Load	Size
mcc_generated_files/mtouch/mtouch_button.c
		_Button_Deviation_Update		CODE           	1309	0000	143
		_MTOUCH_Button_isPressed		CODE           	1D0E	0000	30
		_MTOUCH_Button_Initialize		CODE           	1006	0000	55
		_Button_Tick_helper		CODE           	1E82	0000	43
		_MTOUCH_Button_InitializeAll		CODE           	1CD5	0000	28
		_Button_Baseline_Update		CODE           	1398	0000	145
		_Button_State_Pressed		CODE           	11AD	0000	102
		_Button_Reading_Update		CODE           	1B28	0000	17
		_Button_DefaultCallback		CODE           	1A22	0000	1
		_MTOUCH_Button_Tick		CODE           	1C3C	0000	24
		_Button_State_NotPressed		CODE           	1429	0000	169
		_Button_Reading_Update_Helper		CODE           	1FAF	0000	81
		_Button_Service		CODE           	10F0	0000	91
		_Button_State_Initializing		CODE           	078C	0000	102
		_MTOUCH_Button_ServiceAll		CODE           	1B4A	0000	18
		_Button_Baseline_Initialize		CODE           	1ED9	0000	45

mcc_generated_files/mtouch/mtouch_button.c estimated size: 1094

/opt/microchip/xc8/v2.31/pic/sources/c99/common/sprcdiv.c
		___fldiv       		CODE           	164C	0000	436

/opt/microchip/xc8/v2.31/pic/sources/c99/common/sprcdiv.c estimated size: 436

/opt/microchip/xc8/v2.31/pic/sources/c99/common/Umul8.c
		___bmul        		CODE           	1BCD	0000	21

/opt/microchip/xc8/v2.31/pic/sources/c99/common/Umul8.c estimated size: 21

mcc_generated_files/tmr6.c
		_TMR6_ISR      		CODE           	1AEA	0000	15
		_TMR6_Initialize		CODE           	1BA6	0000	19
		_TMR6_SetInterruptHandler		CODE           	1A57	0000	6
		_TMR6_DefaultInterruptHandler		CODE           	1A21	0000	1

mcc_generated_files/tmr6.c estimated size: 41

mcc_generated_files/tmr4.c
		_TMR4_ISR      		CODE           	1ADB	0000	15
		_TMR4_Initialize		CODE           	1B93	0000	19
		_TMR4_SetInterruptHandler		CODE           	1A51	0000	6
		_TMR4_StopTimer		CODE           	1A2F	0000	3
		_TMR4_DefaultInterruptHandler		CODE           	1A20	0000	1
		_TMR4_StartTimer		CODE           	1A2C	0000	3

mcc_generated_files/tmr4.c estimated size: 47

/opt/microchip/xc8/v2.31/pic/sources/c99/common/abs.c
		_abs           		CODE           	1C86	0000	26

/opt/microchip/xc8/v2.31/pic/sources/c99/common/abs.c estimated size: 26

mcc_generated_files/tmr2.c
		_TMR2_ISR      		CODE           	1ACC	0000	15
		_TMR2_Initialize		CODE           	1B39	0000	17
		_TMR2_SetInterruptHandler		CODE           	1A4B	0000	6
		_TMR2_StopTimer		CODE           	1A29	0000	3
		_TMR2_DefaultInterruptHandler		CODE           	1A1F	0000	1
		_TMR2_StartTimer		CODE           	1A26	0000	3

mcc_generated_files/tmr2.c estimated size: 45

mcc_generated_files/interrupt_manager.c
		_INTERRUPT_InterruptManager		CODE           	0004	0000	62

mcc_generated_files/interrupt_manager.c estimated size: 62

mcc_generated_files/mtouch/mtouch.c
		_MTOUCH_Tick   		CODE           	1A32	0000	4
		_MTOUCH_Initialize		CODE           	07F2	0000	13
		_MTOUCH_Service_Mainloop		CODE           	1E58	0000	42
		_MTOUCH_needReburst		CODE           	0002	0000	2

mcc_generated_files/mtouch/mtouch.c estimated size: 61

/opt/microchip/xc8/v2.31/pic/sources/c99/common/memcpy.c
		_memcpy        		CODE           	1F06	0000	47

/opt/microchip/xc8/v2.31/pic/sources/c99/common/memcpy.c estimated size: 47

mcc_generated_files/pin_manager.c
		_PIN_MANAGER_Initialize		CODE           	1E2F	0000	41
		_IOCAF2_DefaultInterruptHandler		CODE           	1A1E	0000	1
		_IOCAF2_ISR    		CODE           	1ABD	0000	15
		_PIN_MANAGER_IOC		CODE           	1A86	0000	9
		_IOCAF2_SetInterruptHandler		CODE           	1A45	0000	6

mcc_generated_files/pin_manager.c estimated size: 72

mcc_generated_files/mtouch/mtouch_sensor_scan.c
		_MTOUCH_CVD_ScanA_0		CODE           	1D6A	0000	32
		_MTOUCH_CVD_ScanB_0		CODE           	1DAA	0000	32
		_MTOUCH_CVD_ScanA_1		CODE           	1D4A	0000	32
		_MTOUCH_CVD_ScanB_1		CODE           	1D8A	0000	32

mcc_generated_files/mtouch/mtouch_sensor_scan.c estimated size: 128

/opt/microchip/xc8/v2.31/pic/sources/c99/common/sprcadd.c
		___flsub       		CODE           	1DCA	0000	32
		___fladd       		CODE           	08FC	0000	575

/opt/microchip/xc8/v2.31/pic/sources/c99/common/sprcadd.c estimated size: 607

shared
		_HalfCycleACDuration_const		STRCODE        	0000	0000	0
		_TMR2_Timer_Period_const		STRCODE        	0000	0000	0
		__initialization		CODE           	0044	0000	36
		_mtouch_button_init		STRCODE        	1800	0000	32

shared estimated size: 68

mcc_generated_files/mcc.c
		_WDT_Initialize		CODE           	1A36	0000	4
		_OSCILLATOR_Initialize		CODE           	1A7F	0000	7
		_SYSTEM_Initialize		CODE           	1BF8	0000	22

mcc_generated_files/mcc.c estimated size: 33

/opt/microchip/xc8/v2.31/pic/sources/c99/common/Umul8_16.c
		__Umul8_16     		CODE           	1E0C	0000	35

/opt/microchip/xc8/v2.31/pic/sources/c99/common/Umul8_16.c estimated size: 35

main.c
		_BothTouchesDetection		CODE           	0800	0000	252
		_StartTouchDetection		CODE           	14D2	0000	189
		_StartStop_AlarmLED_Blink		CODE           	1B18	0000	16
		_TMR6_long_press_duration_isr		CODE           	1A3F	0000	6
		_main          		CODE           	1F35	0000	48
		_TMR2_Drive_TRIAC_isr		CODE           	1EAD	0000	44
		_TMR4_Wroking_Blink_AlarmLED_isr		CODE           	1CF1	0000	29
		_SetDimmer     		CODE           	1288	0000	129
		_StartHeater   		CODE           	006C	0000	2446
		_Zero_Detection_isr		CODE           	1A8F	0000	10
		_StopTouchDetection		CODE           	158F	0000	189
		_Init_Function 		CODE           	1C25	0000	23
		_StartStop_Fan 		CODE           	1AA5	0000	12
		_StartStop_Dimmer		CODE           	1C54	0000	24
		_StartStop_AlarmLED		CODE           	1AB1	0000	12
		_StartStop_Buzzer		CODE           	1A99	0000	12

main.c estimated size: 3441

mcc_generated_files/mtouch/mtouch_random.c
		_MTOUCH_Random 		CODE           	1BE2	0000	22

mcc_generated_files/mtouch/mtouch_random.c estimated size: 22

/opt/microchip/xc8/v2.31/pic/sources/c99/common/fltol.c
		___fltol       		CODE           	1213	0000	117

/opt/microchip/xc8/v2.31/pic/sources/c99/common/fltol.c estimated size: 117

mcc_generated_files/mtouch/mtouch_sensor.c
		_Sensor_Acq_ExecutePacket		CODE           	1096	0000	90
		_MTOUCH_Delay  		CODE           	1B80	0000	19
		_Sensor_Acquisition		CODE           	1F65	0000	74
		_MTOUCH_Sensor_Initialize		CODE           	1B5C	0000	18
		_Sensor_Sampled_Reset		CODE           	1A63	0000	7
		_MTOUCH_Sensor_InitializeAll		CODE           	1B08	0000	16
		_Sensor_DefaultCallback		CODE           	07FF	0000	1
		_Sensor_isEnabled		CODE           	1AF9	0000	15
		_MTOUCH_Sensor_isCalibrated		CODE           	1A24	0000	2
		_MTOUCH_Sensor_Calibrate		CODE           	1A23	0000	1
		_MTOUCH_Sensor_Sampled_ResetAll		CODE           	1D2C	0000	30
		_Sensor_setActive		CODE           	1A6A	0000	7
		_MTOUCH_Sensor_Enable		CODE           	1BB9	0000	20
		_Sensor_Acq_ExecuteScan		CODE           	114B	0000	98
		_Sensor_setSampled		CODE           	1A78	0000	7
		_MTOUCH_Sensor_RawSample_Get		CODE           	1C6C	0000	26
		_MTOUCH_Sensor_SampleAll		CODE           	1CA0	0000	26
		_MTOUCH_Sensor_wasSampled		CODE           	1C0E	0000	23
		_Sensor_Service		CODE           	103D	0000	89
		_Sensor_setScanFunction		CODE           	1B6E	0000	18
		_MTOUCH_Sensor_Scan_Initialize		CODE           	1A3A	0000	5
		_Sensor_RawSample_Update		CODE           	1CBA	0000	27
		_Sensor_setInactive		CODE           	1A71	0000	7

mcc_generated_files/mtouch/mtouch_sensor.c estimated size: 626

/opt/microchip/xc8/v2.31/pic/sources/c99/common/sprcmul.c
		___flmul       		CODE           	0535	0000	599

/opt/microchip/xc8/v2.31/pic/sources/c99/common/sprcmul.c estimated size: 599

