Microchip MPLAB XC8 Compiler V2.31

Linker command line:

-W-3 --edf=/opt/microchip/xc8/v2.31/pic/dat/en_msgs.txt -cn \
  -h+dist/default/production/reflow_oven_v2.X.production.sym \
  --cmf=dist/default/production/reflow_oven_v2.X.production.cmf -z \
  -Q16F1829 -o/tmp/xcXafogIO --defsym=__MPLAB_BUILD=1 \
  -Mdist/default/production/reflow_oven_v2.X.production.map -E1 \
  -ver=XC8 Compiler --acfsm=1493 -ASTACK=020C0h-023EFh -pstack=STACK \
  -ACODE=00h-07FFhx4 -ASTRCODE=00h-01FFFh -ASTRING=00h-0FFhx32 \
  -ACONST=00h-0FFhx32 -AENTRY=00h-0FFhx32 -ACOMMON=070h-07Fh \
  -ABANK0=020h-06Fh -ABANK1=0A0h-0EFh -ABANK2=0120h-016Fh \
  -ABANK3=01A0h-01EFh -ABANK4=0220h-026Fh -ABANK5=02A0h-02EFh \
  -ABANK6=0320h-036Fh -ABANK7=03A0h-03EFh -ABANK8=0420h-046Fh \
  -ABANK9=04A0h-04EFh -ABANK10=0520h-056Fh -ABANK11=05A0h-05EFh \
  -ABANK12=0620h-064Fh -ABIGRAM=02000h-023EFh \
  -ARAM=020h-06Fh,0A0h-0EFh,0120h-016Fh,01A0h-01EFh,0220h-026Fh,02A0h-02EFh,0320h-036Fh,03A0h-03EFh,0420h-046Fh,04A0h-04EFh,0520h-056Fh,05A0h-05EFh,0620h-064Fh \
  -AABS1=020h-07Fh,0A0h-0EFh,0120h-016Fh,01A0h-01EFh,0220h-026Fh,02A0h-02EFh,0320h-036Fh,03A0h-03EFh,0420h-046Fh,04A0h-04EFh,0520h-056Fh,05A0h-05EFh,0620h-064Fh \
  -ASFR0=00h-01Fh -ASFR1=080h-09Fh -ASFR2=0100h-011Fh -ASFR3=0180h-019Fh \
  -ASFR4=0200h-021Fh -ASFR5=0280h-029Fh -ASFR6=0300h-031Fh \
  -ASFR7=0380h-039Fh -ASFR8=0400h-041Fh -ASFR9=0480h-049Fh \
  -ASFR10=0500h-051Fh -ASFR11=0580h-059Fh -ASFR12=0600h-061Fh \
  -ASFR13=0680h-06EFh -ASFR14=0700h-076Fh -ASFR15=0780h-07EFh \
  -ASFR16=0800h-086Fh -ASFR17=0880h-08EFh -ASFR18=0900h-096Fh \
  -ASFR19=0980h-09EFh -ASFR20=0A00h-0A6Fh -ASFR21=0A80h-0AEFh \
  -ASFR22=0B00h-0B6Fh -ASFR23=0B80h-0BEFh -ASFR24=0C00h-0C6Fh \
  -ASFR25=0C80h-0CEFh -ASFR26=0D00h-0D6Fh -ASFR27=0D80h-0DEFh \
  -ASFR28=0E00h-0E6Fh -ASFR29=0E80h-0EEFh -ASFR30=0F00h-0F6Fh \
  -ASFR31=0F80h-0FEFh -ACONFIG=08007h-08008h -DCONFIG=2 \
  -AIDLOC=08000h-08003h -DIDLOC=2 -AEEDATA=00h-0FFh/0F000h \
  -peeprom_data=EEDATA -DEEDATA=2 -DCODE=2 -DSTRCODE=2 -DSTRING=2 -DCONST=2 \
  -DENTRY=2 -preset_vec=00h,intentry=04h,init,end_init -ppowerup=CODE \
  -pcinit=CODE -pfunctab=ENTRY -k /tmp/xcXidjIHp.o \
  dist/default/production/reflow_oven_v2.X.production.o 

Object code version is 3.11

Machine type is 16F1829



                Name                               Link     Load   Length Selector   Space Scale
/tmp/xcXidjIHp.o
                end_init                             2D       2D        2        8       0
                reset_vec                             0        0        2        0       0
                config                             8007     8007        2        0       4
                idloc                              8000     8000        4        0       5
dist/default/production/reflow_oven_v2.X.production.o
                cinit                                2F       2F       27        8       0
                intentry                              4        4       29        8       0
                config                             8007     8007        2        0       4
                idloc                              8000     8000        4        0       5
                text95                             126F     126F        2     24DE       0
                text94                             12B5     12B5        7     256A       0
                text93                             1269     1269        1     24D2       0
                text92                             133C     133C        D     2678       0
                text91                             1297     1297        6     252E       0
                text90                             1273     1273        3     24E6       0
                text89                             1629     1629       25     2C52       0
                text88                             126A     126A        1     24D4       0
                text87                             1300     1300        C     2600       0
                text86                             14FD     14FD       19     29FA       0
                text85                             126B     126B        1     24D6       0
                text84                             130C     130C        C     2618       0
                text83                             126C     126C        1     24D8       0
                text82                             1318     1318        C     2630       0
                text80                             126D     126D        1     24DA       0
                text79                             16F5     16F5       36     2DEA       0
                text78                             169D     169D       2B     2D3A       0
                text77                             1516     1516       1A     2A2C       0
                text76                             13C0     13C0       11     2780       0
                text75                             13D1     13D1       11     27A2       0
                text74                             12BC     12BC        7     2578       0
                text73                             13E2     13E2       11     27C4       0
                text72                             1363     1363        E     26C6       0
                text71                             1427     1427       13     284E       0
                text70                             1283     1283        5     2506       0
                text69                             1324     1324        C     2648       0
                text68                             129D     129D        6     253A       0
                text67                             12A3     12A3        6     2546       0
                text66                             1675     1675       28     2CEA       0
                text65                             1288     1288        5     2510       0
                text64                             1380     1380       10     2700       0
                text63                             128D     128D        5     251A       0
                text62                             13F3     13F3       11     27E6       0
                text61                             1292     1292        5     2524       0
                text60                             1415     1415       12     282A       0
                text59                             127F     127F        4     24FE       0
                text58                             1462     1462       15     28C4       0
                text57                             12D8     12D8        A     25B0       0
                text56                             1276     1276        3     24EC       0
                text55                             1279     1279        3     24F2       0
                text54                             1330     1330        C     2660       0
                text53                             12E2     12E2        A     25C4       0
                text52                              C6F      C6F      179     18DE       0
                text51                             1569     1569       1F     2AD2       0
                text50                              DE8      DE8      218     1BD0       0
                text49                              5F5      5F5      1E8        8       0
                text48                             154B     154B       1E     2A96       0
                text47                              9D9      9D9       65     13B2       0
                text46                              A3E      A3E       79     147C       0
                text45                             1477     1477       15     28EE       0
                text44                             12EC     12EC        A     25D8       0
                text43                             148C     148C       16     2918       0
                text42                             1530     1530       1B     2A60       0
                text41                              AB7      AB7       8A     156E       0
                text40                             14B8     14B8       17     2970       0
                text39                             17B3     17B3       4D     2F66       0
                text38                             1349     1349        D     2692       0
                text37                             16C8     16C8       2D     2D90       0
                text36                              B41      B41       8F     1682       0
                text35                             126E     126E        1     24DC       0
                text34                              919      919       5F     1232       0
                text33                              978      978       61     12F0       0
                text32                              BD0      BD0       9F     17A0       0
                text31                             1271     1271        2     24E2       0
                text30                             143A     143A       14     2874       0
                text29                              872      872       52     10E4       0
                text28                             1371     1371        F     26E2       0
                text27                             12F6     12F6        A     25EC       0
                text26                             1390     1390       10     2720       0
                text25                             1588     1588       20     2B10       0
                text24                             15A8     15A8       20     2B50       0
                text23                             15C8     15C8       20     2B90       0
                text22                             15E8     15E8       20     2BD0       0
                text21                              8C4      8C4       55     1188       0
                text20                             1404     1404       11     2808       0
                text19                              823      823       4F     1046       0
                text18                             1356     1356        D     26AC       0
                text17                             12C3     12C3        7     2586       0
                text16                             12CA     12CA        7     2594       0
                text15                             14CF     14CF       17     299E       0
                text14                             172B     172B       3C     2E56       0
                text13                              800      800        1        8       0
                text12                             14E6     14E6       17     29CC       0
                text11                             12D1     12D1        7     25A2       0
                text10                             1767     1767       4C     2ECE       0
                text9                              144E     144E       14     289C       0
                text8                              164E     164E       27     2C9C       0
                text7                              14A2     14A2       16     2944       0
                text6                              127C     127C        3     24F8       0
                text5                                 2        2        2        0       0
                text4                               7DD      7DD       23        8       0
                text3                              13A0     13A0       10     2740       0
                text2                                56       56      59F        8       0
                text1                              13B0     13B0       10     2760       0
                maintext                           1608     1608       21     2C10       0
                cstackBANK0                          20       20       46       20       1
                cstackCOMMON                         70       70        E       70       1
                clrtext                            12A9     12A9        6     2552       0
                inittext                           12AF     12AF        6     255E       0
                bssBANK2                            120      120       20      120       1
                dataBANK1                            A0       A0       22       A0       1
                bssBANK1                             CA       CA        8       A0       1
                bssBANK0                             66       66        A       20       1
                nvBANK1                              C2       C2        8       A0       1
                stringtext3                        1824     1824        4     3000       0
                stringtext2                        1800     1800       20     3000       0
                stringtext1                        1820     1820        4     3000       0
                idataBANK1                          801      801       22     1002       0

TOTAL           Name                               Link     Load   Length     Space
        CLASS   STACK          

        CLASS   CODE           
                end_init                             2D       2D        2         0
                cinit                                2F       2F       27         0
                intentry                              4        4       29         0
                reset_vec                             0        0        2         0
                text95                             126F     126F        2         0
                text94                             12B5     12B5        7         0
                text93                             1269     1269        1         0
                text92                             133C     133C        D         0
                text91                             1297     1297        6         0
                text90                             1273     1273        3         0
                text89                             1629     1629       25         0
                text88                             126A     126A        1         0
                text87                             1300     1300        C         0
                text86                             14FD     14FD       19         0
                text85                             126B     126B        1         0
                text84                             130C     130C        C         0
                text83                             126C     126C        1         0
                text82                             1318     1318        C         0
                text80                             126D     126D        1         0
                text79                             16F5     16F5       36         0
                text78                             169D     169D       2B         0
                text77                             1516     1516       1A         0
                text76                             13C0     13C0       11         0
                text75                             13D1     13D1       11         0
                text74                             12BC     12BC        7         0
                text73                             13E2     13E2       11         0
                text72                             1363     1363        E         0
                text71                             1427     1427       13         0
                text70                             1283     1283        5         0
                text69                             1324     1324        C         0
                text68                             129D     129D        6         0
                text67                             12A3     12A3        6         0
                text66                             1675     1675       28         0
                text65                             1288     1288        5         0
                text64                             1380     1380       10         0
                text63                             128D     128D        5         0
                text62                             13F3     13F3       11         0
                text61                             1292     1292        5         0
                text60                             1415     1415       12         0
                text59                             127F     127F        4         0
                text58                             1462     1462       15         0
                text57                             12D8     12D8        A         0
                text56                             1276     1276        3         0
                text55                             1279     1279        3         0
                text54                             1330     1330        C         0
                text53                             12E2     12E2        A         0
                text52                              C6F      C6F      179         0
                text51                             1569     1569       1F         0
                text50                              DE8      DE8      218         0
                text49                              5F5      5F5      1E8         0
                text48                             154B     154B       1E         0
                text47                              9D9      9D9       65         0
                text46                              A3E      A3E       79         0
                text45                             1477     1477       15         0
                text44                             12EC     12EC        A         0
                text43                             148C     148C       16         0
                text42                             1530     1530       1B         0
                text41                              AB7      AB7       8A         0
                text40                             14B8     14B8       17         0
                text39                             17B3     17B3       4D         0
                text38                             1349     1349        D         0
                text37                             16C8     16C8       2D         0
                text36                              B41      B41       8F         0
                text35                             126E     126E        1         0
                text34                              919      919       5F         0
                text33                              978      978       61         0
                text32                              BD0      BD0       9F         0
                text31                             1271     1271        2         0
                text30                             143A     143A       14         0
                text29                              872      872       52         0
                text28                             1371     1371        F         0
                text27                             12F6     12F6        A         0
                text26                             1390     1390       10         0
                text25                             1588     1588       20         0
                text24                             15A8     15A8       20         0
                text23                             15C8     15C8       20         0
                text22                             15E8     15E8       20         0
                text21                              8C4      8C4       55         0
                text20                             1404     1404       11         0
                text19                              823      823       4F         0
                text18                             1356     1356        D         0
                text17                             12C3     12C3        7         0
                text16                             12CA     12CA        7         0
                text15                             14CF     14CF       17         0
                text14                             172B     172B       3C         0
                text13                              800      800        1         0
                text12                             14E6     14E6       17         0
                text11                             12D1     12D1        7         0
                text10                             1767     1767       4C         0
                text9                              144E     144E       14         0
                text8                              164E     164E       27         0
                text7                              14A2     14A2       16         0
                text6                              127C     127C        3         0
                text5                                 2        2        2         0
                text4                               7DD      7DD       23         0
                text3                              13A0     13A0       10         0
                text2                                56       56      59F         0
                text1                              13B0     13B0       10         0
                maintext                           1608     1608       21         0
                clrtext                            12A9     12A9        6         0
                inittext                           12AF     12AF        6         0
                idataBANK1                          801      801       22         0

        CLASS   STRCODE        
                stringtext3                        1824     1824        4         0
                stringtext2                        1800     1800       20         0
                stringtext1                        1820     1820        4         0

        CLASS   STRING         

        CLASS   CONST          

        CLASS   ENTRY          

        CLASS   COMMON         
                cstackCOMMON                         70       70        E         1

        CLASS   BANK0          
                cstackBANK0                          20       20       46         1
                bssBANK0                             66       66        A         1

        CLASS   BANK1          
                dataBANK1                            A0       A0       22         1
                bssBANK1                             CA       CA        8         1
                nvBANK1                              C2       C2        8         1

        CLASS   BANK2          
                bssBANK2                            120      120       20         1

        CLASS   BANK3          

        CLASS   BANK4          

        CLASS   BANK5          

        CLASS   BANK6          

        CLASS   BANK7          

        CLASS   BANK8          

        CLASS   BANK9          

        CLASS   BANK10         

        CLASS   BANK11         

        CLASS   BANK12         

        CLASS   BIGRAM         

        CLASS   RAM            

        CLASS   ABS1           
                abs_s1                               7E       7E        2         1

        CLASS   SFR0           

        CLASS   SFR1           

        CLASS   SFR2           

        CLASS   SFR3           

        CLASS   SFR4           

        CLASS   SFR5           

        CLASS   SFR6           

        CLASS   SFR7           

        CLASS   SFR8           

        CLASS   SFR9           

        CLASS   SFR10          

        CLASS   SFR11          

        CLASS   SFR12          

        CLASS   SFR13          

        CLASS   SFR14          

        CLASS   SFR15          

        CLASS   SFR16          

        CLASS   SFR17          

        CLASS   SFR18          

        CLASS   SFR19          

        CLASS   SFR20          

        CLASS   SFR21          

        CLASS   SFR22          

        CLASS   SFR23          

        CLASS   SFR24          

        CLASS   SFR25          

        CLASS   SFR26          

        CLASS   SFR27          

        CLASS   SFR28          

        CLASS   SFR29          

        CLASS   SFR30          

        CLASS   SFR31          

        CLASS   CONFIG         
                config                             8007     8007        2         4

        CLASS   IDLOC          
                idloc                              8000     8000        4         5

        CLASS   EEDATA         

        CLASS   BANK31         

        CLASS   BANK30         

        CLASS   BANK29         

        CLASS   BANK28         

        CLASS   BANK27         

        CLASS   BANK26         

        CLASS   BANK25         

        CLASS   BANK24         

        CLASS   BANK23         

        CLASS   BANK22         

        CLASS   BANK21         

        CLASS   BANK20         

        CLASS   BANK19         

        CLASS   BANK18         

        CLASS   BANK17         

        CLASS   BANK16         

        CLASS   BANK15         

        CLASS   BANK14         

        CLASS   BANK13         



SEGMENTS        Name                           Load    Length   Top    Selector   Space  Class     Delta

                text60                         001415  000012  001427      282A       0  CODE        2
                text71                         001427  000013  00143A      284E       0  CODE        2
                text62                         0013F3  000011  001404      27E6       0  CODE        2
                text20                         001404  000011  001415      2808       0  CODE        2
                text30                         00143A  000014  00144E      2874       0  CODE        2
                text45                         001477  000015  00148C      28EE       0  CODE        2
                text43                         00148C  000016  0014A2      2918       0  CODE        2
                text9                          00144E  000014  001462      289C       0  CODE        2
                text58                         001462  000015  001477      28C4       0  CODE        2
                text73                         0013E2  000011  0013F3      27C4       0  CODE        2
                text28                         001371  00000F  001380      26E2       0  CODE        2
                text64                         001380  000010  001390      2700       0  CODE        2
                text18                         001356  00000D  001363      26AC       0  CODE        2
                text72                         001363  00000E  001371      26C6       0  CODE        2
                text26                         001390  000010  0013A0      2720       0  CODE        2
                text76                         0013C0  000011  0013D1      2780       0  CODE        2
                text75                         0013D1  000011  0013E2      27A2       0  CODE        2
                text3                          0013A0  000010  0013B0      2740       0  CODE        2
                text1                          0013B0  000010  0013C0      2760       0  CODE        2
                text22                         0015E8  000020  001608      2BD0       0  CODE        2
                stringtext2                    001800  000028  001828      3000       0  STRCODE     2
                text24                         0015A8  000020  0015C8      2B50       0  CODE        2
                text23                         0015C8  000020  0015E8      2B90       0  CODE        2
                maintext                       001608  000021  001629      2C10       0  CODE        2
                text8                          00164E  000027  001675      2C9C       0  CODE        2
                text66                         001675  000028  00169D      2CEA       0  CODE        2
                idataBANK1                     000801  000022  000823      1002       0  CODE        2
                text89                         001629  000025  00164E      2C52       0  CODE        2
                text25                         001588  000020  0015A8      2B10       0  CODE        2
                text15                         0014CF  000017  0014E6      299E       0  CODE        2
                text12                         0014E6  000017  0014FD      29CC       0  CODE        2
                text7                          0014A2  000016  0014B8      2944       0  CODE        2
                text40                         0014B8  000017  0014CF      2970       0  CODE        2
                text86                         0014FD  000019  001516      29FA       0  CODE        2
                text48                         00154B  00001E  001569      2A96       0  CODE        2
                text51                         001569  00001F  001588      2AD2       0  CODE        2
                text77                         001516  00001A  001530      2A2C       0  CODE        2
                text42                         001530  00001B  00154B      2A60       0  CODE        2
                text59                         00127F  000004  001283      24FE       0  CODE        2
                text70                         001283  000005  001288      2506       0  CODE        2
                text55                         001279  000003  00127C      24F2       0  CODE        2
                text6                          00127C  000003  00127F      24F8       0  CODE        2
                text65                         001288  000005  00128D      2510       0  CODE        2
                text91                         001297  000006  00129D      252E       0  CODE        2
                text68                         00129D  000006  0012A3      253A       0  CODE        2
                text63                         00128D  000005  001292      251A       0  CODE        2
                text61                         001292  000005  001297      2524       0  CODE        2
                text56                         001276  000003  001279      24EC       0  CODE        2
                text85                         00126B  000001  00126C      24D6       0  CODE        2
                text83                         00126C  000001  00126D      24D8       0  CODE        2
                text93                         001269  000001  00126A      24D2       0  CODE        2
                text88                         00126A  000001  00126B      24D4       0  CODE        2
                text80                         00126D  000001  00126E      24DA       0  CODE        2
                text31                         001271  000002  001273      24E2       0  CODE        2
                text90                         001273  000003  001276      24E6       0  CODE        2
                text35                         00126E  000001  00126F      24DC       0  CODE        2
                text95                         00126F  000002  001271      24DE       0  CODE        2
                text87                         001300  00000C  00130C      2600       0  CODE        2
                text84                         00130C  00000C  001318      2618       0  CODE        2
                text44                         0012EC  00000A  0012F6      25D8       0  CODE        2
                text27                         0012F6  00000A  001300      25EC       0  CODE        2
                text82                         001318  00000C  001324      2630       0  CODE        2
                text92                         00133C  00000D  001349      2678       0  CODE        2
                text38                         001349  00000D  001356      2692       0  CODE        2
                text69                         001324  00000C  001330      2648       0  CODE        2
                text54                         001330  00000C  00133C      2660       0  CODE        2
                text53                         0012E2  00000A  0012EC      25C4       0  CODE        2
                inittext                       0012AF  000006  0012B5      255E       0  CODE        2
                text94                         0012B5  000007  0012BC      256A       0  CODE        2
                text67                         0012A3  000006  0012A9      2546       0  CODE        2
                clrtext                        0012A9  000006  0012AF      2552       0  CODE        2
                text74                         0012BC  000007  0012C3      2578       0  CODE        2
                text11                         0012D1  000007  0012D8      25A2       0  CODE        2
                text57                         0012D8  00000A  0012E2      25B0       0  CODE        2
                text17                         0012C3  000007  0012CA      2586       0  CODE        2
                text16                         0012CA  000007  0012D1      2594       0  CODE        2
                text78                         00169D  00002B  0016C8      2D3A       0  CODE        2
                reset_vec                      000000  000004  000004         0       0  CODE        2
                cstackBANK0                    000020  000050  000070        20       1  BANK0       1
                bssBANK2                       000120  000020  000140       120       1  BANK2       1
                dataBANK1                      0000A0  000032  0000D2        A0       1  BANK1       1
                cstackCOMMON                   000070  00000E  00007E        70       1  COMMON      1
                intentry                       000004  0007FD  000801         8       0  CODE        2
                text19                         000823  00004F  000872      1046       0  CODE        2
                text29                         000872  000052  0008C4      10E4       0  CODE        2
                text39                         0017B3  00004D  001800      2F66       0  CODE        2
                text21                         0008C4  000055  000919      1188       0  CODE        2
                text10                         001767  00004C  0017B3      2ECE       0  CODE        2
                text34                         000919  00005F  000978      1232       0  CODE        2
                text33                         000978  000061  0009D9      12F0       0  CODE        2
                text14                         00172B  00003C  001767      2E56       0  CODE        2
                text79                         0016F5  000036  00172B      2DEA       0  CODE        2
                text37                         0016C8  00002D  0016F5      2D90       0  CODE        2
                text52                         000C6F  000179  000DE8      18DE       0  CODE        2
                text50                         000DE8  000218  001000      1BD0       0  CODE        2
                text46                         000A3E  000079  000AB7      147C       0  CODE        2
                text47                         0009D9  000065  000A3E      13B2       0  CODE        2
                text41                         000AB7  00008A  000B41      156E       0  CODE        2
                text32                         000BD0  00009F  000C6F      17A0       0  CODE        2
                text36                         000B41  00008F  000BD0      1682       0  CODE        2


UNUSED ADDRESS RANGES

        Name                Unused          Largest block    Delta
        BANK1            000D2-000EF              1E           1
        BANK10           00520-0056F              50           1
        BANK11           005A0-005EF              50           1
        BANK12           00620-0064F              30           1
        BANK2            00140-0016F              30           1
        BANK3            001A0-001EF              50           1
        BANK4            00220-0026F              50           1
        BANK5            002A0-002EF              50           1
        BANK6            00320-0036F              50           1
        BANK7            003A0-003EF              50           1
        BANK8            00420-0046F              50           1
        BANK9            004A0-004EF              50           1
        BIGRAM           02000-023EF             3F0           1
        CODE             01000-01268             269           2
                         01828-01FFF             7D8
        CONST            01000-01268             100           2
                         01828-01FFF             100
        EEDATA           0F000-0F0FF             100           2
        ENTRY            01000-01268             100           2
                         01828-01FFF             100
        RAM              000D2-000EF              1E           1
                         00140-0016F              30
                         001A0-001EF              50
                         00220-0026F              50
                         002A0-002EF              50
                         00320-0036F              50
                         003A0-003EF              50
                         00420-0046F              50
                         004A0-004EF              50
                         00520-0056F              50
                         005A0-005EF              50
                         00620-0064F              30
        SFR0             00000-0001F              20           1
        SFR1             00080-0009F              20           1
        SFR10            00500-0051F              20           1
        SFR11            00580-0059F              20           1
        SFR12            00600-0061F              20           1
        SFR13            00680-006EF              70           1
        SFR14            00700-0076F              70           1
        SFR15            00780-007EF              70           1
        SFR16            00800-0086F              70           1
        SFR17            00880-008EF              70           1
        SFR18            00900-0096F              70           1
        SFR19            00980-009EF              70           1
        SFR2             00100-0011F              20           1
        SFR20            00A00-00A6F              70           1
        SFR21            00A80-00AEF              70           1
        SFR22            00B00-00B6F              70           1
        SFR23            00B80-00BEF              70           1
        SFR24            00C00-00C6F              70           1
        SFR25            00C80-00CEF              70           1
        SFR26            00D00-00D6F              70           1
        SFR27            00D80-00DEF              70           1
        SFR28            00E00-00E6F              70           1
        SFR29            00E80-00EEF              70           1
        SFR3             00180-0019F              20           1
        SFR30            00F00-00F6F              70           1
        SFR31            00F80-00FEF              70           1
        SFR4             00200-0021F              20           1
        SFR5             00280-0029F              20           1
        SFR6             00300-0031F              20           1
        SFR7             00380-0039F              20           1
        SFR8             00400-0041F              20           1
        SFR9             00480-0049F              20           1
        STACK            020C0-023EF             330           1
        STRCODE          01000-01268             269           2
                         01828-01FFF             7D8
        STRING           01000-01268             100           2
                         01828-01FFF             100

                                  Symbol Table

?_MTOUCH_Sensor_RawSample_Get                cstackCOMMON 00074
?__Umul8_16                                  cstackCOMMON 00070
?___fladd                                    cstackCOMMON 00070
?___fldiv                                    cstackBANK0  00035
?___flmul                                    cstackBANK0  00020
?___flsub                                    cstackBANK0  0004F
?___fltol                                    cstackBANK0  0004F
?_abs                                        cstackCOMMON 00070
Button_Baseline_Initialize@button            cstackCOMMON 0007C
Button_Baseline_Update@button                cstackCOMMON 00076
Button_DefaultCallback@button                cstackCOMMON 00070
Button_Deviation_Update@button               cstackBANK0  00020
Button_Deviation_Update@deviation            cstackBANK0  00021
Button_Reading_Update@button                 cstackCOMMON 0007B
Button_Reading_Update_Helper@button          cstackCOMMON 0007A
Button_Service@button                        cstackBANK0  00028
Button_Service@name                          cstackBANK0  00027
Button_State_Initializing@button             cstackCOMMON 0007D
Button_State_NotPressed@button               cstackCOMMON 0007D
Button_State_Pressed@button                  cstackCOMMON 0007D
Button_Tick_helper@button                    cstackCOMMON 00072
IOCAF2_SetInterruptHandler@InterruptHandler  cstackCOMMON 00070
MTOUCH_Button_Initialize@button              cstackCOMMON 00073
MTOUCH_Button_Initialize@name                cstackCOMMON 00072
MTOUCH_Button_InitializeAll@button           cstackCOMMON 0007B
MTOUCH_Button_ServiceAll@button              cstackBANK0  0002A
MTOUCH_Button_Tick@i                         cstackCOMMON 00074
MTOUCH_Button_isPressed@name                 cstackCOMMON 00071
MTOUCH_Delay@i                               cstackCOMMON 00071
MTOUCH_Random@seed                           bssBANK0     0006F
MTOUCH_Sensor_Enable@sensor                  cstackCOMMON 00075
MTOUCH_Sensor_Initialize@sensor              cstackCOMMON 00077
MTOUCH_Sensor_InitializeAll@sensor           cstackCOMMON 00079
MTOUCH_Sensor_RawSample_Get@name             cstackCOMMON 00077
MTOUCH_Sensor_SampleAll@sensor               cstackBANK0  00029
MTOUCH_Sensor_Sampled_ResetAll@sensor        cstackCOMMON 00072
MTOUCH_Sensor_wasSampled@sensor              cstackCOMMON 00075
Sensor_Acq_ExecutePacket@ADCON0_temp         cstackCOMMON 00079
Sensor_Acq_ExecutePacket@ADCON1_temp         cstackCOMMON 0007A
Sensor_Acq_ExecutePacket@GIE_state           cstackCOMMON 0007B
Sensor_Acq_ExecutePacket@error               cstackCOMMON 0007C
Sensor_Acq_ExecutePacket@sensor              cstackCOMMON 0007D
Sensor_Acq_ExecuteScan@result                cstackCOMMON 00076
Sensor_Acquisition@retry                     cstackBANK0  00021
Sensor_Acquisition@sensor                    cstackBANK0  00022
Sensor_DefaultCallback@sensor                cstackCOMMON 00070
Sensor_RawSample_Update@sensor               cstackCOMMON 00070
Sensor_Sampled_Reset@sensor                  cstackCOMMON 00070
Sensor_Service@error                         cstackBANK0  00026
Sensor_Service@name                          cstackBANK0  00025
Sensor_Service@sensor                        cstackBANK0  00027
Sensor_isEnabled@sensor                      cstackCOMMON 00070
Sensor_setActive@sensor                      cstackCOMMON 00070
Sensor_setInactive@sensor                    cstackCOMMON 00070
Sensor_setSampled@sensor                     cstackCOMMON 00070
Sensor_setScanFunction@sensor                cstackCOMMON 00070
SetDimmer@TRIAC_off_duration_ms              cstackBANK0  0005E
SetDimmer@dim_percentage                     cstackBANK0  0005A
StartHeater@i                                cstackBANK0  00065
StartStop_AlarmLED@OnOff                     cstackCOMMON 00070
StartStop_AlarmLED_Blink@OnOff               cstackCOMMON 00070
StartStop_Buzzer@OnOff                       cstackCOMMON 00070
StartStop_Dimmer@OnOff                       cstackBANK0  00062
StartStop_Fan@OnOff                          cstackCOMMON 00070
TMR2_Drive_TRIAC_isr@counter_tmr2            bssBANK1     000CC
TMR2_SetInterruptHandler@InterruptHandler    cstackCOMMON 00070
TMR4_SetInterruptHandler@InterruptHandler    cstackCOMMON 00070
TMR4_Wroking_Blink_AlarmLED_isr@counter_tmr4 bssBANK1     000CA
TMR6_SetInterruptHandler@InterruptHandler    cstackCOMMON 00070
_ADCON0                                      (abs)        0009D
_ADCON0bits                                  (abs)        0009D
_ADCON1                                      (abs)        0009E
_ADRES                                       (abs)        0009B
_ANSELA                                      (abs)        0018C
_ANSELB                                      (abs)        0018D
_ANSELC                                      (abs)        0018E
_APFCON0                                     (abs)        0011D
_APFCON1                                     (abs)        0011E
_BORCON                                      (abs)        00116
_Button_Baseline_Initialize                  text37       016C8
_Button_Baseline_Update                      text36       00B41
_Button_DefaultCallback                      text35       0126E
_Button_Deviation_Update                     text41       00AB7
_Button_Reading_Update                       text38       01349
_Button_Reading_Update_Helper                text39       017B3
_Button_Service                              text29       00872
_Button_StateMachine                         dataBANK1    000A0
_Button_State_Initializing                   text33       00978
_Button_State_NotPressed                     text32       00BD0
_Button_State_Pressed                        text34       00919
_Button_Tick_helper                          text8        0164E
_DimmerStatusFlag_g                          bssBANK0     00068
_GIE                                         (abs)        0005F
_INTCONbits                                  (abs)        0000B
_INTERRUPT_InterruptManager                  intentry     00004
_IOCAF2_DefaultInterruptHandler              text93       01269
_IOCAF2_ISR                                  text92       0133C
_IOCAF2_InterruptHandler                     nvBANK1      000C8
_IOCAF2_SetInterruptHandler                  text67       012A3
_IOCAFbits                                   (abs)        00393
_IOCANbits                                   (abs)        00392
_IOCAPbits                                   (abs)        00391
_Init_Function                               text43       0148C
_LATA                                        (abs)        0010C
_LATB                                        (abs)        0010D
_LATC                                        (abs)        0010E
_LATCbits                                    (abs)        0010E
_MTOUCH_Button_Initialize                    text79       016F5
_MTOUCH_Button_InitializeAll                 text77       01516
_MTOUCH_Button_ServiceAll                    text28       01371
_MTOUCH_Button_Tick                          text7        014A2
_MTOUCH_Button_isPressed                     text42       01530
_MTOUCH_CVD_ScanA_0                          text24       015A8
_MTOUCH_CVD_ScanA_1                          text25       01588
_MTOUCH_CVD_ScanB_0                          text22       015E8
_MTOUCH_CVD_ScanB_1                          text23       015C8
_MTOUCH_Delay                                text27       012F6
_MTOUCH_Initialize                           text69       01324
_MTOUCH_Random                               text26       01390
_MTOUCH_Sensor_Calibrate                     text80       0126D
_MTOUCH_Sensor_Enable                        text75       013D1
_MTOUCH_Sensor_Initialize                    text73       013E2
_MTOUCH_Sensor_InitializeAll                 text72       01363
_MTOUCH_Sensor_RawSample_Get                 text40       014B8
_MTOUCH_Sensor_SampleAll                     text9        0144E
_MTOUCH_Sensor_Sampled_ResetAll              text71       01427
_MTOUCH_Sensor_Scan_Initialize               text70       01283
_MTOUCH_Sensor_isCalibrated                  text31       01271
_MTOUCH_Sensor_wasSampled                    text30       0143A
_MTOUCH_Service_Mainloop                     text4        007DD
_MTOUCH_Tick                                 text6        0127C
_MTOUCH_needReburst                          text5        00002
_OPTION_REGbits                              (abs)        00095
_OSCCON                                      (abs)        00099
_OSCILLATOR_Initialize                       text68       0129D
_OSCTUNE                                     (abs)        00098
_PIE1bits                                    (abs)        00091
_PIE3bits                                    (abs)        00093
_PIN_MANAGER_IOC                             text91       01297
_PIN_MANAGER_Initialize                      text66       01675
_PIR1bits                                    (abs)        00011
_PIR3bits                                    (abs)        00013
_PORTCbits                                   (abs)        0000E
_PR2                                         (abs)        0001B
_PR4                                         (abs)        00416
_PR6                                         (abs)        0041D
_SYSTEM_Initialize                           text58       01462
_Sensor_Acq_ExecutePacket                    text19       00823
_Sensor_Acq_ExecuteScan                      text21       008C4
_Sensor_Acquisition                          text14       0172B
_Sensor_DefaultCallback                      text13       00800
_Sensor_RawSample_Update                     text12       014E6
_Sensor_Sampled_Reset                        text74       012BC
_Sensor_Service                              text10       01767
_Sensor_isEnabled                            text18       01356
_Sensor_scanA                                dataBANK1    000AC
_Sensor_scanB                                dataBANK1    000AA
_Sensor_setActive                            text17       012C3
_Sensor_setInactive                          text16       012CA
_Sensor_setSampled                           text11       012D1
_Sensor_setScanFunction                      text20       01404
_SetDimmer                                   text46       00A3E
_StartHeater                                 text2        00056
_StartStop_AlarmLED                          text57       012D8
_StartStop_AlarmLED_Blink                    text54       01330
_StartStop_Buzzer                            text53       012E2
_StartStop_Dimmer                            text45       01477
_StartStop_Fan                               text44       012EC
_StartTouchDetection                         text1        013B0
_StopTouchDetection                          text3        013A0
_T2CON                                       (abs)        0001C
_T2CONbits                                   (abs)        0001C
_T4CON                                       (abs)        00417
_T4CONbits                                   (abs)        00417
_T6CON                                       (abs)        0041E
_TMR2                                        (abs)        0001A
_TMR2_DefaultInterruptHandler                text88       0126A
_TMR2_Drive_TRIAC_isr                        text89       01629
_TMR2_ISR                                    text87       01300
_TMR2_Initialize                             text64       01380
_TMR2_InterruptHandler                       nvBANK1      000C6
_TMR2_SetInterruptHandler                    text65       01288
_TMR2_StartTimer                             text95       0126F
_TMR2_StopTimer                              text90       01273
_TMR4                                        (abs)        00415
_TMR4_DefaultInterruptHandler                text85       0126B
_TMR4_ISR                                    text84       0130C
_TMR4_Initialize                             text62       013F3
_TMR4_InterruptHandler                       nvBANK1      000C4
_TMR4_SetInterruptHandler                    text63       0128D
_TMR4_StartTimer                             text56       01276
_TMR4_StopTimer                              text55       01279
_TMR4_Wroking_Blink_AlarmLED_isr             text86       014FD
_TMR6                                        (abs)        0041C
_TMR6_DefaultInterruptHandler                text83       0126C
_TMR6_ISR                                    text82       01318
_TMR6_Initialize                             text60       01415
_TMR6_InterruptHandler                       nvBANK1      000C2
_TMR6_SetInterruptHandler                    text61       01292
_TRISA                                       (abs)        0008C
_TRISB                                       (abs)        0008D
_TRISC                                       (abs)        0008E
_WDTCON                                      (abs)        00097
_WDT_Initialize                              text59       0127F
_WPUA                                        (abs)        0020C
_WPUB                                        (abs)        0020D
_WPUC                                        (abs)        0020E
_Zero_Detection_isr                          text94       012B5
__Habs1                                      abs1         00000
__Hbank0                                     bank0        00000
__Hbank1                                     bank1        00000
__Hbank10                                    bank10       00000
__Hbank11                                    bank11       00000
__Hbank12                                    bank12       00000
__Hbank13                                    bank13       00000
__Hbank14                                    bank14       00000
__Hbank15                                    bank15       00000
__Hbank16                                    bank16       00000
__Hbank17                                    bank17       00000
__Hbank18                                    bank18       00000
__Hbank19                                    bank19       00000
__Hbank2                                     bank2        00000
__Hbank20                                    bank20       00000
__Hbank21                                    bank21       00000
__Hbank22                                    bank22       00000
__Hbank23                                    bank23       00000
__Hbank24                                    bank24       00000
__Hbank25                                    bank25       00000
__Hbank26                                    bank26       00000
__Hbank27                                    bank27       00000
__Hbank28                                    bank28       00000
__Hbank29                                    bank29       00000
__Hbank3                                     bank3        00000
__Hbank30                                    bank30       00000
__Hbank31                                    bank31       00000
__Hbank4                                     bank4        00000
__Hbank5                                     bank5        00000
__Hbank6                                     bank6        00000
__Hbank7                                     bank7        00000
__Hbank8                                     bank8        00000
__Hbank9                                     bank9        00000
__Hbigram                                    bigram       00000
__HbssBANK0                                  bssBANK0     00000
__HbssBANK1                                  bssBANK1     00000
__HbssBANK2                                  bssBANK2     00000
__Hcinit                                     cinit        00056
__Hclrtext                                   clrtext      00000
__Hcode                                      code         00000
__Hcommon                                    common       00000
__Hconfig                                    config       08009
__HcstackBANK0                               cstackBANK0  00000
__HcstackCOMMON                              cstackCOMMON 00000
__HdataBANK1                                 dataBANK1    00000
__Heeprom_data                               eeprom_data  00000
__Hend_init                                  end_init     0002F
__Hfunctab                                   functab      00000
__HidataBANK1                                idataBANK1   00000
__Hidloc                                     idloc        08004
__Hinit                                      init         0002D
__Hinittext                                  inittext     00000
__Hintentry                                  intentry     0002D
__Hmaintext                                  maintext     00000
__HnvBANK1                                   nvBANK1      00000
__Hpowerup                                   powerup      00000
__Hram                                       ram          00000
__Hreset_vec                                 reset_vec    00002
__Hsfr0                                      sfr0         00000
__Hsfr1                                      sfr1         00000
__Hsfr10                                     sfr10        00000
__Hsfr11                                     sfr11        00000
__Hsfr12                                     sfr12        00000
__Hsfr13                                     sfr13        00000
__Hsfr14                                     sfr14        00000
__Hsfr15                                     sfr15        00000
__Hsfr16                                     sfr16        00000
__Hsfr17                                     sfr17        00000
__Hsfr18                                     sfr18        00000
__Hsfr19                                     sfr19        00000
__Hsfr2                                      sfr2         00000
__Hsfr20                                     sfr20        00000
__Hsfr21                                     sfr21        00000
__Hsfr22                                     sfr22        00000
__Hsfr23                                     sfr23        00000
__Hsfr24                                     sfr24        00000
__Hsfr25                                     sfr25        00000
__Hsfr26                                     sfr26        00000
__Hsfr27                                     sfr27        00000
__Hsfr28                                     sfr28        00000
__Hsfr29                                     sfr29        00000
__Hsfr3                                      sfr3         00000
__Hsfr30                                     sfr30        00000
__Hsfr31                                     sfr31        00000
__Hsfr4                                      sfr4         00000
__Hsfr5                                      sfr5         00000
__Hsfr6                                      sfr6         00000
__Hsfr7                                      sfr7         00000
__Hsfr8                                      sfr8         00000
__Hsfr9                                      sfr9         00000
__Hspace_0                                   (abs)        01828
__Hspace_1                                   (abs)        00140
__Hspace_2                                   (abs)        00000
__Hspace_3                                   (abs)        00000
__Hspace_4                                   (abs)        10010
__Hstack                                     stack        00000
__Hstrings                                   strings      00000
__Hstringtext1                               stringtext1  00000
__Hstringtext2                               stringtext2  00000
__Hstringtext3                               stringtext3  00000
__Htext                                      text         00000
__Labs1                                      abs1         00000
__Lbank0                                     bank0        00000
__Lbank1                                     bank1        00000
__Lbank10                                    bank10       00000
__Lbank11                                    bank11       00000
__Lbank12                                    bank12       00000
__Lbank13                                    bank13       00000
__Lbank14                                    bank14       00000
__Lbank15                                    bank15       00000
__Lbank16                                    bank16       00000
__Lbank17                                    bank17       00000
__Lbank18                                    bank18       00000
__Lbank19                                    bank19       00000
__Lbank2                                     bank2        00000
__Lbank20                                    bank20       00000
__Lbank21                                    bank21       00000
__Lbank22                                    bank22       00000
__Lbank23                                    bank23       00000
__Lbank24                                    bank24       00000
__Lbank25                                    bank25       00000
__Lbank26                                    bank26       00000
__Lbank27                                    bank27       00000
__Lbank28                                    bank28       00000
__Lbank29                                    bank29       00000
__Lbank3                                     bank3        00000
__Lbank30                                    bank30       00000
__Lbank31                                    bank31       00000
__Lbank4                                     bank4        00000
__Lbank5                                     bank5        00000
__Lbank6                                     bank6        00000
__Lbank7                                     bank7        00000
__Lbank8                                     bank8        00000
__Lbank9                                     bank9        00000
__Lbigram                                    bigram       00000
__LbssBANK0                                  bssBANK0     00000
__LbssBANK1                                  bssBANK1     00000
__LbssBANK2                                  bssBANK2     00000
__Lcinit                                     cinit        0002F
__Lclrtext                                   clrtext      00000
__Lcode                                      code         00000
__Lcommon                                    common       00000
__Lconfig                                    config       00000
__LcstackBANK0                               cstackBANK0  00000
__LcstackCOMMON                              cstackCOMMON 00000
__LdataBANK1                                 dataBANK1    00000
__Leeprom_data                               eeprom_data  00000
__Lend_init                                  end_init     0002D
__Lfunctab                                   functab      00000
__LidataBANK1                                idataBANK1   00000
__Lidloc                                     idloc        00000
__Linit                                      init         0002D
__Linittext                                  inittext     00000
__Lintentry                                  intentry     00004
__Lmaintext                                  maintext     00000
__LnvBANK1                                   nvBANK1      00000
__Lpowerup                                   powerup      00000
__Lram                                       ram          00000
__Lreset_vec                                 reset_vec    00000
__Lsfr0                                      sfr0         00000
__Lsfr1                                      sfr1         00000
__Lsfr10                                     sfr10        00000
__Lsfr11                                     sfr11        00000
__Lsfr12                                     sfr12        00000
__Lsfr13                                     sfr13        00000
__Lsfr14                                     sfr14        00000
__Lsfr15                                     sfr15        00000
__Lsfr16                                     sfr16        00000
__Lsfr17                                     sfr17        00000
__Lsfr18                                     sfr18        00000
__Lsfr19                                     sfr19        00000
__Lsfr2                                      sfr2         00000
__Lsfr20                                     sfr20        00000
__Lsfr21                                     sfr21        00000
__Lsfr22                                     sfr22        00000
__Lsfr23                                     sfr23        00000
__Lsfr24                                     sfr24        00000
__Lsfr25                                     sfr25        00000
__Lsfr26                                     sfr26        00000
__Lsfr27                                     sfr27        00000
__Lsfr28                                     sfr28        00000
__Lsfr29                                     sfr29        00000
__Lsfr3                                      sfr3         00000
__Lsfr30                                     sfr30        00000
__Lsfr31                                     sfr31        00000
__Lsfr4                                      sfr4         00000
__Lsfr5                                      sfr5         00000
__Lsfr6                                      sfr6         00000
__Lsfr7                                      sfr7         00000
__Lsfr8                                      sfr8         00000
__Lsfr9                                      sfr9         00000
__Lspace_0                                   (abs)        00000
__Lspace_1                                   (abs)        00000
__Lspace_2                                   (abs)        00000
__Lspace_3                                   (abs)        00000
__Lspace_4                                   (abs)        00000
__Lstack                                     stack        00000
__Lstrings                                   strings      00000
__Lstringtext1                               stringtext1  00000
__Lstringtext2                               stringtext2  00000
__Lstringtext3                               stringtext3  00000
__Ltext                                      text         00000
__S0                                         (abs)        01828
__S1                                         (abs)        00140
__S2                                         (abs)        00000
__S3                                         (abs)        00000
__Umul8_16                                   text51       01569
__Umul8_16@multiplicand                      cstackCOMMON 00070
__Umul8_16@multiplier                        cstackCOMMON 00078
__Umul8_16@product                           cstackCOMMON 00074
__Umul8_16@word_mpld                         cstackCOMMON 00076
___bmul                                      text76       013C0
___bmul@multiplicand                         cstackCOMMON 00070
___bmul@multiplier                           cstackCOMMON 00073
___bmul@product                              cstackCOMMON 00072
___fladd                                     text49       005F5
___fladd@a                                   cstackCOMMON 00074
___fladd@aexp                                cstackCOMMON 00079
___fladd@b                                   cstackCOMMON 00070
___fladd@bexp                                cstackCOMMON 0007A
___fladd@grs                                 cstackCOMMON 0007B
___fladd@signs                               cstackCOMMON 00078
___fldiv                                     text52       00C6F
___fldiv@a                                   cstackBANK0  00035
___fldiv@aexp                                cstackBANK0  0004E
___fldiv@b                                   cstackBANK0  00039
___fldiv@bexp                                cstackBANK0  0004D
___fldiv@grs                                 cstackBANK0  00049
___fldiv@new_exp                             cstackBANK0  00047
___fldiv@rem                                 cstackBANK0  00042
___fldiv@sign                                cstackBANK0  00046
___flmul                                     text50       00DE8
___flmul@a                                   cstackBANK0  00024
___flmul@aexp                                cstackBANK0  00029
___flmul@b                                   cstackBANK0  00020
___flmul@bexp                                cstackBANK0  0002E
___flmul@grs                                 cstackBANK0  0002A
___flmul@prod                                cstackBANK0  0002F
___flmul@sign                                cstackBANK0  00028
___flmul@temp                                cstackBANK0  00033
___flsub                                     text48       0154B
___flsub@a                                   cstackBANK0  0004F
___flsub@b                                   cstackBANK0  00053
___fltol                                     text47       009D9
___fltol@exp1                                cstackBANK0  00059
___fltol@f1                                  cstackBANK0  0004F
___fltol@sign1                               cstackBANK0  00058
___int_sp                                    stack        00000
___latbits                                   (abs)        00002
___sp                                        stack        00000
___stackhi                                   (abs)        023EF
___stacklo                                   (abs)        020C0
__end_of_Button_Baseline_Initialize          text37       016F5
__end_of_Button_Baseline_Update              text36       00BD0
__end_of_Button_DefaultCallback              text35       0126F
__end_of_Button_Deviation_Update             text41       00B41
__end_of_Button_Reading_Update               text38       01356
__end_of_Button_Reading_Update_Helper        text39       01800
__end_of_Button_Service                      text29       008C4
__end_of_Button_State_Initializing           text33       009D9
__end_of_Button_State_NotPressed             text32       00C6F
__end_of_Button_State_Pressed                text34       00978
__end_of_Button_Tick_helper                  text8        01675
__end_of_HalfCycleACDuration_const           stringtext3  01828
__end_of_INTERRUPT_InterruptManager          intentry     0002D
__end_of_IOCAF2_DefaultInterruptHandler      text93       0126A
__end_of_IOCAF2_ISR                          text92       01349
__end_of_IOCAF2_SetInterruptHandler          text67       012A9
__end_of_Init_Function                       text43       014A2
__end_of_MTOUCH_Button_Initialize            text79       0172B
__end_of_MTOUCH_Button_InitializeAll         text77       01530
__end_of_MTOUCH_Button_ServiceAll            text28       01380
__end_of_MTOUCH_Button_Tick                  text7        014B8
__end_of_MTOUCH_Button_isPressed             text42       0154B
__end_of_MTOUCH_CVD_ScanA_0                  text24       015C8
__end_of_MTOUCH_CVD_ScanA_1                  text25       015A8
__end_of_MTOUCH_CVD_ScanB_0                  text22       01608
__end_of_MTOUCH_CVD_ScanB_1                  text23       015E8
__end_of_MTOUCH_Delay                        text27       01300
__end_of_MTOUCH_Initialize                   text69       01330
__end_of_MTOUCH_Random                       text26       013A0
__end_of_MTOUCH_Sensor_Calibrate             text80       0126E
__end_of_MTOUCH_Sensor_Enable                text75       013E2
__end_of_MTOUCH_Sensor_Initialize            text73       013F3
__end_of_MTOUCH_Sensor_InitializeAll         text72       01371
__end_of_MTOUCH_Sensor_RawSample_Get         text40       014CF
__end_of_MTOUCH_Sensor_SampleAll             text9        01462
__end_of_MTOUCH_Sensor_Sampled_ResetAll      text71       0143A
__end_of_MTOUCH_Sensor_Scan_Initialize       text70       01288
__end_of_MTOUCH_Sensor_isCalibrated          text31       01273
__end_of_MTOUCH_Sensor_wasSampled            text30       0144E
__end_of_MTOUCH_Service_Mainloop             text4        00800
__end_of_MTOUCH_Tick                         text6        0127F
__end_of_MTOUCH_needReburst                  text5        00004
__end_of_OSCILLATOR_Initialize               text68       012A3
__end_of_PIN_MANAGER_IOC                     text91       0129D
__end_of_PIN_MANAGER_Initialize              text66       0169D
__end_of_SYSTEM_Initialize                   text58       01477
__end_of_Sensor_Acq_ExecutePacket            text19       00872
__end_of_Sensor_Acq_ExecuteScan              text21       00919
__end_of_Sensor_Acquisition                  text14       01767
__end_of_Sensor_DefaultCallback              text13       00801
__end_of_Sensor_RawSample_Update             text12       014FD
__end_of_Sensor_Sampled_Reset                text74       012C3
__end_of_Sensor_Service                      text10       017B3
__end_of_Sensor_isEnabled                    text18       01363
__end_of_Sensor_setActive                    text17       012CA
__end_of_Sensor_setInactive                  text16       012D1
__end_of_Sensor_setSampled                   text11       012D8
__end_of_Sensor_setScanFunction              text20       01415
__end_of_SetDimmer                           text46       00AB7
__end_of_StartHeater                         text2        005F5
__end_of_StartStop_AlarmLED                  text57       012E2
__end_of_StartStop_AlarmLED_Blink            text54       0133C
__end_of_StartStop_Buzzer                    text53       012EC
__end_of_StartStop_Dimmer                    text45       0148C
__end_of_StartStop_Fan                       text44       012F6
__end_of_StartTouchDetection                 text1        013C0
__end_of_StopTouchDetection                  text3        013B0
__end_of_TMR2_DefaultInterruptHandler        text88       0126B
__end_of_TMR2_Drive_TRIAC_isr                text89       0164E
__end_of_TMR2_ISR                            text87       0130C
__end_of_TMR2_Initialize                     text64       01390
__end_of_TMR2_SetInterruptHandler            text65       0128D
__end_of_TMR2_StartTimer                     text95       01271
__end_of_TMR2_StopTimer                      text90       01276
__end_of_TMR2_Timer_Period_const             stringtext1  01824
__end_of_TMR4_DefaultInterruptHandler        text85       0126C
__end_of_TMR4_ISR                            text84       01318
__end_of_TMR4_Initialize                     text62       01404
__end_of_TMR4_SetInterruptHandler            text63       01292
__end_of_TMR4_StartTimer                     text56       01279
__end_of_TMR4_StopTimer                      text55       0127C
__end_of_TMR4_Wroking_Blink_AlarmLED_isr     text86       01516
__end_of_TMR6_DefaultInterruptHandler        text83       0126D
__end_of_TMR6_ISR                            text82       01324
__end_of_TMR6_Initialize                     text60       01427
__end_of_TMR6_SetInterruptHandler            text61       01297
__end_of_WDT_Initialize                      text59       01283
__end_of_Zero_Detection_isr                  text94       012BC
__end_of__Umul8_16                           text51       01588
__end_of___bmul                              text76       013D1
__end_of___fladd                             text49       007DD
__end_of___fldiv                             text52       00DE8
__end_of___flmul                             text50       01000
__end_of___flsub                             text48       01569
__end_of___fltol                             text47       00A3E
__end_of__initialization                     cinit        00052
__end_of_abs                                 text15       014E6
__end_of_main                                maintext     01629
__end_of_memcpy                              text78       016C8
__end_of_mtouch_button_init                  stringtext2  01820
__initialization                             cinit        0002F
__pbssBANK0                                  bssBANK0     00066
__pbssBANK1                                  bssBANK1     000CA
__pbssBANK2                                  bssBANK2     00120
__pcstackBANK0                               cstackBANK0  00020
__pcstackCOMMON                              cstackCOMMON 00070
__pdataBANK1                                 dataBANK1    000A0
__pidataBANK1                                idataBANK1   00801
__pintentry                                  intentry     00004
__pmaintext                                  maintext     01608
__pnvBANK1                                   nvBANK1      000C2
__pstringtext1                               stringtext1  01820
__pstringtext2                               stringtext2  01800
__pstringtext3                               stringtext3  01824
__ptext1                                     text1        013B0
__ptext10                                    text10       01767
__ptext11                                    text11       012D1
__ptext12                                    text12       014E6
__ptext13                                    text13       00800
__ptext14                                    text14       0172B
__ptext15                                    text15       014CF
__ptext16                                    text16       012CA
__ptext17                                    text17       012C3
__ptext18                                    text18       01356
__ptext19                                    text19       00823
__ptext2                                     text2        00056
__ptext20                                    text20       01404
__ptext21                                    text21       008C4
__ptext22                                    text22       015E8
__ptext23                                    text23       015C8
__ptext24                                    text24       015A8
__ptext25                                    text25       01588
__ptext26                                    text26       01390
__ptext27                                    text27       012F6
__ptext28                                    text28       01371
__ptext29                                    text29       00872
__ptext3                                     text3        013A0
__ptext30                                    text30       0143A
__ptext31                                    text31       01271
__ptext32                                    text32       00BD0
__ptext33                                    text33       00978
__ptext34                                    text34       00919
__ptext35                                    text35       0126E
__ptext36                                    text36       00B41
__ptext37                                    text37       016C8
__ptext38                                    text38       01349
__ptext39                                    text39       017B3
__ptext4                                     text4        007DD
__ptext40                                    text40       014B8
__ptext41                                    text41       00AB7
__ptext42                                    text42       01530
__ptext43                                    text43       0148C
__ptext44                                    text44       012EC
__ptext45                                    text45       01477
__ptext46                                    text46       00A3E
__ptext47                                    text47       009D9
__ptext48                                    text48       0154B
__ptext49                                    text49       005F5
__ptext5                                     text5        00002
__ptext50                                    text50       00DE8
__ptext51                                    text51       01569
__ptext52                                    text52       00C6F
[...]
		On entry : 
		On exit  : 
		Unchanged: 
 Data sizes:     COMMON   BANK0   BANK1   BANK2   BANK3   BANK4   BANK5   BANK6   BANK7   BANK8   BANK9  BANK10  BANK11  BANK12
      Params:         0       0       0       0       0       0       0       0       0       0       0       0       0       0
      Locals:         0       0       0       0       0       0       0       0       0       0       0       0       0       0
      Temps:          0       0       0       0       0       0       0       0       0       0       0       0       0       0
      Totals:         0       0       0       0       0       0       0       0       0       0       0       0       0       0
Total ram usage:        0 bytes
 Hardware stack levels used:    1
 This function calls:
		Nothing
 This function is called by:
		_main
		_TMR4_ISR
 This function uses a non-reentrant model


 *************** function _TMR2_ISR *****************
 Defined at:
		line 119 in file "mcc_generated_files/tmr2.c"
 Parameters:    Size  Location     Type
		None
 Auto vars:     Size  Location     Type
		None
 Return value:  Size  Location     Type
                  1    wreg      void 
 Registers used:
		wreg, status,2, status,0, pclath, cstack
 Tracked objects:
		On entry : 
		On exit  : 
		Unchanged: 
 Data sizes:     COMMON   BANK0   BANK1   BANK2   BANK3   BANK4   BANK5   BANK6   BANK7   BANK8   BANK9  BANK10  BANK11  BANK12
      Params:         0       0       0       0       0       0       0       0       0       0       0       0       0       0
      Locals:         0       0       0       0       0       0       0       0       0       0       0       0       0       0
      Temps:          0       0       0       0       0       0       0       0       0       0       0       0       0       0
      Totals:         0       0       0       0       0       0       0       0       0       0       0       0       0       0
Total ram usage:        0 bytes
 Hardware stack levels used:    1
 Hardware stack levels required when called:    2
 This function calls:
		Absolute function
		_TMR2_DefaultInterruptHandler
		_TMR2_Drive_TRIAC_isr
 This function is called by:
		_INTERRUPT_InterruptManager
 This function uses a non-reentrant model


 *************** function _TMR2_DefaultInterruptHandler *****************
 Defined at:
		line 136 in file "mcc_generated_files/tmr2.c"
 Parameters:    Size  Location     Type
		None
 Auto vars:     Size  Location     Type
		None
 Return value:  Size  Location     Type
                  1    wreg      void 
 Registers used:
		None
 Tracked objects:
		On entry : 
		On exit  : 
		Unchanged: 
 Data sizes:     COMMON   BANK0   BANK1   BANK2   BANK3   BANK4   BANK5   BANK6   BANK7   BANK8   BANK9  BANK10  BANK11  BANK12
      Params:         0       0       0       0       0       0       0       0       0       0       0       0       0       0
      Locals:         0       0       0       0       0       0       0       0       0       0       0       0       0       0
      Temps:          0       0       0       0       0       0       0       0       0       0       0       0       0       0
      Totals:         0       0       0       0       0       0       0       0       0       0       0       0       0       0
Total ram usage:        0 bytes
 Hardware stack levels used:    1
 This function calls:
		Nothing
 This function is called by:
		_TMR2_Initialize
		_TMR2_ISR
 This function uses a non-reentrant model


 *************** function _TMR2_Drive_TRIAC_isr *****************
 Defined at:
		line 103 in file "main.c"
 Parameters:    Size  Location     Type
		None
 Auto vars:     Size  Location     Type
		None
 Return value:  Size  Location     Type
                  1    wreg      void 
 Registers used:
		wreg, status,2, status,0, pclath, cstack
 Tracked objects:
		On entry : 
		On exit  : 
		Unchanged: 
 Data sizes:     COMMON   BANK0   BANK1   BANK2   BANK3   BANK4   BANK5   BANK6   BANK7   BANK8   BANK9  BANK10  BANK11  BANK12
      Params:         0       0       0       0       0       0       0       0       0       0       0       0       0       0
      Locals:         0       0       0       0       0       0       0       0       0       0       0       0       0       0
      Temps:          0       0       0       0       0       0       0       0       0       0       0       0       0       0
      Totals:         0       0       0       0       0       0       0       0       0       0       0       0       0       0
Total ram usage:        0 bytes
 Hardware stack levels used:    1
 Hardware stack levels required when called:    1
 This function calls:
		_TMR2_StopTimer
 This function is called by:
		_main
		_TMR2_ISR
 This function uses a non-reentrant model


 *************** function _TMR2_StopTimer *****************
 Defined at:
		line 93 in file "mcc_generated_files/tmr2.c"
 Parameters:    Size  Location     Type
		None
 Auto vars:     Size  Location     Type
		None
 Return value:  Size  Location     Type
                  1    wreg      void 
 Registers used:
		None
 Tracked objects:
		On entry : 
		On exit  : 
		Unchanged: 
 Data sizes:     COMMON   BANK0   BANK1   BANK2   BANK3   BANK4   BANK5   BANK6   BANK7   BANK8   BANK9  BANK10  BANK11  BANK12
      Params:         0       0       0       0       0       0       0       0       0       0       0       0       0       0
      Locals:         0       0       0       0       0       0       0       0       0       0       0       0       0       0
      Temps:          0       0       0       0       0       0       0       0       0       0       0       0       0       0
      Totals:         0       0       0       0       0       0       0       0       0       0       0       0       0       0
Total ram usage:        0 bytes
 Hardware stack levels used:    1
 This function calls:
		Nothing
 This function is called by:
		_TMR2_Drive_TRIAC_isr
 This function uses a non-reentrant model


 *************** function _PIN_MANAGER_IOC *****************
 Defined at:
		line 115 in file "mcc_generated_files/pin_manager.c"
 Parameters:    Size  Location     Type
		None
 Auto vars:     Size  Location     Type
		None
 Return value:  Size  Location     Type
                  1    wreg      void 
 Registers used:
		wreg, status,2, status,0, pclath, cstack
 Tracked objects:
		On entry : 
		On exit  : 
		Unchanged: 
 Data sizes:     COMMON   BANK0   BANK1   BANK2   BANK3   BANK4   BANK5   BANK6   BANK7   BANK8   BANK9  BANK10  BANK11  BANK12
      Params:         0       0       0       0       0       0       0       0       0       0       0       0       0       0
      Locals:         0       0       0       0       0       0       0       0       0       0       0       0       0       0
      Temps:          0       0       0       0       0       0       0       0       0       0       0       0       0       0
      Totals:         0       0       0       0       0       0       0       0       0       0       0       0       0       0
Total ram usage:        0 bytes
 Hardware stack levels used:    1
 Hardware stack levels required when called:    3
 This function calls:
		_IOCAF2_ISR
 This function is called by:
		_INTERRUPT_InterruptManager
 This function uses a non-reentrant model


 *************** function _IOCAF2_ISR *****************
 Defined at:
		line 127 in file "mcc_generated_files/pin_manager.c"
 Parameters:    Size  Location     Type
		None
 Auto vars:     Size  Location     Type
		None
 Return value:  Size  Location     Type
                  1    wreg      void 
 Registers used:
		wreg, status,2, status,0, pclath, cstack
 Tracked objects:
		On entry : 
		On exit  : 
		Unchanged: 
 Data sizes:     COMMON   BANK0   BANK1   BANK2   BANK3   BANK4   BANK5   BANK6   BANK7   BANK8   BANK9  BANK10  BANK11  BANK12
      Params:         0       0       0       0       0       0       0       0       0       0       0       0       0       0
      Locals:         0       0       0       0       0       0       0       0       0       0       0       0       0       0
      Temps:          0       0       0       0       0       0       0       0       0       0       0       0       0       0
      Totals:         0       0       0       0       0       0       0       0       0       0       0       0       0       0
Total ram usage:        0 bytes
 Hardware stack levels used:    1
 Hardware stack levels required when called:    2
 This function calls:
		Absolute function
		_IOCAF2_DefaultInterruptHandler
		_Zero_Detection_isr
 This function is called by:
		_PIN_MANAGER_IOC
 This function uses a non-reentrant model


 *************** function _IOCAF2_DefaultInterruptHandler *****************
 Defined at:
		line 149 in file "mcc_generated_files/pin_manager.c"
 Parameters:    Size  Location     Type
		None
 Auto vars:     Size  Location     Type
		None
 Return value:  Size  Location     Type
                  1    wreg      void 
 Registers used:
		None
 Tracked objects:
		On entry : 
		On exit  : 
		Unchanged: 
 Data sizes:     COMMON   BANK0   BANK1   BANK2   BANK3   BANK4   BANK5   BANK6   BANK7   BANK8   BANK9  BANK10  BANK11  BANK12
      Params:         0       0       0       0       0       0       0       0       0       0       0       0       0       0
      Locals:         0       0       0       0       0       0       0       0       0       0       0       0       0       0
      Temps:          0       0       0       0       0       0       0       0       0       0       0       0       0       0
      Totals:         0       0       0       0       0       0       0       0       0       0       0       0       0       0
Total ram usage:        0 bytes
 Hardware stack levels used:    1
 This function calls:
		Nothing
 This function is called by:
		_PIN_MANAGER_Initialize
		_IOCAF2_ISR
 This function uses a non-reentrant model


 *************** function _Zero_Detection_isr *****************
 Defined at:
		line 90 in file "main.c"
 Parameters:    Size  Location     Type
		None
 Auto vars:     Size  Location     Type
		None
 Return value:  Size  Location     Type
                  1    wreg      void 
 Registers used:
		wreg, status,2, status,0, pclath, cstack
 Tracked objects:
		On entry : 
		On exit  : 
		Unchanged: 
 Data sizes:     COMMON   BANK0   BANK1   BANK2   BANK3   BANK4   BANK5   BANK6   BANK7   BANK8   BANK9  BANK10  BANK11  BANK12
      Params:         0       0       0       0       0       0       0       0       0       0       0       0       0       0
      Locals:         0       0       0       0       0       0       0       0       0       0       0       0       0       0
      Temps:          0       0       0       0       0       0       0       0       0       0       0       0       0       0
      Totals:         0       0       0       0       0       0       0       0       0       0       0       0       0       0
Total ram usage:        0 bytes
 Hardware stack levels used:    1
 Hardware stack levels required when called:    1
 This function calls:
		_TMR2_StartTimer
 This function is called by:
		_main
		_IOCAF2_ISR
 This function uses a non-reentrant model


 *************** function _TMR2_StartTimer *****************
 Defined at:
		line 87 in file "mcc_generated_files/tmr2.c"
 Parameters:    Size  Location     Type
		None
 Auto vars:     Size  Location     Type
		None
 Return value:  Size  Location     Type
                  1    wreg      void 
 Registers used:
		None
 Tracked objects:
		On entry : 
		On exit  : 
		Unchanged: 
 Data sizes:     COMMON   BANK0   BANK1   BANK2   BANK3   BANK4   BANK5   BANK6   BANK7   BANK8   BANK9  BANK10  BANK11  BANK12
      Params:         0       0       0       0       0       0       0       0       0       0       0       0       0       0
      Locals:         0       0       0       0       0       0       0       0       0       0       0       0       0       0
      Temps:          0       0       0       0       0       0       0       0       0       0       0       0       0       0
      Totals:         0       0       0       0       0       0       0       0       0       0       0       0       0       0
Total ram usage:        0 bytes
 Hardware stack levels used:    1
 This function calls:
		Nothing
 This function is called by:
		_Zero_Detection_isr
 This function uses a non-reentrant model



MODULE INFORMATION

Module		Function		Class		Link	Load	Size
mcc_generated_files/mtouch/mtouch_button.c
		_Button_Deviation_Update		CODE           	0AB7	0000	138
		_MTOUCH_Button_isPressed		CODE           	1530	0000	27
		_MTOUCH_Button_Initialize		CODE           	16F5	0000	54
		_Button_Tick_helper		CODE           	164E	0000	39
		_MTOUCH_Button_InitializeAll		CODE           	1516	0000	26
		_Button_Baseline_Update		CODE           	0B41	0000	143
		_Button_State_Pressed		CODE           	0919	0000	95
		_Button_Reading_Update		CODE           	1349	0000	13
		_Button_DefaultCallback		CODE           	126E	0000	1
		_MTOUCH_Button_Tick		CODE           	14A2	0000	22
		_Button_State_NotPressed		CODE           	0BD0	0000	159
		_Button_Reading_Update_Helper		CODE           	17B3	0000	77
		_Button_Service		CODE           	0872	0000	82
		_Button_State_Initializing		CODE           	0978	0000	97
		_MTOUCH_Button_ServiceAll		CODE           	1371	0000	15
		_Button_Baseline_Initialize		CODE           	16C8	0000	45

mcc_generated_files/mtouch/mtouch_button.c estimated size: 1033

/opt/microchip/xc8/v2.31/pic/sources/c99/common/sprcdiv.c
		___fldiv       		CODE           	0C6F	0000	377

/opt/microchip/xc8/v2.31/pic/sources/c99/common/sprcdiv.c estimated size: 377

/opt/microchip/xc8/v2.31/pic/sources/c99/common/Umul8.c
		___bmul        		CODE           	13C0	0000	17

/opt/microchip/xc8/v2.31/pic/sources/c99/common/Umul8.c estimated size: 17

mcc_generated_files/tmr6.c
		_TMR6_ISR      		CODE           	1318	0000	12
		_TMR6_Initialize		CODE           	1415	0000	18
		_TMR6_SetInterruptHandler		CODE           	1292	0000	5
		_TMR6_DefaultInterruptHandler		CODE           	126C	0000	1

mcc_generated_files/tmr6.c estimated size: 36

mcc_generated_files/tmr4.c
		_TMR4_ISR      		CODE           	130C	0000	12
		_TMR4_Initialize		CODE           	13F3	0000	17
		_TMR4_SetInterruptHandler		CODE           	128D	0000	5
		_TMR4_StopTimer		CODE           	1279	0000	3
		_TMR4_DefaultInterruptHandler		CODE           	126B	0000	1
		_TMR4_StartTimer		CODE           	1276	0000	3

mcc_generated_files/tmr4.c estimated size: 41

/opt/microchip/xc8/v2.31/pic/sources/c99/common/abs.c
		_abs           		CODE           	14CF	0000	23

/opt/microchip/xc8/v2.31/pic/sources/c99/common/abs.c estimated size: 23

mcc_generated_files/tmr2.c
		_TMR2_ISR      		CODE           	1300	0000	12
		_TMR2_Initialize		CODE           	1380	0000	16
		_TMR2_SetInterruptHandler		CODE           	1288	0000	5
		_TMR2_StopTimer		CODE           	1273	0000	3
		_TMR2_DefaultInterruptHandler		CODE           	126A	0000	1
		_TMR2_StartTimer		CODE           	126F	0000	2

mcc_generated_files/tmr2.c estimated size: 39

mcc_generated_files/interrupt_manager.c
		_INTERRUPT_InterruptManager		CODE           	0004	0000	41

mcc_generated_files/interrupt_manager.c estimated size: 41

mcc_generated_files/mtouch/mtouch.c
		_MTOUCH_Tick   		CODE           	127C	0000	3
		_MTOUCH_Initialize		CODE           	1324	0000	12
		_MTOUCH_Service_Mainloop		CODE           	07DD	0000	35
		_MTOUCH_needReburst		CODE           	0002	0000	2

mcc_generated_files/mtouch/mtouch.c estimated size: 52

/opt/microchip/xc8/v2.31/pic/sources/c99/common/memcpy.c
		_memcpy        		CODE           	169D	0000	43

/opt/microchip/xc8/v2.31/pic/sources/c99/common/memcpy.c estimated size: 43

mcc_generated_files/pin_manager.c
		_PIN_MANAGER_Initialize		CODE           	1675	0000	40
		_IOCAF2_DefaultInterruptHandler		CODE           	1269	0000	1
		_IOCAF2_ISR    		CODE           	133C	0000	13
		_PIN_MANAGER_IOC		CODE           	1297	0000	6
		_IOCAF2_SetInterruptHandler		CODE           	12A3	0000	6

mcc_generated_files/pin_manager.c estimated size: 66

mcc_generated_files/mtouch/mtouch_sensor_scan.c
		_MTOUCH_CVD_ScanA_0		CODE           	15A8	0000	32
		_MTOUCH_CVD_ScanB_0		CODE           	15E8	0000	32
		_MTOUCH_CVD_ScanA_1		CODE           	1588	0000	32
		_MTOUCH_CVD_ScanB_1		CODE           	15C8	0000	32

mcc_generated_files/mtouch/mtouch_sensor_scan.c estimated size: 128

/opt/microchip/xc8/v2.31/pic/sources/c99/common/sprcadd.c
		___flsub       		CODE           	154B	0000	30
		___fladd       		CODE           	05F5	0000	488

/opt/microchip/xc8/v2.31/pic/sources/c99/common/sprcadd.c estimated size: 518

shared
		_HalfCycleACDuration_const		STRCODE        	0000	0000	0
		_TMR2_Timer_Period_const		STRCODE        	0000	0000	0
		__initialization		CODE           	002F	0000	35
		_mtouch_button_init		STRCODE        	1800	0000	32

shared estimated size: 67

mcc_generated_files/mcc.c
		_WDT_Initialize		CODE           	127F	0000	4
		_OSCILLATOR_Initialize		CODE           	129D	0000	6
		_SYSTEM_Initialize		CODE           	1462	0000	21

mcc_generated_files/mcc.c estimated size: 31

/opt/microchip/xc8/v2.31/pic/sources/c99/common/Umul8_16.c
		__Umul8_16     		CODE           	1569	0000	31

/opt/microchip/xc8/v2.31/pic/sources/c99/common/Umul8_16.c estimated size: 31

main.c
		_StartTouchDetection		CODE           	13B0	0000	16
		_StartStop_AlarmLED_Blink		CODE           	1330	0000	12
		_main          		CODE           	1608	0000	33
		_TMR2_Drive_TRIAC_isr		CODE           	1629	0000	37
		_TMR4_Wroking_Blink_AlarmLED_isr		CODE           	14FD	0000	25
		_SetDimmer     		CODE           	0A3E	0000	121
		_StartHeater   		CODE           	0056	0000	1439
		_Zero_Detection_isr		CODE           	12B5	0000	7
		_StopTouchDetection		CODE           	13A0	0000	16
		_Init_Function 		CODE           	148C	0000	22
		_StartStop_Fan 		CODE           	12EC	0000	10
		_StartStop_Dimmer		CODE           	1477	0000	21
		_StartStop_AlarmLED		CODE           	12D8	0000	10
		_StartStop_Buzzer		CODE           	12E2	0000	10

main.c estimated size: 1779

mcc_generated_files/mtouch/mtouch_random.c
		_MTOUCH_Random 		CODE           	1390	0000	16

mcc_generated_files/mtouch/mtouch_random.c estimated size: 16

mcc_generated_files/mtouch/mtouch_sensor.c
		_Sensor_Acq_ExecutePacket		CODE           	0823	0000	79
		_MTOUCH_Delay  		CODE           	12F6	0000	10
		_Sensor_Acquisition		CODE           	172B	0000	60
		_MTOUCH_Sensor_Initialize		CODE           	13E2	0000	17
		_Sensor_Sampled_Reset		CODE           	12BC	0000	7
		_MTOUCH_Sensor_InitializeAll		CODE           	1363	0000	14
		_Sensor_DefaultCallback		CODE           	0800	0000	1
		_Sensor_isEnabled		CODE           	1356	0000	13
		_MTOUCH_Sensor_isCalibrated		CODE           	1271	0000	2
		_MTOUCH_Sensor_Calibrate		CODE           	126D	0000	1
		_MTOUCH_Sensor_Sampled_ResetAll		CODE           	1427	0000	19
		_Sensor_setActive		CODE           	12C3	0000	7
		_MTOUCH_Sensor_Enable		CODE           	13D1	0000	17
		_Sensor_Acq_ExecuteScan		CODE           	08C4	0000	85
		_Sensor_setSampled		CODE           	12D1	0000	7
		_MTOUCH_Sensor_RawSample_Get		CODE           	14B8	0000	23
		_MTOUCH_Sensor_SampleAll		CODE           	144E	0000	20
		_MTOUCH_Sensor_wasSampled		CODE           	143A	0000	20
		_Sensor_Service		CODE           	1767	0000	76
		_Sensor_setScanFunction		CODE           	1404	0000	17
		_MTOUCH_Sensor_Scan_Initialize		CODE           	1283	0000	5
		_Sensor_RawSample_Update		CODE           	14E6	0000	23
		_Sensor_setInactive		CODE           	12CA	0000	7

mcc_generated_files/mtouch/mtouch_sensor.c estimated size: 530

/opt/microchip/xc8/v2.31/pic/sources/c99/common/fltol.c
		___fltol       		CODE           	09D9	0000	101

/opt/microchip/xc8/v2.31/pic/sources/c99/common/fltol.c estimated size: 101

/opt/microchip/xc8/v2.31/pic/sources/c99/common/sprcmul.c
		___flmul       		CODE           	0DE8	0000	536

/opt/microchip/xc8/v2.31/pic/sources/c99/common/sprcmul.c estimated size: 536

