Microchip MPLAB XC8 Compiler V2.31

Linker command line:

-W-3 --edf=/opt/microchip/xc8/v2.31/pic/dat/en_msgs.txt -cn \
  -h+dist/default/production/reflow_oven_v2.X.production.sym \
  --cmf=dist/default/production/reflow_oven_v2.X.production.cmf -z \
  -Q16F1829 -o/tmp/xcXMDjage --defsym=__MPLAB_BUILD=1 \
  -Mdist/default/production/reflow_oven_v2.X.production.map -E1 \
  -ver=XC8 Compiler --acfsm=1493 -ASTACK=02180h-023EFh -pstack=STACK \
  -ACODE=00h-07FFhx4 -ASTRCODE=00h-01FFFh -ASTRING=00h-0FFhx32 \
  -ACONST=00h-0FFhx32 -AENTRY=00h-0FFhx32 -ACOMMON=070h-07Fh \
  -ABANK0=020h-06Fh -ABANK1=0A0h-0EFh -ABANK2=0120h-016Fh \
  -ABANK3=01A0h-01EFh -ABANK4=0220h-026Fh -ABANK5=02A0h-02EFh \
  -ABANK6=0320h-036Fh -ABANK7=03A0h-03EFh -ABANK8=0420h-046Fh \
  -ABANK9=04A0h-04EFh -ABANK10=0520h-056Fh -ABANK11=05A0h-05EFh \
  -ABANK12=0620h-064Fh -ABIGRAM=02000h-023EFh \
  -ARAM=020h-06Fh,0A0h-0EFh,0120h-016Fh,01A0h-01EFh,0220h-026Fh,02A0h-02EFh,0320h-036Fh,03A0h-03EFh,0420h-046Fh,04A0h-04EFh,0520h-056Fh,05A0h-05EFh,0620h-064Fh \
  -AABS1=020h-07Fh,0A0h-0EFh,0120h-016Fh,01A0h-01EFh,0220h-026Fh,02A0h-02EFh,0320h-036Fh,03A0h-03EFh,0420h-046Fh,04A0h-04EFh,0520h-056Fh,05A0h-05EFh,0620h-064Fh \
  -ASFR0=00h-01Fh -ASFR1=080h-09Fh -ASFR2=0100h-011Fh -ASFR3=0180h-019Fh \
  -ASFR4=0200h-021Fh -ASFR5=0280h-029Fh -ASFR6=0300h-031Fh \
  -ASFR7=0380h-039Fh -ASFR8=0400h-041Fh -ASFR9=0480h-049Fh \
  -ASFR10=0500h-051Fh -ASFR11=0580h-059Fh -ASFR12=0600h-061Fh \
  -ASFR13=0680h-06EFh -ASFR14=0700h-076Fh -ASFR15=0780h-07EFh \
  -ASFR16=0800h-086Fh -ASFR17=0880h-08EFh -ASFR18=0900h-096Fh \
  -ASFR19=0980h-09EFh -ASFR20=0A00h-0A6Fh -ASFR21=0A80h-0AEFh \
  -ASFR22=0B00h-0B6Fh -ASFR23=0B80h-0BEFh -ASFR24=0C00h-0C6Fh \
  -ASFR25=0C80h-0CEFh -ASFR26=0D00h-0D6Fh -ASFR27=0D80h-0DEFh \
  -ASFR28=0E00h-0E6Fh -ASFR29=0E80h-0EEFh -ASFR30=0F00h-0F6Fh \
  -ASFR31=0F80h-0FEFh -ACONFIG=08007h-08008h -DCONFIG=2 \
  -AIDLOC=08000h-08003h -DIDLOC=2 -AEEDATA=00h-0FFh/0F000h \
  -peeprom_data=EEDATA -DEEDATA=2 -DCODE=2 -DSTRCODE=2 -DSTRING=2 -DCONST=2 \
  -DENTRY=2 -preset_vec=00h,intentry=04h,init,end_init -ppowerup=CODE \
  -pcinit=CODE -pfunctab=ENTRY -k /tmp/xcXNpaENL.o \
  dist/default/production/reflow_oven_v2.X.production.o 

Object code version is 3.11

Machine type is 16F1829



                Name                               Link     Load   Length Selector   Space Scale
/tmp/xcXNpaENL.o
                end_init                             2D       2D        2        8       0
                reset_vec                             0        0        2        0       0
                config                             8007     8007        2        0       4
                idloc                              8000     8000        4        0       5
dist/default/production/reflow_oven_v2.X.production.o
                cinit                                2F       2F       37        8       0
                intentry                              4        4       29        8       0
                config                             8007     8007        2        0       4
                idloc                              8000     8000        4        0       5
                text92                             1A87     1A87        3     350E       0
                text91                             1AE9     1AE9        7     35D2       0
                text90                             1A85     1A85        1     350A       0
                text89                             1B74     1B74        D     36E8       0
                text88                             1AB3     1AB3        6     3566       0
                text87                             1AB9     1AB9        6     3572       0
                text86                             1A86     1A86        1     350C       0
                text85                             1B8E     1B8E        F     371C       0
                text84                              7EC      7EC       14        8       0
                text83                             1A8A     1A8A        3     3514       0
                text82                             1D71     1D71       22     3AE2       0
                text81                             1000     1000        1     1A38       0
                text80                             1B44     1B44        C     3688       0
                text79                             1C94     1C94       19     3928       0
                text78                              800      800        1        8       0
                text77                             1B50     1B50        C     36A0       0
                text75                             1A8D     1A8D        3     351A       0
                text74                             1A90     1A90        3     3520       0
                text73                             1B5C     1B5C        C     36B8       0
                text72                             1B06     1B06        A     360C       0
                text71                             1629     1629      1D7     2C52       0
                text70                             1D31     1D31       1F     3A62       0
                text69                              B04      B04      218     1608       0
                text68                              923      923      1E1     1246       0
                text67                             1D14     1D14       1D     3A28       0
                text66                             103F     103F       70     207E       0
                text65                             121B     121B       95     2436       0
                text64                             1C38     1C38       16     3870       0
                text63                             1B10     1B10        A     3620       0
                text62                             1E8F     1E8F       34     3D1E       0
                text61                             1F51     1F51       50     3EA2       0
                text60                               66       66      691        8       0
                text59                             1B81     1B81        D     3702       0
                text58                             1B1A     1B1A        A     3634       0
                text57                             1CAD     1CAD       19     395A       0
                text56                             1A93     1A93        3     3526       0
                text55                             12B0     12B0       96     2560       0
                text54                             1EC3     1EC3       41     3D86       0
                text53                             1FA1     1FA1       5F     3F42       0
                text52                             119F     119F       7C     233E       0
                text51                             1BBD     1BBD       11     377A       0
                text50                              D1C      D1C      2E4     1A38       0
                text49                             1414     1414       D0     2828       0
                text48                             1A9A     1A9A        5     3534       0
                text47                             1ABF     1ABF        6     357E       0
                text46                             1BCE     1BCE       11     379C       0
                text45                             10AF     10AF       75     215E       0
                text44                             1AF0     1AF0        7     35E0       0
                text43                             1A9F     1A9F        5     353E       0
                text42                             1AA4     1AA4        5     3548       0
                text41                             1AA9     1AA9        5     3552       0
                text40                             1D50     1D50       21     3AA0       0
                text39                                2        2        1        0       0
                text38                             1009     1009       36     2012       0
                text37                             1E06     1E06       2B     3C0C       0
                text36                             1CDF     1CDF       1A     39BE       0
                text35                             1BDF     1BDF       11     37BE       0
                text34                             1C01     1C01       12     3802       0
                text33                             1AFE     1AFE        8     35FC       0
                text32                             1BF0     1BF0       11     37E0       0
                text31                             1B9D     1B9D       10     373A       0
                text30                             1C25     1C25       13     384A       0
                text29                             1AAE     1AAE        5     355C       0
                text28                             1B68     1B68        C     36D0       0
                text27                             1AF7     1AF7        7     35EE       0
                text26                             1AC5     1AC5        6     358A       0
                text25                             1DB8     1DB8       27     3B70       0
                text24                             1ACB     1ACB        6     3596       0
                text23                             1CC6     1CC6       19     398C       0
                text22                             1AD1     1AD1        6     35A2       0
                text21                             1BAD     1BAD       10     375A       0
                text20                             1AD7     1AD7        6     35AE       0
                text19                             1C13     1C13       12     3826       0
                text18                             1A96     1A96        4     352C       0
                text17                             1CF9     1CF9       1B     39F2       0
                text16                             1001     1001        8     2002       0
                text15                             1B24     1B24        A     3648       0
                text14                             1B2E     1B2E        B     365C       0
                text13                             1C4E     1C4E       17     389C       0
                text12                             1E5E     1E5E       31     3CBC       0
                text11                              6F7      6F7       F5        8       0
                text10                              847      847       DC     108E       0
                text9                              1C65     1C65       17     38CA       0
                text8                                 3        3        1        6       0
                text7                               801      801       46     1002       0
                text6                              1D93     1D93       25     3B26       0
                text5                              1F04     1F04       4D     3E08       0
                text4                              14E4     14E4      145     29C8       0
                text3                              1346     1346       CE     268C       0
                text2                              1E31     1E31       2D     3C62       0
                text1                              1DDF     1DDF       27     3BBE       0
                maintext                           1124     1124       7B     2248       0
                cstackBANK0                          20       20       50       20       1
                cstackCOMMON                         70       70        A       70       1
                cstackBANK1                          A0       A0       4F       A0       1
                cstackBANK2                         120      120       23      120       1
                clrtext                            1ADD     1ADD        6     35BA       0
                inittext                           1AE3     1AE3        6     35C6       0
                bssBANK4                            220      220       40      220       1
                dataBANK3                           1A0      1A0       18      1A0       1
                bssBANK3                            1B8      1B8       14      1A0       1
                dataBANK2                           164      164        B      120       1
                bssBANK2                            143      143       21      120       1
                bssBANK1                             EF       EF        1       A0       1
                bssCOMMON                            7A       7A        2       70       1
                stringtext11                       1820     1820        C     3000       0
                nvBANK3                             1CC      1CC       10      1A0       1
                stringtext10                       1845     1845        1     3000       0
                stringtext9                        1844     1844        1     3000       0
                stringtext8                        183C     183C        4     3000       0
                stringtext7                        1838     1838        4     3000       0
                stringtext6                        1800     1800       20     3000       0
                stringtext5                        1842     1842        2     3000       0
                stringtext4                        1840     1840        2     3000       0
                stringtext3                        1834     1834        4     3000       0
                stringtext2                        1830     1830        4     3000       0
                stringtext1                        182C     182C        4     3000       0
                idataBANK3                         1C7C     1C7C       18     38F8       0
                idataBANK2                         1B39     1B39        B     3672       0

TOTAL           Name                               Link     Load   Length     Space
        CLASS   STACK          

        CLASS   CODE           
                end_init                             2D       2D        2         0
                cinit                                2F       2F       37         0
                intentry                              4        4       29         0
                reset_vec                             0        0        2         0
                text92                             1A87     1A87        3         0
                text91                             1AE9     1AE9        7         0
                text90                             1A85     1A85        1         0
                text89                             1B74     1B74        D         0
                text88                             1AB3     1AB3        6         0
                text87                             1AB9     1AB9        6         0
                text86                             1A86     1A86        1         0
                text85                             1B8E     1B8E        F         0
                text84                              7EC      7EC       14         0
                text83                             1A8A     1A8A        3         0
                text82                             1D71     1D71       22         0
                text81                             1000     1000        1         0
                text80                             1B44     1B44        C         0
                text79                             1C94     1C94       19         0
                text78                              800      800        1         0
                text77                             1B50     1B50        C         0
                text75                             1A8D     1A8D        3         0
                text74                             1A90     1A90        3         0
                text73                             1B5C     1B5C        C         0
                text72                             1B06     1B06        A         0
                text71                             1629     1629      1D7         0
                text70                             1D31     1D31       1F         0
                text69                              B04      B04      218         0
                text68                              923      923      1E1         0
                text67                             1D14     1D14       1D         0
                text66                             103F     103F       70         0
                text65                             121B     121B       95         0
                text64                             1C38     1C38       16         0
                text63                             1B10     1B10        A         0
                text62                             1E8F     1E8F       34         0
                text61                             1F51     1F51       50         0
                text60                               66       66      691         0
                text59                             1B81     1B81        D         0
                text58                             1B1A     1B1A        A         0
                text57                             1CAD     1CAD       19         0
                text56                             1A93     1A93        3         0
                text55                             12B0     12B0       96         0
                text54                             1EC3     1EC3       41         0
                text53                             1FA1     1FA1       5F         0
                text52                             119F     119F       7C         0
                text51                             1BBD     1BBD       11         0
                text50                              D1C      D1C      2E4         0
                text49                             1414     1414       D0         0
                text48                             1A9A     1A9A        5         0
                text47                             1ABF     1ABF        6         0
                text46                             1BCE     1BCE       11         0
                text45                             10AF     10AF       75         0
                text44                             1AF0     1AF0        7         0
                text43                             1A9F     1A9F        5         0
                text42                             1AA4     1AA4        5         0
                text41                             1AA9     1AA9        5         0
                text40                             1D50     1D50       21         0
                text39                                2        2        1         0
                text38                             1009     1009       36         0
                text37                             1E06     1E06       2B         0
                text36                             1CDF     1CDF       1A         0
                text35                             1BDF     1BDF       11         0
                text34                             1C01     1C01       12         0
                text33                             1AFE     1AFE        8         0
                text32                             1BF0     1BF0       11         0
                text31                             1B9D     1B9D       10         0
                text30                             1C25     1C25       13         0
                text29                             1AAE     1AAE        5         0
                text28                             1B68     1B68        C         0
                text27                             1AF7     1AF7        7         0
                text26                             1AC5     1AC5        6         0
                text25                             1DB8     1DB8       27         0
                text24                             1ACB     1ACB        6         0
                text23                             1CC6     1CC6       19         0
                text22                             1AD1     1AD1        6         0
                text21                             1BAD     1BAD       10         0
                text20                             1AD7     1AD7        6         0
                text19                             1C13     1C13       12         0
                text18                             1A96     1A96        4         0
                text17                             1CF9     1CF9       1B         0
                text16                             1001     1001        8         0
                text15                             1B24     1B24        A         0
                text14                             1B2E     1B2E        B         0
                text13                             1C4E     1C4E       17         0
                text12                             1E5E     1E5E       31         0
                text11                              6F7      6F7       F5         0
                text10                              847      847       DC         0
                text9                              1C65     1C65       17         0
                text8                                 3        3        1         0
                text7                               801      801       46         0
                text6                              1D93     1D93       25         0
                text5                              1F04     1F04       4D         0
                text4                              14E4     14E4      145         0
                text3                              1346     1346       CE         0
                text2                              1E31     1E31       2D         0
                text1                              1DDF     1DDF       27         0
                maintext                           1124     1124       7B         0
                clrtext                            1ADD     1ADD        6         0
                inittext                           1AE3     1AE3        6         0
                idataBANK3                         1C7C     1C7C       18         0
                idataBANK2                         1B39     1B39        B         0

        CLASS   STRCODE        
                stringtext11                       1820     1820        C         0
                stringtext10                       1845     1845        1         0
                stringtext9                        1844     1844        1         0
                stringtext8                        183C     183C        4         0
                stringtext7                        1838     1838        4         0
                stringtext6                        1800     1800       20         0
                stringtext5                        1842     1842        2         0
                stringtext4                        1840     1840        2         0
                stringtext3                        1834     1834        4         0
                stringtext2                        1830     1830        4         0
                stringtext1                        182C     182C        4         0

        CLASS   STRING         

        CLASS   CONST          

        CLASS   ENTRY          

        CLASS   COMMON         
                cstackCOMMON                         70       70        A         1
                bssCOMMON                            7A       7A        2         1

        CLASS   BANK0          
                cstackBANK0                          20       20       50         1

        CLASS   BANK1          
                cstackBANK1                          A0       A0       4F         1
                bssBANK1                             EF       EF        1         1

        CLASS   BANK2          
                cstackBANK2                         120      120       23         1
                dataBANK2                           164      164        B         1
                bssBANK2                            143      143       21         1

        CLASS   BANK3          
                dataBANK3                           1A0      1A0       18         1
                bssBANK3                            1B8      1B8       14         1
                nvBANK3                             1CC      1CC       10         1

        CLASS   BANK4          
                bssBANK4                            220      220       40         1

        CLASS   BANK5          

        CLASS   BANK6          

        CLASS   BANK7          

        CLASS   BANK8          

        CLASS   BANK9          

        CLASS   BANK10         

        CLASS   BANK11         

        CLASS   BANK12         

        CLASS   BIGRAM         

        CLASS   RAM            

        CLASS   ABS1           
                abs_s1                               7E       7E        2         1

        CLASS   SFR0           

        CLASS   SFR1           

        CLASS   SFR2           

        CLASS   SFR3           

        CLASS   SFR4           

        CLASS   SFR5           

        CLASS   SFR6           

        CLASS   SFR7           

        CLASS   SFR8           

        CLASS   SFR9           

        CLASS   SFR10          

        CLASS   SFR11          

        CLASS   SFR12          

        CLASS   SFR13          

        CLASS   SFR14          

        CLASS   SFR15          

        CLASS   SFR16          

        CLASS   SFR17          

        CLASS   SFR18          

        CLASS   SFR19          

        CLASS   SFR20          

        CLASS   SFR21          

        CLASS   SFR22          

        CLASS   SFR23          

        CLASS   SFR24          

        CLASS   SFR25          

        CLASS   SFR26          

        CLASS   SFR27          

        CLASS   SFR28          

        CLASS   SFR29          

        CLASS   SFR30          

        CLASS   SFR31          

        CLASS   CONFIG         
                config                             8007     8007        2         4

        CLASS   IDLOC          
                idloc                              8000     8000        4         5

        CLASS   EEDATA         

        CLASS   BANK31         

        CLASS   BANK30         

        CLASS   BANK29         

        CLASS   BANK28         

        CLASS   BANK27         

        CLASS   BANK26         

        CLASS   BANK25         

        CLASS   BANK24         

        CLASS   BANK23         

        CLASS   BANK22         

        CLASS   BANK21         

        CLASS   BANK20         

        CLASS   BANK19         

        CLASS   BANK18         

        CLASS   BANK17         

        CLASS   BANK16         

        CLASS   BANK15         

        CLASS   BANK14         

        CLASS   BANK13         



SEGMENTS        Name                           Load    Length   Top    Selector   Space  Class     Delta

                text30                         001C25  000013  001C38      384A       0  CODE        2
                text64                         001C38  000016  001C4E      3870       0  CODE        2
                text34                         001C01  000012  001C13      3802       0  CODE        2
                text19                         001C13  000012  001C25      3826       0  CODE        2
                text13                         001C4E  000017  001C65      389C       0  CODE        2
                text79                         001C94  000019  001CAD      3928       0  CODE        2
                text57                         001CAD  000019  001CC6      395A       0  CODE        2
                text9                          001C65  000017  001C7C      38CA       0  CODE        2
                idataBANK3                     001C7C  000018  001C94      38F8       0  CODE        2
                text32                         001BF0  000011  001C01      37E0       0  CODE        2
                text59                         001B81  00000D  001B8E      3702       0  CODE        2
                text85                         001B8E  00000F  001B9D      371C       0  CODE        2
                text28                         001B68  00000C  001B74      36D0       0  CODE        2
                text89                         001B74  00000D  001B81      36E8       0  CODE        2
                text31                         001B9D  000010  001BAD      373A       0  CODE        2
                text46                         001BCE  000011  001BDF      379C       0  CODE        2
                text35                         001BDF  000011  001BF0      37BE       0  CODE        2
                text21                         001BAD  000010  001BBD      375A       0  CODE        2
                text51                         001BBD  000011  001BCE      377A       0  CODE        2
                text2                          001E31  00002D  001E5E      3C62       0  CODE        2
                text12                         001E5E  000031  001E8F      3CBC       0  CODE        2
                text1                          001DDF  000027  001E06      3BBE       0  CODE        2
                text37                         001E06  00002B  001E31      3C0C       0  CODE        2
                text62                         001E8F  000034  001EC3      3D1E       0  CODE        2
                text7                          000801  000046  000847      1002       0  CODE        2
                text5                          001F04  00004D  001F51      3E08       0  CODE        2
                text38                         001009  000036  00103F      2012       0  CODE        2
                text54                         001EC3  000041  001F04      3D86       0  CODE        2
                text25                         001DB8  000027  001DDF      3B70       0  CODE        2
                text17                         001CF9  00001B  001D14      39F2       0  CODE        2
                text67                         001D14  00001D  001D31      3A28       0  CODE        2
                text23                         001CC6  000019  001CDF      398C       0  CODE        2
                text36                         001CDF  00001A  001CF9      39BE       0  CODE        2
                text70                         001D31  00001F  001D50      3A62       0  CODE        2
                text82                         001D71  000022  001D93      3AE2       0  CODE        2
                text6                          001D93  000025  001DB8      3B26       0  CODE        2
                stringtext6                    001800  000046  001846      3000       0  STRCODE     2
                text40                         001D50  000021  001D71      3AA0       0  CODE        2
                text42                         001AA4  000005  001AA9      3548       0  CODE        2
                text41                         001AA9  000005  001AAE      3552       0  CODE        2
                text48                         001A9A  000005  001A9F      3534       0  CODE        2
                text43                         001A9F  000005  001AA4      353E       0  CODE        2
                text29                         001AAE  000005  001AB3      355C       0  CODE        2
                text47                         001ABF  000006  001AC5      357E       0  CODE        2
                text26                         001AC5  000006  001ACB      358A       0  CODE        2
                text88                         001AB3  000006  001AB9      3566       0  CODE        2
                text87                         001AB9  000006  001ABF      3572       0  CODE        2
                text18                         001A96  000004  001A9A      352C       0  CODE        2
                text86                         001A86  000001  001A87      350C       0  CODE        2
                text8                          000003  000001  000004         6       0  CODE        2
                text90                         001A85  000001  001A86      350A       0  CODE        2
                text92                         001A87  000003  001A8A      350E       0  CODE        2
                text74                         001A90  000003  001A93      3520       0  CODE        2
                text56                         001A93  000003  001A96      3526       0  CODE        2
                text83                         001A8A  000003  001A8D      3514       0  CODE        2
                text75                         001A8D  000003  001A90      351A       0  CODE        2
                text58                         001B1A  00000A  001B24      3634       0  CODE        2
                text15                         001B24  00000A  001B2E      3648       0  CODE        2
                text72                         001B06  00000A  001B10      360C       0  CODE        2
                text63                         001B10  00000A  001B1A      3620       0  CODE        2
                text14                         001B2E  00000B  001B39      365C       0  CODE        2
                text77                         001B50  00000C  001B5C      36A0       0  CODE        2
                text73                         001B5C  00000C  001B68      36B8       0  CODE        2
                idataBANK2                     001B39  00000B  001B44      3672       0  CODE        2
                text80                         001B44  00000C  001B50      3688       0  CODE        2
                text16                         001001  000008  001009      2002       0  CODE        2
                text20                         001AD7  000006  001ADD      35AE       0  CODE        2
                clrtext                        001ADD  000006  001AE3      35BA       0  CODE        2
                text24                         001ACB  000006  001AD1      3596       0  CODE        2
                text22                         001AD1  000006  001AD7      35A2       0  CODE        2
                inittext                       001AE3  000006  001AE9      35C6       0  CODE        2
                text27                         001AF7  000007  001AFE      35EE       0  CODE        2
                text33                         001AFE  000008  001B06      35FC       0  CODE        2
                text91                         001AE9  000007  001AF0      35D2       0  CODE        2
                text44                         001AF0  000007  001AF7      35E0       0  CODE        2
                text61                         001F51  000050  001FA1      3EA2       0  CODE        2
                cstackBANK1                    0000A0  000050  0000F0        A0       1  BANK1       1
                bssBANK4                       000220  000040  000260       220       1  BANK4       1
                reset_vec                      000000  000003  000003         0       0  CODE        2
                cstackBANK0                    000020  000050  000070        20       1  BANK0       1
                cstackBANK2                    000120  00004F  00016F       120       1  BANK2       1
                dataBANK3                      0001A0  00003C  0001DC       1A0       1  BANK3       1
                cstackCOMMON                   000070  00000C  00007C        70       1  COMMON      1
                intentry                       000004  0007FD  000801         8       0  CODE        2
                text65                         00121B  000095  0012B0      2436       0  CODE        2
                text55                         0012B0  000096  001346      2560       0  CODE        2
                text52                         00119F  00007C  00121B      233E       0  CODE        2
                text3                          001346  0000CE  001414      268C       0  CODE        2
                maintext                       001124  00007B  00119F      2248       0  CODE        2
                text49                         001414  0000D0  0014E4      2828       0  CODE        2
                text10                         000847  0000DC  000923      108E       0  CODE        2
                text45                         0010AF  000075  001124      215E       0  CODE        2
                text66                         00103F  000070  0010AF      207E       0  CODE        2
                text53                         001FA1  00005F  002000      3F42       0  CODE        2
                text71                         001629  0001D7  001800      2C52       0  CODE        2
                text4                          0014E4  000145  001629      29C8       0  CODE        2
                text68                         000923  0001E1  000B04      1246       0  CODE        2
                text50                         000D1C  0002E5  001001      1A38       0  CODE        2
                text69                         000B04  000218  000D1C      1608       0  CODE        2


UNUSED ADDRESS RANGES

        Name                Unused          Largest block    Delta
        BANK10           00520-0056F              50           1
        BANK11           005A0-005EF              50           1
        BANK12           00620-0064F              30           1
        BANK2            0016F-0016F               1           1
        BANK3            001DC-001EF              14           1
        BANK4            00260-0026F              10           1
        BANK5            002A0-002EF              50           1
        BANK6            00320-0036F              50           1
        BANK7            003A0-003EF              50           1
        BANK8            00420-0046F              50           1
        BANK9            004A0-004EF              50           1
        BIGRAM           02000-023EF             3F0           1
        CODE             01846-01A84             23F           2
        COMMON           0007C-0007D               2           1
        CONST            01846-01A84             100           2
        EEDATA           0F000-0F0FF             100           2
        ENTRY            01846-01A84             100           2
        RAM              0016F-0016F               1           1
                         001DC-001EF              14
                         00260-0026F              10
                         002A0-002EF              50
                         00320-0036F              50
                         003A0-003EF              50
                         00420-0046F              50
                         004A0-004EF              50
                         00520-0056F              50
                         005A0-005EF              50
                         00620-0064F              30
        SFR0             00000-0001F              20           1
        SFR1             00080-0009F              20           1
        SFR10            00500-0051F              20           1
        SFR11            00580-0059F              20           1
        SFR12            00600-0061F              20           1
        SFR13            00680-006EF              70           1
        SFR14            00700-0076F              70           1
        SFR15            00780-007EF              70           1
        SFR16            00800-0086F              70           1
        SFR17            00880-008EF              70           1
        SFR18            00900-0096F              70           1
        SFR19            00980-009EF              70           1
        SFR2             00100-0011F              20           1
        SFR20            00A00-00A6F              70           1
        SFR21            00A80-00AEF              70           1
        SFR22            00B00-00B6F              70           1
        SFR23            00B80-00BEF              70           1
        SFR24            00C00-00C6F              70           1
        SFR25            00C80-00CEF              70           1
        SFR26            00D00-00D6F              70           1
        SFR27            00D80-00DEF              70           1
        SFR28            00E00-00E6F              70           1
        SFR29            00E80-00EEF              70           1
        SFR3             00180-0019F              20           1
        SFR30            00F00-00F6F              70           1
        SFR31            00F80-00FEF              70           1
        SFR4             00200-0021F              20           1
        SFR5             00280-0029F              20           1
        SFR6             00300-0031F              20           1
        SFR7             00380-0039F              20           1
        SFR8             00400-0041F              20           1
        SFR9             00480-0049F              20           1
        STACK            02180-023EF             270           1
        STRCODE          01846-01A84             23F           2
        STRING           01846-01A84             100           2

                                  Symbol Table

?_ADC_GetConversionResult                      cstackCOMMON 00072
?_ChangeADCtoVoltage                           cstackBANK1  000D5
?_Measure_R_PT100_2Wire                        cstackBANK1  000D5
?_Measure_Temp_PT100_2Wire                     cstackBANK1  000D5
?_Read_ADC_Num                                 cstackCOMMON 00074
?_Read_PT100_Temp                              cstackBANK1  000E9
?__Umul8_16                                    cstackCOMMON 00072
?___aodiv                                      cstackBANK0  00020
?___aomod                                      cstackBANK0  00020
?___fladd                                      cstackBANK0  00040
?___fldiv                                      cstackBANK0  00060
?___flmul                                      cstackBANK0  00026
?___flsub                                      cstackBANK0  00054
?___fltol                                      cstackBANK2  0012E
?___lwdiv                                      cstackCOMMON 00072
?___xxtofl                                     cstackCOMMON 00072
?_abs                                          cstackCOMMON 00075
?_dtoa                                         cstackBANK0  0003A
?_get_delay                                    cstackBANK0  00020
?_nanf                                         cstackCOMMON 00072
?_pad                                          cstackBANK0  00028
?_sprintf                                      cstackBANK1  000A0
?_sqrtf                                        cstackBANK0  00054
?_strlen                                       cstackCOMMON 00072
?_vfpfcnvrt                                    cstackBANK0  00058
?_vfprintf                                     cstackBANK0  00068
ADC_SelectChannel@channel                      cstackCOMMON 00073
ChangeADCtoVoltage@ADC_number                  cstackBANK1  000D5
Config_Heater@count                            bssBANK2     0015A
Config_Heater@del                              bssBANK2     0014B
Config_Heater@once                             bssBANK2     00159
EUSART_SetErrorHandler@interruptHandler        cstackCOMMON 00072
EUSART_SetFramingErrorHandler@interruptHandler cstackCOMMON 00072
EUSART_SetOverrunErrorHandler@interruptHandler cstackCOMMON 00072
EUSART_Write@txData                            cstackCOMMON 00072
IOCAF2_SetInterruptHandler@InterruptHandler    cstackCOMMON 00072
MTOUCH_Button_Initialize@button                cstackCOMMON 00075
MTOUCH_Button_Initialize@name                  cstackCOMMON 00074
MTOUCH_Button_InitializeAll@button             cstackCOMMON 00078
MTOUCH_Random@seed                             bssBANK1     000EF
MTOUCH_Sensor_Enable@sensor                    cstackCOMMON 00077
MTOUCH_Sensor_Initialize@sensor                cstackCOMMON 00079
MTOUCH_Sensor_InitializeAll@sensor             cstackBANK0  00021
MTOUCH_Sensor_Sampled_ResetAll@sensor          cstackCOMMON 00074
Measure_R_PT100_2Wire@ADC_volt                 cstackBANK1  000D5
Measure_R_PT100_2Wire@R_PT100                  cstackBANK1  000D9
Measure_Temp_PT100_2Wire@R_PT100               cstackBANK1  000D5
Measure_Temp_PT100_2Wire@Temp_PT100            cstackBANK1  000D9
Read_ADC_Num@convertedValue                    cstackCOMMON 00076
Read_PT100_Temp@ADC_num                        cstackBANK2  0012C
Read_PT100_Temp@ADC_volt                       cstackBANK2  00120
Read_PT100_Temp@R_PT100                        cstackBANK2  00124
Read_PT100_Temp@Temp_PT100                     cstackBANK2  00128
Sensor_Sampled_Reset@sensor                    cstackCOMMON 00072
SetDimmer@TRIAC_off_duration_ms                cstackBANK2  0013B
SetDimmer@dim_percentage                       cstackBANK2  00137
StartStop_AlarmLED@OnOff                       cstackCOMMON 00072
StartStop_AlarmLED_Blink@OnOff                 cstackCOMMON 00072
StartStop_Buzzer@OnOff                         cstackCOMMON 00072
StartStop_Dimmer@OnOff                         cstackBANK0  0006F
StartStop_Fan@OnOff                            cstackCOMMON 00072
TMR1_SetInterruptHandler@InterruptHandler      cstackCOMMON 00072
TMR1_WriteTimer@timerVal                       cstackCOMMON 00070
TMR2_Drive_TRIAC_isr@counter_tmr2              bssBANK2     0014F
TMR2_SetInterruptHandler@InterruptHandler      cstackCOMMON 00072
TMR4_SetInterruptHandler@InterruptHandler      cstackCOMMON 00072
TMR4_Wroking_Blink_AlarmLED_isr@counter_tmr4   bssBANK2     0014D
TX_Command@txData                              cstackCOMMON 00073
TX_Whole_String@i                              cstackBANK0  00023
TX_Whole_String@input_string                   cstackBANK0  00022
TX_Whole_String@size_of_string                 cstackBANK0  00020
_ADCON0                                        (abs)        0009D
_ADCON0bits                                    (abs)        0009D
_ADCON1                                        (abs)        0009E
_ADC_GetConversionResult                       text48       01A9A
_ADC_Initialize                                text44       01AF0
_ADC_IsConversionDone                          text47       01ABF
_ADC_SelectChannel                             text59       01B81
_ADC_StartConversion                           text56       01A93
_ADRESH                                        (abs)        0009C
_ADRESL                                        (abs)        0009B
_ANSELA                                        (abs)        0018C
_ANSELB                                        (abs)        0018D
_ANSELC                                        (abs)        0018E
_APFCON0                                       (abs)        0011D
_APFCON1                                       (abs)        0011E
_BAUDCON                                       (abs)        0019F
_BORCON                                        (abs)        00116
_Buff_g                                        bssBANK3     001B8
_Button_DefaultCallback                        (abs)        00000
_Button_State_Initializing                     (abs)        00000
_Button_State_NotPressed                       (abs)        00000
_Button_State_Pressed                          (abs)        00000
_ChangeADCtoVoltage                            text54       01EC3
_Config_Heater                                 text60       00066
_DimmerStatusFlag_g                            bssBANK2     0015B
_EUSART_DefaultErrorHandler                    (abs)        00000
_EUSART_DefaultFramingErrorHandler             (abs)        00000
_EUSART_DefaultOverrunErrorHandler             (abs)        00000
_EUSART_ErrorHandler                           nvBANK3      001D4
_EUSART_FramingErrorHandler                    nvBANK3      001D8
_EUSART_Initialize                             text40       01D50
_EUSART_OverrunErrorHandler                    nvBANK3      001D6
_EUSART_SetErrorHandler                        text43       01A9F
_EUSART_SetFramingErrorHandler                 text42       01AA4
_EUSART_SetOverrunErrorHandler                 text41       01AA9
_EUSART_Write                                  text16       01001
_EUSART_is_tx_ready                            text15       01B24
_EUSART_is_tx_ready$1174                       cstackCOMMON 00072
_GIE                                           (abs)        0005F
_INTCONbits                                    (abs)        0000B
_INTERRUPT_InterruptManager                    intentry     00004
_IOCAF2_DefaultInterruptHandler                text90       01A85
_IOCAF2_ISR                                    text89       01B74
_IOCAF2_InterruptHandler                       nvBANK3      001DA
_IOCAF2_SetInterruptHandler                    text26       01AC5
_IOCAFbits                                     (abs)        00393
_IOCANbits                                     (abs)        00392
_IOCAPbits                                     (abs)        00391
_Init_Function                                 text57       01CAD
_LATA                                          (abs)        0010C
_LATB                                          (abs)        0010D
_LATC                                          (abs)        0010E
_LATCbits                                      (abs)        0010E
_MTOUCH_Button_Initialize                      text38       01009
_MTOUCH_Button_InitializeAll                   text36       01CDF
_MTOUCH_CVD_ScanA_0                            (abs)        00000
_MTOUCH_CVD_ScanA_1                            (abs)        00000
_MTOUCH_CVD_ScanB_0                            (abs)        00000
_MTOUCH_CVD_ScanB_1                            (abs)        00000
_MTOUCH_Initialize                             text28       01B68
_MTOUCH_Sensor_Calibrate                       text39       00002
_MTOUCH_Sensor_Enable                          text34       01C01
_MTOUCH_Sensor_Initialize                      text32       01BF0
_MTOUCH_Sensor_InitializeAll                   text31       01B9D
_MTOUCH_Sensor_Sampled_ResetAll                text30       01C25
_MTOUCH_Sensor_Scan_Initialize                 text29       01AAE
_Measure_R_PT100_2Wire                         text53       01FA1
_Measure_Temp_PT100_2Wire                      text49       01414
_Measure_Temp_PT100_2Wire$2973                 cstackBANK1  000DD
_Measure_Temp_PT100_2Wire$2974                 cstackBANK1  000E1
_Measure_Temp_PT100_2Wire$2975                 cstackBANK1  000E5
_OPTION_REGbits                                (abs)        00095
_OSCCON                                        (abs)        00099
_OSCILLATOR_Initialize                         text27       01AF7
_OSCTUNE                                       (abs)        00098
_PIE1bits                                      (abs)        00091
_PIE3bits                                      (abs)        00093
_PIN_MANAGER_IOC                               text88       01AB3
_PIN_MANAGER_Initialize                        text25       01DB8
_PIR1bits                                      (abs)        00011
_PIR3bits                                      (abs)        00013
_PORTCbits                                     (abs)        0000E
_PR2                                           (abs)        0001B
_PR4                                           (abs)        00416
_RCSTA                                         (abs)        0019D
_Read_ADC_Num                                  text46       01BCE
_Read_PT100_Temp                               text45       010AF
_SPBRGH                                        (abs)        0019C
_SPBRGL                                        (abs)        0019B
_SYSTEM_Initialize                             text17       01CF9
_Sensor_DefaultCallback                        (abs)        00000
_Sensor_Sampled_Reset                          text33       01AFE
_SetDimmer                                     text65       0121B
_StartStop_AlarmLED                            text58       01B1A
_StartStop_AlarmLED_Blink                      text73       01B5C
_StartStop_Buzzer                              text72       01B06
_StartStop_Dimmer                              text64       01C38
_StartStop_Fan                                 text63       01B10
_T1CON                                         (abs)        00018
_T1CONbits                                     (abs)        00018
_T1GCON                                        (abs)        00019
_T2CON                                         (abs)        0001C
_T2CONbits                                     (abs)        0001C
_T4CON                                         (abs)        00417
_T4CONbits                                     (abs)        00417
_TMR1H                                         (abs)        00017
_TMR1L                                         (abs)        00016
_TMR1_DefaultInterruptHandler                  text86       01A86
_TMR1_Generate_Delay_ms_isr                    text87       01AB9
_TMR1_ISR                                      text84       007EC
_TMR1_Initialize                               text23       01CC6
_TMR1_InterruptHandler                         nvBANK3      001CC
_TMR1_SetInterruptHandler                      text24       01ACB
_TMR1_WriteTimer                               text85       01B8E
_TMR2                                          (abs)        0001A
_TMR2_DefaultInterruptHandler                  text81       01000
_TMR2_Drive_TRIAC_isr                          text82       01D71
_TMR2_ISR                                      text80       01B44
_TMR2_Initialize                               text21       01BAD
_TMR2_InterruptHandler                         nvBANK3      001D2
_TMR2_SetInterruptHandler                      text22       01AD1
_TMR2_StartTimer                               text92       01A87
_TMR2_StopTimer                                text83       01A8A
_TMR4                                          (abs)        00415
_TMR4_DefaultInterruptHandler                  text78       00800
_TMR4_ISR                                      text77       01B50
_TMR4_Initialize                               text19       01C13
_TMR4_InterruptHandler                         nvBANK3      001D0
_TMR4_SetInterruptHandler                      text20       01AD7
_TMR4_StartTimer                               text75       01A8D
_TMR4_StopTimer                                text74       01A90
_TMR4_Wroking_Blink_AlarmLED_isr               text79       01C94
_TRISA                                         (abs)        0008C
_TRISB                                         (abs)        0008D
_TRISC                                         (abs)        0008E
_TXREG                                         (abs)        0019A
_TXSTA                                         (abs)        0019E
_TXSTAbits                                     (abs)        0019E
_TX_Command                                    text14       01B2E
_TX_Whole_String                               text12       01E5E
_WDTCON                                        (abs)        00097
_WDT_Initialize                                text18       01A96
_WPUA                                          (abs)        0020C
_WPUB                                          (abs)        0020D
_WPUC                                          (abs)        0020E
_Zero_Detection_isr                            text91       01AE9
__Habs1                                        abs1         00000
__Hbank0                                       bank0        00000
__Hbank1                                       bank1        00000
__Hbank10                                      bank10       00000
__Hbank11                                      bank11       00000
__Hbank12                                      bank12       00000
__Hbank13                                      bank13       00000
__Hbank14                                      bank14       00000
__Hbank15                                      bank15       00000
__Hbank16                                      bank16       00000
__Hbank17                                      bank17       00000
__Hbank18                                      bank18       00000
__Hbank19                                      bank19       00000
__Hbank2                                       bank2        00000
__Hbank20                                      bank20       00000
__Hbank21                                      bank21       00000
__Hbank22                                      bank22       00000
__Hbank23                                      bank23       00000
__Hbank24                                      bank24       00000
__Hbank25                                      bank25       00000
__Hbank26                                      bank26       00000
__Hbank27                                      bank27       00000
__Hbank28                                      bank28       00000
__Hbank29                                      bank29       00000
__Hbank3                                       bank3        00000
__Hbank30                                      bank30       00000
__Hbank31                                      bank31       00000
__Hbank4                                       bank4        00000
__Hbank5                                       bank5        00000
__Hbank6                                       bank6        00000
__Hbank7                                       bank7        00000
__Hbank8                                       bank8        00000
__Hbank9                                       bank9        00000
__Hbigram                                      bigram       00000
__HbssBANK1                                    bssBANK1     00000
__HbssBANK2                                    bssBANK2     00000
__HbssBANK3                                    bssBANK3     00000
__HbssBANK4                                    bssBANK4     00000
__HbssCOMMON                                   bssCOMMON    00000
__Hcinit                                       cinit        00066
__Hclrtext                                     clrtext      00000
__Hcode                                        code         00000
__Hcommon                                      common       00000
__Hconfig                                      config       08009
__HcstackBANK0                                 cstackBANK0  00000
__HcstackBANK1                                 cstackBANK1  00000
__HcstackBANK2                                 cstackBANK2  00000
__HcstackCOMMON                                cstackCOMMON 00000
__HdataBANK2                                   dataBANK2    00000
__HdataBANK3                                   dataBANK3    00000
__Heeprom_data                                 eeprom_data  00000
__Hend_init                                    end_init     0002F
__Hfunctab                                     functab      00000
__HidataBANK2                                  idataBANK2   00000
__HidataBANK3                                  idataBANK3   00000
__Hidloc                                       idloc        08004
__Hinit                                        init         0002D
__Hinittext                                    inittext     00000
__Hintentry                                    intentry     0002D
__Hmaintext                                    maintext     00000
__HnvBANK3                                     nvBANK3      00000
__Hpowerup                                     powerup      00000
__Hram                                         ram          00000
__Hreset_vec                                   reset_vec    00002
__Hsfr0                                        sfr0         00000
__Hsfr1                                        sfr1         00000
__Hsfr10                                       sfr10        00000
__Hsfr11                                       sfr11        00000
__Hsfr12                                       sfr12        00000
__Hsfr13                                       sfr13        00000
__Hsfr14                                       sfr14        00000
__Hsfr15                                       sfr15        00000
__Hsfr16                                       sfr16        00000
__Hsfr17                                       sfr17        00000
__Hsfr18                                       sfr18        00000
__Hsfr19                                       sfr19        00000
__Hsfr2                                        sfr2         00000
__Hsfr20                                       sfr20        00000
__Hsfr21                                       sfr21        00000
__Hsfr22                                       sfr22        00000
__Hsfr23                                       sfr23        00000
__Hsfr24                                       sfr24        00000
__Hsfr25                                       sfr25        00000
__Hsfr26                                       sfr26        00000
__Hsfr27                                       sfr27        00000
__Hsfr28                                       sfr28        00000
__Hsfr29                                       sfr29        00000
__Hsfr3                                        sfr3         00000
__Hsfr30                                       sfr30        00000
__Hsfr31                                       sfr31        00000
__Hsfr4                                        sfr4         00000
__Hsfr5                                        sfr5         00000
__Hsfr6                                        sfr6         00000
__Hsfr7                                        sfr7         00000
__Hsfr8                                        sfr8         00000
__Hsfr9                                        sfr9         00000
__Hspace_0                                     (abs)        02000
__Hspace_1                                     (abs)        00260
__Hspace_2                                     (abs)        00000
__Hspace_3                                     (abs)        00000
__Hspace_4                                     (abs)        10010
__Hstack                                       stack        00000
__Hstrings                                     strings      00000
__Hstringtext1                                 stringtext1  00000
__Hstringtext10                                stringtext10 00000
__Hstringtext11                                stringtext11 00000
__Hstringtext12                                stringtext12 00000
__Hstringtext2                                 stringtext2  00000
__Hstringtext3                                 stringtext3  00000
__Hstringtext4                                 stringtext4  00000
__Hstringtext5                                 stringtext5  00000
__Hstringtext6                                 stringtext6  00000
__Hstringtext7                                 stringtext7  00000
__Hstringtext8                                 stringtext8  00000
__Hstringtext9                                 stringtext9  00000
__Htext                                        text         00000
__Labs1                                        abs1         00000
__Lbank0                                       bank0        00000
__Lbank1                                       bank1        00000
__Lbank10                                      bank10       00000
__Lbank11                                      bank11       00000
__Lbank12                                      bank12       00000
__Lbank13                                      bank13       00000
__Lbank14                                      bank14       00000
__Lbank15                                      bank15       00000
__Lbank16                                      bank16       00000
__Lbank17                                      bank17       00000
__Lbank18                                      bank18       00000
__Lbank19                                      bank19       00000
__Lbank2                                       bank2        00000
__Lbank20                                      bank20       00000
__Lbank21                                      bank21       00000
__Lbank22                                      bank22       00000
__Lbank23                                      bank23       00000
__Lbank24                                      bank24       00000
__Lbank25                                      bank25       00000
__Lbank26                                      bank26       00000
__Lbank27                                      bank27       00000
__Lbank28                                      bank28       00000
__Lbank29                                      bank29       00000
__Lbank3                                       bank3        00000
__Lbank30                                      bank30       00000
__Lbank31                                      bank31       00000
__Lbank4                                       bank4        00000
__Lbank5                                       bank5        00000
__Lbank6                                       bank6        00000
__Lbank7                                       bank7        00000
__Lbank8                                       bank8        00000
__Lbank9                                       bank9        00000
__Lbigram                                      bigram       00000
__LbssBANK1                                    bssBANK1     00000
__LbssBANK2                                    bssBANK2     00000
__LbssBANK3                                    bssBANK3     00000
__LbssBANK4                                    bssBANK4     00000
__LbssCOMMON                                   bssCOMMON    00000
__Lcinit                                       cinit        0002F
__Lclrtext                                     clrtext      00000
__Lcode                                        code         00000
__Lcommon                                      common       00000
__Lconfig                                      config       00000
__LcstackBANK0                                 cstackBANK0  00000
__LcstackBANK1                                 cstackBANK1  00000
__LcstackBANK2                                 cstackBANK2  00000
__LcstackCOMMON                                cstackCOMMON 00000
__LdataBANK2                                   dataBANK2    00000
__LdataBANK3                                   dataBANK3    00000
__Leeprom_data                                 eeprom_data  00000
__Lend_init                                    end_init     0002D
__Lfunctab                                     functab      00000
__LidataBANK2                                  idataBANK2   00000
__LidataBANK3                                  idataBANK3   00000
__Lidloc                                       idloc        00000
__Linit                                        init         0002D
__Linittext                                    inittext     00000
__Lintentry                                    intentry     00004
__Lmaintext                                    maintext     00000
__LnvBANK3                                     nvBANK3      00000
__Lpowerup                                     powerup      00000
__Lram                                         ram          00000
__Lreset_vec                                   reset_vec    00000
__Lsfr0                                        sfr0         00000
__Lsfr1                                        sfr1         00000
__Lsfr10                                       sfr10        00000
__Lsfr11                                       sfr11        00000
__Lsfr12                                       sfr12        00000
__Lsfr13                                       sfr13        00000
__Lsfr14                                       sfr14        00000
__Lsfr15                                       sfr15        00000
__Lsfr16                                       sfr16        00000
__Lsfr17                                       sfr17        00000
__Lsfr18                                       sfr18        00000
__Lsfr19                                       sfr19        00000
__Lsfr2                                        sfr2         00000
__Lsfr20                                       sfr20        00000
__Lsfr21                                       sfr21        00000
__Lsfr22                                       sfr22        00000
__Lsfr23                                       sfr23        00000
__Lsfr24                                       sfr24        00000
__Lsfr25                                       sfr25        00000
__Lsfr26                                       sfr26        00000
__Lsfr27                                       sfr27        00000
__Lsfr28                                       sfr28        00000
__Lsfr29                                       sfr29        00000
__Lsfr3                                        sfr3         00000
__Lsfr30                                       sfr30        00000
__Lsfr31                                       sfr31        00000
__Lsfr4                                        sfr4         00000
__Lsfr5                                        sfr5         00000
__Lsfr6                                        sfr6         00000
__Lsfr7                                        sfr7         00000
__Lsfr8                                        sfr8         00000
__Lsfr9                                        sfr9         00000
__Lspace_0                                     (abs)        00000
__Lspace_1                                     (abs)        00000
__Lspace_2                                     (abs)        00000
__Lspace_3                                     (abs)        00000
__Lspace_4                                     (abs)        00000
__Lstack                                       stack        00000
__Lstrings                                     strings      00000
__Lstringtext1                                 stringtext1  00000
__Lstringtext10                                stringtext10 00000
__Lstringtext11                                stringtext11 00000
__Lstringtext12                                stringtext12 00000
__Lstringtext2                                 stringtext2  00000
__Lstringtext3                                 stringtext3  00000
__Lstringtext4                                 stringtext4  00000
__Lstringtext5                                 stringtext5  00000
__Lstringtext6                                 stringtext6  00000
__Lstringtext7                                 stringtext7  00000
__Lstringtext8                                 stringtext8  00000
__Lstringtext9                                 stringtext9  00000
__Ltext                                        text         00000
__S0                                           (abs)        02000
__S1                                           (abs)        00260
__S2                                           (abs)        00000
__S3                                           (abs)        00000
__Umul8_16                                     text70       01D31
__Umul8_16@multiplicand                        cstackCOMMON 00072
__Umul8_16@multiplier                          cstackBANK0  00024
__Umul8_16@product                             cstackBANK0  00020
__Umul8_16@word_mpld                           cstackBANK0  00022
___aodiv                                       text11       006F7
___aodiv@counter                               cstackBANK0  00030
___aodiv@dividend                              cstackBANK0  00028
___aodiv@divisor                               cstackBANK0  00020
___aodiv@quotient                              cstackBANK0  00032
___aodiv@sign                                  cstackBANK0  00031
___aomod                                       text10       00847
___aomod@counter                               cstackCOMMON 00073
___aomod@dividend                              cstackBANK0  00028
___aomod@divisor                               cstackBANK0  00020
___aomod@sign                                  cstackCOMMON 00074
___bmul                                        text35       01BDF
___bmul@multiplicand                           cstackCOMMON 00072
___bmul@multiplier                             cstackCOMMON 00075
___bmul@product                                cstackCOMMON 00074
___fladd                                       text68       00923
___fladd@a                                     cstackBANK0  00044
___fladd@aexp                                  cstackBANK0  00051
___fladd@b                                     cstackBANK0  00040
___fladd@bexp                                  cstackBANK0  00052
___fladd@grs                                   cstackBANK0  00053
___fladd@signs                                 cstackBANK0  00050
___fldiv                                       text71       01629
___fldiv@a                                     cstackBANK0  00060
___fldiv@aexp                                  cstackBANK1  000D4
___fldiv@b                                     cstackBANK0  00064
___fldiv@bexp                                  cstackBANK1  000D3
___fldiv@grs                                   cstackBANK1  000CF
___fldiv@new_exp                               cstackBANK1  000CD
___fldiv@rem                                   cstackBANK1  000C8
___fldiv@sign                                  cstackBANK1  000CC
___flge                                        text52       0119F
___flge@ff1                                    cstackCOMMON 00072
___flge@ff2                                    cstackCOMMON 00076
___flmul                                       text69       00B04
___flmul@a                                     cstackBANK0  0002A
___flmul@aexp                                  cstackBANK0  00034
___flmul@b                                     cstackBANK0  00026
___flmul@bexp                                  cstackBANK0  00035
___flmul@grs                                   cstackBANK0  00036
___flmul@prod                                  cstackBANK0  0003A
___flmul@sign                                  cstackBANK0  00033
___flmul@temp                                  cstackBANK0  0003E
___flsub                                       text67       01D14
___flsub@a                                     cstackBANK0  00054
___flsub@b                                     cstackBANK0  00058
___fltol                                       text66       0103F
___fltol@exp1                                  cstackBANK0  0006E
___fltol@f1                                    cstackBANK2  0012E
___fltol@sign1                                 cstackBANK0  0006D
___int_sp                                      stack        00000
___latbits                                     (abs)        00002
___lwdiv                                       text62       01E8F
___lwdiv@counter                               cstackCOMMON 00079
___lwdiv@dividend                              cstackCOMMON 00074
___lwdiv@divisor                               cstackCOMMON 00072
___lwdiv@quotient                              cstackCOMMON 00077
___sp                                          stack        00000
___stackhi                                     (abs)        023EF
___stacklo                                     (abs)        02180
___xxtofl                                      text55       012B0
___xxtofl@arg                                  cstackBANK0  00022
___xxtofl@exp                                  cstackBANK0  00021
___xxtofl@sign                                 cstackBANK0  00020
___xxtofl@val                                  cstackCOMMON 00072
__end_of_ADC_GetConversionResult               text48       01A9F
__end_of_ADC_Initialize                        text44       01AF7
__end_of_ADC_IsConversionDone                  text47       01AC5
__end_of_ADC_SelectChannel                     text59       01B8E
__end_of_ADC_StartConversion                   text56       01A96
__end_of_ChangeADCtoVoltage                    text54       01F04
__end_of_Config_Heater                         text60       006F7
__end_of_EUSART_Initialize                     text40       01D71
__end_of_EUSART_SetErrorHandler                text43       01AA4
__end_of_EUSART_SetFramingErrorHandler         text42       01AA9
__end_of_EUSART_SetOverrunErrorHandler         text41       01AAE
__end_of_EUSART_Write                          text16       01009
__end_of_EUSART_is_tx_ready                    text15       01B2E
__end_of_HalfCycleACDuration_const             stringtext7  0183C
__end_of_INTERRUPT_InterruptManager            intentry     0002D
__end_of_IOCAF2_DefaultInterruptHandler        text90       01A86
__end_of_IOCAF2_ISR                            text89       01B81
__end_of_IOCAF2_SetInterruptHandler            text26       01ACB
__end_of_Init_Function                         text57       01CC6
__end_of_MTOUCH_Button_Initialize              text38       0103F
__end_of_MTOUCH_Button_InitializeAll           text36       01CF9
__end_of_MTOUCH_Initialize                     text28       01B74
__end_of_MTOUCH_Sensor_Calibrate               text39       00003
__end_of_MTOUCH_Sensor_Enable                  text34       01C13
__end_of_MTOUCH_Sensor_Initialize              text32       01C01
__end_of_MTOUCH_Sensor_InitializeAll           text31       01BAD
__end_of_MTOUCH_Sensor_Sampled_ResetAll        text30       01C38
__end_of_MTOUCH_Sensor_Scan_Initialize         text29       01AB3
__end_of_Measure_R_PT100_2Wire                 text53       02000
__end_of_Measure_Temp_PT100_2Wire              text49       014E4
__end_of_OSCILLATOR_Initialize                 text27       01AFE
__end_of_PIN_MANAGER_IOC                       text88       01AB9
__end_of_PIN_MANAGER_Initialize                text25       01DDF
__end_of_R_const                               stringtext10 01846
__end_of_Read_ADC_Num                          text46       01BDF
__end_of_Read_PT100_Temp                       text45       01124
__end_of_SYSTEM_Initialize                     text17       01D14
__end_of_Sensor_Sampled_Reset                  text33       01B06
__end_of_SetDimmer                             text65       012B0
__end_of_StartStop_AlarmLED                    text58       01B24
__end_of_StartStop_AlarmLED_Blink              text73       01B68
__end_of_StartStop_Buzzer                      text72       01B10
__end_of_StartStop_Dimmer                      text64       01C4E
__end_of_StartStop_Fan                         text63       01B1A
__end_of_TMR1_DefaultInterruptHandler          text86       01A87
__end_of_TMR1_Generate_Delay_ms_isr            text87       01ABF
__end_of_TMR1_ISR                              text84       00800
__end_of_TMR1_Initialize                       text23       01CDF
__end_of_TMR1_SetInterruptHandler              text24       01AD1
__end_of_TMR1_WriteTimer                       text85       01B9D
__end_of_TMR2_DefaultInterruptHandler          text81       01001
__end_of_TMR2_Drive_TRIAC_isr                  text82       01D93
__end_of_TMR2_ISR                              text80       01B50
__end_of_TMR2_Initialize                       text21       01BBD
__end_of_TMR2_SetInterruptHandler              text22       01AD7
__end_of_TMR2_StartTimer                       text92       01A8A
__end_of_TMR2_StopTimer                        text83       01A8D
__end_of_TMR2_Timer_Period_const               stringtext3  01838
[...]
      Totals:         0       0       0       0       0       0       0       0       0       0       0       0       0       0
Total ram usage:        0 bytes
 Hardware stack levels used:    1
 Hardware stack levels required when called:    1
 This function calls:
		Absolute function
		_TMR1_DefaultInterruptHandler
		_TMR1_Generate_Delay_ms_isr
		_TMR1_WriteTimer
 This function is called by:
		_INTERRUPT_InterruptManager
 This function uses a non-reentrant model


 *************** function _TMR1_WriteTimer *****************
 Defined at:
		line 120 in file "mcc_generated_files/tmr1.c"
 Parameters:    Size  Location     Type
  timerVal        2    0[COMMON] unsigned short 
 Auto vars:     Size  Location     Type
		None
 Return value:  Size  Location     Type
                  1    wreg      void 
 Registers used:
		wreg
 Tracked objects:
		On entry : 
		On exit  : 
		Unchanged: 
 Data sizes:     COMMON   BANK0   BANK1   BANK2   BANK3   BANK4   BANK5   BANK6   BANK7   BANK8   BANK9  BANK10  BANK11  BANK12
      Params:         2       0       0       0       0       0       0       0       0       0       0       0       0       0
      Locals:         0       0       0       0       0       0       0       0       0       0       0       0       0       0
      Temps:          0       0       0       0       0       0       0       0       0       0       0       0       0       0
      Totals:         2       0       0       0       0       0       0       0       0       0       0       0       0       0
Total ram usage:        2 bytes
 Hardware stack levels used:    1
 This function calls:
		Nothing
 This function is called by:
		_TMR1_ISR
 This function uses a non-reentrant model


 *************** function _TMR1_DefaultInterruptHandler *****************
 Defined at:
		line 175 in file "mcc_generated_files/tmr1.c"
 Parameters:    Size  Location     Type
		None
 Auto vars:     Size  Location     Type
		None
 Return value:  Size  Location     Type
                  1    wreg      void 
 Registers used:
		None
 Tracked objects:
		On entry : 
		On exit  : 
		Unchanged: 
 Data sizes:     COMMON   BANK0   BANK1   BANK2   BANK3   BANK4   BANK5   BANK6   BANK7   BANK8   BANK9  BANK10  BANK11  BANK12
      Params:         0       0       0       0       0       0       0       0       0       0       0       0       0       0
      Locals:         0       0       0       0       0       0       0       0       0       0       0       0       0       0
      Temps:          0       0       0       0       0       0       0       0       0       0       0       0       0       0
      Totals:         0       0       0       0       0       0       0       0       0       0       0       0       0       0
Total ram usage:        0 bytes
 Hardware stack levels used:    1
 This function calls:
		Nothing
 This function is called by:
		_TMR1_Initialize
		_TMR1_ISR
 This function uses a non-reentrant model


 *************** function _TMR1_Generate_Delay_ms_isr *****************
 Defined at:
		line 243 in file "main.c"
 Parameters:    Size  Location     Type
		None
 Auto vars:     Size  Location     Type
		None
 Return value:  Size  Location     Type
                  1    wreg      void 
 Registers used:
		wreg
 Tracked objects:
		On entry : 
		On exit  : 
		Unchanged: 
 Data sizes:     COMMON   BANK0   BANK1   BANK2   BANK3   BANK4   BANK5   BANK6   BANK7   BANK8   BANK9  BANK10  BANK11  BANK12
      Params:         0       0       0       0       0       0       0       0       0       0       0       0       0       0
      Locals:         0       0       0       0       0       0       0       0       0       0       0       0       0       0
      Temps:          0       0       0       0       0       0       0       0       0       0       0       0       0       0
      Totals:         0       0       0       0       0       0       0       0       0       0       0       0       0       0
Total ram usage:        0 bytes
 Hardware stack levels used:    1
 This function calls:
		Nothing
 This function is called by:
		_main
		_TMR1_ISR
 This function uses a non-reentrant model


 *************** function _PIN_MANAGER_IOC *****************
 Defined at:
		line 115 in file "mcc_generated_files/pin_manager.c"
 Parameters:    Size  Location     Type
		None
 Auto vars:     Size  Location     Type
		None
 Return value:  Size  Location     Type
                  1    wreg      void 
 Registers used:
		wreg, status,2, status,0, pclath, cstack
 Tracked objects:
		On entry : 
		On exit  : 
		Unchanged: 
 Data sizes:     COMMON   BANK0   BANK1   BANK2   BANK3   BANK4   BANK5   BANK6   BANK7   BANK8   BANK9  BANK10  BANK11  BANK12
      Params:         0       0       0       0       0       0       0       0       0       0       0       0       0       0
      Locals:         0       0       0       0       0       0       0       0       0       0       0       0       0       0
      Temps:          0       0       0       0       0       0       0       0       0       0       0       0       0       0
      Totals:         0       0       0       0       0       0       0       0       0       0       0       0       0       0
Total ram usage:        0 bytes
 Hardware stack levels used:    1
 Hardware stack levels required when called:    3
 This function calls:
		_IOCAF2_ISR
 This function is called by:
		_INTERRUPT_InterruptManager
 This function uses a non-reentrant model


 *************** function _IOCAF2_ISR *****************
 Defined at:
		line 127 in file "mcc_generated_files/pin_manager.c"
 Parameters:    Size  Location     Type
		None
 Auto vars:     Size  Location     Type
		None
 Return value:  Size  Location     Type
                  1    wreg      void 
 Registers used:
		wreg, status,2, status,0, pclath, cstack
 Tracked objects:
		On entry : 
		On exit  : 
		Unchanged: 
 Data sizes:     COMMON   BANK0   BANK1   BANK2   BANK3   BANK4   BANK5   BANK6   BANK7   BANK8   BANK9  BANK10  BANK11  BANK12
      Params:         0       0       0       0       0       0       0       0       0       0       0       0       0       0
      Locals:         0       0       0       0       0       0       0       0       0       0       0       0       0       0
      Temps:          0       0       0       0       0       0       0       0       0       0       0       0       0       0
      Totals:         0       0       0       0       0       0       0       0       0       0       0       0       0       0
Total ram usage:        0 bytes
 Hardware stack levels used:    1
 Hardware stack levels required when called:    2
 This function calls:
		Absolute function
		_IOCAF2_DefaultInterruptHandler
		_Zero_Detection_isr
 This function is called by:
		_PIN_MANAGER_IOC
 This function uses a non-reentrant model


 *************** function _IOCAF2_DefaultInterruptHandler *****************
 Defined at:
		line 149 in file "mcc_generated_files/pin_manager.c"
 Parameters:    Size  Location     Type
		None
 Auto vars:     Size  Location     Type
		None
 Return value:  Size  Location     Type
                  1    wreg      void 
 Registers used:
		None
 Tracked objects:
		On entry : 
		On exit  : 
		Unchanged: 
 Data sizes:     COMMON   BANK0   BANK1   BANK2   BANK3   BANK4   BANK5   BANK6   BANK7   BANK8   BANK9  BANK10  BANK11  BANK12
      Params:         0       0       0       0       0       0       0       0       0       0       0       0       0       0
      Locals:         0       0       0       0       0       0       0       0       0       0       0       0       0       0
      Temps:          0       0       0       0       0       0       0       0       0       0       0       0       0       0
      Totals:         0       0       0       0       0       0       0       0       0       0       0       0       0       0
Total ram usage:        0 bytes
 Hardware stack levels used:    1
 This function calls:
		Nothing
 This function is called by:
		_PIN_MANAGER_Initialize
		_IOCAF2_ISR
 This function uses a non-reentrant model


 *************** function _Zero_Detection_isr *****************
 Defined at:
		line 230 in file "main.c"
 Parameters:    Size  Location     Type
		None
 Auto vars:     Size  Location     Type
		None
 Return value:  Size  Location     Type
                  1    wreg      void 
 Registers used:
		wreg, status,2, status,0, pclath, cstack
 Tracked objects:
		On entry : 
		On exit  : 
		Unchanged: 
 Data sizes:     COMMON   BANK0   BANK1   BANK2   BANK3   BANK4   BANK5   BANK6   BANK7   BANK8   BANK9  BANK10  BANK11  BANK12
      Params:         0       0       0       0       0       0       0       0       0       0       0       0       0       0
      Locals:         0       0       0       0       0       0       0       0       0       0       0       0       0       0
      Temps:          0       0       0       0       0       0       0       0       0       0       0       0       0       0
      Totals:         0       0       0       0       0       0       0       0       0       0       0       0       0       0
Total ram usage:        0 bytes
 Hardware stack levels used:    1
 Hardware stack levels required when called:    1
 This function calls:
		_TMR2_StartTimer
 This function is called by:
		_main
		_IOCAF2_ISR
 This function uses a non-reentrant model


 *************** function _TMR2_StartTimer *****************
 Defined at:
		line 87 in file "mcc_generated_files/tmr2.c"
 Parameters:    Size  Location     Type
		None
 Auto vars:     Size  Location     Type
		None
 Return value:  Size  Location     Type
                  1    wreg      void 
 Registers used:
		None
 Tracked objects:
		On entry : 
		On exit  : 
		Unchanged: 
 Data sizes:     COMMON   BANK0   BANK1   BANK2   BANK3   BANK4   BANK5   BANK6   BANK7   BANK8   BANK9  BANK10  BANK11  BANK12
      Params:         0       0       0       0       0       0       0       0       0       0       0       0       0       0
      Locals:         0       0       0       0       0       0       0       0       0       0       0       0       0       0
      Temps:          0       0       0       0       0       0       0       0       0       0       0       0       0       0
      Totals:         0       0       0       0       0       0       0       0       0       0       0       0       0       0
Total ram usage:        0 bytes
 Hardware stack levels used:    1
 This function calls:
		Nothing
 This function is called by:
		_Zero_Detection_isr
 This function uses a non-reentrant model



MODULE INFORMATION

Module		Function		Class		Link	Load	Size
mcc_generated_files/mtouch/mtouch_button.c
		_MTOUCH_Button_Initialize		CODE           	1009	0000	54
		_MTOUCH_Button_InitializeAll		CODE           	1CDF	0000	26

mcc_generated_files/mtouch/mtouch_button.c estimated size: 80

/opt/microchip/xc8/v2.31/pic/sources/c99/common/sprcdiv.c
		___fldiv       		CODE           	1629	0000	471

/opt/microchip/xc8/v2.31/pic/sources/c99/common/sprcdiv.c estimated size: 471

/opt/microchip/xc8/v2.31/pic/sources/c99/common/Umul8.c
		___bmul        		CODE           	1BDF	0000	17

/opt/microchip/xc8/v2.31/pic/sources/c99/common/Umul8.c estimated size: 17

/opt/microchip/xc8/v2.31/pic/sources/c99/common/doprnt.c
		_vfpfcnvrt     		CODE           	1346	0000	206
		_pad           		CODE           	1F04	0000	77
		_dtoa          		CODE           	14E4	0000	325
		_vfprintf      		CODE           	1E31	0000	45

/opt/microchip/xc8/v2.31/pic/sources/c99/common/doprnt.c estimated size: 653

/opt/microchip/xc8/v2.31/pic/sources/c99/common/nanf.c
		_nanf          		CODE           	1BBD	0000	17

/opt/microchip/xc8/v2.31/pic/sources/c99/common/nanf.c estimated size: 17

mcc_generated_files/tmr4.c
		_TMR4_ISR      		CODE           	1B50	0000	12
		_TMR4_Initialize		CODE           	1C13	0000	18
		_TMR4_SetInterruptHandler		CODE           	1AD7	0000	6
		_TMR4_StopTimer		CODE           	1A90	0000	3
		_TMR4_DefaultInterruptHandler		CODE           	0800	0000	1
		_TMR4_StartTimer		CODE           	1A8D	0000	3

mcc_generated_files/tmr4.c estimated size: 43

/opt/microchip/xc8/v2.31/pic/sources/c99/common/abs.c
		_abs           		CODE           	1C65	0000	23

/opt/microchip/xc8/v2.31/pic/sources/c99/common/abs.c estimated size: 23

mcc_generated_files/tmr2.c
		_TMR2_ISR      		CODE           	1B44	0000	12
		_TMR2_Initialize		CODE           	1BAD	0000	16
		_TMR2_SetInterruptHandler		CODE           	1AD1	0000	6
		_TMR2_StopTimer		CODE           	1A8A	0000	3
		_TMR2_DefaultInterruptHandler		CODE           	1000	0000	1
		_TMR2_StartTimer		CODE           	1A87	0000	3

mcc_generated_files/tmr2.c estimated size: 41

mcc_generated_files/interrupt_manager.c
		_INTERRUPT_InterruptManager		CODE           	0004	0000	41

mcc_generated_files/interrupt_manager.c estimated size: 41

/opt/microchip/xc8/v2.31/pic/sources/c99/common/nf_fputc.c
		_fputc         		CODE           	0801	0000	70

/opt/microchip/xc8/v2.31/pic/sources/c99/common/nf_fputc.c estimated size: 70

mcc_generated_files/mtouch/mtouch.c
		_MTOUCH_Initialize		CODE           	1B68	0000	12

mcc_generated_files/mtouch/mtouch.c estimated size: 12

/opt/microchip/xc8/v2.31/pic/sources/c99/common/memcpy.c
		_memcpy        		CODE           	1E06	0000	43

/opt/microchip/xc8/v2.31/pic/sources/c99/common/memcpy.c estimated size: 43

mcc_generated_files/pin_manager.c
		_PIN_MANAGER_Initialize		CODE           	1DB8	0000	39
		_IOCAF2_DefaultInterruptHandler		CODE           	1A85	0000	1
		_IOCAF2_ISR    		CODE           	1B74	0000	13
		_PIN_MANAGER_IOC		CODE           	1AB3	0000	6
		_IOCAF2_SetInterruptHandler		CODE           	1AC5	0000	6

mcc_generated_files/pin_manager.c estimated size: 65

/opt/microchip/xc8/v2.31/pic/sources/c99/common/putch.c
		_putch         		CODE           	0003	0000	1

/opt/microchip/xc8/v2.31/pic/sources/c99/common/putch.c estimated size: 1

/opt/microchip/xc8/v2.31/pic/sources/c99/common/sprcadd.c
		___flsub       		CODE           	1D14	0000	29
		___fladd       		CODE           	0923	0000	481

/opt/microchip/xc8/v2.31/pic/sources/c99/common/sprcadd.c estimated size: 510

mcc_generated_files/adc.c
		_ADC_Initialize		CODE           	1AF0	0000	7
		_ADC_IsConversionDone		CODE           	1ABF	0000	6
		_ADC_GetConversionResult		CODE           	1A9A	0000	5
		_ADC_StartConversion		CODE           	1A93	0000	3
		_ADC_SelectChannel		CODE           	1B81	0000	13

mcc_generated_files/adc.c estimated size: 34

/opt/microchip/xc8/v2.31/pic/sources/c99/common/aomod.c
		___aomod       		CODE           	0847	0000	220

/opt/microchip/xc8/v2.31/pic/sources/c99/common/aomod.c estimated size: 220

/opt/microchip/xc8/v2.31/pic/sources/c99/common/nf_sprintf.c
		_sprintf       		CODE           	1DDF	0000	39

/opt/microchip/xc8/v2.31/pic/sources/c99/common/nf_sprintf.c estimated size: 39

shared
		_HalfCycleACDuration_const		STRCODE        	0000	0000	0
		_R_const       		STRCODE        	0000	0000	0
		_tmr1_period   		STRCODE        	0000	0000	0
		_TMR2_Timer_Period_const		STRCODE        	0000	0000	0
		__initialization		CODE           	002F	0000	51
		_mtouch_button_init		STRCODE        	1800	0000	32
		_V_cc_const    		STRCODE        	0000	0000	0
		_TMR6_Timer_Period_const		STRCODE        	0000	0000	0
		_tiny          		STRCODE        	0000	0000	0
		_Tolerance_Temp_const		STRCODE        	0000	0000	0
		_ticker_max    		STRCODE        	0000	0000	0

shared estimated size: 83

mcc_generated_files/mcc.c
		_WDT_Initialize		CODE           	1A96	0000	4
		_OSCILLATOR_Initialize		CODE           	1AF7	0000	7
		_SYSTEM_Initialize		CODE           	1CF9	0000	27

mcc_generated_files/mcc.c estimated size: 38

mcc_generated_files/tmr1.c
		_TMR1_Initialize		CODE           	1CC6	0000	25
		_TMR1_SetInterruptHandler		CODE           	1ACB	0000	6
		_TMR1_DefaultInterruptHandler		CODE           	1A86	0000	1
		_TMR1_WriteTimer		CODE           	1B8E	0000	15
		_TMR1_ISR      		CODE           	07EC	0000	20

mcc_generated_files/tmr1.c estimated size: 67

/opt/microchip/xc8/v2.31/pic/sources/c99/common/xxtofl.c
		___xxtofl      		CODE           	12B0	0000	150

/opt/microchip/xc8/v2.31/pic/sources/c99/common/xxtofl.c estimated size: 150

/opt/microchip/xc8/v2.31/pic/sources/c99/common/flge.c
		___flge        		CODE           	119F	0000	124

/opt/microchip/xc8/v2.31/pic/sources/c99/common/flge.c estimated size: 124

/opt/microchip/xc8/v2.31/pic/sources/c99/common/aodiv.c
		___aodiv       		CODE           	06F7	0000	245

/opt/microchip/xc8/v2.31/pic/sources/c99/common/aodiv.c estimated size: 245

/opt/microchip/xc8/v2.31/pic/sources/c99/common/nf_fputs.c
		_fputs         		CODE           	1D93	0000	37

/opt/microchip/xc8/v2.31/pic/sources/c99/common/nf_fputs.c estimated size: 37

/opt/microchip/xc8/v2.31/pic/sources/c99/common/strlen.c
		_strlen        		CODE           	1C4E	0000	23

/opt/microchip/xc8/v2.31/pic/sources/c99/common/strlen.c estimated size: 23

mcc_generated_files/eusart.c
		_EUSART_Write  		CODE           	1001	0000	8
		_EUSART_Initialize		CODE           	1D50	0000	33
		_EUSART_SetFramingErrorHandler		CODE           	1AA4	0000	5
		_EUSART_SetErrorHandler		CODE           	1A9F	0000	5
		_EUSART_SetOverrunErrorHandler		CODE           	1AA9	0000	5
		_EUSART_is_tx_ready		CODE           	1B24	0000	10

mcc_generated_files/eusart.c estimated size: 66

/opt/microchip/xc8/v2.31/pic/sources/c99/common/Umul8_16.c
		__Umul8_16     		CODE           	1D31	0000	31

/opt/microchip/xc8/v2.31/pic/sources/c99/common/Umul8_16.c estimated size: 31

main.c
		_StartStop_AlarmLED_Blink		CODE           	1B5C	0000	12
		_Read_PT100_Temp		CODE           	10AF	0000	117
		_Measure_Temp_PT100_2Wire		CODE           	1414	0000	208
		_ChangeADCtoVoltage		CODE           	1EC3	0000	65
		_main          		CODE           	1124	0000	123
		_TX_Command    		CODE           	1B2E	0000	11
		_TX_Whole_String		CODE           	1E5E	0000	49
		_TMR2_Drive_TRIAC_isr		CODE           	1D71	0000	34
		_Read_ADC_Num  		CODE           	1BCE	0000	17
		_TMR4_Wroking_Blink_AlarmLED_isr		CODE           	1C94	0000	25
		_SetDimmer     		CODE           	121B	0000	149
		_Config_Heater 		CODE           	0066	0000	1681
		_Zero_Detection_isr		CODE           	1AE9	0000	7
		_get_delay     		CODE           	1F51	0000	80
		_Init_Function 		CODE           	1CAD	0000	25
		_Measure_R_PT100_2Wire		CODE           	1FA1	0000	95
		_StartStop_Fan 		CODE           	1B10	0000	10
		_StartStop_Dimmer		CODE           	1C38	0000	22
		_TMR1_Generate_Delay_ms_isr		CODE           	1AB9	0000	6
		_StartStop_AlarmLED		CODE           	1B1A	0000	10
		_StartStop_Buzzer		CODE           	1B06	0000	10

main.c estimated size: 2756

/opt/microchip/xc8/v2.31/pic/sources/c99/common/sqrtf.c
		_sqrtf         		CODE           	0D1C	0000	740

/opt/microchip/xc8/v2.31/pic/sources/c99/common/sqrtf.c estimated size: 740

/opt/microchip/xc8/v2.31/pic/sources/c99/common/lwdiv.c
		___lwdiv       		CODE           	1E8F	0000	52

/opt/microchip/xc8/v2.31/pic/sources/c99/common/lwdiv.c estimated size: 52

mcc_generated_files/mtouch/mtouch_sensor.c
		_MTOUCH_Sensor_Initialize		CODE           	1BF0	0000	17
		_Sensor_Sampled_Reset		CODE           	1AFE	0000	8
		_MTOUCH_Sensor_InitializeAll		CODE           	1B9D	0000	16
		_MTOUCH_Sensor_Calibrate		CODE           	0002	0000	1
		_MTOUCH_Sensor_Sampled_ResetAll		CODE           	1C25	0000	19
		_MTOUCH_Sensor_Enable		CODE           	1C01	0000	18
		_MTOUCH_Sensor_Scan_Initialize		CODE           	1AAE	0000	5

mcc_generated_files/mtouch/mtouch_sensor.c estimated size: 84

/opt/microchip/xc8/v2.31/pic/sources/c99/common/fltol.c
		___fltol       		CODE           	103F	0000	112

/opt/microchip/xc8/v2.31/pic/sources/c99/common/fltol.c estimated size: 112

/opt/microchip/xc8/v2.31/pic/sources/c99/common/sprcmul.c
		___flmul       		CODE           	0B04	0000	536

/opt/microchip/xc8/v2.31/pic/sources/c99/common/sprcmul.c estimated size: 536

