Microchip MPLAB XC8 Compiler V2.31

Linker command line:

-W-3 --edf=/opt/microchip/xc8/v2.31/pic/dat/en_msgs.txt -cn \
  -h+dist/default/production/reflow_oven_v2.X.production.sym \
  --cmf=dist/default/production/reflow_oven_v2.X.production.cmf -z \
  -Q16F1829 -o/tmp/xcXmDaomN --defsym=__MPLAB_BUILD=1 \
  -Mdist/default/production/reflow_oven_v2.X.production.map -E1 \
  -ver=XC8 Compiler --acfsm=1493 -ASTACK=021E0h-023EFh -pstack=STACK \
  -ACODE=00h-07FFhx4 -ASTRCODE=00h-01FFFh -ASTRING=00h-0FFhx32 \
  -ACONST=00h-0FFhx32 -AENTRY=00h-0FFhx32 -ACOMMON=070h-07Fh \
  -ABANK0=020h-06Fh -ABANK1=0A0h-0EFh -ABANK2=0120h-016Fh \
  -ABANK3=01A0h-01EFh -ABANK4=0220h-026Fh -ABANK5=02A0h-02EFh \
  -ABANK6=0320h-036Fh -ABANK7=03A0h-03EFh -ABANK8=0420h-046Fh \
  -ABANK9=04A0h-04EFh -ABANK10=0520h-056Fh -ABANK11=05A0h-05EFh \
  -ABANK12=0620h-064Fh -ABIGRAM=02000h-023EFh \
  -ARAM=020h-06Fh,0A0h-0EFh,0120h-016Fh,01A0h-01EFh,0220h-026Fh,02A0h-02EFh,0320h-036Fh,03A0h-03EFh,0420h-046Fh,04A0h-04EFh,0520h-056Fh,05A0h-05EFh,0620h-064Fh \
  -AABS1=020h-07Fh,0A0h-0EFh,0120h-016Fh,01A0h-01EFh,0220h-026Fh,02A0h-02EFh,0320h-036Fh,03A0h-03EFh,0420h-046Fh,04A0h-04EFh,0520h-056Fh,05A0h-05EFh,0620h-064Fh \
  -ASFR0=00h-01Fh -ASFR1=080h-09Fh -ASFR2=0100h-011Fh -ASFR3=0180h-019Fh \
  -ASFR4=0200h-021Fh -ASFR5=0280h-029Fh -ASFR6=0300h-031Fh \
  -ASFR7=0380h-039Fh -ASFR8=0400h-041Fh -ASFR9=0480h-049Fh \
  -ASFR10=0500h-051Fh -ASFR11=0580h-059Fh -ASFR12=0600h-061Fh \
  -ASFR13=0680h-06EFh -ASFR14=0700h-076Fh -ASFR15=0780h-07EFh \
  -ASFR16=0800h-086Fh -ASFR17=0880h-08EFh -ASFR18=0900h-096Fh \
  -ASFR19=0980h-09EFh -ASFR20=0A00h-0A6Fh -ASFR21=0A80h-0AEFh \
  -ASFR22=0B00h-0B6Fh -ASFR23=0B80h-0BEFh -ASFR24=0C00h-0C6Fh \
  -ASFR25=0C80h-0CEFh -ASFR26=0D00h-0D6Fh -ASFR27=0D80h-0DEFh \
  -ASFR28=0E00h-0E6Fh -ASFR29=0E80h-0EEFh -ASFR30=0F00h-0F6Fh \
  -ASFR31=0F80h-0FEFh -ACONFIG=08007h-08008h -DCONFIG=2 \
  -AIDLOC=08000h-08003h -DIDLOC=2 -AEEDATA=00h-0FFh/0F000h \
  -peeprom_data=EEDATA -DEEDATA=2 -DCODE=2 -DSTRCODE=2 -DSTRING=2 -DCONST=2 \
  -DENTRY=2 -preset_vec=00h,intentry=04h,init,end_init -ppowerup=CODE \
  -pcinit=CODE -pfunctab=ENTRY -k /tmp/xcXnjPGPB.o \
  dist/default/production/reflow_oven_v2.X.production.o 

Object code version is 3.11

Machine type is 16F1829



                Name                               Link     Load   Length Selector   Space Scale
/tmp/xcXnjPGPB.o
                end_init                             23       23        2        8       0
                reset_vec                             0        0        2        0       0
                config                             8007     8007        2        0       4
                idloc                              8000     8000        4        0       5
dist/default/production/reflow_oven_v2.X.production.o
                cinit                                25       25       33        8       0
                intentry                              4        4       1F        8       0
                config                             8007     8007        2        0       4
                idloc                              8000     8000        4        0       5
                text86                             1A29     1A29        3     3452       0
                text85                             1A2C     1A2C        3     3458       0
                text84                             1A27     1A27        1     344E       0
                text83                             1AEE     1AEE        D     35DC       0
                text82                             1A4D     1A4D        6     349A       0
                text81                             1A2F     1A2F        3     345E       0
                text80                             1C30     1C30       1C     3860       0
                text79                             1A28     1A28        1     3450       0
                text78                             1ACA     1ACA        C     3594       0
                text77                             1BFD     1BFD       19     37FA       0
                text76                             1000     1000        1     1A18       0
                text75                             1AD6     1AD6        C     35AC       0
                text73                              7F3      7F3        D        8       0
                text72                             144F     144F      1D1     289E       0
                text71                             1C69     1C69       1F     38D2       0
                text70                              AF4      AF4      218     15E8       0
                text69                              913      913      1E1     1226       0
                text68                             1C4C     1C4C       1D     3898       0
                text67                             1071     1071       70     20E2       0
                text66                             12D8     12D8       A7     25B0       0
                text65                              800      800        A        8       0
                text64                             1A8B     1A8B        8     3516       0
                text63                             1A93     1A93        8     3526       0
                text62                             1CCA     1CCA       23     3994       0
                text61                             1A32     1A32        3     3464       0
                text60                             1243     1243       95     2486       0
                text59                             1DF3     1DF3       42     3BE6       0
                text58                             10E1     10E1       75     21C2       0
                text57                              778      778       7B        8       0
                text56                             1B29     1B29       11     3652       0
                text55                              D0C      D0C      2F4     1A18       0
                text54                             137F     137F       D0     26FE       0
                text53                             1A39     1A39        5     3472       0
                text52                             1A53     1A53        6     34A6       0
                text51                             1B3A     1B3A       11     3674       0
                text50                             1156     1156       75     22AC       0
                text49                             1A7D     1A7D        7     34FA       0
                text48                             1A3E     1A3E        5     347C       0
                text47                             1A59     1A59        6     34B2       0
                text46                             1A43     1A43        5     3486       0
                text45                             1C88     1C88       21     3910       0
                text44                                2        2        1        0       0
                text43                             1DBD     1DBD       36     3B7A       0
                text42                             1D3A     1D3A       2B     3A74       0
                text41                             1C16     1C16       1A     382C       0
                text40                             1B4B     1B4B       11     3696       0
                text39                             1B6D     1B6D       12     36DA       0
                text38                             1A9B     1A9B        8     3536       0
                text37                             1B5C     1B5C       11     36B8       0
                text36                             1AFB     1AFB        E     35F6       0
                text35                             1BA3     1BA3       13     3746       0
                text34                             1A48     1A48        5     3490       0
                text33                             1AE2     1AE2        C     35C4       0
                text32                             1A84     1A84        7     3508       0
                text31                             1A5F     1A5F        6     34BE       0
                text30                             1D12     1D12       28     3A24       0
                text29                             1A65     1A65        6     34CA       0
                text28                             1B09     1B09       10     3612       0
                text27                             1A6B     1A6B        6     34D6       0
                text26                             1B7F     1B7F       12     36FE       0
                text25                             1A35     1A35        4     346A       0
                text24                             1BCD     1BCD       18     379A       0
                text23                             1AA3     1AA3        8     3546       0
                text22                             1AB4     1AB4        B     3568       0
                text21                             1ABF     1ABF        B     357E       0
                text20                             1BE5     1BE5       18     37CA       0
                text19                             1D65     1D65       2C     3ACA       0
                text18                             1F5E     1F5E       51     3EBC       0
                text17                             1E35     1E35       45     3C6A       0
                text16                             1E7A     1E7A       48     3CF4       0
                text15                             1AAB     1AAB        9     3556       0
                text14                             11CB     11CB       78     2396       0
                text13                              841      841       D2     1082       0
                text12                                3        3        1        6       0
                text11                             1EC2     1EC2       4C     3D84       0
                text10                             1CED     1CED       25     39DA       0
                text9                              1F0E     1F0E       50     3E1C       0
                text8                              1001     1001       1F     2002       0
                text7                              1BB6     1BB6       17     376C       0
                text6                              1CA9     1CA9       21     3952       0
                text5                                58       58      720        8       0
                text4                              1FAF     1FAF       51     3F5E       0
                text3                              1620     1620      1E0     2C40       0
                text2                               80A      80A       37     1014       0
                text1                              1D91     1D91       2C     3B22       0
                maintext                           1020     1020       51     2040       0
                cstackBANK0                          20       20       50       20       1
                cstackCOMMON                         70       70        E       70       1
                cstackBANK1                          A0       A0       50       A0       1
                cstackBANK2                         120      120       50      120       1
                cstackBANK3                         1C5      1C5       15      1A0       1
                clrtext                            1A71     1A71        6     34E2       0
                inittext                           1A77     1A77        6     34EE       0
                bssBANK5                            2A0      2A0       50      2A0       1
                dataBANK4                           254      254       12      220       1
                bssBANK4                            220      220       34      220       1
                dataBANK3                           1DA      1DA       10      1A0       1
                bssBANK3                            1A0      1A0       25      1A0       1
                stringtext13                       1854     1854        3     3000       0
                stringtext12                       1850     1850        4     3000       0
                stringtext11                       184C     184C        4     3000       0
                stringtext10                       1848     1848        4     3000       0
                stringtext9                        1844     1844        4     3000       0
                stringtext8                        1820     1820        C     3000       0
                nvBANK4                             266      266        6      220       1
                nvBANK3                             1EA      1EA        6      1A0       1
                stringtext7                        1840     1840        4     3000       0
                stringtext6                        183C     183C        4     3000       0
                stringtext5                        1838     1838        4     3000       0
                stringtext4                        1800     1800       20     3000       0
                stringtext3                        1834     1834        4     3000       0
                stringtext2                        1830     1830        4     3000       0
                stringtext1                        182C     182C        4     3000       0
                idataBANK4                         1B91     1B91       12     3722       0
                idataBANK3                         1B19     1B19       10     3632       0

TOTAL           Name                               Link     Load   Length     Space
        CLASS   STACK          

        CLASS   CODE           
                end_init                             23       23        2         0
                cinit                                25       25       33         0
                intentry                              4        4       1F         0
                reset_vec                             0        0        2         0
                text86                             1A29     1A29        3         0
                text85                             1A2C     1A2C        3         0
                text84                             1A27     1A27        1         0
                text83                             1AEE     1AEE        D         0
                text82                             1A4D     1A4D        6         0
                text81                             1A2F     1A2F        3         0
                text80                             1C30     1C30       1C         0
                text79                             1A28     1A28        1         0
                text78                             1ACA     1ACA        C         0
                text77                             1BFD     1BFD       19         0
                text76                             1000     1000        1         0
                text75                             1AD6     1AD6        C         0
                text73                              7F3      7F3        D         0
                text72                             144F     144F      1D1         0
                text71                             1C69     1C69       1F         0
                text70                              AF4      AF4      218         0
                text69                              913      913      1E1         0
                text68                             1C4C     1C4C       1D         0
                text67                             1071     1071       70         0
                text66                             12D8     12D8       A7         0
                text65                              800      800        A         0
                text64                             1A8B     1A8B        8         0
                text63                             1A93     1A93        8         0
                text62                             1CCA     1CCA       23         0
                text61                             1A32     1A32        3         0
                text60                             1243     1243       95         0
                text59                             1DF3     1DF3       42         0
                text58                             10E1     10E1       75         0
                text57                              778      778       7B         0
                text56                             1B29     1B29       11         0
                text55                              D0C      D0C      2F4         0
                text54                             137F     137F       D0         0
                text53                             1A39     1A39        5         0
                text52                             1A53     1A53        6         0
                text51                             1B3A     1B3A       11         0
                text50                             1156     1156       75         0
                text49                             1A7D     1A7D        7         0
                text48                             1A3E     1A3E        5         0
                text47                             1A59     1A59        6         0
                text46                             1A43     1A43        5         0
                text45                             1C88     1C88       21         0
                text44                                2        2        1         0
                text43                             1DBD     1DBD       36         0
                text42                             1D3A     1D3A       2B         0
                text41                             1C16     1C16       1A         0
                text40                             1B4B     1B4B       11         0
                text39                             1B6D     1B6D       12         0
                text38                             1A9B     1A9B        8         0
                text37                             1B5C     1B5C       11         0
                text36                             1AFB     1AFB        E         0
                text35                             1BA3     1BA3       13         0
                text34                             1A48     1A48        5         0
                text33                             1AE2     1AE2        C         0
                text32                             1A84     1A84        7         0
                text31                             1A5F     1A5F        6         0
                text30                             1D12     1D12       28         0
                text29                             1A65     1A65        6         0
                text28                             1B09     1B09       10         0
                text27                             1A6B     1A6B        6         0
                text26                             1B7F     1B7F       12         0
                text25                             1A35     1A35        4         0
                text24                             1BCD     1BCD       18         0
                text23                             1AA3     1AA3        8         0
                text22                             1AB4     1AB4        B         0
                text21                             1ABF     1ABF        B         0
                text20                             1BE5     1BE5       18         0
                text19                             1D65     1D65       2C         0
                text18                             1F5E     1F5E       51         0
                text17                             1E35     1E35       45         0
                text16                             1E7A     1E7A       48         0
                text15                             1AAB     1AAB        9         0
                text14                             11CB     11CB       78         0
                text13                              841      841       D2         0
                text12                                3        3        1         0
                text11                             1EC2     1EC2       4C         0
                text10                             1CED     1CED       25         0
                text9                              1F0E     1F0E       50         0
                text8                              1001     1001       1F         0
                text7                              1BB6     1BB6       17         0
                text6                              1CA9     1CA9       21         0
                text5                                58       58      720         0
                text4                              1FAF     1FAF       51         0
                text3                              1620     1620      1E0         0
                text2                               80A      80A       37         0
                text1                              1D91     1D91       2C         0
                maintext                           1020     1020       51         0
                clrtext                            1A71     1A71        6         0
                inittext                           1A77     1A77        6         0
                idataBANK4                         1B91     1B91       12         0
                idataBANK3                         1B19     1B19       10         0

        CLASS   STRCODE        
                stringtext13                       1854     1854        3         0
                stringtext12                       1850     1850        4         0
                stringtext11                       184C     184C        4         0
                stringtext10                       1848     1848        4         0
                stringtext9                        1844     1844        4         0
                stringtext8                        1820     1820        C         0
                stringtext7                        1840     1840        4         0
                stringtext6                        183C     183C        4         0
                stringtext5                        1838     1838        4         0
                stringtext4                        1800     1800       20         0
                stringtext3                        1834     1834        4         0
                stringtext2                        1830     1830        4         0
                stringtext1                        182C     182C        4         0

        CLASS   STRING         

        CLASS   CONST          

        CLASS   ENTRY          

        CLASS   COMMON         
                cstackCOMMON                         70       70        E         1

        CLASS   BANK0          
                cstackBANK0                          20       20       50         1

        CLASS   BANK1          
                cstackBANK1                          A0       A0       50         1

        CLASS   BANK2          
                cstackBANK2                         120      120       50         1

        CLASS   BANK3          
                cstackBANK3                         1C5      1C5       15         1
                dataBANK3                           1DA      1DA       10         1
                bssBANK3                            1A0      1A0       25         1
                nvBANK3                             1EA      1EA        6         1

        CLASS   BANK4          
                dataBANK4                           254      254       12         1
                bssBANK4                            220      220       34         1
                nvBANK4                             266      266        6         1

        CLASS   BANK5          
                bssBANK5                            2A0      2A0       50         1

        CLASS   BANK6          

        CLASS   BANK7          

        CLASS   BANK8          

        CLASS   BANK9          

        CLASS   BANK10         

        CLASS   BANK11         

        CLASS   BANK12         

        CLASS   BIGRAM         

        CLASS   RAM            

        CLASS   ABS1           
                abs_s1                               7E       7E        2         1

        CLASS   SFR0           

        CLASS   SFR1           

        CLASS   SFR2           

        CLASS   SFR3           

        CLASS   SFR4           

        CLASS   SFR5           

        CLASS   SFR6           

        CLASS   SFR7           

        CLASS   SFR8           

        CLASS   SFR9           

        CLASS   SFR10          

        CLASS   SFR11          

        CLASS   SFR12          

        CLASS   SFR13          

        CLASS   SFR14          

        CLASS   SFR15          

        CLASS   SFR16          

        CLASS   SFR17          

        CLASS   SFR18          

        CLASS   SFR19          

        CLASS   SFR20          

        CLASS   SFR21          

        CLASS   SFR22          

        CLASS   SFR23          

        CLASS   SFR24          

        CLASS   SFR25          

        CLASS   SFR26          

        CLASS   SFR27          

        CLASS   SFR28          

        CLASS   SFR29          

        CLASS   SFR30          

        CLASS   SFR31          

        CLASS   CONFIG         
                config                             8007     8007        2         4

        CLASS   IDLOC          
                idloc                              8000     8000        4         5

        CLASS   EEDATA         

        CLASS   BANK31         

        CLASS   BANK30         

        CLASS   BANK29         

        CLASS   BANK28         

        CLASS   BANK27         

        CLASS   BANK26         

        CLASS   BANK25         

        CLASS   BANK24         

        CLASS   BANK23         

        CLASS   BANK22         

        CLASS   BANK21         

        CLASS   BANK20         

        CLASS   BANK19         

        CLASS   BANK18         

        CLASS   BANK17         

        CLASS   BANK16         

        CLASS   BANK15         

        CLASS   BANK14         

        CLASS   BANK13         



SEGMENTS        Name                           Load    Length   Top    Selector   Space  Class     Delta

                text77                         001BFD  000019  001C16      37FA       0  CODE        2
                text41                         001C16  00001A  001C30      382C       0  CODE        2
                text24                         001BCD  000018  001BE5      379A       0  CODE        2
                text20                         001BE5  000018  001BFD      37CA       0  CODE        2
                text80                         001C30  00001C  001C4C      3860       0  CODE        2
                text8                          001001  00001F  001020      2002       0  CODE        2
                stringtext4                    001800  000057  001857      3000       0  STRCODE     2
                text68                         001C4C  00001D  001C69      3898       0  CODE        2
                text71                         001C69  00001F  001C88      38D2       0  CODE        2
                text40                         001B4B  000011  001B5C      3696       0  CODE        2
                text37                         001B5C  000011  001B6D      36B8       0  CODE        2
                text56                         001B29  000011  001B3A      3652       0  CODE        2
                text51                         001B3A  000011  001B4B      3674       0  CODE        2
                text39                         001B6D  000012  001B7F      36DA       0  CODE        2
                text35                         001BA3  000013  001BB6      3746       0  CODE        2
                text7                          001BB6  000017  001BCD      376C       0  CODE        2
                text26                         001B7F  000012  001B91      36FE       0  CODE        2
                idataBANK4                     001B91  000012  001BA3      3722       0  CODE        2
                text45                         001C88  000021  001CA9      3910       0  CODE        2
                text16                         001E7A  000048  001EC2      3CF4       0  CODE        2
                text11                         001EC2  00004C  001F0E      3D84       0  CODE        2
                text59                         001DF3  000042  001E35      3BE6       0  CODE        2
                text17                         001E35  000045  001E7A      3C6A       0  CODE        2
                text9                          001F0E  000050  001F5E      3E1C       0  CODE        2
                maintext                       001020  000051  001071      2040       0  CODE        2
                text67                         001071  000070  0010E1      20E2       0  CODE        2
                text18                         001F5E  000051  001FAF      3EBC       0  CODE        2
                text4                          001FAF  000051  002000      3F5E       0  CODE        2
                text10                         001CED  000025  001D12      39DA       0  CODE        2
                text30                         001D12  000028  001D3A      3A24       0  CODE        2
                text6                          001CA9  000021  001CCA      3952       0  CODE        2
                text62                         001CCA  000023  001CED      3994       0  CODE        2
                text42                         001D3A  00002B  001D65      3A74       0  CODE        2
                text43                         001DBD  000036  001DF3      3B7A       0  CODE        2
                text2                          00080A  000037  000841      1014       0  CODE        2
                text19                         001D65  00002C  001D91      3ACA       0  CODE        2
                text1                          001D91  00002C  001DBD      3B22       0  CODE        2
                text46                         001A43  000005  001A48      3486       0  CODE        2
                text34                         001A48  000005  001A4D      3490       0  CODE        2
                text53                         001A39  000005  001A3E      3472       0  CODE        2
                text48                         001A3E  000005  001A43      347C       0  CODE        2
                text82                         001A4D  000006  001A53      349A       0  CODE        2
                text31                         001A5F  000006  001A65      34BE       0  CODE        2
                text29                         001A65  000006  001A6B      34CA       0  CODE        2
                text52                         001A53  000006  001A59      34A6       0  CODE        2
                text47                         001A59  000006  001A5F      34B2       0  CODE        2
                text79                         001A28  000001  001A29      3450       0  CODE        2
                text12                         000003  000001  000004         6       0  CODE        2
                text84                         001A27  000001  001A28      344E       0  CODE        2
                text86                         001A29  000003  001A2C      3452       0  CODE        2
                text61                         001A32  000003  001A35      3464       0  CODE        2
                text25                         001A35  000004  001A39      346A       0  CODE        2
                text85                         001A2C  000003  001A2F      3458       0  CODE        2
                text81                         001A2F  000003  001A32      345E       0  CODE        2
                text27                         001A6B  000006  001A71      34D6       0  CODE        2
                text78                         001ACA  00000C  001AD6      3594       0  CODE        2
                text75                         001AD6  00000C  001AE2      35AC       0  CODE        2
                text22                         001AB4  00000B  001ABF      3568       0  CODE        2
                text21                         001ABF  00000B  001ACA      357E       0  CODE        2
                text33                         001AE2  00000C  001AEE      35C4       0  CODE        2
                text28                         001B09  000010  001B19      3612       0  CODE        2
                idataBANK3                     001B19  000010  001B29      3632       0  CODE        2
                text83                         001AEE  00000D  001AFB      35DC       0  CODE        2
                text36                         001AFB  00000E  001B09      35F6       0  CODE        2
                text49                         001A7D  000007  001A84      34FA       0  CODE        2
                text32                         001A84  000007  001A8B      3508       0  CODE        2
                clrtext                        001A71  000006  001A77      34E2       0  CODE        2
                inittext                       001A77  000006  001A7D      34EE       0  CODE        2
                text64                         001A8B  000008  001A93      3516       0  CODE        2
                text23                         001AA3  000008  001AAB      3546       0  CODE        2
                text15                         001AAB  000009  001AB4      3556       0  CODE        2
                text63                         001A93  000008  001A9B      3526       0  CODE        2
                text38                         001A9B  000008  001AA3      3536       0  CODE        2
                cstackBANK1                    0000A0  000050  0000F0        A0       1  BANK1       1
                cstackBANK0                    000020  000050  000070        20       1  BANK0       1
                reset_vec                      000000  000003  000003         0       0  CODE        2
                cstackBANK2                    000120  000050  000170       120       1  BANK2       1
                bssBANK5                       0002A0  000050  0002F0       2A0       1  BANK5       1
                bssBANK4                       000220  00004C  00026C       220       1  BANK4       1
                bssBANK3                       0001A0  000050  0001F0       1A0       1  BANK3       1
                intentry                       000004  000806  00080A         8       0  CODE        2
                cstackCOMMON                   000070  00000E  00007E        70       1  COMMON      1
                text66                         0012D8  0000A7  00137F      25B0       0  CODE        2
                text54                         00137F  0000D0  00144F      26FE       0  CODE        2
                text60                         001243  000095  0012D8      2486       0  CODE        2
                text13                         000841  0000D2  000913      1082       0  CODE        2
                text14                         0011CB  000078  001243      2396       0  CODE        2
                text72                         00144F  0001D1  001620      289E       0  CODE        2
                text3                          001620  0001E0  001800      2C40       0  CODE        2
                text50                         001156  000075  0011CB      22AC       0  CODE        2
                text58                         0010E1  000075  001156      21C2       0  CODE        2
                text69                         000913  0001E1  000AF4      1226       0  CODE        2
                text70                         000AF4  000218  000D0C      15E8       0  CODE        2
                text55                         000D0C  0002F5  001001      1A18       0  CODE        2


UNUSED ADDRESS RANGES

        Name                Unused          Largest block    Delta
        BANK10           00520-0056F              50           1
        BANK11           005A0-005EF              50           1
        BANK12           00620-0064F              30           1
        BANK4            0026C-0026F               4           1
        BANK6            00320-0036F              50           1
        BANK7            003A0-003EF              50           1
        BANK8            00420-0046F              50           1
        BANK9            004A0-004EF              50           1
        BIGRAM           02000-023EF             3F0           1
        CODE             01857-01A26             1D0           2
        CONST            01857-01A26             100           2
        EEDATA           0F000-0F0FF             100           2
        ENTRY            01857-01A26             100           2
        RAM              0026C-0026F               4           1
                         00320-0036F              50
                         003A0-003EF              50
                         00420-0046F              50
                         004A0-004EF              50
                         00520-0056F              50
                         005A0-005EF              50
                         00620-0064F              30
        SFR0             00000-0001F              20           1
        SFR1             00080-0009F              20           1
        SFR10            00500-0051F              20           1
        SFR11            00580-0059F              20           1
        SFR12            00600-0061F              20           1
        SFR13            00680-006EF              70           1
        SFR14            00700-0076F              70           1
        SFR15            00780-007EF              70           1
        SFR16            00800-0086F              70           1
        SFR17            00880-008EF              70           1
        SFR18            00900-0096F              70           1
        SFR19            00980-009EF              70           1
        SFR2             00100-0011F              20           1
        SFR20            00A00-00A6F              70           1
        SFR21            00A80-00AEF              70           1
        SFR22            00B00-00B6F              70           1
        SFR23            00B80-00BEF              70           1
        SFR24            00C00-00C6F              70           1
        SFR25            00C80-00CEF              70           1
        SFR26            00D00-00D6F              70           1
        SFR27            00D80-00DEF              70           1
        SFR28            00E00-00E6F              70           1
        SFR29            00E80-00EEF              70           1
        SFR3             00180-0019F              20           1
        SFR30            00F00-00F6F              70           1
        SFR31            00F80-00FEF              70           1
        SFR4             00200-0021F              20           1
        SFR5             00280-0029F              20           1
        SFR6             00300-0031F              20           1
        SFR7             00380-0039F              20           1
        SFR8             00400-0041F              20           1
        SFR9             00480-0049F              20           1
        STACK            021E0-023EF             210           1
        STRCODE          01857-01A26             1D0           2
        STRING           01857-01A26             100           2

                                  Symbol Table

?_ADC_GetConversionResult                      cstackCOMMON 00070
?_CalcRequiredDelayForTrigTRIAC                cstackBANK1  000D9
?_ChangeADCtoVoltage                           cstackBANK1  000D0
?_Measure_R_PT100_2Wire                        cstackBANK1  000D0
?_Measure_Temp_PT100_2Wire                     cstackBANK1  000D0
?_Read_ADC_Num                                 cstackCOMMON 00072
?_Read_PT100_Temp                              cstackBANK1  000E4
?__Umul8_16                                    cstackCOMMON 00070
?___awdiv                                      cstackCOMMON 00070
?___awmod                                      cstackCOMMON 00070
?___fladd                                      cstackBANK0  0003A
?___fldiv                                      cstackBANK1  000C8
?___flmul                                      cstackBANK0  00020
?___flneg                                      cstackCOMMON 00070
?___flsub                                      cstackBANK0  0004E
?___fltol                                      cstackBANK1  000D0
?___fpclassifyf                                cstackCOMMON 00070
?___xxtofl                                     cstackCOMMON 00070
?_efgtoa                                       cstackBANK1  000E4
?_floorf                                       cstackBANK1  000D0
?_isupper                                      cstackCOMMON 00070
?_nanf                                         cstackCOMMON 00070
?_pad                                          cstackBANK0  00024
?_sprintf                                      cstackBANK3  001C5
?_sqrtf                                        cstackBANK0  0004E
?_strlen                                       cstackCOMMON 00070
?_strncmp                                      cstackCOMMON 00070
?_tolower                                      cstackCOMMON 00076
?_vfpfcnvrt                                    cstackBANK0  0006E
?_vfprintf                                     cstackBANK1  000ED
ADC_SelectChannel@channel                      cstackCOMMON 00071
CalcRequiredDelayForTrigTRIAC@delay            cstackBANK1  000DD
CalcRequiredDelayForTrigTRIAC@dim_percentage   cstackBANK1  000D9
CalcRequiredDelayForTrigTRIAC@ret              cstackBANK1  000E1
ChangeADCtoVoltage@ADC_number                  cstackBANK1  000D0
EUSART_SetErrorHandler@interruptHandler        cstackCOMMON 00070
EUSART_SetFramingErrorHandler@interruptHandler cstackCOMMON 00070
EUSART_SetOverrunErrorHandler@interruptHandler cstackCOMMON 00070
EUSART_Write@txData                            cstackCOMMON 00070
IOCAF2_SetInterruptHandler@InterruptHandler    cstackCOMMON 00070
MTOUCH_Button_Initialize@button                cstackCOMMON 00073
MTOUCH_Button_Initialize@name                  cstackCOMMON 00072
MTOUCH_Button_InitializeAll@button             cstackCOMMON 0007B
MTOUCH_Random@seed                             bssBANK3     001C4
MTOUCH_Sensor_Enable@sensor                    cstackCOMMON 00075
MTOUCH_Sensor_Initialize@sensor                cstackCOMMON 00077
MTOUCH_Sensor_InitializeAll@sensor             cstackCOMMON 00079
MTOUCH_Sensor_Sampled_ResetAll@sensor          cstackCOMMON 00072
Measure_R_PT100_2Wire@ADC_volt                 cstackBANK1  000D0
Measure_R_PT100_2Wire@R_PT100                  cstackBANK0  0006C
Measure_Temp_PT100_2Wire@R_PT100               cstackBANK1  000D0
Measure_Temp_PT100_2Wire@Temp_PT100            cstackBANK1  000D4
Read_ADC_Num@convertedValue                    cstackCOMMON 00074
Read_PT100_Temp@ADC_num                        cstackBANK2  0012C
Read_PT100_Temp@ADC_volt                       cstackBANK2  00120
Read_PT100_Temp@R_PT100                        cstackBANK2  00124
Read_PT100_Temp@Temp_PT100                     cstackBANK2  00128
Sensor_Sampled_Reset@sensor                    cstackCOMMON 00070
StartStop_AlarmLED@OnOff                       cstackCOMMON 00070
StartStop_Buzzer@OnOff                         cstackCOMMON 00070
StartStop_Fan@OnOff                            cstackCOMMON 00070
TMR2_Int_isr@counter_tmr2                      bssBANK3     001B4
TMR2_SetInterruptHandler@InterruptHandler      cstackCOMMON 00070
TMR4_SetInterruptHandler@InterruptHandler      cstackCOMMON 00070
TMR4_Wroking_Blink_AlarmLED_isr@counter_tmr4   bssBANK3     001B2
TX_Command@txData                              cstackCOMMON 00071
TX_Whole_String@i                              cstackCOMMON 0007A
TX_Whole_String@input_string                   cstackCOMMON 00079
TX_Whole_String@size_of_string                 cstackCOMMON 00077
_ADCON0                                        (abs)        0009D
_ADCON0bits                                    (abs)        0009D
_ADCON1                                        (abs)        0009E
_ADC_GetConversionResult                       text53       01A39
_ADC_Initialize                                text49       01A7D
_ADC_IsConversionDone                          text52       01A53
_ADC_SelectChannel                             text73       007F3
_ADC_StartConversion                           text61       01A32
_ADRESH                                        (abs)        0009C
_ADRESL                                        (abs)        0009B
_ANSELA                                        (abs)        0018C
_ANSELB                                        (abs)        0018D
_ANSELC                                        (abs)        0018E
_APFCON0                                       (abs)        0011D
_APFCON1                                       (abs)        0011E
_BAUDCON                                       (abs)        0019F
_BORCON                                        (abs)        00116
_Buff_g                                        bssBANK4     00240
_Button_DefaultCallback                        (abs)        00000
_Button_State_Initializing                     (abs)        00000
_Button_State_NotPressed                       (abs)        00000
_Button_State_Pressed                          (abs)        00000
_CalcRequiredDelayForTrigTRIAC                 text66       012D8
_ChangeADCtoVoltage                            text59       01DF3
_EUSART_DefaultErrorHandler                    (abs)        00000
_EUSART_DefaultFramingErrorHandler             (abs)        00000
_EUSART_DefaultOverrunErrorHandler             (abs)        00000
_EUSART_ErrorHandler                           nvBANK4      00266
_EUSART_FramingErrorHandler                    nvBANK4      0026A
_EUSART_Initialize                             text45       01C88
_EUSART_OverrunErrorHandler                    nvBANK4      00268
_EUSART_SetErrorHandler                        text48       01A3E
_EUSART_SetFramingErrorHandler                 text47       01A59
_EUSART_SetOverrunErrorHandler                 text46       01A43
_EUSART_Write                                  text23       01AA3
_EUSART_is_tx_ready                            text22       01AB4
_EUSART_is_tx_ready$1170                       cstackCOMMON 00070
_GIE                                           (abs)        0005F
_INTCONbits                                    (abs)        0000B
_INTERRUPT_InterruptManager                    intentry     00004
_IOCAF2_DefaultInterruptHandler                text84       01A27
_IOCAF2_ISR                                    text83       01AEE
_IOCAF2_InterruptHandler                       nvBANK3      001EE
_IOCAF2_SetInterruptHandler                    text31       01A5F
_IOCAFbits                                     (abs)        00393
_IOCANbits                                     (abs)        00392
_IOCAPbits                                     (abs)        00391
_Init_Function                                 text62       01CCA
_LATA                                          (abs)        0010C
_LATB                                          (abs)        0010D
_LATC                                          (abs)        0010E
_LATCbits                                      (abs)        0010E
_MTOUCH_Button_Initialize                      text43       01DBD
_MTOUCH_Button_InitializeAll                   text41       01C16
_MTOUCH_CVD_ScanA_0                            (abs)        00000
_MTOUCH_CVD_ScanA_1                            (abs)        00000
_MTOUCH_CVD_ScanB_0                            (abs)        00000
_MTOUCH_CVD_ScanB_1                            (abs)        00000
_MTOUCH_Initialize                             text33       01AE2
_MTOUCH_Sensor_Calibrate                       text44       00002
_MTOUCH_Sensor_Enable                          text39       01B6D
_MTOUCH_Sensor_Initialize                      text37       01B5C
_MTOUCH_Sensor_InitializeAll                   text36       01AFB
_MTOUCH_Sensor_Sampled_ResetAll                text35       01BA3
_MTOUCH_Sensor_Scan_Initialize                 text34       01A48
_Measure_R_PT100_2Wire                         text58       010E1
_Measure_Temp_PT100_2Wire                      text54       0137F
_Measure_Temp_PT100_2Wire$2891                 cstackBANK1  000D8
_Measure_Temp_PT100_2Wire$2892                 cstackBANK1  000DC
_Measure_Temp_PT100_2Wire$2893                 cstackBANK1  000E0
_OPTION_REGbits                                (abs)        00095
_OSCCON                                        (abs)        00099
_OSCILLATOR_Initialize                         text32       01A84
_OSCTUNE                                       (abs)        00098
_PIE1bits                                      (abs)        00091
_PIE3bits                                      (abs)        00093
_PIN_MANAGER_IOC                               text82       01A4D
_PIN_MANAGER_Initialize                        text30       01D12
_PIR1bits                                      (abs)        00011
_PIR3bits                                      (abs)        00013
_PORTCbits                                     (abs)        0000E
_PR2                                           (abs)        0001B
_PR4                                           (abs)        00416
_RCSTA                                         (abs)        0019D
_Read_ADC_Num                                  text51       01B3A
_Read_PT100_Temp                               text50       01156
_SPBRGH                                        (abs)        0019C
_SPBRGL                                        (abs)        0019B
_SYSTEM_Initialize                             text24       01BCD
_Sensor_DefaultCallback                        (abs)        00000
_Sensor_Sampled_Reset                          text38       01A9B
_StartStop_AlarmLED                            text65       00800
_StartStop_Buzzer                              text64       01A8B
_StartStop_Fan                                 text63       01A93
_T2CON                                         (abs)        0001C
_T2CONbits                                     (abs)        0001C
_T4CON                                         (abs)        00417
_TMR2                                          (abs)        0001A
_TMR2_DefaultInterruptHandler                  text79       01A28
_TMR2_ISR                                      text78       01ACA
_TMR2_Initialize                               text28       01B09
_TMR2_Int_isr                                  text80       01C30
_TMR2_InterruptHandler                         nvBANK3      001EC
_TMR2_SetInterruptHandler                      text29       01A65
_TMR2_StartTimer                               text86       01A29
_TMR2_StopTimer                                text81       01A2F
_TMR4                                          (abs)        00415
_TMR4_DefaultInterruptHandler                  text76       01000
_TMR4_ISR                                      text75       01AD6
_TMR4_Initialize                               text26       01B7F
_TMR4_InterruptHandler                         nvBANK3      001EA
_TMR4_SetInterruptHandler                      text27       01A6B
_TMR4_Wroking_Blink_AlarmLED_isr               text77       01BFD
_TRISA                                         (abs)        0008C
_TRISB                                         (abs)        0008D
_TRISC                                         (abs)        0008E
_TXREG                                         (abs)        0019A
_TXSTA                                         (abs)        0019E
_TXSTAbits                                     (abs)        0019E
_TX_Command                                    text21       01ABF
_TX_Whole_String                               text19       01D65
_WDTCON                                        (abs)        00097
_WDT_Initialize                                text25       01A35
_WPUA                                          (abs)        0020C
_WPUB                                          (abs)        0020D
_WPUC                                          (abs)        0020E
_Zero_Detection_isr                            text85       01A2C
__Habs1                                        abs1         00000
__Hbank0                                       bank0        00000
__Hbank1                                       bank1        00000
__Hbank10                                      bank10       00000
__Hbank11                                      bank11       00000
__Hbank12                                      bank12       00000
__Hbank13                                      bank13       00000
__Hbank14                                      bank14       00000
__Hbank15                                      bank15       00000
__Hbank16                                      bank16       00000
__Hbank17                                      bank17       00000
__Hbank18                                      bank18       00000
__Hbank19                                      bank19       00000
__Hbank2                                       bank2        00000
__Hbank20                                      bank20       00000
__Hbank21                                      bank21       00000
__Hbank22                                      bank22       00000
__Hbank23                                      bank23       00000
__Hbank24                                      bank24       00000
__Hbank25                                      bank25       00000
__Hbank26                                      bank26       00000
__Hbank27                                      bank27       00000
__Hbank28                                      bank28       00000
__Hbank29                                      bank29       00000
__Hbank3                                       bank3        00000
__Hbank30                                      bank30       00000
__Hbank31                                      bank31       00000
__Hbank4                                       bank4        00000
__Hbank5                                       bank5        00000
__Hbank6                                       bank6        00000
__Hbank7                                       bank7        00000
__Hbank8                                       bank8        00000
__Hbank9                                       bank9        00000
__Hbigram                                      bigram       00000
__HbssBANK3                                    bssBANK3     00000
__HbssBANK4                                    bssBANK4     00000
__HbssBANK5                                    bssBANK5     00000
__Hcinit                                       cinit        00058
__Hclrtext                                     clrtext      00000
__Hcode                                        code         00000
__Hcommon                                      common       00000
__Hconfig                                      config       08009
__HcstackBANK0                                 cstackBANK0  00000
__HcstackBANK1                                 cstackBANK1  00000
__HcstackBANK2                                 cstackBANK2  00000
__HcstackBANK3                                 cstackBANK3  00000
__HcstackCOMMON                                cstackCOMMON 00000
__HdataBANK3                                   dataBANK3    00000
__HdataBANK4                                   dataBANK4    00000
__Heeprom_data                                 eeprom_data  00000
__Hend_init                                    end_init     00025
__Hfunctab                                     functab      00000
__HidataBANK3                                  idataBANK3   00000
__HidataBANK4                                  idataBANK4   00000
__Hidloc                                       idloc        08004
__Hinit                                        init         00023
__Hinittext                                    inittext     00000
__Hintentry                                    intentry     00023
__Hmaintext                                    maintext     00000
__HnvBANK3                                     nvBANK3      00000
__HnvBANK4                                     nvBANK4      00000
__Hpowerup                                     powerup      00000
__Hram                                         ram          00000
__Hreset_vec                                   reset_vec    00002
__Hsfr0                                        sfr0         00000
__Hsfr1                                        sfr1         00000
__Hsfr10                                       sfr10        00000
__Hsfr11                                       sfr11        00000
__Hsfr12                                       sfr12        00000
__Hsfr13                                       sfr13        00000
__Hsfr14                                       sfr14        00000
__Hsfr15                                       sfr15        00000
__Hsfr16                                       sfr16        00000
__Hsfr17                                       sfr17        00000
__Hsfr18                                       sfr18        00000
__Hsfr19                                       sfr19        00000
__Hsfr2                                        sfr2         00000
__Hsfr20                                       sfr20        00000
__Hsfr21                                       sfr21        00000
__Hsfr22                                       sfr22        00000
__Hsfr23                                       sfr23        00000
__Hsfr24                                       sfr24        00000
__Hsfr25                                       sfr25        00000
__Hsfr26                                       sfr26        00000
__Hsfr27                                       sfr27        00000
__Hsfr28                                       sfr28        00000
__Hsfr29                                       sfr29        00000
__Hsfr3                                        sfr3         00000
__Hsfr30                                       sfr30        00000
__Hsfr31                                       sfr31        00000
__Hsfr4                                        sfr4         00000
__Hsfr5                                        sfr5         00000
__Hsfr6                                        sfr6         00000
__Hsfr7                                        sfr7         00000
__Hsfr8                                        sfr8         00000
__Hsfr9                                        sfr9         00000
__Hspace_0                                     (abs)        02000
__Hspace_1                                     (abs)        002F0
__Hspace_2                                     (abs)        00000
__Hspace_3                                     (abs)        00000
__Hspace_4                                     (abs)        10010
__Hstack                                       stack        00000
__Hstrings                                     strings      00000
__Hstringtext1                                 stringtext1  00000
__Hstringtext10                                stringtext10 00000
__Hstringtext11                                stringtext11 00000
__Hstringtext12                                stringtext12 00000
__Hstringtext13                                stringtext13 00000
__Hstringtext14                                stringtext14 00000
__Hstringtext2                                 stringtext2  00000
__Hstringtext3                                 stringtext3  00000
__Hstringtext4                                 stringtext4  00000
__Hstringtext5                                 stringtext5  00000
__Hstringtext6                                 stringtext6  00000
__Hstringtext7                                 stringtext7  00000
__Hstringtext8                                 stringtext8  00000
__Hstringtext9                                 stringtext9  00000
__Htext                                        text         00000
__Labs1                                        abs1         00000
__Lbank0                                       bank0        00000
__Lbank1                                       bank1        00000
__Lbank10                                      bank10       00000
__Lbank11                                      bank11       00000
__Lbank12                                      bank12       00000
__Lbank13                                      bank13       00000
__Lbank14                                      bank14       00000
__Lbank15                                      bank15       00000
__Lbank16                                      bank16       00000
__Lbank17                                      bank17       00000
__Lbank18                                      bank18       00000
__Lbank19                                      bank19       00000
__Lbank2                                       bank2        00000
__Lbank20                                      bank20       00000
__Lbank21                                      bank21       00000
__Lbank22                                      bank22       00000
__Lbank23                                      bank23       00000
__Lbank24                                      bank24       00000
__Lbank25                                      bank25       00000
__Lbank26                                      bank26       00000
__Lbank27                                      bank27       00000
__Lbank28                                      bank28       00000
__Lbank29                                      bank29       00000
__Lbank3                                       bank3        00000
__Lbank30                                      bank30       00000
__Lbank31                                      bank31       00000
__Lbank4                                       bank4        00000
__Lbank5                                       bank5        00000
__Lbank6                                       bank6        00000
__Lbank7                                       bank7        00000
__Lbank8                                       bank8        00000
__Lbank9                                       bank9        00000
__Lbigram                                      bigram       00000
__LbssBANK3                                    bssBANK3     00000
__LbssBANK4                                    bssBANK4     00000
__LbssBANK5                                    bssBANK5     00000
__Lcinit                                       cinit        00025
__Lclrtext                                     clrtext      00000
__Lcode                                        code         00000
__Lcommon                                      common       00000
__Lconfig                                      config       00000
__LcstackBANK0                                 cstackBANK0  00000
__LcstackBANK1                                 cstackBANK1  00000
__LcstackBANK2                                 cstackBANK2  00000
__LcstackBANK3                                 cstackBANK3  00000
__LcstackCOMMON                                cstackCOMMON 00000
__LdataBANK3                                   dataBANK3    00000
__LdataBANK4                                   dataBANK4    00000
__Leeprom_data                                 eeprom_data  00000
__Lend_init                                    end_init     00023
__Lfunctab                                     functab      00000
__LidataBANK3                                  idataBANK3   00000
__LidataBANK4                                  idataBANK4   00000
__Lidloc                                       idloc        00000
__Linit                                        init         00023
__Linittext                                    inittext     00000
__Lintentry                                    intentry     00004
__Lmaintext                                    maintext     00000
__LnvBANK3                                     nvBANK3      00000
__LnvBANK4                                     nvBANK4      00000
__Lpowerup                                     powerup      00000
__Lram                                         ram          00000
__Lreset_vec                                   reset_vec    00000
__Lsfr0                                        sfr0         00000
__Lsfr1                                        sfr1         00000
__Lsfr10                                       sfr10        00000
__Lsfr11                                       sfr11        00000
__Lsfr12                                       sfr12        00000
__Lsfr13                                       sfr13        00000
__Lsfr14                                       sfr14        00000
__Lsfr15                                       sfr15        00000
__Lsfr16                                       sfr16        00000
__Lsfr17                                       sfr17        00000
__Lsfr18                                       sfr18        00000
__Lsfr19                                       sfr19        00000
__Lsfr2                                        sfr2         00000
__Lsfr20                                       sfr20        00000
__Lsfr21                                       sfr21        00000
__Lsfr22                                       sfr22        00000
__Lsfr23                                       sfr23        00000
__Lsfr24                                       sfr24        00000
__Lsfr25                                       sfr25        00000
__Lsfr26                                       sfr26        00000
__Lsfr27                                       sfr27        00000
__Lsfr28                                       sfr28        00000
__Lsfr29                                       sfr29        00000
__Lsfr3                                        sfr3         00000
__Lsfr30                                       sfr30        00000
__Lsfr31                                       sfr31        00000
__Lsfr4                                        sfr4         00000
__Lsfr5                                        sfr5         00000
__Lsfr6                                        sfr6         00000
__Lsfr7                                        sfr7         00000
__Lsfr8                                        sfr8         00000
__Lsfr9                                        sfr9         00000
__Lspace_0                                     (abs)        00000
__Lspace_1                                     (abs)        00000
__Lspace_2                                     (abs)        00000
__Lspace_3                                     (abs)        00000
__Lspace_4                                     (abs)        00000
__Lstack                                       stack        00000
__Lstrings                                     strings      00000
__Lstringtext1                                 stringtext1  00000
__Lstringtext10                                stringtext10 00000
__Lstringtext11                                stringtext11 00000
__Lstringtext12                                stringtext12 00000
__Lstringtext13                                stringtext13 00000
__Lstringtext14                                stringtext14 00000
__Lstringtext2                                 stringtext2  00000
__Lstringtext3                                 stringtext3  00000
__Lstringtext4                                 stringtext4  00000
__Lstringtext5                                 stringtext5  00000
__Lstringtext6                                 stringtext6  00000
__Lstringtext7                                 stringtext7  00000
__Lstringtext8                                 stringtext8  00000
__Lstringtext9                                 stringtext9  00000
__Ltext                                        text         00000
__S0                                           (abs)        02000
__S1                                           (abs)        002F0
__S2                                           (abs)        00000
__S3                                           (abs)        00000
__Umul8_16                                     text71       01C69
__Umul8_16@multiplicand                        cstackCOMMON 00070
__Umul8_16@multiplier                          cstackCOMMON 00078
__Umul8_16@product                             cstackCOMMON 00074
__Umul8_16@word_mpld                           cstackCOMMON 00076
___awdiv                                       text18       01F5E
___awdiv@counter                               cstackCOMMON 00075
___awdiv@dividend                              cstackCOMMON 00072
___awdiv@divisor                               cstackCOMMON 00070
___awdiv@quotient                              cstackCOMMON 00077
___awdiv@sign                                  cstackCOMMON 00076
___awmod                                       text17       01E35
___awmod@counter                               cstackCOMMON 00075
___awmod@dividend                              cstackCOMMON 00072
___awmod@divisor                               cstackCOMMON 00070
___awmod@sign                                  cstackCOMMON 00076
___bmul                                        text40       01B4B
___bmul@multiplicand                           cstackCOMMON 00070
___bmul@multiplier                             cstackCOMMON 00073
___bmul@product                                cstackCOMMON 00072
___fladd                                       text69       00913
___fladd@a                                     cstackBANK0  0003E
___fladd@aexp                                  cstackBANK0  0004B
___fladd@b                                     cstackBANK0  0003A
___fladd@bexp                                  cstackBANK0  0004C
___fladd@grs                                   cstackBANK0  0004D
___fladd@signs                                 cstackBANK0  0004A
___fldiv                                       text72       0144F
___fldiv@a                                     cstackBANK1  000C8
___fldiv@aexp                                  cstackBANK0  0006B
___fldiv@b                                     cstackBANK1  000CC
___fldiv@bexp                                  cstackBANK0  0006A
___fldiv@grs                                   cstackBANK0  00066
___fldiv@new_exp                               cstackBANK0  00064
___fldiv@rem                                   cstackBANK0  0005F
___fldiv@sign                                  cstackBANK0  00063
___fleq                                        text16       01E7A
___fleq@ff1                                    cstackCOMMON 00070
___fleq@ff2                                    cstackCOMMON 00074
___flge                                        text57       00778
___flge@ff1                                    cstackBANK0  0003A
___flge@ff2                                    cstackBANK0  0003E
___flmul                                       text70       00AF4
___flmul@a                                     cstackBANK0  00024
___flmul@aexp                                  cstackBANK0  0002E
___flmul@b                                     cstackBANK0  00020
___flmul@bexp                                  cstackBANK0  00033
___flmul@grs                                   cstackBANK0  0002F
___flmul@prod                                  cstackBANK0  00034
___flmul@sign                                  cstackBANK0  0002D
___flmul@temp                                  cstackBANK0  00038
___flneg                                       text15       01AAB
___flneg@f1                                    cstackCOMMON 00070
___flsub                                       text68       01C4C
___flsub@a                                     cstackBANK0  0004E
___flsub@b                                     cstackBANK0  00052
___fltol                                       text67       01071
___fltol@exp1                                  cstackBANK0  0006D
___fltol@f1                                    cstackBANK1  000D0
___fltol@sign1                                 cstackBANK0  0006C
___fpclassifyf                                 text14       011CB
___fpclassifyf@F465                            bssBANK3     001A4
___fpclassifyf@e                               cstackBANK0  00020
___fpclassifyf@u                               cstackBANK0  00022
___fpclassifyf@x                               cstackCOMMON 00070
___int_sp                                      stack        00000
___latbits                                     (abs)        00002
___sp                                          stack        00000
___stackhi                                     (abs)        023EF
___stacklo                                     (abs)        021E0
___xxtofl                                      text60       01243
___xxtofl@arg                                  cstackCOMMON 0007A
___xxtofl@exp                                  cstackCOMMON 00079
___xxtofl@sign                                 cstackCOMMON 00078
___xxtofl@val                                  cstackCOMMON 00070
__end_of_ADC_GetConversionResult               text53       01A3E
__end_of_ADC_Initialize                        text49       01A84
__end_of_ADC_IsConversionDone                  text52       01A59
__end_of_ADC_SelectChannel                     text73       00800
__end_of_ADC_StartConversion                   text61       01A35
__end_of_CalcRequiredDelayForTrigTRIAC         text66       0137F
__end_of_ChangeADCtoVoltage                    text59       01E35
__end_of_EUSART_Initialize                     text45       01CA9
__end_of_EUSART_SetErrorHandler                text48       01A43
__end_of_EUSART_SetFramingErrorHandler         text47       01A5F
__end_of_EUSART_SetOverrunErrorHandler         text46       01A48
__end_of_EUSART_Write                          text23       01AAB
__end_of_EUSART_is_tx_ready                    text22       01ABF
__end_of_HalfCycleACDuration_const             stringtext5  0183C
__end_of_INTERRUPT_InterruptManager            intentry     00023
__end_of_IOCAF2_DefaultInterruptHandler        text84       01A28
__end_of_IOCAF2_ISR                            text83       01AFB
__end_of_IOCAF2_SetInterruptHandler            text31       01A65
__end_of_Init_Function                         text62       01CED
__end_of_MTOUCH_Button_Initialize              text43       01DF3
__end_of_MTOUCH_Button_InitializeAll           text41       01C30
__end_of_MTOUCH_Initialize                     text33       01AEE
__end_of_MTOUCH_Sensor_Calibrate               text44       00003
__end_of_MTOUCH_Sensor_Enable                  text39       01B7F
__end_of_MTOUCH_Sensor_Initialize              text37       01B6D
__end_of_MTOUCH_Sensor_InitializeAll           text36       01B09
__end_of_MTOUCH_Sensor_Sampled_ResetAll        text35       01BB6
__end_of_MTOUCH_Sensor_Scan_Initialize         text34       01A4D
__end_of_Measure_R_PT100_2Wire                 text58       01156
__end_of_Measure_Temp_PT100_2Wire              text54       0144F
__end_of_OSCILLATOR_Initialize                 text32       01A8B
__end_of_PIN_MANAGER_IOC                       text82       01A53
__end_of_PIN_MANAGER_Initialize                text30       01D3A
__end_of_R_const                               stringtext7  01844
__end_of_Read_ADC_Num                          text51       01B4B
__end_of_Read_PT100_Temp                       text50       011CB
__end_of_SYSTEM_Initialize                     text24       01BE5
__end_of_Sensor_Sampled_Reset                  text38       01AA3
__end_of_StartStop_AlarmLED                    text65       0080A
__end_of_StartStop_Buzzer                      text64       01A93
__end_of_StartStop_Fan                         text63       01A9B
__end_of_TMR2_DefaultInterruptHandler          text79       01A29
__end_of_TMR2_ISR                              text78       01AD6
__end_of_TMR2_Initialize                       text28       01B19
__end_of_TMR2_Int_isr                          text80       01C4C
__end_of_TMR2_Period_const                     stringtext2  01834
__end_of_TMR2_SetInterruptHandler              text29       01A6B
__end_of_TMR2_StartTimer                       text86       01A2C
__end_of_TMR2_StopTimer                        text81       01A32
__end_of_TMR4_DefaultInterruptHandler          text76       01001
__end_of_TMR4_ISR                              text75       01AE2
__end_of_TMR4_Initialize                       text26       01B91
__end_of_TMR4_SetInterruptHandler              text27       01A71
__end_of_TMR4_Wroking_Blink_AlarmLED_isr       text77       01C16
__end_of_TX_Command                            text21       01ACA
__end_of_TX_Whole_String                       text19       01D91
__end_of_Tolerance_Temp_const                  stringtext6  01840
__end_of_V_cc_const                            stringtext3  01838
__end_of_WDT_Initialize                        text25       01A39
__end_of_Zero_Detection_isr                    text85       01A2F
__end_of__Umul8_16                             text71       01C88
__end_of___awdiv                               text18       01FAF
__end_of___awmod                               text17       01E7A
__end_of___bmul                                text40       01B5C
__end_of___fladd                               text69       00AF4
__end_of___fldiv                               text72       01620
__end_of___fleq                                text16       01EC2
__end_of___flge                                text57       007F3
__end_of___flmul                               text70       00D0C
__end_of___flneg                               text15       01AB4
__end_of___flsub                               text68       01C69
__end_of___fltol                               text67       010E1
__end_of___fpclassifyf                         text14       01243
__end_of___xxtofl                              text60       012D8
__end_of__initialization                       cinit        00054
__end_of_efgtoa                                text5        00778
__end_of_floorf                                text13       00913
__end_of_fputc                                 text11       01F0E
__end_of_fputs                                 text10       01D12
__end_of_isupper                               text7        01BCD
__end_of_main                                  maintext     01071
__end_of_memcpy                                text42       01D65
__end_of_mtouch_button_init                    stringtext4  01820
__end_of_nanf                                  text56       01B3A
__end_of_pad                                   text9        01F5E
__end_of_putch                                 text12       00004
__end_of_sprintf                               text1        01DBD
__end_of_sqrtf                                 text55       01000
__end_of_strcpy                                text8        01020
__end_of_strlen                                text20       01BFD
__end_of_strncmp                               text4        02000
__end_of_tiny                                  stringtext1  01830
__end_of_tolower                               text6        01CCA
__end_of_vfpfcnvrt                             text3        01800
__end_of_vfprintf                              text2        00841
[...]
 Hardware stack levels required when called:    2
 This function calls:
		Absolute function
		_TMR2_DefaultInterruptHandler
		_TMR2_Int_isr
 This function is called by:
		_INTERRUPT_InterruptManager
 This function uses a non-reentrant model


 *************** function _TMR2_DefaultInterruptHandler *****************
 Defined at:
		line 136 in file "mcc_generated_files/tmr2.c"
 Parameters:    Size  Location     Type
		None
 Auto vars:     Size  Location     Type
		None
 Return value:  Size  Location     Type
                  1    wreg      void 
 Registers used:
		None
 Tracked objects:
		On entry : 
		On exit  : 
		Unchanged: 
 Data sizes:     COMMON   BANK0   BANK1   BANK2   BANK3   BANK4   BANK5   BANK6   BANK7   BANK8   BANK9  BANK10  BANK11  BANK12
      Params:         0       0       0       0       0       0       0       0       0       0       0       0       0       0
      Locals:         0       0       0       0       0       0       0       0       0       0       0       0       0       0
      Temps:          0       0       0       0       0       0       0       0       0       0       0       0       0       0
      Totals:         0       0       0       0       0       0       0       0       0       0       0       0       0       0
Total ram usage:        0 bytes
 Hardware stack levels used:    1
 This function calls:
		Nothing
 This function is called by:
		_TMR2_Initialize
		_TMR2_ISR
 This function uses a non-reentrant model


 *************** function _TMR2_Int_isr *****************
 Defined at:
		line 214 in file "main.c"
 Parameters:    Size  Location     Type
		None
 Auto vars:     Size  Location     Type
		None
 Return value:  Size  Location     Type
                  1    wreg      void 
 Registers used:
		wreg, status,2, status,0, pclath, cstack
 Tracked objects:
		On entry : 
		On exit  : 
		Unchanged: 
 Data sizes:     COMMON   BANK0   BANK1   BANK2   BANK3   BANK4   BANK5   BANK6   BANK7   BANK8   BANK9  BANK10  BANK11  BANK12
      Params:         0       0       0       0       0       0       0       0       0       0       0       0       0       0
      Locals:         0       0       0       0       0       0       0       0       0       0       0       0       0       0
      Temps:          0       0       0       0       0       0       0       0       0       0       0       0       0       0
      Totals:         0       0       0       0       0       0       0       0       0       0       0       0       0       0
Total ram usage:        0 bytes
 Hardware stack levels used:    1
 Hardware stack levels required when called:    1
 This function calls:
		_TMR2_StopTimer
 This function is called by:
		_main
		_TMR2_ISR
 This function uses a non-reentrant model


 *************** function _TMR2_StopTimer *****************
 Defined at:
		line 93 in file "mcc_generated_files/tmr2.c"
 Parameters:    Size  Location     Type
		None
 Auto vars:     Size  Location     Type
		None
 Return value:  Size  Location     Type
                  1    wreg      void 
 Registers used:
		None
 Tracked objects:
		On entry : 
		On exit  : 
		Unchanged: 
 Data sizes:     COMMON   BANK0   BANK1   BANK2   BANK3   BANK4   BANK5   BANK6   BANK7   BANK8   BANK9  BANK10  BANK11  BANK12
      Params:         0       0       0       0       0       0       0       0       0       0       0       0       0       0
      Locals:         0       0       0       0       0       0       0       0       0       0       0       0       0       0
      Temps:          0       0       0       0       0       0       0       0       0       0       0       0       0       0
      Totals:         0       0       0       0       0       0       0       0       0       0       0       0       0       0
Total ram usage:        0 bytes
 Hardware stack levels used:    1
 This function calls:
		Nothing
 This function is called by:
		_TMR2_Int_isr
 This function uses a non-reentrant model


 *************** function _PIN_MANAGER_IOC *****************
 Defined at:
		line 115 in file "mcc_generated_files/pin_manager.c"
 Parameters:    Size  Location     Type
		None
 Auto vars:     Size  Location     Type
		None
 Return value:  Size  Location     Type
                  1    wreg      void 
 Registers used:
		wreg, status,2, status,0, pclath, cstack
 Tracked objects:
		On entry : 
		On exit  : 
		Unchanged: 
 Data sizes:     COMMON   BANK0   BANK1   BANK2   BANK3   BANK4   BANK5   BANK6   BANK7   BANK8   BANK9  BANK10  BANK11  BANK12
      Params:         0       0       0       0       0       0       0       0       0       0       0       0       0       0
      Locals:         0       0       0       0       0       0       0       0       0       0       0       0       0       0
      Temps:          0       0       0       0       0       0       0       0       0       0       0       0       0       0
      Totals:         0       0       0       0       0       0       0       0       0       0       0       0       0       0
Total ram usage:        0 bytes
 Hardware stack levels used:    1
 Hardware stack levels required when called:    3
 This function calls:
		_IOCAF2_ISR
 This function is called by:
		_INTERRUPT_InterruptManager
 This function uses a non-reentrant model


 *************** function _IOCAF2_ISR *****************
 Defined at:
		line 127 in file "mcc_generated_files/pin_manager.c"
 Parameters:    Size  Location     Type
		None
 Auto vars:     Size  Location     Type
		None
 Return value:  Size  Location     Type
                  1    wreg      void 
 Registers used:
		wreg, status,2, status,0, pclath, cstack
 Tracked objects:
		On entry : 
		On exit  : 
		Unchanged: 
 Data sizes:     COMMON   BANK0   BANK1   BANK2   BANK3   BANK4   BANK5   BANK6   BANK7   BANK8   BANK9  BANK10  BANK11  BANK12
      Params:         0       0       0       0       0       0       0       0       0       0       0       0       0       0
      Locals:         0       0       0       0       0       0       0       0       0       0       0       0       0       0
      Temps:          0       0       0       0       0       0       0       0       0       0       0       0       0       0
      Totals:         0       0       0       0       0       0       0       0       0       0       0       0       0       0
Total ram usage:        0 bytes
 Hardware stack levels used:    1
 Hardware stack levels required when called:    2
 This function calls:
		Absolute function
		_IOCAF2_DefaultInterruptHandler
		_Zero_Detection_isr
 This function is called by:
		_PIN_MANAGER_IOC
 This function uses a non-reentrant model


 *************** function _IOCAF2_DefaultInterruptHandler *****************
 Defined at:
		line 149 in file "mcc_generated_files/pin_manager.c"
 Parameters:    Size  Location     Type
		None
 Auto vars:     Size  Location     Type
		None
 Return value:  Size  Location     Type
                  1    wreg      void 
 Registers used:
		None
 Tracked objects:
		On entry : 
		On exit  : 
		Unchanged: 
 Data sizes:     COMMON   BANK0   BANK1   BANK2   BANK3   BANK4   BANK5   BANK6   BANK7   BANK8   BANK9  BANK10  BANK11  BANK12
      Params:         0       0       0       0       0       0       0       0       0       0       0       0       0       0
      Locals:         0       0       0       0       0       0       0       0       0       0       0       0       0       0
      Temps:          0       0       0       0       0       0       0       0       0       0       0       0       0       0
      Totals:         0       0       0       0       0       0       0       0       0       0       0       0       0       0
Total ram usage:        0 bytes
 Hardware stack levels used:    1
 This function calls:
		Nothing
 This function is called by:
		_PIN_MANAGER_Initialize
		_IOCAF2_ISR
 This function uses a non-reentrant model


 *************** function _Zero_Detection_isr *****************
 Defined at:
		line 206 in file "main.c"
 Parameters:    Size  Location     Type
		None
 Auto vars:     Size  Location     Type
		None
 Return value:  Size  Location     Type
                  1    wreg      void 
 Registers used:
		status,2, status,0, pclath, cstack
 Tracked objects:
		On entry : 
		On exit  : 
		Unchanged: 
 Data sizes:     COMMON   BANK0   BANK1   BANK2   BANK3   BANK4   BANK5   BANK6   BANK7   BANK8   BANK9  BANK10  BANK11  BANK12
      Params:         0       0       0       0       0       0       0       0       0       0       0       0       0       0
      Locals:         0       0       0       0       0       0       0       0       0       0       0       0       0       0
      Temps:          0       0       0       0       0       0       0       0       0       0       0       0       0       0
      Totals:         0       0       0       0       0       0       0       0       0       0       0       0       0       0
Total ram usage:        0 bytes
 Hardware stack levels used:    1
 Hardware stack levels required when called:    1
 This function calls:
		_TMR2_StartTimer
 This function is called by:
		_main
		_IOCAF2_ISR
 This function uses a non-reentrant model


 *************** function _TMR2_StartTimer *****************
 Defined at:
		line 87 in file "mcc_generated_files/tmr2.c"
 Parameters:    Size  Location     Type
		None
 Auto vars:     Size  Location     Type
		None
 Return value:  Size  Location     Type
                  1    wreg      void 
 Registers used:
		None
 Tracked objects:
		On entry : 
		On exit  : 
		Unchanged: 
 Data sizes:     COMMON   BANK0   BANK1   BANK2   BANK3   BANK4   BANK5   BANK6   BANK7   BANK8   BANK9  BANK10  BANK11  BANK12
      Params:         0       0       0       0       0       0       0       0       0       0       0       0       0       0
      Locals:         0       0       0       0       0       0       0       0       0       0       0       0       0       0
      Temps:          0       0       0       0       0       0       0       0       0       0       0       0       0       0
      Totals:         0       0       0       0       0       0       0       0       0       0       0       0       0       0
Total ram usage:        0 bytes
 Hardware stack levels used:    1
 This function calls:
		Nothing
 This function is called by:
		_Zero_Detection_isr
 This function uses a non-reentrant model



MODULE INFORMATION

Module		Function		Class		Link	Load	Size
mcc_generated_files/mtouch/mtouch_button.c
		_MTOUCH_Button_Initialize		CODE           	1DBD	0000	54
		_MTOUCH_Button_InitializeAll		CODE           	1C16	0000	26

mcc_generated_files/mtouch/mtouch_button.c estimated size: 80

/opt/microchip/xc8/v2.31/pic/sources/c99/common/sprcdiv.c
		___fldiv       		CODE           	144F	0000	465

/opt/microchip/xc8/v2.31/pic/sources/c99/common/sprcdiv.c estimated size: 465

/opt/microchip/xc8/v2.31/pic/sources/c99/common/Umul8.c
		___bmul        		CODE           	1B4B	0000	17

/opt/microchip/xc8/v2.31/pic/sources/c99/common/Umul8.c estimated size: 17

/opt/microchip/xc8/v2.31/pic/sources/c99/common/doprnt.c
		_vfpfcnvrt     		CODE           	1620	0000	480
		_efgtoa        		CODE           	0058	0000	1824
		_pad           		CODE           	1F0E	0000	80
		_vfprintf      		CODE           	080A	0000	55

/opt/microchip/xc8/v2.31/pic/sources/c99/common/doprnt.c estimated size: 2439

/opt/microchip/xc8/v2.31/pic/sources/c99/common/nanf.c
		_nanf          		CODE           	1B29	0000	17

/opt/microchip/xc8/v2.31/pic/sources/c99/common/nanf.c estimated size: 17

mcc_generated_files/tmr4.c
		_TMR4_ISR      		CODE           	1AD6	0000	12
		_TMR4_Initialize		CODE           	1B7F	0000	18
		_TMR4_SetInterruptHandler		CODE           	1A6B	0000	6
		_TMR4_DefaultInterruptHandler		CODE           	1000	0000	1

mcc_generated_files/tmr4.c estimated size: 37

mcc_generated_files/tmr2.c
		_TMR2_ISR      		CODE           	1ACA	0000	12
		_TMR2_Initialize		CODE           	1B09	0000	16
		_TMR2_SetInterruptHandler		CODE           	1A65	0000	6
		_TMR2_StopTimer		CODE           	1A2F	0000	3
		_TMR2_DefaultInterruptHandler		CODE           	1A28	0000	1
		_TMR2_StartTimer		CODE           	1A29	0000	3

mcc_generated_files/tmr2.c estimated size: 41

mcc_generated_files/interrupt_manager.c
		_INTERRUPT_InterruptManager		CODE           	0004	0000	31

mcc_generated_files/interrupt_manager.c estimated size: 31

/opt/microchip/xc8/v2.31/pic/sources/c99/common/nf_fputc.c
		_fputc         		CODE           	1EC2	0000	76

/opt/microchip/xc8/v2.31/pic/sources/c99/common/nf_fputc.c estimated size: 76

/opt/microchip/xc8/v2.31/pic/sources/c99/common/fleq.c
		___fleq        		CODE           	1E7A	0000	72

/opt/microchip/xc8/v2.31/pic/sources/c99/common/fleq.c estimated size: 72

mcc_generated_files/mtouch/mtouch.c
		_MTOUCH_Initialize		CODE           	1AE2	0000	12

mcc_generated_files/mtouch/mtouch.c estimated size: 12

/opt/microchip/xc8/v2.31/pic/sources/c99/common/flneg.c
		___flneg       		CODE           	1AAB	0000	9

/opt/microchip/xc8/v2.31/pic/sources/c99/common/flneg.c estimated size: 9

/opt/microchip/xc8/v2.31/pic/sources/c99/common/memcpy.c
		_memcpy        		CODE           	1D3A	0000	43

/opt/microchip/xc8/v2.31/pic/sources/c99/common/memcpy.c estimated size: 43

mcc_generated_files/pin_manager.c
		_PIN_MANAGER_Initialize		CODE           	1D12	0000	40
		_IOCAF2_DefaultInterruptHandler		CODE           	1A27	0000	1
		_IOCAF2_ISR    		CODE           	1AEE	0000	13
		_PIN_MANAGER_IOC		CODE           	1A4D	0000	6
		_IOCAF2_SetInterruptHandler		CODE           	1A5F	0000	6

mcc_generated_files/pin_manager.c estimated size: 66

/opt/microchip/xc8/v2.31/pic/sources/c99/common/putch.c
		_putch         		CODE           	0003	0000	1

/opt/microchip/xc8/v2.31/pic/sources/c99/common/putch.c estimated size: 1

/opt/microchip/xc8/v2.31/pic/sources/c99/common/sprcadd.c
		___flsub       		CODE           	1C4C	0000	29
		___fladd       		CODE           	0913	0000	481

/opt/microchip/xc8/v2.31/pic/sources/c99/common/sprcadd.c estimated size: 510

mcc_generated_files/adc.c
		_ADC_Initialize		CODE           	1A7D	0000	7
		_ADC_IsConversionDone		CODE           	1A53	0000	6
		_ADC_GetConversionResult		CODE           	1A39	0000	5
		_ADC_StartConversion		CODE           	1A32	0000	3
		_ADC_SelectChannel		CODE           	07F3	0000	13

mcc_generated_files/adc.c estimated size: 34

/opt/microchip/xc8/v2.31/pic/sources/c99/common/nf_sprintf.c
		_sprintf       		CODE           	1D91	0000	44

/opt/microchip/xc8/v2.31/pic/sources/c99/common/nf_sprintf.c estimated size: 44

/opt/microchip/xc8/v2.31/pic/sources/c99/common/awmod.c
		___awmod       		CODE           	1E35	0000	69

/opt/microchip/xc8/v2.31/pic/sources/c99/common/awmod.c estimated size: 69

/opt/microchip/xc8/v2.31/pic/sources/c99/common/floorf.c
		_floorf        		CODE           	0841	0000	210

/opt/microchip/xc8/v2.31/pic/sources/c99/common/floorf.c estimated size: 210

/opt/microchip/xc8/v2.31/pic/sources/c99/common/__fpclassifyf.c
		___fpclassifyf 		CODE           	11CB	0000	120

/opt/microchip/xc8/v2.31/pic/sources/c99/common/__fpclassifyf.c estimated size: 120

shared
		_HalfCycleACDuration_const		STRCODE        	0000	0000	0
		_R_const       		STRCODE        	0000	0000	0
		_TMR2_Period_const		STRCODE        	0000	0000	0
		__initialization		CODE           	0025	0000	47
		_mtouch_button_init		STRCODE        	1800	0000	32
		_V_cc_const    		STRCODE        	0000	0000	0
		_tiny          		STRCODE        	0000	0000	0
		_Tolerance_Temp_const		STRCODE        	0000	0000	0

shared estimated size: 79

mcc_generated_files/mcc.c
		_WDT_Initialize		CODE           	1A35	0000	4
		_OSCILLATOR_Initialize		CODE           	1A84	0000	7
		_SYSTEM_Initialize		CODE           	1BCD	0000	24

mcc_generated_files/mcc.c estimated size: 35

/opt/microchip/xc8/v2.31/pic/sources/c99/common/xxtofl.c
		___xxtofl      		CODE           	1243	0000	149

/opt/microchip/xc8/v2.31/pic/sources/c99/common/xxtofl.c estimated size: 149

/opt/microchip/xc8/v2.31/pic/sources/c99/common/flge.c
		___flge        		CODE           	0778	0000	123

/opt/microchip/xc8/v2.31/pic/sources/c99/common/flge.c estimated size: 123

/opt/microchip/xc8/v2.31/pic/sources/c99/common/isupper.c
		_isupper       		CODE           	1BB6	0000	23

/opt/microchip/xc8/v2.31/pic/sources/c99/common/isupper.c estimated size: 23

/opt/microchip/xc8/v2.31/pic/sources/c99/common/nf_fputs.c
		_fputs         		CODE           	1CED	0000	37

/opt/microchip/xc8/v2.31/pic/sources/c99/common/nf_fputs.c estimated size: 37

/opt/microchip/xc8/v2.31/pic/sources/c99/common/strlen.c
		_strlen        		CODE           	1BE5	0000	24

/opt/microchip/xc8/v2.31/pic/sources/c99/common/strlen.c estimated size: 24

mcc_generated_files/eusart.c
		_EUSART_Write  		CODE           	1AA3	0000	8
		_EUSART_Initialize		CODE           	1C88	0000	33
		_EUSART_SetFramingErrorHandler		CODE           	1A59	0000	6
		_EUSART_SetErrorHandler		CODE           	1A3E	0000	5
		_EUSART_SetOverrunErrorHandler		CODE           	1A43	0000	5
		_EUSART_is_tx_ready		CODE           	1AB4	0000	11

mcc_generated_files/eusart.c estimated size: 68

/opt/microchip/xc8/v2.31/pic/sources/c99/common/strcpy.c
		_strcpy        		CODE           	1001	0000	31

/opt/microchip/xc8/v2.31/pic/sources/c99/common/strcpy.c estimated size: 31

/opt/microchip/xc8/v2.31/pic/sources/c99/common/Umul8_16.c
		__Umul8_16     		CODE           	1C69	0000	31

/opt/microchip/xc8/v2.31/pic/sources/c99/common/Umul8_16.c estimated size: 31

main.c
		_CalcRequiredDelayForTrigTRIAC		CODE           	12D8	0000	167
		_Read_PT100_Temp		CODE           	1156	0000	117
		_Measure_Temp_PT100_2Wire		CODE           	137F	0000	208
		_ChangeADCtoVoltage		CODE           	1DF3	0000	66
		_main          		CODE           	1020	0000	81
		_TX_Command    		CODE           	1ABF	0000	11
		_TX_Whole_String		CODE           	1D65	0000	44
		_Read_ADC_Num  		CODE           	1B3A	0000	17
		_TMR4_Wroking_Blink_AlarmLED_isr		CODE           	1BFD	0000	25
		_TMR2_Int_isr  		CODE           	1C30	0000	28
		_Zero_Detection_isr		CODE           	1A2C	0000	3
		_Init_Function 		CODE           	1CCA	0000	35
		_Measure_R_PT100_2Wire		CODE           	10E1	0000	117
		_StartStop_Fan 		CODE           	1A93	0000	8
		_StartStop_AlarmLED		CODE           	0800	0000	10
		_StartStop_Buzzer		CODE           	1A8B	0000	8

main.c estimated size: 945

/opt/microchip/xc8/v2.31/pic/sources/c99/common/sqrtf.c
		_sqrtf         		CODE           	0D0C	0000	756

/opt/microchip/xc8/v2.31/pic/sources/c99/common/sqrtf.c estimated size: 756

/opt/microchip/xc8/v2.31/pic/sources/c99/common/awdiv.c
		___awdiv       		CODE           	1F5E	0000	81

/opt/microchip/xc8/v2.31/pic/sources/c99/common/awdiv.c estimated size: 81

mcc_generated_files/mtouch/mtouch_sensor.c
		_MTOUCH_Sensor_Initialize		CODE           	1B5C	0000	17
		_Sensor_Sampled_Reset		CODE           	1A9B	0000	8
		_MTOUCH_Sensor_InitializeAll		CODE           	1AFB	0000	14
		_MTOUCH_Sensor_Calibrate		CODE           	0002	0000	1
		_MTOUCH_Sensor_Sampled_ResetAll		CODE           	1BA3	0000	19
		_MTOUCH_Sensor_Enable		CODE           	1B6D	0000	18
		_MTOUCH_Sensor_Scan_Initialize		CODE           	1A48	0000	5

mcc_generated_files/mtouch/mtouch_sensor.c estimated size: 82

/opt/microchip/xc8/v2.31/pic/sources/c99/common/fltol.c
		___fltol       		CODE           	1071	0000	112

/opt/microchip/xc8/v2.31/pic/sources/c99/common/fltol.c estimated size: 112

/opt/microchip/xc8/v2.31/pic/sources/c99/common/strncmp.c
		_strncmp       		CODE           	1FAF	0000	81

/opt/microchip/xc8/v2.31/pic/sources/c99/common/strncmp.c estimated size: 81

/opt/microchip/xc8/v2.31/pic/sources/c99/common/tolower.c
		_tolower       		CODE           	1CA9	0000	33

/opt/microchip/xc8/v2.31/pic/sources/c99/common/tolower.c estimated size: 33

/opt/microchip/xc8/v2.31/pic/sources/c99/common/sprcmul.c
		___flmul       		CODE           	0AF4	0000	536

/opt/microchip/xc8/v2.31/pic/sources/c99/common/sprcmul.c estimated size: 536

