Microchip MPLAB XC8 Compiler V2.31

Linker command line:

-W-3 --edf=/opt/microchip/xc8/v2.31/pic/dat/en_msgs.txt -cn \
  -h+dist/default/production/reflow_oven_v2.X.production.sym \
  --cmf=dist/default/production/reflow_oven_v2.X.production.cmf -z \
  -Q16F1829 -o/tmp/xcXBiIjdc --defsym=__MPLAB_BUILD=1 \
  -Mdist/default/production/reflow_oven_v2.X.production.map -E1 \
  -ver=XC8 Compiler --acfsm=1493 -ASTACK=020C0h-023EFh -pstack=STACK \
  -ACODE=00h-07FFhx4 -ASTRCODE=00h-01FFFh -ASTRING=00h-0FFhx32 \
  -ACONST=00h-0FFhx32 -AENTRY=00h-0FFhx32 -ACOMMON=070h-07Fh \
  -ABANK0=020h-06Fh -ABANK1=0A0h-0EFh -ABANK2=0120h-016Fh \
  -ABANK3=01A0h-01EFh -ABANK4=0220h-026Fh -ABANK5=02A0h-02EFh \
  -ABANK6=0320h-036Fh -ABANK7=03A0h-03EFh -ABANK8=0420h-046Fh \
  -ABANK9=04A0h-04EFh -ABANK10=0520h-056Fh -ABANK11=05A0h-05EFh \
  -ABANK12=0620h-064Fh -ABIGRAM=02000h-023EFh \
  -ARAM=020h-06Fh,0A0h-0EFh,0120h-016Fh,01A0h-01EFh,0220h-026Fh,02A0h-02EFh,0320h-036Fh,03A0h-03EFh,0420h-046Fh,04A0h-04EFh,0520h-056Fh,05A0h-05EFh,0620h-064Fh \
  -AABS1=020h-07Fh,0A0h-0EFh,0120h-016Fh,01A0h-01EFh,0220h-026Fh,02A0h-02EFh,0320h-036Fh,03A0h-03EFh,0420h-046Fh,04A0h-04EFh,0520h-056Fh,05A0h-05EFh,0620h-064Fh \
  -ASFR0=00h-01Fh -ASFR1=080h-09Fh -ASFR2=0100h-011Fh -ASFR3=0180h-019Fh \
  -ASFR4=0200h-021Fh -ASFR5=0280h-029Fh -ASFR6=0300h-031Fh \
  -ASFR7=0380h-039Fh -ASFR8=0400h-041Fh -ASFR9=0480h-049Fh \
  -ASFR10=0500h-051Fh -ASFR11=0580h-059Fh -ASFR12=0600h-061Fh \
  -ASFR13=0680h-06EFh -ASFR14=0700h-076Fh -ASFR15=0780h-07EFh \
  -ASFR16=0800h-086Fh -ASFR17=0880h-08EFh -ASFR18=0900h-096Fh \
  -ASFR19=0980h-09EFh -ASFR20=0A00h-0A6Fh -ASFR21=0A80h-0AEFh \
  -ASFR22=0B00h-0B6Fh -ASFR23=0B80h-0BEFh -ASFR24=0C00h-0C6Fh \
  -ASFR25=0C80h-0CEFh -ASFR26=0D00h-0D6Fh -ASFR27=0D80h-0DEFh \
  -ASFR28=0E00h-0E6Fh -ASFR29=0E80h-0EEFh -ASFR30=0F00h-0F6Fh \
  -ASFR31=0F80h-0FEFh -ACONFIG=08007h-08008h -DCONFIG=2 \
  -AIDLOC=08000h-08003h -DIDLOC=2 -AEEDATA=00h-0FFh/0F000h \
  -peeprom_data=EEDATA -DEEDATA=2 -DCODE=2 -DSTRCODE=2 -DSTRING=2 -DCONST=2 \
  -DENTRY=2 -preset_vec=00h,intentry=04h,init,end_init -ppowerup=CODE \
  -pcinit=CODE -pfunctab=ENTRY -k /tmp/xcXcmLFmB.o \
  dist/default/production/reflow_oven_v2.X.production.o 

Object code version is 3.11

Machine type is 16F1829



                Name                               Link     Load   Length Selector   Space Scale
/tmp/xcXcmLFmB.o
                end_init                             19       19        2        8       0
                reset_vec                             0        0        2        0       0
                config                             8007     8007        2        0       4
                idloc                              8000     8000        4        0       5
dist/default/production/reflow_oven_v2.X.production.o
                cinit                                1B       1B       27        8       0
                intentry                              4        4       15        8       0
                config                             8007     8007        2        0       4
                idloc                              8000     8000        4        0       5
                text82                              895      895        1     112A       0
                text81                              93A      93A        D     1274       0
                text80                              8B7      8B7        6     116E       0
                text79                              896      896        1     112C       0
                text78                              922      922        C     1244       0
                text76                              947      947        D     128E       0
                text75                              442      442      179        8       0
                text74                              B01      B01       1F     1602       0
                text73                               42       42      218        8       0
                text72                              25A      25A      1E8        8       0
                text71                              AE3      AE3       1E     15C6       0
                text70                              F9B      F9B       65     1F36       0
                text69                              773      773       7A        8       0
                text68                              90E      90E        A     121C       0
                text67                              8FE      8FE        8     11FC       0
                text66                              906      906        8     120C       0
                text65                              C05      C05       24     180A       0
                text64                              8DB      8DB        7     11B6       0
                text63                              8A3      8A3        5     1146       0
                text62                              8BD      8BD        6     117A       0
                text61                              8A8      8A8        5     1150       0
                text60                              B20      B20       20     1640       0
                text59                              897      897        1     112E       0
                text58                              CD0      CD0       36     19A0       0
                text57                              C78      C78       2B     18F0       0
                text56                              AAE      AAE       1A     155C       0
                text55                              9BB      9BB       11     1376       0
                text54                              9CC      9CC       11     1398       0
                text53                              8E2      8E2        7     11C4       0
                text52                              9DD      9DD       11     13BA       0
                text51                              96E      96E        E     12DC       0
                text50                              7ED      7ED       13        8       0
                text49                              8AD      8AD        5     115A       0
                text48                              92E      92E        C     125C       0
                text47                              8C3      8C3        6     1186       0
                text46                              8C9      8C9        6     1192       0
                text45                              C50      C50       28     18A0       0
                text44                              8B2      8B2        5     1164       0
                text43                              98B      98B       10     1316       0
                text42                              89F      89F        4     113E       0
                text41                              A27      A27       15     144E       0
                text40                              AC8      AC8       1B     1590       0
                text39                              6E9      6E9       8A        8       0
                text38                              A67      A67       17     14CE       0
                text37                              D43      D43       4D     1A86       0
                text36                              954      954        D     12A8       0
                text35                              CA3      CA3       2D     1946       0
                text34                              65A      65A       8F        8       0
                text33                              898      898        1     1130       0
                text32                              EDB      EDB       5F     1DB6       0
                text31                              F3A      F3A       61     1E74       0
                text30                              5BB      5BB       9F        8       0
                text29                              89A      89A        2     1134       0
                text28                              9FF      9FF       14     13FE       0
                text27                              DDD      DDD       52     1BBA       0
                text26                              97C      97C        F     12F8       0
                text25                              918      918        A     1230       0
                text24                              99B      99B       10     1336       0
                text23                              B40      B40       20     1680       0
                text22                              B60      B60       20     16C0       0
                text21                              B80      B80       20     1700       0
                text20                              BA0      BA0       20     1740       0
                text19                              E82      E82       59     1D04       0
                text18                              9EE      9EE       11     13DC       0
                text17                              E2F      E2F       53     1C5E       0
                text16                              961      961        D     12C2       0
                text15                              8E9      8E9        7     11D2       0
                text14                              8F0      8F0        7     11E0       0
                text13                              A7E      A7E       17     14FC       0
                text12                              D06      D06       3D     1A0C       0
                text11                              899      899        1     1132       0
                text10                              A95      A95       19     152A       0
                text9                               8F7      8F7        7     11EE       0
                text8                               D90      D90       4D     1B20       0
                text7                               A13      A13       14     1426       0
                text6                               C29      C29       27     1852       0
                text5                               A51      A51       16     14A2       0
                text4                               89C      89C        3     1138       0
                text3                                 2        2        2        0       0
                text2                               BE2      BE2       23     17C4       0
                text1                               A3C      A3C       15     1478       0
                maintext                            9AB      9AB       10     1356       0
                cstackBANK0                          20       20       44       20       1
                cstackCOMMON                         70       70        E       70       1
                clrtext                             8CF      8CF        6     119E       0
                inittext                            8D5      8D5        6     11AA       0
                bssBANK2                            120      120       20      120       1
                dataBANK1                            A0       A0       22       A0       1
                bssBANK1                             C2       C2       1F       A0       1
                bssBANK0                             64       64        8       20       1
                stringtext8                        1038     1038        1     2000       0
                nvBANK1                              E1       E1        A       A0       1
                stringtext7                        1034     1034        4     2000       0
                stringtext6                        1030     1030        4     2000       0
                stringtext5                        102C     102C        4     2000       0
                stringtext4                        1000     1000       20     2000       0
                stringtext3                        1028     1028        4     2000       0
                stringtext2                        1024     1024        4     2000       0
                stringtext1                        1020     1020        4     2000       0
                idataBANK1                          BC0      BC0       22     1780       0

TOTAL           Name                               Link     Load   Length     Space
        CLASS   STACK          

        CLASS   CODE           
                end_init                             19       19        2         0
                cinit                                1B       1B       27         0
                intentry                              4        4       15         0
                reset_vec                             0        0        2         0
                text82                              895      895        1         0
                text81                              93A      93A        D         0
                text80                              8B7      8B7        6         0
                text79                              896      896        1         0
                text78                              922      922        C         0
                text76                              947      947        D         0
                text75                              442      442      179         0
                text74                              B01      B01       1F         0
                text73                               42       42      218         0
                text72                              25A      25A      1E8         0
                text71                              AE3      AE3       1E         0
                text70                              F9B      F9B       65         0
                text69                              773      773       7A         0
                text68                              90E      90E        A         0
                text67                              8FE      8FE        8         0
                text66                              906      906        8         0
                text65                              C05      C05       24         0
                text64                              8DB      8DB        7         0
                text63                              8A3      8A3        5         0
                text62                              8BD      8BD        6         0
                text61                              8A8      8A8        5         0
                text60                              B20      B20       20         0
                text59                              897      897        1         0
                text58                              CD0      CD0       36         0
                text57                              C78      C78       2B         0
                text56                              AAE      AAE       1A         0
                text55                              9BB      9BB       11         0
                text54                              9CC      9CC       11         0
                text53                              8E2      8E2        7         0
                text52                              9DD      9DD       11         0
                text51                              96E      96E        E         0
                text50                              7ED      7ED       13         0
                text49                              8AD      8AD        5         0
                text48                              92E      92E        C         0
                text47                              8C3      8C3        6         0
                text46                              8C9      8C9        6         0
                text45                              C50      C50       28         0
                text44                              8B2      8B2        5         0
                text43                              98B      98B       10         0
                text42                              89F      89F        4         0
                text41                              A27      A27       15         0
                text40                              AC8      AC8       1B         0
                text39                              6E9      6E9       8A         0
                text38                              A67      A67       17         0
                text37                              D43      D43       4D         0
                text36                              954      954        D         0
                text35                              CA3      CA3       2D         0
                text34                              65A      65A       8F         0
                text33                              898      898        1         0
                text32                              EDB      EDB       5F         0
                text31                              F3A      F3A       61         0
                text30                              5BB      5BB       9F         0
                text29                              89A      89A        2         0
                text28                              9FF      9FF       14         0
                text27                              DDD      DDD       52         0
                text26                              97C      97C        F         0
                text25                              918      918        A         0
                text24                              99B      99B       10         0
                text23                              B40      B40       20         0
                text22                              B60      B60       20         0
                text21                              B80      B80       20         0
                text20                              BA0      BA0       20         0
                text19                              E82      E82       59         0
                text18                              9EE      9EE       11         0
                text17                              E2F      E2F       53         0
                text16                              961      961        D         0
                text15                              8E9      8E9        7         0
                text14                              8F0      8F0        7         0
                text13                              A7E      A7E       17         0
                text12                              D06      D06       3D         0
                text11                              899      899        1         0
                text10                              A95      A95       19         0
                text9                               8F7      8F7        7         0
                text8                               D90      D90       4D         0
                text7                               A13      A13       14         0
                text6                               C29      C29       27         0
                text5                               A51      A51       16         0
                text4                               89C      89C        3         0
                text3                                 2        2        2         0
                text2                               BE2      BE2       23         0
                text1                               A3C      A3C       15         0
                maintext                            9AB      9AB       10         0
                clrtext                             8CF      8CF        6         0
                inittext                            8D5      8D5        6         0
                idataBANK1                          BC0      BC0       22         0

        CLASS   STRCODE        
                stringtext8                        1038     1038        1         0
                stringtext7                        1034     1034        4         0
                stringtext6                        1030     1030        4         0
                stringtext5                        102C     102C        4         0
                stringtext4                        1000     1000       20         0
                stringtext3                        1028     1028        4         0
                stringtext2                        1024     1024        4         0
                stringtext1                        1020     1020        4         0

        CLASS   STRING         

        CLASS   CONST          

        CLASS   ENTRY          

        CLASS   COMMON         
                cstackCOMMON                         70       70        E         1

        CLASS   BANK0          
                cstackBANK0                          20       20       44         1
                bssBANK0                             64       64        8         1

        CLASS   BANK1          
                dataBANK1                            A0       A0       22         1
                bssBANK1                             C2       C2       1F         1
                nvBANK1                              E1       E1        A         1

        CLASS   BANK2          
                bssBANK2                            120      120       20         1

        CLASS   BANK3          

        CLASS   BANK4          

        CLASS   BANK5          

        CLASS   BANK6          

        CLASS   BANK7          

        CLASS   BANK8          

        CLASS   BANK9          

        CLASS   BANK10         

        CLASS   BANK11         

        CLASS   BANK12         

        CLASS   BIGRAM         

        CLASS   RAM            

        CLASS   ABS1           
                abs_s1                               7E       7E        2         1

        CLASS   SFR0           

        CLASS   SFR1           

        CLASS   SFR2           

        CLASS   SFR3           

        CLASS   SFR4           

        CLASS   SFR5           

        CLASS   SFR6           

        CLASS   SFR7           

        CLASS   SFR8           

        CLASS   SFR9           

        CLASS   SFR10          

        CLASS   SFR11          

        CLASS   SFR12          

        CLASS   SFR13          

        CLASS   SFR14          

        CLASS   SFR15          

        CLASS   SFR16          

        CLASS   SFR17          

        CLASS   SFR18          

        CLASS   SFR19          

        CLASS   SFR20          

        CLASS   SFR21          

        CLASS   SFR22          

        CLASS   SFR23          

        CLASS   SFR24          

        CLASS   SFR25          

        CLASS   SFR26          

        CLASS   SFR27          

        CLASS   SFR28          

        CLASS   SFR29          

        CLASS   SFR30          

        CLASS   SFR31          

        CLASS   CONFIG         
                config                             8007     8007        2         4

        CLASS   IDLOC          
                idloc                              8000     8000        4         5

        CLASS   EEDATA         

        CLASS   BANK31         

        CLASS   BANK30         

        CLASS   BANK29         

        CLASS   BANK28         

        CLASS   BANK27         

        CLASS   BANK26         

        CLASS   BANK25         

        CLASS   BANK24         

        CLASS   BANK23         

        CLASS   BANK22         

        CLASS   BANK21         

        CLASS   BANK20         

        CLASS   BANK19         

        CLASS   BANK18         

        CLASS   BANK17         

        CLASS   BANK16         

        CLASS   BANK15         

        CLASS   BANK14         

        CLASS   BANK13         



SEGMENTS        Name                           Load    Length   Top    Selector   Space  Class     Delta

                text41                         000A27  000015  000A3C      144E       0  CODE        2
                text1                          000A3C  000015  000A51      1478       0  CODE        2
                text28                         0009FF  000014  000A13      13FE       0  CODE        2
                text7                          000A13  000014  000A27      1426       0  CODE        2
                text13                         000A7E  000017  000A95      14FC       0  CODE        2
                text10                         000A95  000019  000AAE      152A       0  CODE        2
                text5                          000A51  000016  000A67      14A2       0  CODE        2
                text38                         000A67  000017  000A7E      14CE       0  CODE        2
                text18                         0009EE  000011  0009FF      13DC       0  CODE        2
                text43                         00098B  000010  00099B      1316       0  CODE        2
                text24                         00099B  000010  0009AB      1336       0  CODE        2
                text51                         00096E  00000E  00097C      12DC       0  CODE        2
                text26                         00097C  00000F  00098B      12F8       0  CODE        2
                text54                         0009CC  000011  0009DD      1398       0  CODE        2
                text52                         0009DD  000011  0009EE      13BA       0  CODE        2
                maintext                       0009AB  000010  0009BB      1356       0  CODE        2
                text55                         0009BB  000011  0009CC      1376       0  CODE        2
                text2                          000BE2  000023  000C05      17C4       0  CODE        2
                text65                         000C05  000024  000C29      180A       0  CODE        2
                stringtext4                    001000  000039  001039      2000       0  STRCODE     2
                idataBANK1                     000BC0  000022  000BE2      1780       0  CODE        2
                text57                         000C78  00002B  000CA3      18F0       0  CODE        2
                text35                         000CA3  00002D  000CD0      1946       0  CODE        2
                text6                          000C29  000027  000C50      1852       0  CODE        2
                text45                         000C50  000028  000C78      18A0       0  CODE        2
                text20                         000BA0  000020  000BC0      1740       0  CODE        2
                text71                         000AE3  00001E  000B01      15C6       0  CODE        2
                text74                         000B01  00001F  000B20      1602       0  CODE        2
                text56                         000AAE  00001A  000AC8      155C       0  CODE        2
                text40                         000AC8  00001B  000AE3      1590       0  CODE        2
                text22                         000B60  000020  000B80      16C0       0  CODE        2
                text21                         000B80  000020  000BA0      1700       0  CODE        2
                text60                         000B20  000020  000B40      1640       0  CODE        2
                text23                         000B40  000020  000B60      1680       0  CODE        2
                text49                         0008AD  000005  0008B2      115A       0  CODE        2
                text44                         0008B2  000005  0008B7      1164       0  CODE        2
                text63                         0008A3  000005  0008A8      1146       0  CODE        2
                text61                         0008A8  000005  0008AD      1150       0  CODE        2
                text47                         0008C3  000006  0008C9      1186       0  CODE        2
                text46                         0008C9  000006  0008CF      1192       0  CODE        2
                text80                         0008B7  000006  0008BD      116E       0  CODE        2
                text62                         0008BD  000006  0008C3      117A       0  CODE        2
                text42                         00089F  000004  0008A3      113E       0  CODE        2
                text79                         000896  000001  000897      112C       0  CODE        2
                text59                         000897  000001  000898      112E       0  CODE        2
                text82                         000895  000001  000896      112A       0  CODE        2
                text29                         00089A  000002  00089C      1134       0  CODE        2
                text4                          00089C  000003  00089F      1138       0  CODE        2
                text33                         000898  000001  000899      1130       0  CODE        2
                text11                         000899  000001  00089A      1132       0  CODE        2
                text78                         000922  00000C  00092E      1244       0  CODE        2
                text48                         00092E  00000C  00093A      125C       0  CODE        2
                text68                         00090E  00000A  000918      121C       0  CODE        2
                text25                         000918  00000A  000922      1230       0  CODE        2
                text36                         000954  00000D  000961      12A8       0  CODE        2
                text16                         000961  00000D  00096E      12C2       0  CODE        2
                text81                         00093A  00000D  000947      1274       0  CODE        2
                text76                         000947  00000D  000954      128E       0  CODE        2
                text66                         000906  000008  00090E      120C       0  CODE        2
                text64                         0008DB  000007  0008E2      11B6       0  CODE        2
                text53                         0008E2  000007  0008E9      11C4       0  CODE        2
                clrtext                        0008CF  000006  0008D5      119E       0  CODE        2
                inittext                       0008D5  000006  0008DB      11AA       0  CODE        2
                text9                          0008F7  000007  0008FE      11EE       0  CODE        2
                text67                         0008FE  000008  000906      11FC       0  CODE        2
                text15                         0008E9  000007  0008F0      11D2       0  CODE        2
                text14                         0008F0  000007  0008F7      11E0       0  CODE        2
                text58                         000CD0  000036  000D06      19A0       0  CODE        2
                cstackBANK0                    000020  00004C  00006C        20       1  BANK0       1
                reset_vec                      000000  000004  000004         0       0  CODE        2
                bssBANK2                       000120  000020  000140       120       1  BANK2       1
                dataBANK1                      0000A0  00004B  0000EB        A0       1  BANK1       1
                intentry                       000004  0007FC  000800         8       0  CODE        2
                cstackCOMMON                   000070  00000E  00007E        70       1  COMMON      1
                text19                         000E82  000059  000EDB      1D04       0  CODE        2
                text32                         000EDB  00005F  000F3A      1DB6       0  CODE        2
                text31                         000F3A  000061  000F9B      1E74       0  CODE        2
                text17                         000E2F  000053  000E82      1C5E       0  CODE        2
                text27                         000DDD  000052  000E2F      1BBA       0  CODE        2
                text70                         000F9B  000065  001000      1F36       0  CODE        2
                text8                          000D90  00004D  000DDD      1B20       0  CODE        2
                text37                         000D43  00004D  000D90      1A86       0  CODE        2
                text12                         000D06  00003D  000D43      1A0C       0  CODE        2


UNUSED ADDRESS RANGES

        Name                Unused          Largest block    Delta
        BANK0            0006C-0006F               4           1
        BANK1            000EB-000EF               5           1
        BANK10           00520-0056F              50           1
        BANK11           005A0-005EF              50           1
        BANK12           00620-0064F              30           1
        BANK2            00140-0016F              30           1
        BANK3            001A0-001EF              50           1
        BANK4            00220-0026F              50           1
        BANK5            002A0-002EF              50           1
        BANK6            00320-0036F              50           1
        BANK7            003A0-003EF              50           1
        BANK8            00420-0046F              50           1
        BANK9            004A0-004EF              50           1
        BIGRAM           02000-023EF             3F0           1
        CODE             00800-00894              95           2
                         01039-01FFF             7C7
        CONST            00800-00894              95           2
                         01039-01FFF             100
        EEDATA           0F000-0F0FF             100           2
        ENTRY            00800-00894              95           2
                         01039-01FFF             100
        RAM              0006C-0006F               4           1
                         000EB-000EF               5
                         00140-0016F              30
                         001A0-001EF              50
                         00220-0026F              50
                         002A0-002EF              50
                         00320-0036F              50
                         003A0-003EF              50
                         00420-0046F              50
                         004A0-004EF              50
                         00520-0056F              50
                         005A0-005EF              50
                         00620-0064F              30
        SFR0             00000-0001F              20           1
        SFR1             00080-0009F              20           1
        SFR10            00500-0051F              20           1
        SFR11            00580-0059F              20           1
        SFR12            00600-0061F              20           1
        SFR13            00680-006EF              70           1
        SFR14            00700-0076F              70           1
        SFR15            00780-007EF              70           1
        SFR16            00800-0086F              70           1
        SFR17            00880-008EF              70           1
        SFR18            00900-0096F              70           1
        SFR19            00980-009EF              70           1
        SFR2             00100-0011F              20           1
        SFR20            00A00-00A6F              70           1
        SFR21            00A80-00AEF              70           1
        SFR22            00B00-00B6F              70           1
        SFR23            00B80-00BEF              70           1
        SFR24            00C00-00C6F              70           1
        SFR25            00C80-00CEF              70           1
        SFR26            00D00-00D6F              70           1
        SFR27            00D80-00DEF              70           1
        SFR28            00E00-00E6F              70           1
        SFR29            00E80-00EEF              70           1
        SFR3             00180-0019F              20           1
        SFR30            00F00-00F6F              70           1
        SFR31            00F80-00FEF              70           1
        SFR4             00200-0021F              20           1
        SFR5             00280-0029F              20           1
        SFR6             00300-0031F              20           1
        SFR7             00380-0039F              20           1
        SFR8             00400-0041F              20           1
        SFR9             00480-0049F              20           1
        STACK            020C0-023EF             330           1
        STRCODE          00800-00894              95           2
                         01039-01FFF             FC7
        STRING           00800-00894              95           2
                         01039-01FFF             100

                                  Symbol Table

?_CalcRequiredDelayForTrigTRIAC                cstackBANK0  0005A
?_MTOUCH_Sensor_RawSample_Get                  cstackCOMMON 00074
?__Umul8_16                                    cstackCOMMON 00070
?___fladd                                      cstackCOMMON 00070
?___fldiv                                      cstackBANK0  00035
?___flmul                                      cstackBANK0  00020
?___flsub                                      cstackBANK0  0004F
?___fltol                                      cstackBANK0  0004F
?_abs                                          cstackCOMMON 00070
ADC_SelectChannel@channel                      cstackCOMMON 00071
Button_Baseline_Initialize@button              cstackCOMMON 0007C
Button_Baseline_Update@button                  cstackCOMMON 00076
Button_DefaultCallback@button                  cstackCOMMON 00070
Button_Deviation_Update@button                 cstackBANK0  00020
Button_Deviation_Update@deviation              cstackBANK0  00021
Button_Reading_Update@button                   cstackCOMMON 0007B
Button_Reading_Update_Helper@button            cstackCOMMON 0007A
Button_Service@button                          cstackBANK0  00028
Button_Service@name                            cstackBANK0  00027
Button_State_Initializing@button               cstackCOMMON 0007D
Button_State_NotPressed@button                 cstackCOMMON 0007D
Button_State_Pressed@button                    cstackCOMMON 0007D
Button_Tick_helper@button                      cstackCOMMON 00072
CalcRequiredDelayForTrigTRIAC@delay            cstackBANK0  0005E
CalcRequiredDelayForTrigTRIAC@dim_percentage   cstackBANK0  0005A
CalcRequiredDelayForTrigTRIAC@ret              cstackBANK0  00062
EUSART_SetErrorHandler@interruptHandler        cstackCOMMON 00070
EUSART_SetFramingErrorHandler@interruptHandler cstackCOMMON 00070
EUSART_SetOverrunErrorHandler@interruptHandler cstackCOMMON 00070
IOCAF2_SetInterruptHandler@InterruptHandler    cstackCOMMON 00070
MTOUCH_Button_Initialize@button                cstackCOMMON 00073
MTOUCH_Button_Initialize@name                  cstackCOMMON 00072
MTOUCH_Button_InitializeAll@button             cstackCOMMON 0007B
MTOUCH_Button_ServiceAll@button                cstackBANK0  0002A
MTOUCH_Button_Tick@i                           cstackCOMMON 00074
MTOUCH_Button_isPressed@name                   cstackCOMMON 00071
MTOUCH_Delay@i                                 cstackCOMMON 00071
MTOUCH_Random@seed                             bssBANK0     0006B
MTOUCH_Sensor_Enable@sensor                    cstackCOMMON 00075
MTOUCH_Sensor_Initialize@sensor                cstackCOMMON 00077
MTOUCH_Sensor_InitializeAll@sensor             cstackCOMMON 00079
MTOUCH_Sensor_RawSample_Get@name               cstackCOMMON 00077
MTOUCH_Sensor_SampleAll@sensor                 cstackBANK0  00029
MTOUCH_Sensor_Sampled_ResetAll@sensor          cstackCOMMON 00072
MTOUCH_Sensor_wasSampled@sensor                cstackCOMMON 00075
Sensor_Acq_ExecutePacket@ADCON0_temp           cstackCOMMON 00079
Sensor_Acq_ExecutePacket@ADCON1_temp           cstackCOMMON 0007A
Sensor_Acq_ExecutePacket@GIE_state             cstackCOMMON 0007B
Sensor_Acq_ExecutePacket@error                 cstackCOMMON 0007C
Sensor_Acq_ExecutePacket@sensor                cstackCOMMON 0007D
Sensor_Acq_ExecuteScan@result                  cstackCOMMON 00076
Sensor_Acquisition@retry                       cstackBANK0  00021
Sensor_Acquisition@sensor                      cstackBANK0  00022
Sensor_DefaultCallback@sensor                  cstackCOMMON 00070
Sensor_RawSample_Update@sensor                 cstackCOMMON 00070
Sensor_Sampled_Reset@sensor                    cstackCOMMON 00070
Sensor_Service@error                           cstackBANK0  00026
Sensor_Service@name                            cstackBANK0  00025
Sensor_Service@sensor                          cstackBANK0  00027
Sensor_isEnabled@sensor                        cstackCOMMON 00070
Sensor_setActive@sensor                        cstackCOMMON 00070
Sensor_setInactive@sensor                      cstackCOMMON 00070
Sensor_setSampled@sensor                       cstackCOMMON 00070
Sensor_setScanFunction@sensor                  cstackCOMMON 00070
StartStop_AlarmLED@OnOff                       cstackCOMMON 00070
StartStop_Buzzer@OnOff                         cstackCOMMON 00070
StartStop_Fan@OnOff                            cstackCOMMON 00070
TMR2_SetInterruptHandler@InterruptHandler      cstackCOMMON 00070
_ADCON0                                        (abs)        0009D
_ADCON0bits                                    (abs)        0009D
_ADCON1                                        (abs)        0009E
_ADC_Initialize                                text64       008DB
_ADC_SelectChannel                             text76       00947
_ADRES                                         (abs)        0009B
_ADRESH                                        (abs)        0009C
_ADRESL                                        (abs)        0009B
_ANSELA                                        (abs)        0018C
_ANSELB                                        (abs)        0018D
_ANSELC                                        (abs)        0018E
_APFCON0                                       (abs)        0011D
_APFCON1                                       (abs)        0011E
_BAUDCON                                       (abs)        0019F
_BORCON                                        (abs)        00116
_Button_Baseline_Initialize                    text35       00CA3
_Button_Baseline_Update                        text34       0065A
_Button_DefaultCallback                        text33       00898
_Button_Deviation_Update                       text39       006E9
_Button_Reading_Update                         text36       00954
_Button_Reading_Update_Helper                  text37       00D43
_Button_Service                                text27       00DDD
_Button_StateMachine                           dataBANK1    000A0
_Button_State_Initializing                     text31       00F3A
_Button_State_NotPressed                       text30       005BB
_Button_State_Pressed                          text32       00EDB
_Button_Tick_helper                            text6        00C29
_CalcRequiredDelayForTrigTRIAC                 text69       00773
_EUSART_DefaultErrorHandler                    (abs)        00000
_EUSART_DefaultFramingErrorHandler             (abs)        00000
_EUSART_DefaultOverrunErrorHandler             (abs)        00000
_EUSART_ErrorHandler                           nvBANK1      000E3
_EUSART_FramingErrorHandler                    nvBANK1      000E7
_EUSART_Initialize                             text60       00B20
_EUSART_OverrunErrorHandler                    nvBANK1      000E5
_EUSART_SetErrorHandler                        text63       008A3
_EUSART_SetFramingErrorHandler                 text62       008BD
_EUSART_SetOverrunErrorHandler                 text61       008A8
_GIE                                           (abs)        0005F
_INTCONbits                                    (abs)        0000B
_INTERRUPT_InterruptManager                    intentry     00004
_IOCAF2_DefaultInterruptHandler                text82       00895
_IOCAF2_ISR                                    text81       0093A
_IOCAF2_InterruptHandler                       nvBANK1      000E9
_IOCAF2_SetInterruptHandler                    text46       008C9
_IOCAFbits                                     (abs)        00393
_IOCANbits                                     (abs)        00392
_IOCAPbits                                     (abs)        00391
_Init_Function                                 text65       00C05
_LATA                                          (abs)        0010C
_LATB                                          (abs)        0010D
_LATC                                          (abs)        0010E
_LATCbits                                      (abs)        0010E
_MTOUCH_Button_Initialize                      text58       00CD0
_MTOUCH_Button_InitializeAll                   text56       00AAE
_MTOUCH_Button_ServiceAll                      text26       0097C
_MTOUCH_Button_Tick                            text5        00A51
_MTOUCH_Button_isPressed                       text40       00AC8
_MTOUCH_CVD_ScanA_0                            text22       00B60
_MTOUCH_CVD_ScanA_1                            text23       00B40
_MTOUCH_CVD_ScanB_0                            text20       00BA0
_MTOUCH_CVD_ScanB_1                            text21       00B80
_MTOUCH_Delay                                  text25       00918
_MTOUCH_Initialize                             text48       0092E
_MTOUCH_Random                                 text24       0099B
_MTOUCH_Sensor_Calibrate                       text59       00897
_MTOUCH_Sensor_Enable                          text54       009CC
_MTOUCH_Sensor_Initialize                      text52       009DD
_MTOUCH_Sensor_InitializeAll                   text51       0096E
_MTOUCH_Sensor_RawSample_Get                   text38       00A67
_MTOUCH_Sensor_SampleAll                       text7        00A13
_MTOUCH_Sensor_Sampled_ResetAll                text50       007ED
_MTOUCH_Sensor_Scan_Initialize                 text49       008AD
_MTOUCH_Sensor_isCalibrated                    text29       0089A
_MTOUCH_Sensor_wasSampled                      text28       009FF
_MTOUCH_Service_Mainloop                       text2        00BE2
_MTOUCH_Tick                                   text4        0089C
_MTOUCH_needReburst                            text3        00002
_OPTION_REGbits                                (abs)        00095
_OSCCON                                        (abs)        00099
_OSCILLATOR_Initialize                         text47       008C3
_OSCTUNE                                       (abs)        00098
_PIE1bits                                      (abs)        00091
_PIN_MANAGER_IOC                               text80       008B7
_PIN_MANAGER_Initialize                        text45       00C50
_PIR1bits                                      (abs)        00011
_PR2                                           (abs)        0001B
_RCSTA                                         (abs)        0019D
_SPBRGH                                        (abs)        0019C
_SPBRGL                                        (abs)        0019B
_SYSTEM_Initialize                             text41       00A27
_Sensor_Acq_ExecutePacket                      text17       00E2F
_Sensor_Acq_ExecuteScan                        text19       00E82
_Sensor_Acquisition                            text12       00D06
_Sensor_DefaultCallback                        text11       00899
_Sensor_RawSample_Update                       text10       00A95
_Sensor_Sampled_Reset                          text53       008E2
_Sensor_Service                                text8        00D90
_Sensor_isEnabled                              text16       00961
_Sensor_scanA                                  dataBANK1    000AC
_Sensor_scanB                                  dataBANK1    000AA
_Sensor_setActive                              text15       008E9
_Sensor_setInactive                            text14       008F0
_Sensor_setSampled                             text9        008F7
_Sensor_setScanFunction                        text18       009EE
_StartStop_AlarmLED                            text68       0090E
_StartStop_Buzzer                              text67       008FE
_StartStop_Fan                                 text66       00906
_StopTouchDetection                            text1        00A3C
_T2CON                                         (abs)        0001C
_TMR2                                          (abs)        0001A
_TMR2_DefaultInterruptHandler                  text79       00896
_TMR2_ISR                                      text78       00922
_TMR2_Initialize                               text43       0098B
_TMR2_InterruptHandler                         nvBANK1      000E1
_TMR2_SetInterruptHandler                      text44       008B2
_TRISA                                         (abs)        0008C
_TRISB                                         (abs)        0008D
_TRISC                                         (abs)        0008E
_TXSTA                                         (abs)        0019E
_WDTCON                                        (abs)        00097
_WDT_Initialize                                text42       0089F
_WPUA                                          (abs)        0020C
_WPUB                                          (abs)        0020D
_WPUC                                          (abs)        0020E
__Habs1                                        abs1         00000
__Hbank0                                       bank0        00000
__Hbank1                                       bank1        00000
__Hbank10                                      bank10       00000
__Hbank11                                      bank11       00000
__Hbank12                                      bank12       00000
__Hbank13                                      bank13       00000
__Hbank14                                      bank14       00000
__Hbank15                                      bank15       00000
__Hbank16                                      bank16       00000
__Hbank17                                      bank17       00000
__Hbank18                                      bank18       00000
__Hbank19                                      bank19       00000
__Hbank2                                       bank2        00000
__Hbank20                                      bank20       00000
__Hbank21                                      bank21       00000
__Hbank22                                      bank22       00000
__Hbank23                                      bank23       00000
__Hbank24                                      bank24       00000
__Hbank25                                      bank25       00000
__Hbank26                                      bank26       00000
__Hbank27                                      bank27       00000
__Hbank28                                      bank28       00000
__Hbank29                                      bank29       00000
__Hbank3                                       bank3        00000
__Hbank30                                      bank30       00000
__Hbank31                                      bank31       00000
__Hbank4                                       bank4        00000
__Hbank5                                       bank5        00000
__Hbank6                                       bank6        00000
__Hbank7                                       bank7        00000
__Hbank8                                       bank8        00000
__Hbank9                                       bank9        00000
__Hbigram                                      bigram       00000
__HbssBANK0                                    bssBANK0     00000
__HbssBANK1                                    bssBANK1     00000
__HbssBANK2                                    bssBANK2     00000
__Hcinit                                       cinit        00042
__Hclrtext                                     clrtext      00000
__Hcode                                        code         00000
__Hcommon                                      common       00000
__Hconfig                                      config       08009
__HcstackBANK0                                 cstackBANK0  00000
__HcstackCOMMON                                cstackCOMMON 00000
__HdataBANK1                                   dataBANK1    00000
__Heeprom_data                                 eeprom_data  00000
__Hend_init                                    end_init     0001B
__Hfunctab                                     functab      00000
__HidataBANK1                                  idataBANK1   00000
__Hidloc                                       idloc        08004
__Hinit                                        init         00019
__Hinittext                                    inittext     00000
__Hintentry                                    intentry     00019
__Hmaintext                                    maintext     00000
__HnvBANK1                                     nvBANK1      00000
__Hpowerup                                     powerup      00000
__Hram                                         ram          00000
__Hreset_vec                                   reset_vec    00002
__Hsfr0                                        sfr0         00000
__Hsfr1                                        sfr1         00000
__Hsfr10                                       sfr10        00000
__Hsfr11                                       sfr11        00000
__Hsfr12                                       sfr12        00000
__Hsfr13                                       sfr13        00000
__Hsfr14                                       sfr14        00000
__Hsfr15                                       sfr15        00000
__Hsfr16                                       sfr16        00000
__Hsfr17                                       sfr17        00000
__Hsfr18                                       sfr18        00000
__Hsfr19                                       sfr19        00000
__Hsfr2                                        sfr2         00000
__Hsfr20                                       sfr20        00000
__Hsfr21                                       sfr21        00000
__Hsfr22                                       sfr22        00000
__Hsfr23                                       sfr23        00000
__Hsfr24                                       sfr24        00000
__Hsfr25                                       sfr25        00000
__Hsfr26                                       sfr26        00000
__Hsfr27                                       sfr27        00000
__Hsfr28                                       sfr28        00000
__Hsfr29                                       sfr29        00000
__Hsfr3                                        sfr3         00000
__Hsfr30                                       sfr30        00000
__Hsfr31                                       sfr31        00000
__Hsfr4                                        sfr4         00000
__Hsfr5                                        sfr5         00000
__Hsfr6                                        sfr6         00000
__Hsfr7                                        sfr7         00000
__Hsfr8                                        sfr8         00000
__Hsfr9                                        sfr9         00000
__Hspace_0                                     (abs)        01039
__Hspace_1                                     (abs)        00140
__Hspace_2                                     (abs)        00000
__Hspace_3                                     (abs)        00000
__Hspace_4                                     (abs)        10010
__Hstack                                       stack        00000
__Hstrings                                     strings      00000
__Hstringtext1                                 stringtext1  00000
__Hstringtext2                                 stringtext2  00000
__Hstringtext3                                 stringtext3  00000
__Hstringtext4                                 stringtext4  00000
__Hstringtext5                                 stringtext5  00000
__Hstringtext6                                 stringtext6  00000
__Hstringtext7                                 stringtext7  00000
__Hstringtext8                                 stringtext8  00000
__Hstringtext9                                 stringtext9  00000
__Htext                                        text         00000
__Labs1                                        abs1         00000
__Lbank0                                       bank0        00000
__Lbank1                                       bank1        00000
__Lbank10                                      bank10       00000
__Lbank11                                      bank11       00000
__Lbank12                                      bank12       00000
__Lbank13                                      bank13       00000
__Lbank14                                      bank14       00000
__Lbank15                                      bank15       00000
__Lbank16                                      bank16       00000
__Lbank17                                      bank17       00000
__Lbank18                                      bank18       00000
__Lbank19                                      bank19       00000
__Lbank2                                       bank2        00000
__Lbank20                                      bank20       00000
__Lbank21                                      bank21       00000
__Lbank22                                      bank22       00000
__Lbank23                                      bank23       00000
__Lbank24                                      bank24       00000
__Lbank25                                      bank25       00000
__Lbank26                                      bank26       00000
__Lbank27                                      bank27       00000
__Lbank28                                      bank28       00000
__Lbank29                                      bank29       00000
__Lbank3                                       bank3        00000
__Lbank30                                      bank30       00000
__Lbank31                                      bank31       00000
__Lbank4                                       bank4        00000
__Lbank5                                       bank5        00000
__Lbank6                                       bank6        00000
__Lbank7                                       bank7        00000
__Lbank8                                       bank8        00000
__Lbank9                                       bank9        00000
__Lbigram                                      bigram       00000
__LbssBANK0                                    bssBANK0     00000
__LbssBANK1                                    bssBANK1     00000
__LbssBANK2                                    bssBANK2     00000
__Lcinit                                       cinit        0001B
__Lclrtext                                     clrtext      00000
__Lcode                                        code         00000
__Lcommon                                      common       00000
__Lconfig                                      config       00000
__LcstackBANK0                                 cstackBANK0  00000
__LcstackCOMMON                                cstackCOMMON 00000
__LdataBANK1                                   dataBANK1    00000
__Leeprom_data                                 eeprom_data  00000
__Lend_init                                    end_init     00019
__Lfunctab                                     functab      00000
__LidataBANK1                                  idataBANK1   00000
__Lidloc                                       idloc        00000
__Linit                                        init         00019
__Linittext                                    inittext     00000
__Lintentry                                    intentry     00004
__Lmaintext                                    maintext     00000
__LnvBANK1                                     nvBANK1      00000
__Lpowerup                                     powerup      00000
__Lram                                         ram          00000
__Lreset_vec                                   reset_vec    00000
__Lsfr0                                        sfr0         00000
__Lsfr1                                        sfr1         00000
__Lsfr10                                       sfr10        00000
__Lsfr11                                       sfr11        00000
__Lsfr12                                       sfr12        00000
__Lsfr13                                       sfr13        00000
__Lsfr14                                       sfr14        00000
__Lsfr15                                       sfr15        00000
__Lsfr16                                       sfr16        00000
__Lsfr17                                       sfr17        00000
__Lsfr18                                       sfr18        00000
__Lsfr19                                       sfr19        00000
__Lsfr2                                        sfr2         00000
__Lsfr20                                       sfr20        00000
__Lsfr21                                       sfr21        00000
__Lsfr22                                       sfr22        00000
__Lsfr23                                       sfr23        00000
__Lsfr24                                       sfr24        00000
__Lsfr25                                       sfr25        00000
__Lsfr26                                       sfr26        00000
__Lsfr27                                       sfr27        00000
__Lsfr28                                       sfr28        00000
__Lsfr29                                       sfr29        00000
__Lsfr3                                        sfr3         00000
__Lsfr30                                       sfr30        00000
__Lsfr31                                       sfr31        00000
__Lsfr4                                        sfr4         00000
__Lsfr5                                        sfr5         00000
__Lsfr6                                        sfr6         00000
__Lsfr7                                        sfr7         00000
__Lsfr8                                        sfr8         00000
__Lsfr9                                        sfr9         00000
__Lspace_0                                     (abs)        00000
__Lspace_1                                     (abs)        00000
__Lspace_2                                     (abs)        00000
__Lspace_3                                     (abs)        00000
__Lspace_4                                     (abs)        00000
__Lstack                                       stack        00000
__Lstrings                                     strings      00000
__Lstringtext1                                 stringtext1  00000
__Lstringtext2                                 stringtext2  00000
__Lstringtext3                                 stringtext3  00000
__Lstringtext4                                 stringtext4  00000
__Lstringtext5                                 stringtext5  00000
__Lstringtext6                                 stringtext6  00000
__Lstringtext7                                 stringtext7  00000
__Lstringtext8                                 stringtext8  00000
__Lstringtext9                                 stringtext9  00000
__Ltext                                        text         00000
__S0                                           (abs)        01039
__S1                                           (abs)        00140
__S2                                           (abs)        00000
__S3                                           (abs)        00000
__Umul8_16                                     text74       00B01
__Umul8_16@multiplicand                        cstackCOMMON 00070
__Umul8_16@multiplier                          cstackCOMMON 00078
__Umul8_16@product                             cstackCOMMON 00074
__Umul8_16@word_mpld                           cstackCOMMON 00076
___bmul                                        text55       009BB
___bmul@multiplicand                           cstackCOMMON 00070
___bmul@multiplier                             cstackCOMMON 00073
___bmul@product                                cstackCOMMON 00072
___fladd                                       text72       0025A
___fladd@a                                     cstackCOMMON 00074
___fladd@aexp                                  cstackCOMMON 00079
___fladd@b                                     cstackCOMMON 00070
___fladd@bexp                                  cstackCOMMON 0007A
___fladd@grs                                   cstackCOMMON 0007B
___fladd@signs                                 cstackCOMMON 00078
___fldiv                                       text75       00442
___fldiv@a                                     cstackBANK0  00035
___fldiv@aexp                                  cstackBANK0  0004E
___fldiv@b                                     cstackBANK0  00039
___fldiv@bexp                                  cstackBANK0  0004D
___fldiv@grs                                   cstackBANK0  00049
___fldiv@new_exp                               cstackBANK0  00047
___fldiv@rem                                   cstackBANK0  00042
___fldiv@sign                                  cstackBANK0  00046
___flmul                                       text73       00042
___flmul@a                                     cstackBANK0  00024
___flmul@aexp                                  cstackBANK0  00029
___flmul@b                                     cstackBANK0  00020
___flmul@bexp                                  cstackBANK0  0002E
___flmul@grs                                   cstackBANK0  0002A
___flmul@prod                                  cstackBANK0  0002F
___flmul@sign                                  cstackBANK0  00028
___flmul@temp                                  cstackBANK0  00033
___flsub                                       text71       00AE3
___flsub@a                                     cstackBANK0  0004F
___flsub@b                                     cstackBANK0  00053
___fltol                                       text70       00F9B
___fltol@exp1                                  cstackBANK0  00059
___fltol@f1                                    cstackBANK0  0004F
___fltol@sign1                                 cstackBANK0  00058
___int_sp                                      stack        00000
___latbits                                     (abs)        00002
___sp                                          stack        00000
___stackhi                                     (abs)        023EF
___stacklo                                     (abs)        020C0
__end_of_ADC_Initialize                        text64       008E2
__end_of_ADC_SelectChannel                     text76       00954
__end_of_Button_Baseline_Initialize            text35       00CD0
__end_of_Button_Baseline_Update                text34       006E9
__end_of_Button_DefaultCallback                text33       00899
__end_of_Button_Deviation_Update               text39       00773
__end_of_Button_Reading_Update                 text36       00961
__end_of_Button_Reading_Update_Helper          text37       00D90
__end_of_Button_Service                        text27       00E2F
__end_of_Button_State_Initializing             text31       00F9B
__end_of_Button_State_NotPressed               text30       0065A
__end_of_Button_State_Pressed                  text32       00F3A
__end_of_Button_Tick_helper                    text6        00C50
__end_of_CalcRequiredDelayForTrigTRIAC         text69       007ED
__end_of_EUSART_Initialize                     text60       00B40
__end_of_EUSART_SetErrorHandler                text63       008A8
__end_of_EUSART_SetFramingErrorHandler         text62       008C3
__end_of_EUSART_SetOverrunErrorHandler         text61       008AD
__end_of_HalfCycleACDuration_const             stringtext5  01030
__end_of_INTERRUPT_InterruptManager            intentry     00019
__end_of_IOCAF2_DefaultInterruptHandler        text82       00896
__end_of_IOCAF2_ISR                            text81       00947
__end_of_IOCAF2_SetInterruptHandler            text46       008CF
__end_of_Init_Function                         text65       00C29
__end_of_MTOUCH_Button_Initialize              text58       00D06
__end_of_MTOUCH_Button_InitializeAll           text56       00AC8
__end_of_MTOUCH_Button_ServiceAll              text26       0098B
__end_of_MTOUCH_Button_Tick                    text5        00A67
__end_of_MTOUCH_Button_isPressed               text40       00AE3
__end_of_MTOUCH_CVD_ScanA_0                    text22       00B80
__end_of_MTOUCH_CVD_ScanA_1                    text23       00B60
__end_of_MTOUCH_CVD_ScanB_0                    text20       00BC0
__end_of_MTOUCH_CVD_ScanB_1                    text21       00BA0
__end_of_MTOUCH_Delay                          text25       00922
__end_of_MTOUCH_Initialize                     text48       0093A
__end_of_MTOUCH_Random                         text24       009AB
__end_of_MTOUCH_Sensor_Calibrate               text59       00898
__end_of_MTOUCH_Sensor_Enable                  text54       009DD
__end_of_MTOUCH_Sensor_Initialize              text52       009EE
__end_of_MTOUCH_Sensor_InitializeAll           text51       0097C
__end_of_MTOUCH_Sensor_RawSample_Get           text38       00A7E
__end_of_MTOUCH_Sensor_SampleAll               text7        00A27
__end_of_MTOUCH_Sensor_Sampled_ResetAll        text50       00800
__end_of_MTOUCH_Sensor_Scan_Initialize         text49       008B2
__end_of_MTOUCH_Sensor_isCalibrated            text29       0089C
__end_of_MTOUCH_Sensor_wasSampled              text28       00A13
__end_of_MTOUCH_Service_Mainloop               text2        00C05
__end_of_MTOUCH_Tick                           text4        0089F
__end_of_MTOUCH_needReburst                    text3        00004
__end_of_OSCILLATOR_Initialize                 text47       008C9
__end_of_PIN_MANAGER_IOC                       text80       008BD
__end_of_PIN_MANAGER_Initialize                text45       00C78
__end_of_R_const                               stringtext7  01038
__end_of_SYSTEM_Initialize                     text41       00A3C
__end_of_Sensor_Acq_ExecutePacket              text17       00E82
__end_of_Sensor_Acq_ExecuteScan                text19       00EDB
__end_of_Sensor_Acquisition                    text12       00D43
__end_of_Sensor_DefaultCallback                text11       0089A
__end_of_Sensor_RawSample_Update               text10       00AAE
__end_of_Sensor_Sampled_Reset                  text53       008E9
__end_of_Sensor_Service                        text8        00DDD
__end_of_Sensor_isEnabled                      text16       0096E
__end_of_Sensor_setActive                      text15       008F0
__end_of_Sensor_setInactive                    text14       008F7
__end_of_Sensor_setSampled                     text9        008FE
__end_of_Sensor_setScanFunction                text18       009FF
__end_of_StartStop_AlarmLED                    text68       00918
__end_of_StartStop_Buzzer                      text67       00906
__end_of_StartStop_Fan                         text66       0090E
__end_of_StopTouchDetection                    text1        00A51
__end_of_TMR2_DefaultInterruptHandler          text79       00897
__end_of_TMR2_ISR                              text78       0092E
__end_of_TMR2_Initialize                       text43       0099B
__end_of_TMR2_Period_const                     stringtext2  01028
__end_of_TMR2_SetInterruptHandler              text44       008B7
__end_of_Tolerance_Temp_const                  stringtext6  01034
__end_of_V_cc_const                            stringtext3  0102C
__end_of_WDT_Initialize                        text42       008A3
__end_of__Umul8_16                             text74       00B20
__end_of___bmul                                text55       009CC
__end_of___fladd                               text72       00442
__end_of___fldiv                               text75       005BB
__end_of___flmul                               text73       0025A
__end_of___flsub                               text71       00B01
__end_of___fltol                               text70       01000
__end_of__initialization                       cinit        0003E
__end_of_abs                                   text13       00A95
__end_of_main                                  maintext     009BB
__end_of_memcpy                                text57       00CA3
__end_of_mtouch_button_init                    stringtext4  01020
__end_of_tiny                                  stringtext1  01024
__initialization                               cinit        0001B
__pbssBANK0                                    bssBANK0     00064
__pbssBANK1                                    bssBANK1     000C2
__pbssBANK2                                    bssBANK2     00120
__pcstackBANK0                                 cstackBANK0  00020
__pcstackCOMMON                                cstackCOMMON 00070
__pdataBANK1                                   dataBANK1    000A0
__pidataBANK1                                  idataBANK1   00BC0
__pintentry                                    intentry     00004
__pmaintext                                    maintext     009AB
__pnvBANK1                                     nvBANK1      000E1
__pstringtext1                                 stringtext1  01020
__pstringtext2                                 stringtext2  01024
__pstringtext3                                 stringtext3  01028
__pstringtext4                                 stringtext4  01000
__pstringtext5                                 stringtext5  0102C
__pstringtext6                                 stringtext6  01030
__pstringtext7                                 stringtext7  01034
__pstringtext8                                 stringtext8  01038
__pstringtext9                                 stringtext9  00000
__ptext1                                       text1        00A3C
__ptext10                                      text10       00A95
__ptext11                                      text11       00899
__ptext12                                      text12       00D06
__ptext13                                      text13       00A7E
__ptext14                                      text14       008F0
__ptext15                                      text15       008E9
__ptext16                                      text16       00961
__ptext17                                      text17       00E2F
__ptext18                                      text18       009EE
__ptext19                                      text19       00E82
__ptext2                                       text2        00BE2
__ptext20                                      text20       00BA0
__ptext21                                      text21       00B80
__ptext22                                      text22       00B60
__ptext23                                      text23       00B40
__ptext24                                      text24       0099B
__ptext25                                      text25       00918
__ptext26                                      text26       0097C
__ptext27                                      text27       00DDD
__ptext28                                      text28       009FF
__ptext29                                      text29       0089A
__ptext3                                       text3        00002
__ptext30                                      text30       005BB
__ptext31                                      text31       00F3A
__ptext32                                      text32       00EDB
__ptext33                                      text33       00898
__ptext34                                      text34       0065A
__ptext35                                      text35       00CA3
__ptext36                                      text36       00954
__ptext37                                      text37       00D43
__ptext38                                      text38       00A67
__ptext39                                      text39       006E9
__ptext4                                       text4        0089C
__ptext40                                      text40       00AC8
__ptext41                                      text41       00A27
__ptext42                                      text42       0089F
__ptext43                                      text43       0098B
__ptext44                                      text44       008B2
__ptext45                                      text45       00C50
__ptext46                                      text46       008C9
__ptext47                                      text47       008C3
__ptext48                                      text48       0092E
__ptext49                                      text49       008AD
__ptext5                                       text5        00A51
__ptext50                                      text50       007ED
__ptext51                                      text51       0096E
__ptext52                                      text52       009DD
__ptext53                                      text53       008E2
__ptext54                                      text54       009CC
__ptext55                                      text55       009BB
__ptext56                                      text56       00AAE
__ptext57                                      text57       00C78
__ptext58                                      text58       00CD0
__ptext59                                      text59       00897
__ptext6                                       text6        00C29
__ptext60                                      text60       00B20
__ptext61                                      text61       008A8
__ptext62                                      text62       008BD
__ptext63                                      text63       008A3
__ptext64                                      text64       008DB
__ptext65                                      text65       00C05
__ptext66                                      text66       00906
__ptext67                                      text67       008FE
__ptext68                                      text68       0090E
__ptext69                                      text69       00773
__ptext7                                       text7        00A13
__ptext70                                      text70       00F9B
__ptext71                                      text71       00AE3
__ptext72                                      text72       0025A
__ptext73                                      text73       00042
__ptext74                                      text74       00B01
__ptext75                                      text75       00442
__ptext76                                      text76       00947
__ptext78                                      text78       00922
__ptext79                                      text79       00896
__ptext8                                       text8        00D90
__ptext80                                      text80       008B7
__ptext81                                      text81       0093A
__ptext82                                      text82       00895
__ptext9                                       text9        008F7
__size_of_ADC_Initialize                       (abs)        00000
[...]
      Totals:         5      21       0       0       0       0       0       0       0       0       0       0       0       0
Total ram usage:       26 bytes
 Hardware stack levels used:    1
 Hardware stack levels required when called:    5
 This function calls:
		__Umul8_16
 This function is called by:
		_CalcRequiredDelayForTrigTRIAC
 This function uses a non-reentrant model


 *************** function __Umul8_16 *****************
 Defined at:
		line 4 in file "/opt/microchip/xc8/v2.31/pic/sources/c99/common/Umul8_16.c"
 Parameters:    Size  Location     Type
  multiplier      1    wreg     unsigned char 
  multiplicand    1    0[COMMON] unsigned char 
 Auto vars:     Size  Location     Type
  multiplier      1    8[COMMON] unsigned char 
  word_mpld       2    6[COMMON] unsigned int 
  product         2    4[COMMON] unsigned int 
 Return value:  Size  Location     Type
                  2    0[COMMON] unsigned int 
 Registers used:
		wreg, status,2, status,0
 Tracked objects:
		On entry : 
		On exit  : 
		Unchanged: 
 Data sizes:     COMMON   BANK0   BANK1   BANK2   BANK3   BANK4   BANK5   BANK6   BANK7   BANK8   BANK9  BANK10  BANK11  BANK12
      Params:         2       0       0       0       0       0       0       0       0       0       0       0       0       0
      Locals:         5       0       0       0       0       0       0       0       0       0       0       0       0       0
      Temps:          2       0       0       0       0       0       0       0       0       0       0       0       0       0
      Totals:         9       0       0       0       0       0       0       0       0       0       0       0       0       0
Total ram usage:        9 bytes
 Hardware stack levels used:    1
 Hardware stack levels required when called:    4
 This function calls:
		Nothing
 This function is called by:
		___flmul
 This function uses a non-reentrant model


 *************** function ___fldiv *****************
 Defined at:
		line 8 in file "/opt/microchip/xc8/v2.31/pic/sources/c99/common/sprcdiv.c"
 Parameters:    Size  Location     Type
  a               4   21[BANK0 ] unsigned int 
  b               4   25[BANK0 ] unsigned int 
 Auto vars:     Size  Location     Type
  grs             4   41[BANK0 ] unsigned long 
  rem             4   34[BANK0 ] unsigned long 
  new_exp         2   39[BANK0 ] int 
  aexp            1   46[BANK0 ] unsigned char 
  bexp            1   45[BANK0 ] unsigned char 
  sign            1   38[BANK0 ] unsigned char 
 Return value:  Size  Location     Type
                  4   21[BANK0 ] unsigned char 
 Registers used:
		wreg, status,2, status,0
 Tracked objects:
		On entry : 
		On exit  : 
		Unchanged: 
 Data sizes:     COMMON   BANK0   BANK1   BANK2   BANK3   BANK4   BANK5   BANK6   BANK7   BANK8   BANK9  BANK10  BANK11  BANK12
      Params:         0       8       0       0       0       0       0       0       0       0       0       0       0       0
      Locals:         0      13       0       0       0       0       0       0       0       0       0       0       0       0
      Temps:          0       5       0       0       0       0       0       0       0       0       0       0       0       0
      Totals:         0      26       0       0       0       0       0       0       0       0       0       0       0       0
Total ram usage:       26 bytes
 Hardware stack levels used:    1
 Hardware stack levels required when called:    4
 This function calls:
		Nothing
 This function is called by:
		_CalcRequiredDelayForTrigTRIAC
 This function uses a non-reentrant model


 *************** function _ADC_SelectChannel *****************
 Defined at:
		line 85 in file "mcc_generated_files/adc.c"
 Parameters:    Size  Location     Type
  channel         1    wreg     enum E2603
 Auto vars:     Size  Location     Type
  channel         1    1[COMMON] enum E2603
 Return value:  Size  Location     Type
                  1    wreg      void 
 Registers used:
		wreg, status,2, status,0
 Tracked objects:
		On entry : 
		On exit  : 
		Unchanged: 
 Data sizes:     COMMON   BANK0   BANK1   BANK2   BANK3   BANK4   BANK5   BANK6   BANK7   BANK8   BANK9  BANK10  BANK11  BANK12
      Params:         0       0       0       0       0       0       0       0       0       0       0       0       0       0
      Locals:         1       0       0       0       0       0       0       0       0       0       0       0       0       0
      Temps:          1       0       0       0       0       0       0       0       0       0       0       0       0       0
      Totals:         2       0       0       0       0       0       0       0       0       0       0       0       0       0
Total ram usage:        2 bytes
 Hardware stack levels used:    1
 Hardware stack levels required when called:    4
 This function calls:
		Nothing
 This function is called by:
		_Init_Function
 This function uses a non-reentrant model


 *************** function _INTERRUPT_InterruptManager *****************
 Defined at:
		line 52 in file "mcc_generated_files/interrupt_manager.c"
 Parameters:    Size  Location     Type
		None
 Auto vars:     Size  Location     Type
		None
 Return value:  Size  Location     Type
                  1    wreg      void 
 Registers used:
		wreg, status,2, status,0, pclath, cstack
 Tracked objects:
		On entry : 
		On exit  : 
		Unchanged: 
 Data sizes:     COMMON   BANK0   BANK1   BANK2   BANK3   BANK4   BANK5   BANK6   BANK7   BANK8   BANK9  BANK10  BANK11  BANK12
      Params:         0       0       0       0       0       0       0       0       0       0       0       0       0       0
      Locals:         0       0       0       0       0       0       0       0       0       0       0       0       0       0
      Temps:          0       0       0       0       0       0       0       0       0       0       0       0       0       0
      Totals:         0       0       0       0       0       0       0       0       0       0       0       0       0       0
Total ram usage:        0 bytes
 Hardware stack levels used:    1
 Hardware stack levels required when called:    3
 This function calls:
		_PIN_MANAGER_IOC
		_TMR2_ISR
 This function is called by:
		Interrupt level 1
 This function uses a non-reentrant model


 *************** function _TMR2_ISR *****************
 Defined at:
		line 119 in file "mcc_generated_files/tmr2.c"
 Parameters:    Size  Location     Type
		None
 Auto vars:     Size  Location     Type
		None
 Return value:  Size  Location     Type
                  1    wreg      void 
 Registers used:
		wreg, status,2, status,0, pclath, cstack
 Tracked objects:
		On entry : 
		On exit  : 
		Unchanged: 
 Data sizes:     COMMON   BANK0   BANK1   BANK2   BANK3   BANK4   BANK5   BANK6   BANK7   BANK8   BANK9  BANK10  BANK11  BANK12
      Params:         0       0       0       0       0       0       0       0       0       0       0       0       0       0
      Locals:         0       0       0       0       0       0       0       0       0       0       0       0       0       0
      Temps:          0       0       0       0       0       0       0       0       0       0       0       0       0       0
      Totals:         0       0       0       0       0       0       0       0       0       0       0       0       0       0
Total ram usage:        0 bytes
 Hardware stack levels used:    1
 Hardware stack levels required when called:    1
 This function calls:
		Absolute function
		_TMR2_DefaultInterruptHandler
 This function is called by:
		_INTERRUPT_InterruptManager
 This function uses a non-reentrant model


 *************** function _TMR2_DefaultInterruptHandler *****************
 Defined at:
		line 136 in file "mcc_generated_files/tmr2.c"
 Parameters:    Size  Location     Type
		None
 Auto vars:     Size  Location     Type
		None
 Return value:  Size  Location     Type
                  1    wreg      void 
 Registers used:
		None
 Tracked objects:
		On entry : 
		On exit  : 
		Unchanged: 
 Data sizes:     COMMON   BANK0   BANK1   BANK2   BANK3   BANK4   BANK5   BANK6   BANK7   BANK8   BANK9  BANK10  BANK11  BANK12
      Params:         0       0       0       0       0       0       0       0       0       0       0       0       0       0
      Locals:         0       0       0       0       0       0       0       0       0       0       0       0       0       0
      Temps:          0       0       0       0       0       0       0       0       0       0       0       0       0       0
      Totals:         0       0       0       0       0       0       0       0       0       0       0       0       0       0
Total ram usage:        0 bytes
 Hardware stack levels used:    1
 This function calls:
		Nothing
 This function is called by:
		_TMR2_Initialize
		_TMR2_ISR
 This function uses a non-reentrant model


 *************** function _PIN_MANAGER_IOC *****************
 Defined at:
		line 115 in file "mcc_generated_files/pin_manager.c"
 Parameters:    Size  Location     Type
		None
 Auto vars:     Size  Location     Type
		None
 Return value:  Size  Location     Type
                  1    wreg      void 
 Registers used:
		wreg, status,2, status,0, pclath, cstack
 Tracked objects:
		On entry : 
		On exit  : 
		Unchanged: 
 Data sizes:     COMMON   BANK0   BANK1   BANK2   BANK3   BANK4   BANK5   BANK6   BANK7   BANK8   BANK9  BANK10  BANK11  BANK12
      Params:         0       0       0       0       0       0       0       0       0       0       0       0       0       0
      Locals:         0       0       0       0       0       0       0       0       0       0       0       0       0       0
      Temps:          0       0       0       0       0       0       0       0       0       0       0       0       0       0
      Totals:         0       0       0       0       0       0       0       0       0       0       0       0       0       0
Total ram usage:        0 bytes
 Hardware stack levels used:    1
 Hardware stack levels required when called:    2
 This function calls:
		_IOCAF2_ISR
 This function is called by:
		_INTERRUPT_InterruptManager
 This function uses a non-reentrant model


 *************** function _IOCAF2_ISR *****************
 Defined at:
		line 127 in file "mcc_generated_files/pin_manager.c"
 Parameters:    Size  Location     Type
		None
 Auto vars:     Size  Location     Type
		None
 Return value:  Size  Location     Type
                  1    wreg      void 
 Registers used:
		wreg, status,2, status,0, pclath, cstack
 Tracked objects:
		On entry : 
		On exit  : 
		Unchanged: 
 Data sizes:     COMMON   BANK0   BANK1   BANK2   BANK3   BANK4   BANK5   BANK6   BANK7   BANK8   BANK9  BANK10  BANK11  BANK12
      Params:         0       0       0       0       0       0       0       0       0       0       0       0       0       0
      Locals:         0       0       0       0       0       0       0       0       0       0       0       0       0       0
      Temps:          0       0       0       0       0       0       0       0       0       0       0       0       0       0
      Totals:         0       0       0       0       0       0       0       0       0       0       0       0       0       0
Total ram usage:        0 bytes
 Hardware stack levels used:    1
 Hardware stack levels required when called:    1
 This function calls:
		Absolute function
		_IOCAF2_DefaultInterruptHandler
 This function is called by:
		_PIN_MANAGER_IOC
 This function uses a non-reentrant model


 *************** function _IOCAF2_DefaultInterruptHandler *****************
 Defined at:
		line 149 in file "mcc_generated_files/pin_manager.c"
 Parameters:    Size  Location     Type
		None
 Auto vars:     Size  Location     Type
		None
 Return value:  Size  Location     Type
                  1    wreg      void 
 Registers used:
		None
 Tracked objects:
		On entry : 
		On exit  : 
		Unchanged: 
 Data sizes:     COMMON   BANK0   BANK1   BANK2   BANK3   BANK4   BANK5   BANK6   BANK7   BANK8   BANK9  BANK10  BANK11  BANK12
      Params:         0       0       0       0       0       0       0       0       0       0       0       0       0       0
      Locals:         0       0       0       0       0       0       0       0       0       0       0       0       0       0
      Temps:          0       0       0       0       0       0       0       0       0       0       0       0       0       0
      Totals:         0       0       0       0       0       0       0       0       0       0       0       0       0       0
Total ram usage:        0 bytes
 Hardware stack levels used:    1
 This function calls:
		Nothing
 This function is called by:
		_PIN_MANAGER_Initialize
		_IOCAF2_ISR
 This function uses a non-reentrant model



MODULE INFORMATION

Module		Function		Class		Link	Load	Size
mcc_generated_files/mtouch/mtouch_button.c
		_Button_Deviation_Update		CODE           	06E9	0000	138
		_MTOUCH_Button_isPressed		CODE           	0AC8	0000	27
		_MTOUCH_Button_Initialize		CODE           	0CD0	0000	54
		_Button_Tick_helper		CODE           	0C29	0000	39
		_MTOUCH_Button_InitializeAll		CODE           	0AAE	0000	26
		_Button_Baseline_Update		CODE           	065A	0000	143
		_Button_State_Pressed		CODE           	0EDB	0000	95
		_Button_Reading_Update		CODE           	0954	0000	13
		_Button_DefaultCallback		CODE           	0898	0000	1
		_MTOUCH_Button_Tick		CODE           	0A51	0000	22
		_Button_State_NotPressed		CODE           	05BB	0000	159
		_Button_Reading_Update_Helper		CODE           	0D43	0000	77
		_Button_Service		CODE           	0DDD	0000	82
		_Button_State_Initializing		CODE           	0F3A	0000	97
		_MTOUCH_Button_ServiceAll		CODE           	097C	0000	15
		_Button_Baseline_Initialize		CODE           	0CA3	0000	45

mcc_generated_files/mtouch/mtouch_button.c estimated size: 1033

/opt/microchip/xc8/v2.31/pic/sources/c99/common/sprcdiv.c
		___fldiv       		CODE           	0442	0000	377

/opt/microchip/xc8/v2.31/pic/sources/c99/common/sprcdiv.c estimated size: 377

/opt/microchip/xc8/v2.31/pic/sources/c99/common/Umul8.c
		___bmul        		CODE           	09BB	0000	17

/opt/microchip/xc8/v2.31/pic/sources/c99/common/Umul8.c estimated size: 17

/opt/microchip/xc8/v2.31/pic/sources/c99/common/abs.c
		_abs           		CODE           	0A7E	0000	23

/opt/microchip/xc8/v2.31/pic/sources/c99/common/abs.c estimated size: 23

mcc_generated_files/tmr2.c
		_TMR2_ISR      		CODE           	0922	0000	12
		_TMR2_Initialize		CODE           	098B	0000	16
		_TMR2_SetInterruptHandler		CODE           	08B2	0000	5
		_TMR2_DefaultInterruptHandler		CODE           	0896	0000	1

mcc_generated_files/tmr2.c estimated size: 34

mcc_generated_files/interrupt_manager.c
		_INTERRUPT_InterruptManager		CODE           	0004	0000	21

mcc_generated_files/interrupt_manager.c estimated size: 21

mcc_generated_files/mtouch/mtouch.c
		_MTOUCH_Tick   		CODE           	089C	0000	3
		_MTOUCH_Initialize		CODE           	092E	0000	12
		_MTOUCH_Service_Mainloop		CODE           	0BE2	0000	35
		_MTOUCH_needReburst		CODE           	0002	0000	2

mcc_generated_files/mtouch/mtouch.c estimated size: 52

/opt/microchip/xc8/v2.31/pic/sources/c99/common/memcpy.c
		_memcpy        		CODE           	0C78	0000	43

/opt/microchip/xc8/v2.31/pic/sources/c99/common/memcpy.c estimated size: 43

mcc_generated_files/pin_manager.c
		_PIN_MANAGER_Initialize		CODE           	0C50	0000	40
		_IOCAF2_DefaultInterruptHandler		CODE           	0895	0000	1
		_IOCAF2_ISR    		CODE           	093A	0000	13
		_PIN_MANAGER_IOC		CODE           	08B7	0000	6
		_IOCAF2_SetInterruptHandler		CODE           	08C9	0000	6

mcc_generated_files/pin_manager.c estimated size: 66

mcc_generated_files/mtouch/mtouch_sensor_scan.c
		_MTOUCH_CVD_ScanA_0		CODE           	0B60	0000	32
		_MTOUCH_CVD_ScanB_0		CODE           	0BA0	0000	32
		_MTOUCH_CVD_ScanA_1		CODE           	0B40	0000	32
		_MTOUCH_CVD_ScanB_1		CODE           	0B80	0000	32

mcc_generated_files/mtouch/mtouch_sensor_scan.c estimated size: 128

/opt/microchip/xc8/v2.31/pic/sources/c99/common/sprcadd.c
		___flsub       		CODE           	0AE3	0000	30
		___fladd       		CODE           	025A	0000	488

/opt/microchip/xc8/v2.31/pic/sources/c99/common/sprcadd.c estimated size: 518

mcc_generated_files/adc.c
		_ADC_Initialize		CODE           	08DB	0000	7
		_ADC_SelectChannel		CODE           	0947	0000	13

mcc_generated_files/adc.c estimated size: 20

shared
		_HalfCycleACDuration_const		STRCODE        	0000	0000	0
		_R_const       		STRCODE        	0000	0000	0
		_TMR2_Period_const		STRCODE        	0000	0000	0
		__initialization		CODE           	001B	0000	35
		_mtouch_button_init		STRCODE        	1000	0000	32
		_V_cc_const    		STRCODE        	0000	0000	0
		_tiny          		STRCODE        	0000	0000	0
		_Tolerance_Temp_const		STRCODE        	0000	0000	0

shared estimated size: 67

mcc_generated_files/mcc.c
		_WDT_Initialize		CODE           	089F	0000	4
		_OSCILLATOR_Initialize		CODE           	08C3	0000	6
		_SYSTEM_Initialize		CODE           	0A27	0000	21

mcc_generated_files/mcc.c estimated size: 31

mcc_generated_files/eusart.c
		_EUSART_Initialize		CODE           	0B20	0000	32
		_EUSART_SetFramingErrorHandler		CODE           	08BD	0000	6
		_EUSART_SetErrorHandler		CODE           	08A3	0000	5
		_EUSART_SetOverrunErrorHandler		CODE           	08A8	0000	5

mcc_generated_files/eusart.c estimated size: 48

/opt/microchip/xc8/v2.31/pic/sources/c99/common/Umul8_16.c
		__Umul8_16     		CODE           	0B01	0000	31

/opt/microchip/xc8/v2.31/pic/sources/c99/common/Umul8_16.c estimated size: 31

main.c
		_CalcRequiredDelayForTrigTRIAC		CODE           	0773	0000	122
		_main          		CODE           	09AB	0000	16
		_StopTouchDetection		CODE           	0A3C	0000	21
		_Init_Function 		CODE           	0C05	0000	36
		_StartStop_Fan 		CODE           	0906	0000	8
		_StartStop_AlarmLED		CODE           	090E	0000	10
		_StartStop_Buzzer		CODE           	08FE	0000	8

main.c estimated size: 221

mcc_generated_files/mtouch/mtouch_random.c
		_MTOUCH_Random 		CODE           	099B	0000	16

mcc_generated_files/mtouch/mtouch_random.c estimated size: 16

mcc_generated_files/mtouch/mtouch_sensor.c
		_Sensor_Acq_ExecutePacket		CODE           	0E2F	0000	83
		_MTOUCH_Delay  		CODE           	0918	0000	10
		_Sensor_Acquisition		CODE           	0D06	0000	61
		_MTOUCH_Sensor_Initialize		CODE           	09DD	0000	17
		_Sensor_Sampled_Reset		CODE           	08E2	0000	7
		_MTOUCH_Sensor_InitializeAll		CODE           	096E	0000	14
		_Sensor_DefaultCallback		CODE           	0899	0000	1
		_Sensor_isEnabled		CODE           	0961	0000	13
		_MTOUCH_Sensor_isCalibrated		CODE           	089A	0000	2
		_MTOUCH_Sensor_Calibrate		CODE           	0897	0000	1
		_MTOUCH_Sensor_Sampled_ResetAll		CODE           	07ED	0000	19
		_Sensor_setActive		CODE           	08E9	0000	7
		_MTOUCH_Sensor_Enable		CODE           	09CC	0000	17
		_Sensor_Acq_ExecuteScan		CODE           	0E82	0000	89
		_Sensor_setSampled		CODE           	08F7	0000	7
		_MTOUCH_Sensor_RawSample_Get		CODE           	0A67	0000	23
		_MTOUCH_Sensor_SampleAll		CODE           	0A13	0000	20
		_MTOUCH_Sensor_wasSampled		CODE           	09FF	0000	20
		_Sensor_Service		CODE           	0D90	0000	77
		_Sensor_setScanFunction		CODE           	09EE	0000	17
		_MTOUCH_Sensor_Scan_Initialize		CODE           	08AD	0000	5
		_Sensor_RawSample_Update		CODE           	0A95	0000	25
		_Sensor_setInactive		CODE           	08F0	0000	7

mcc_generated_files/mtouch/mtouch_sensor.c estimated size: 542

/opt/microchip/xc8/v2.31/pic/sources/c99/common/fltol.c
		___fltol       		CODE           	0F9B	0000	101

/opt/microchip/xc8/v2.31/pic/sources/c99/common/fltol.c estimated size: 101

/opt/microchip/xc8/v2.31/pic/sources/c99/common/sprcmul.c
		___flmul       		CODE           	0042	0000	536

/opt/microchip/xc8/v2.31/pic/sources/c99/common/sprcmul.c estimated size: 536

