Microchip MPLAB XC8 Compiler V2.31

Linker command line:

-W-3 --edf=/opt/microchip/xc8/v2.31/pic/dat/en_msgs.txt -cn \
  -h+dist/default/production/reflow_oven_v2.X.production.sym \
  --cmf=dist/default/production/reflow_oven_v2.X.production.cmf -z \
  -Q16F1829 -o/tmp/xcXpEoFml --defsym=__MPLAB_BUILD=1 \
  -Mdist/default/production/reflow_oven_v2.X.production.map -E1 \
  -ver=XC8 Compiler --acfsm=1493 -ASTACK=020C0h-023EFh -pstack=STACK \
  -ACODE=00h-07FFhx4 -ASTRCODE=00h-01FFFh -ASTRING=00h-0FFhx32 \
  -ACONST=00h-0FFhx32 -AENTRY=00h-0FFhx32 -ACOMMON=070h-07Fh \
  -ABANK0=020h-06Fh -ABANK1=0A0h-0EFh -ABANK2=0120h-016Fh \
  -ABANK3=01A0h-01EFh -ABANK4=0220h-026Fh -ABANK5=02A0h-02EFh \
  -ABANK6=0320h-036Fh -ABANK7=03A0h-03EFh -ABANK8=0420h-046Fh \
  -ABANK9=04A0h-04EFh -ABANK10=0520h-056Fh -ABANK11=05A0h-05EFh \
  -ABANK12=0620h-064Fh -ABIGRAM=02000h-023EFh \
  -ARAM=020h-06Fh,0A0h-0EFh,0120h-016Fh,01A0h-01EFh,0220h-026Fh,02A0h-02EFh,0320h-036Fh,03A0h-03EFh,0420h-046Fh,04A0h-04EFh,0520h-056Fh,05A0h-05EFh,0620h-064Fh \
  -AABS1=020h-07Fh,0A0h-0EFh,0120h-016Fh,01A0h-01EFh,0220h-026Fh,02A0h-02EFh,0320h-036Fh,03A0h-03EFh,0420h-046Fh,04A0h-04EFh,0520h-056Fh,05A0h-05EFh,0620h-064Fh \
  -ASFR0=00h-01Fh -ASFR1=080h-09Fh -ASFR2=0100h-011Fh -ASFR3=0180h-019Fh \
  -ASFR4=0200h-021Fh -ASFR5=0280h-029Fh -ASFR6=0300h-031Fh \
  -ASFR7=0380h-039Fh -ASFR8=0400h-041Fh -ASFR9=0480h-049Fh \
  -ASFR10=0500h-051Fh -ASFR11=0580h-059Fh -ASFR12=0600h-061Fh \
  -ASFR13=0680h-06EFh -ASFR14=0700h-076Fh -ASFR15=0780h-07EFh \
  -ASFR16=0800h-086Fh -ASFR17=0880h-08EFh -ASFR18=0900h-096Fh \
  -ASFR19=0980h-09EFh -ASFR20=0A00h-0A6Fh -ASFR21=0A80h-0AEFh \
  -ASFR22=0B00h-0B6Fh -ASFR23=0B80h-0BEFh -ASFR24=0C00h-0C6Fh \
  -ASFR25=0C80h-0CEFh -ASFR26=0D00h-0D6Fh -ASFR27=0D80h-0DEFh \
  -ASFR28=0E00h-0E6Fh -ASFR29=0E80h-0EEFh -ASFR30=0F00h-0F6Fh \
  -ASFR31=0F80h-0FEFh -ACONFIG=08007h-08008h -DCONFIG=2 \
  -AIDLOC=08000h-08003h -DIDLOC=2 -AEEDATA=00h-0FFh/0F000h \
  -peeprom_data=EEDATA -DEEDATA=2 -DCODE=2 -DSTRCODE=2 -DSTRING=2 -DCONST=2 \
  -DENTRY=2 -preset_vec=00h,intentry=04h,init,end_init -ppowerup=CODE \
  -pcinit=CODE -pfunctab=ENTRY -k /tmp/xcXhoJldC.o \
  dist/default/production/reflow_oven_v2.X.production.o 

Object code version is 3.11

Machine type is 16F1829



                Name                               Link     Load   Length Selector   Space Scale
/tmp/xcXhoJldC.o
                end_init                             2D       2D        2        8       0
                reset_vec                             0        0        2        0       0
                config                             8007     8007        2        0       4
                idloc                              8000     8000        4        0       5
dist/default/production/reflow_oven_v2.X.production.o
                cinit                                2F       2F       25        8       0
                intentry                              4        4       29        8       0
                config                             8007     8007        2        0       4
                idloc                              8000     8000        4        0       5
                text95                             124D     124D        2     249A       0
                text94                             1293     1293        7     2526       0
                text93                             1246     1246        1     248C       0
                text92                             1313     1313        D     2626       0
                text91                             1275     1275        6     24EA       0
                text90                             1251     1251        3     24A2       0
                text89                             161A     161A       25     2C34       0
                text88                             1247     1247        1     248E       0
                text87                             12D7     12D7        C     25AE       0
                text86                             1490     1490       19     2920       0
                text85                             1248     1248        1     2490       0
                text84                             12E3     12E3        C     25C6       0
                text83                             1249     1249        1     2492       0
                text82                             12EF     12EF        C     25DE       0
                text80                             124A     124A        1     2494       0
                text79                             1730     1730       36     2E60       0
                text78                             16D8     16D8       2B     2DB0       0
                text77                             14C2     14C2       1A     2984       0
                text76                             1369     1369       11     26D2       0
                text75                             137A     137A       11     26F4       0
                text74                             129A     129A        7     2534       0
                text73                             138B     138B       11     2716       0
                text72                              800      800        E     1000       0
                text71                             13D0     13D0       13     27A0       0
                text70                             1261     1261        5     24C2       0
                text69                             12FB     12FB        C     25F6       0
                text68                             127B     127B        6     24F6       0
                text67                             1281     1281        6     2502       0
                text66                             16B0     16B0       28     2D60       0
                text65                             1266     1266        5     24CC       0
                text64                             1349     1349       10     2692       0
                text63                             126B     126B        5     24D6       0
                text62                             139C     139C       11     2738       0
                text61                             1270     1270        5     24E0       0
                text60                             13BE     13BE       12     277C       0
                text59                             125D     125D        4     24BA       0
                text58                             13F7     13F7       15     27EE       0
                text57                             12AF     12AF        A     255E       0
                text56                             1254     1254        3     24A8       0
                text55                             1257     1257        3     24AE       0
                text54                             1307     1307        C     260E       0
                text53                             12B9     12B9        A     2572       0
                text52                              C9F      C9F      179     193E       0
                text51                             1515     1515       1F     2A2A       0
                text50                              5E1      5E1      218        8       0
                text49                              E18      E18      1E8     1C30       0
                text48                             14F7     14F7       1E     29EE       0
                text47                              A09      A09       65     1412       0
                text46                              A6E      A6E       79     14DC       0
                text45                             140C     140C       15     2818       0
                text44                             12C3     12C3        A     2586       0
                text43                             1436     1436       16     286C       0
                text42                             14DC     14DC       1B     29B8       0
                text41                              AE7      AE7       8A     15CE       0
                text40                             1462     1462       17     28C4       0
                text39                             1766     1766       4D     2ECC       0
                text38                             1320     1320        D     2640       0
                text37                             1703     1703       2D     2E06       0
                text36                              B71      B71       8F     16E2       0
                text35                             124B     124B        1     2496       0
                text34                              949      949       5F     1292       0
                text33                              9A8      9A8       61     1350       0
                text32                              C00      C00       9F     1800       0
                text31                             124F     124F        2     249E       0
                text30                             13E3     13E3       14     27C6       0
                text29                              84B      84B       52     1096       0
                text28                             133A     133A        F     2674       0
                text27                             12CD     12CD        A     259A       0
                text26                             1359     1359       10     26B2       0
                text25                             1534     1534       20     2A68       0
                text24                             1554     1554       20     2AA8       0
                text23                             1574     1574       20     2AE8       0
                text22                             1594     1594       20     2B28       0
                text21                              8F0      8F0       59     11E0       0
                text20                             13AD     13AD       11     275A       0
                text19                              89D      89D       53     113A       0
                text18                             132D     132D        D     265A       0
                text17                             12A1     12A1        7     2542       0
                text16                             12A8     12A8        7     2550       0
                text15                             1479     1479       17     28F2       0
                text14                              80E      80E       3D     101C       0
                text13                             124C     124C        1     2498       0
                text12                             14A9     14A9       19     2952       0
                text11                              7F9      7F9        7        8       0
                text10                             17B3     17B3       4D     2F66       0
                text9                              1421     1421       15     2842       0
                text8                              1689     1689       27     2D12       0
                text7                              144C     144C       16     2898       0
                text6                              125A     125A        3     24B4       0
                text5                                 2        2        2        0       0
                text4                              15F7     15F7       23     2BEE       0
                text3                              163F     163F       25     2C7E       0
                text2                                54       54      58D        8       0
                text1                              1664     1664       25     2CC8       0
                maintext                           15B4     15B4       21     2B68       0
                cstackBANK0                          20       20       4A       20       1
                cstackCOMMON                         70       70        E       70       1
                clrtext                            1287     1287        6     250E       0
                inittext                           128D     128D        6     251A       0
                bssBANK2                            120      120       20      120       1
                dataBANK1                            A0       A0       22       A0       1
                bssBANK1                             C2       C2        B       A0       1
                bssBANK0                             6A       6A        6       20       1
                nvBANK1                              CD       CD        8       A0       1
                stringtext3                        1824     1824        4     3000       0
                stringtext2                        1800     1800       20     3000       0
                stringtext1                        1820     1820        4     3000       0
                idataBANK1                         15D5     15D5       22     2BAA       0

TOTAL           Name                               Link     Load   Length     Space
        CLASS   STACK          

        CLASS   CODE           
                end_init                             2D       2D        2         0
                cinit                                2F       2F       25         0
                intentry                              4        4       29         0
                reset_vec                             0        0        2         0
                text95                             124D     124D        2         0
                text94                             1293     1293        7         0
                text93                             1246     1246        1         0
                text92                             1313     1313        D         0
                text91                             1275     1275        6         0
                text90                             1251     1251        3         0
                text89                             161A     161A       25         0
                text88                             1247     1247        1         0
                text87                             12D7     12D7        C         0
                text86                             1490     1490       19         0
                text85                             1248     1248        1         0
                text84                             12E3     12E3        C         0
                text83                             1249     1249        1         0
                text82                             12EF     12EF        C         0
                text80                             124A     124A        1         0
                text79                             1730     1730       36         0
                text78                             16D8     16D8       2B         0
                text77                             14C2     14C2       1A         0
                text76                             1369     1369       11         0
                text75                             137A     137A       11         0
                text74                             129A     129A        7         0
                text73                             138B     138B       11         0
                text72                              800      800        E         0
                text71                             13D0     13D0       13         0
                text70                             1261     1261        5         0
                text69                             12FB     12FB        C         0
                text68                             127B     127B        6         0
                text67                             1281     1281        6         0
                text66                             16B0     16B0       28         0
                text65                             1266     1266        5         0
                text64                             1349     1349       10         0
                text63                             126B     126B        5         0
                text62                             139C     139C       11         0
                text61                             1270     1270        5         0
                text60                             13BE     13BE       12         0
                text59                             125D     125D        4         0
                text58                             13F7     13F7       15         0
                text57                             12AF     12AF        A         0
                text56                             1254     1254        3         0
                text55                             1257     1257        3         0
                text54                             1307     1307        C         0
                text53                             12B9     12B9        A         0
                text52                              C9F      C9F      179         0
                text51                             1515     1515       1F         0
                text50                              5E1      5E1      218         0
                text49                              E18      E18      1E8         0
                text48                             14F7     14F7       1E         0
                text47                              A09      A09       65         0
                text46                              A6E      A6E       79         0
                text45                             140C     140C       15         0
                text44                             12C3     12C3        A         0
                text43                             1436     1436       16         0
                text42                             14DC     14DC       1B         0
                text41                              AE7      AE7       8A         0
                text40                             1462     1462       17         0
                text39                             1766     1766       4D         0
                text38                             1320     1320        D         0
                text37                             1703     1703       2D         0
                text36                              B71      B71       8F         0
                text35                             124B     124B        1         0
                text34                              949      949       5F         0
                text33                              9A8      9A8       61         0
                text32                              C00      C00       9F         0
                text31                             124F     124F        2         0
                text30                             13E3     13E3       14         0
                text29                              84B      84B       52         0
                text28                             133A     133A        F         0
                text27                             12CD     12CD        A         0
                text26                             1359     1359       10         0
                text25                             1534     1534       20         0
                text24                             1554     1554       20         0
                text23                             1574     1574       20         0
                text22                             1594     1594       20         0
                text21                              8F0      8F0       59         0
                text20                             13AD     13AD       11         0
                text19                              89D      89D       53         0
                text18                             132D     132D        D         0
                text17                             12A1     12A1        7         0
                text16                             12A8     12A8        7         0
                text15                             1479     1479       17         0
                text14                              80E      80E       3D         0
                text13                             124C     124C        1         0
                text12                             14A9     14A9       19         0
                text11                              7F9      7F9        7         0
                text10                             17B3     17B3       4D         0
                text9                              1421     1421       15         0
                text8                              1689     1689       27         0
                text7                              144C     144C       16         0
                text6                              125A     125A        3         0
                text5                                 2        2        2         0
                text4                              15F7     15F7       23         0
                text3                              163F     163F       25         0
                text2                                54       54      58D         0
                text1                              1664     1664       25         0
                maintext                           15B4     15B4       21         0
                clrtext                            1287     1287        6         0
                inittext                           128D     128D        6         0
                idataBANK1                         15D5     15D5       22         0

        CLASS   STRCODE        
                stringtext3                        1824     1824        4         0
                stringtext2                        1800     1800       20         0
                stringtext1                        1820     1820        4         0

        CLASS   STRING         

        CLASS   CONST          

        CLASS   ENTRY          

        CLASS   COMMON         
                cstackCOMMON                         70       70        E         1

        CLASS   BANK0          
                cstackBANK0                          20       20       4A         1
                bssBANK0                             6A       6A        6         1

        CLASS   BANK1          
                dataBANK1                            A0       A0       22         1
                bssBANK1                             C2       C2        B         1
                nvBANK1                              CD       CD        8         1

        CLASS   BANK2          
                bssBANK2                            120      120       20         1

        CLASS   BANK3          

        CLASS   BANK4          

        CLASS   BANK5          

        CLASS   BANK6          

        CLASS   BANK7          

        CLASS   BANK8          

        CLASS   BANK9          

        CLASS   BANK10         

        CLASS   BANK11         

        CLASS   BANK12         

        CLASS   BIGRAM         

        CLASS   RAM            

        CLASS   ABS1           
                abs_s1                               7E       7E        2         1

        CLASS   SFR0           

        CLASS   SFR1           

        CLASS   SFR2           

        CLASS   SFR3           

        CLASS   SFR4           

        CLASS   SFR5           

        CLASS   SFR6           

        CLASS   SFR7           

        CLASS   SFR8           

        CLASS   SFR9           

        CLASS   SFR10          

        CLASS   SFR11          

        CLASS   SFR12          

        CLASS   SFR13          

        CLASS   SFR14          

        CLASS   SFR15          

        CLASS   SFR16          

        CLASS   SFR17          

        CLASS   SFR18          

        CLASS   SFR19          

        CLASS   SFR20          

        CLASS   SFR21          

        CLASS   SFR22          

        CLASS   SFR23          

        CLASS   SFR24          

        CLASS   SFR25          

        CLASS   SFR26          

        CLASS   SFR27          

        CLASS   SFR28          

        CLASS   SFR29          

        CLASS   SFR30          

        CLASS   SFR31          

        CLASS   CONFIG         
                config                             8007     8007        2         4

        CLASS   IDLOC          
                idloc                              8000     8000        4         5

        CLASS   EEDATA         

        CLASS   BANK31         

        CLASS   BANK30         

        CLASS   BANK29         

        CLASS   BANK28         

        CLASS   BANK27         

        CLASS   BANK26         

        CLASS   BANK25         

        CLASS   BANK24         

        CLASS   BANK23         

        CLASS   BANK22         

        CLASS   BANK21         

        CLASS   BANK20         

        CLASS   BANK19         

        CLASS   BANK18         

        CLASS   BANK17         

        CLASS   BANK16         

        CLASS   BANK15         

        CLASS   BANK14         

        CLASS   BANK13         



SEGMENTS        Name                           Load    Length   Top    Selector   Space  Class     Delta

                text58                         0013F7  000015  00140C      27EE       0  CODE        2
                text45                         00140C  000015  001421      2818       0  CODE        2
                text71                         0013D0  000013  0013E3      27A0       0  CODE        2
                text30                         0013E3  000014  0013F7      27C6       0  CODE        2
                text9                          001421  000015  001436      2842       0  CODE        2
                text40                         001462  000017  001479      28C4       0  CODE        2
                text15                         001479  000017  001490      28F2       0  CODE        2
                text43                         001436  000016  00144C      286C       0  CODE        2
                text7                          00144C  000016  001462      2898       0  CODE        2
                text60                         0013BE  000012  0013D0      277C       0  CODE        2
                text64                         001349  000010  001359      2692       0  CODE        2
                text26                         001359  000010  001369      26B2       0  CODE        2
                text72                         000800  00000E  00080E      1000       0  CODE        2
                text28                         00133A  00000F  001349      2674       0  CODE        2
                text76                         001369  000011  00137A      26D2       0  CODE        2
                text62                         00139C  000011  0013AD      2738       0  CODE        2
                text20                         0013AD  000011  0013BE      275A       0  CODE        2
                text75                         00137A  000011  00138B      26F4       0  CODE        2
                text73                         00138B  000011  00139C      2716       0  CODE        2
                idataBANK1                     0015D5  000022  0015F7      2BAA       0  CODE        2
                text4                          0015F7  000023  00161A      2BEE       0  CODE        2
                stringtext2                    001800  000028  001828      3000       0  STRCODE     2
                maintext                       0015B4  000021  0015D5      2B68       0  CODE        2
                text89                         00161A  000025  00163F      2C34       0  CODE        2
                text8                          001689  000027  0016B0      2D12       0  CODE        2
                text66                         0016B0  000028  0016D8      2D60       0  CODE        2
                text3                          00163F  000025  001664      2C7E       0  CODE        2
                text1                          001664  000025  001689      2CC8       0  CODE        2
                text22                         001594  000020  0015B4      2B28       0  CODE        2
                text77                         0014C2  00001A  0014DC      2984       0  CODE        2
                text42                         0014DC  00001B  0014F7      29B8       0  CODE        2
                text86                         001490  000019  0014A9      2920       0  CODE        2
                text12                         0014A9  000019  0014C2      2952       0  CODE        2
                text48                         0014F7  00001E  001515      29EE       0  CODE        2
                text24                         001554  000020  001574      2AA8       0  CODE        2
                text23                         001574  000020  001594      2AE8       0  CODE        2
                text51                         001515  00001F  001534      2A2A       0  CODE        2
                text25                         001534  000020  001554      2A68       0  CODE        2
                text18                         00132D  00000D  00133A      265A       0  CODE        2
                text6                          00125A  000003  00125D      24B4       0  CODE        2
                text59                         00125D  000004  001261      24BA       0  CODE        2
                text56                         001254  000003  001257      24A8       0  CODE        2
                text55                         001257  000003  00125A      24AE       0  CODE        2
                text70                         001261  000005  001266      24C2       0  CODE        2
                text61                         001270  000005  001275      24E0       0  CODE        2
                text91                         001275  000006  00127B      24EA       0  CODE        2
                text65                         001266  000005  00126B      24CC       0  CODE        2
                text63                         00126B  000005  001270      24D6       0  CODE        2
                text90                         001251  000003  001254      24A2       0  CODE        2
                text85                         001248  000001  001249      2490       0  CODE        2
                text83                         001249  000001  00124A      2492       0  CODE        2
                text93                         001246  000001  001247      248C       0  CODE        2
                text88                         001247  000001  001248      248E       0  CODE        2
                text80                         00124A  000001  00124B      2494       0  CODE        2
                text95                         00124D  000002  00124F      249A       0  CODE        2
                text31                         00124F  000002  001251      249E       0  CODE        2
                text35                         00124B  000001  00124C      2496       0  CODE        2
                text13                         00124C  000001  00124D      2498       0  CODE        2
                text87                         0012D7  00000C  0012E3      25AE       0  CODE        2
                text84                         0012E3  00000C  0012EF      25C6       0  CODE        2
                text44                         0012C3  00000A  0012CD      2586       0  CODE        2
                text27                         0012CD  00000A  0012D7      259A       0  CODE        2
                text82                         0012EF  00000C  0012FB      25DE       0  CODE        2
                text92                         001313  00000D  001320      2626       0  CODE        2
                text38                         001320  00000D  00132D      2640       0  CODE        2
                text69                         0012FB  00000C  001307      25F6       0  CODE        2
                text54                         001307  00000C  001313      260E       0  CODE        2
                text53                         0012B9  00000A  0012C3      2572       0  CODE        2
                clrtext                        001287  000006  00128D      250E       0  CODE        2
                inittext                       00128D  000006  001293      251A       0  CODE        2
                text68                         00127B  000006  001281      24F6       0  CODE        2
                text67                         001281  000006  001287      2502       0  CODE        2
                text94                         001293  000007  00129A      2526       0  CODE        2
                text16                         0012A8  000007  0012AF      2550       0  CODE        2
                text57                         0012AF  00000A  0012B9      255E       0  CODE        2
                text74                         00129A  000007  0012A1      2534       0  CODE        2
                text17                         0012A1  000007  0012A8      2542       0  CODE        2
                reset_vec                      000000  000004  000004         0       0  CODE        2
                cstackBANK0                    000020  000050  000070        20       1  BANK0       1
                bssBANK2                       000120  000020  000140       120       1  BANK2       1
                dataBANK1                      0000A0  000035  0000D5        A0       1  BANK1       1
                cstackCOMMON                   000070  00000E  00007E        70       1  COMMON      1
                intentry                       000004  0007FC  000800         8       0  CODE        2
                text10                         0017B3  00004D  001800      2F66       0  CODE        2
                text29                         00084B  000052  00089D      1096       0  CODE        2
                text39                         001766  00004D  0017B3      2ECC       0  CODE        2
                text19                         00089D  000053  0008F0      113A       0  CODE        2
                text14                         00080E  00003D  00084B      101C       0  CODE        2
                text21                         0008F0  000059  000949      11E0       0  CODE        2
                text34                         000949  00005F  0009A8      1292       0  CODE        2
                text79                         001730  000036  001766      2E60       0  CODE        2
                text37                         001703  00002D  001730      2E06       0  CODE        2
                text78                         0016D8  00002B  001703      2DB0       0  CODE        2
                text52                         000C9F  000179  000E18      193E       0  CODE        2
                text32                         000C00  00009F  000C9F      1800       0  CODE        2
                text49                         000E18  0001E8  001000      1C30       0  CODE        2
                text47                         000A09  000065  000A6E      1412       0  CODE        2
                text33                         0009A8  000061  000A09      1350       0  CODE        2
                text46                         000A6E  000079  000AE7      14DC       0  CODE        2
                text36                         000B71  00008F  000C00      16E2       0  CODE        2
                text41                         000AE7  00008A  000B71      15CE       0  CODE        2


UNUSED ADDRESS RANGES

        Name                Unused          Largest block    Delta
        BANK1            000D5-000EF              1B           1
        BANK10           00520-0056F              50           1
        BANK11           005A0-005EF              50           1
        BANK12           00620-0064F              30           1
        BANK2            00140-0016F              30           1
        BANK3            001A0-001EF              50           1
        BANK4            00220-0026F              50           1
        BANK5            002A0-002EF              50           1
        BANK6            00320-0036F              50           1
        BANK7            003A0-003EF              50           1
        BANK8            00420-0046F              50           1
        BANK9            004A0-004EF              50           1
        BIGRAM           02000-023EF             3F0           1
        CODE             01000-01245             246           2
                         01828-01FFF             7D8
        CONST            01000-01245             100           2
                         01828-01FFF             100
        EEDATA           0F000-0F0FF             100           2
        ENTRY            01000-01245             100           2
                         01828-01FFF             100
        RAM              000D5-000EF              1B           1
                         00140-0016F              30
                         001A0-001EF              50
                         00220-0026F              50
                         002A0-002EF              50
                         00320-0036F              50
                         003A0-003EF              50
                         00420-0046F              50
                         004A0-004EF              50
                         00520-0056F              50
                         005A0-005EF              50
                         00620-0064F              30
        SFR0             00000-0001F              20           1
        SFR1             00080-0009F              20           1
        SFR10            00500-0051F              20           1
        SFR11            00580-0059F              20           1
        SFR12            00600-0061F              20           1
        SFR13            00680-006EF              70           1
        SFR14            00700-0076F              70           1
        SFR15            00780-007EF              70           1
        SFR16            00800-0086F              70           1
        SFR17            00880-008EF              70           1
        SFR18            00900-0096F              70           1
        SFR19            00980-009EF              70           1
        SFR2             00100-0011F              20           1
        SFR20            00A00-00A6F              70           1
        SFR21            00A80-00AEF              70           1
        SFR22            00B00-00B6F              70           1
        SFR23            00B80-00BEF              70           1
        SFR24            00C00-00C6F              70           1
        SFR25            00C80-00CEF              70           1
        SFR26            00D00-00D6F              70           1
        SFR27            00D80-00DEF              70           1
        SFR28            00E00-00E6F              70           1
        SFR29            00E80-00EEF              70           1
        SFR3             00180-0019F              20           1
        SFR30            00F00-00F6F              70           1
        SFR31            00F80-00FEF              70           1
        SFR4             00200-0021F              20           1
        SFR5             00280-0029F              20           1
        SFR6             00300-0031F              20           1
        SFR7             00380-0039F              20           1
        SFR8             00400-0041F              20           1
        SFR9             00480-0049F              20           1
        STACK            020C0-023EF             330           1
        STRCODE          01000-01245             246           2
                         01828-01FFF             7D8
        STRING           01000-01245             100           2
                         01828-01FFF             100

                                  Symbol Table

?_MTOUCH_Sensor_RawSample_Get                cstackCOMMON 00074
?__Umul8_16                                  cstackCOMMON 00070
?___fladd                                    cstackCOMMON 00070
?___fldiv                                    cstackBANK0  00035
?___flmul                                    cstackBANK0  00020
?___flsub                                    cstackBANK0  0004F
?___fltol                                    cstackBANK0  0004F
?_abs                                        cstackCOMMON 00070
Button_Baseline_Initialize@button            cstackCOMMON 0007C
Button_Baseline_Update@button                cstackCOMMON 00076
Button_DefaultCallback@button                cstackCOMMON 00070
Button_Deviation_Update@button               cstackBANK0  00020
Button_Deviation_Update@deviation            cstackBANK0  00021
Button_Reading_Update@button                 cstackCOMMON 0007B
Button_Reading_Update_Helper@button          cstackCOMMON 0007A
Button_Service@button                        cstackBANK0  00028
Button_Service@name                          cstackBANK0  00027
Button_State_Initializing@button             cstackCOMMON 0007D
Button_State_NotPressed@button               cstackCOMMON 0007D
Button_State_Pressed@button                  cstackCOMMON 0007D
Button_Tick_helper@button                    cstackCOMMON 00072
IOCAF2_SetInterruptHandler@InterruptHandler  cstackCOMMON 00070
MTOUCH_Button_Initialize@button              cstackCOMMON 00073
MTOUCH_Button_Initialize@name                cstackCOMMON 00072
MTOUCH_Button_InitializeAll@button           cstackCOMMON 0007B
MTOUCH_Button_ServiceAll@button              cstackBANK0  0002A
MTOUCH_Button_Tick@i                         cstackCOMMON 00074
MTOUCH_Button_isPressed@name                 cstackCOMMON 00071
MTOUCH_Delay@i                               cstackCOMMON 00071
MTOUCH_Random@seed                           bssBANK0     0006F
MTOUCH_Sensor_Enable@sensor                  cstackCOMMON 00075
MTOUCH_Sensor_Initialize@sensor              cstackCOMMON 00077
MTOUCH_Sensor_InitializeAll@sensor           cstackCOMMON 00079
MTOUCH_Sensor_RawSample_Get@name             cstackCOMMON 00077
MTOUCH_Sensor_SampleAll@sensor               cstackBANK0  00029
MTOUCH_Sensor_Sampled_ResetAll@sensor        cstackCOMMON 00072
MTOUCH_Sensor_wasSampled@sensor              cstackCOMMON 00075
Sensor_Acq_ExecutePacket@ADCON0_temp         cstackCOMMON 00079
Sensor_Acq_ExecutePacket@ADCON1_temp         cstackCOMMON 0007A
Sensor_Acq_ExecutePacket@GIE_state           cstackCOMMON 0007B
Sensor_Acq_ExecutePacket@error               cstackCOMMON 0007C
Sensor_Acq_ExecutePacket@sensor              cstackCOMMON 0007D
Sensor_Acq_ExecuteScan@result                cstackCOMMON 00076
Sensor_Acquisition@retry                     cstackBANK0  00021
Sensor_Acquisition@sensor                    cstackBANK0  00022
Sensor_DefaultCallback@sensor                cstackCOMMON 00070
Sensor_RawSample_Update@sensor               cstackCOMMON 00070
Sensor_Sampled_Reset@sensor                  cstackCOMMON 00070
Sensor_Service@error                         cstackBANK0  00026
Sensor_Service@name                          cstackBANK0  00025
Sensor_Service@sensor                        cstackBANK0  00027
Sensor_isEnabled@sensor                      cstackCOMMON 00070
Sensor_setActive@sensor                      cstackCOMMON 00070
Sensor_setInactive@sensor                    cstackCOMMON 00070
Sensor_setSampled@sensor                     cstackCOMMON 00070
Sensor_setScanFunction@sensor                cstackCOMMON 00070
SetDimmer@TRIAC_off_duration_ms              cstackBANK0  0005E
SetDimmer@dim_percentage                     cstackBANK0  0005A
StartHeater@i                                cstackBANK0  00067
StartStop_AlarmLED@OnOff                     cstackCOMMON 00070
StartStop_AlarmLED_Blink@OnOff               cstackCOMMON 00070
StartStop_Buzzer@OnOff                       cstackCOMMON 00070
StartStop_Dimmer@OnOff                       cstackBANK0  00062
StartStop_Fan@OnOff                          cstackCOMMON 00070
TMR2_Drive_TRIAC_isr@counter_tmr2            bssBANK1     000C4
TMR2_SetInterruptHandler@InterruptHandler    cstackCOMMON 00070
TMR4_SetInterruptHandler@InterruptHandler    cstackCOMMON 00070
TMR4_Wroking_Blink_AlarmLED_isr@counter_tmr4 bssBANK1     000C2
TMR6_SetInterruptHandler@InterruptHandler    cstackCOMMON 00070
_ADCON0                                      (abs)        0009D
_ADCON0bits                                  (abs)        0009D
_ADCON1                                      (abs)        0009E
_ADRES                                       (abs)        0009B
_ANSELA                                      (abs)        0018C
_ANSELB                                      (abs)        0018D
_ANSELC                                      (abs)        0018E
_APFCON0                                     (abs)        0011D
_APFCON1                                     (abs)        0011E
_BORCON                                      (abs)        00116
_Button_Baseline_Initialize                  text37       01703
_Button_Baseline_Update                      text36       00B71
_Button_DefaultCallback                      text35       0124B
_Button_Deviation_Update                     text41       00AE7
_Button_Reading_Update                       text38       01320
_Button_Reading_Update_Helper                text39       01766
_Button_Service                              text29       0084B
_Button_StateMachine                         dataBANK1    000A0
_Button_State_Initializing                   text33       009A8
_Button_State_NotPressed                     text32       00C00
_Button_State_Pressed                        text34       00949
_Button_Tick_helper                          text8        01689
_DimmerStatusFlag_g                          bssBANK0     0006A
_GIE                                         (abs)        0005F
_INTCONbits                                  (abs)        0000B
_INTERRUPT_InterruptManager                  intentry     00004
_IOCAF2_DefaultInterruptHandler              text93       01246
_IOCAF2_ISR                                  text92       01313
_IOCAF2_InterruptHandler                     nvBANK1      000D3
_IOCAF2_SetInterruptHandler                  text67       01281
_IOCAFbits                                   (abs)        00393
_IOCANbits                                   (abs)        00392
_IOCAPbits                                   (abs)        00391
_Init_Function                               text43       01436
_LATA                                        (abs)        0010C
_LATB                                        (abs)        0010D
_LATC                                        (abs)        0010E
_LATCbits                                    (abs)        0010E
_MTOUCH_Button_Initialize                    text79       01730
_MTOUCH_Button_InitializeAll                 text77       014C2
_MTOUCH_Button_ServiceAll                    text28       0133A
_MTOUCH_Button_Tick                          text7        0144C
_MTOUCH_Button_isPressed                     text42       014DC
_MTOUCH_CVD_ScanA_0                          text24       01554
_MTOUCH_CVD_ScanA_1                          text25       01534
_MTOUCH_CVD_ScanB_0                          text22       01594
_MTOUCH_CVD_ScanB_1                          text23       01574
_MTOUCH_Delay                                text27       012CD
_MTOUCH_Initialize                           text69       012FB
_MTOUCH_Random                               text26       01359
_MTOUCH_Sensor_Calibrate                     text80       0124A
_MTOUCH_Sensor_Enable                        text75       0137A
_MTOUCH_Sensor_Initialize                    text73       0138B
_MTOUCH_Sensor_InitializeAll                 text72       00800
_MTOUCH_Sensor_RawSample_Get                 text40       01462
_MTOUCH_Sensor_SampleAll                     text9        01421
_MTOUCH_Sensor_Sampled_ResetAll              text71       013D0
_MTOUCH_Sensor_Scan_Initialize               text70       01261
_MTOUCH_Sensor_isCalibrated                  text31       0124F
_MTOUCH_Sensor_wasSampled                    text30       013E3
_MTOUCH_Service_Mainloop                     text4        015F7
_MTOUCH_Tick                                 text6        0125A
_MTOUCH_needReburst                          text5        00002
_OPTION_REGbits                              (abs)        00095
_OSCCON                                      (abs)        00099
_OSCILLATOR_Initialize                       text68       0127B
_OSCTUNE                                     (abs)        00098
_PIE1bits                                    (abs)        00091
_PIE3bits                                    (abs)        00093
_PIN_MANAGER_IOC                             text91       01275
_PIN_MANAGER_Initialize                      text66       016B0
_PIR1bits                                    (abs)        00011
_PIR3bits                                    (abs)        00013
_PORTCbits                                   (abs)        0000E
_PR2                                         (abs)        0001B
_PR4                                         (abs)        00416
_PR6                                         (abs)        0041D
_SYSTEM_Initialize                           text58       013F7
_Sensor_Acq_ExecutePacket                    text19       0089D
_Sensor_Acq_ExecuteScan                      text21       008F0
_Sensor_Acquisition                          text14       0080E
_Sensor_DefaultCallback                      text13       0124C
_Sensor_RawSample_Update                     text12       014A9
_Sensor_Sampled_Reset                        text74       0129A
_Sensor_Service                              text10       017B3
_Sensor_isEnabled                            text18       0132D
_Sensor_scanA                                dataBANK1    000AC
_Sensor_scanB                                dataBANK1    000AA
_Sensor_setActive                            text17       012A1
_Sensor_setInactive                          text16       012A8
_Sensor_setSampled                           text11       007F9
_Sensor_setScanFunction                      text20       013AD
_SetDimmer                                   text46       00A6E
_StartHeater                                 text2        00054
_StartStop_AlarmLED                          text57       012AF
_StartStop_AlarmLED_Blink                    text54       01307
_StartStop_Buzzer                            text53       012B9
_StartStop_Dimmer                            text45       0140C
_StartStop_Fan                               text44       012C3
_StartTouchDetection                         text1        01664
_StopTouchDetection                          text3        0163F
_T2CON                                       (abs)        0001C
_T2CONbits                                   (abs)        0001C
_T4CON                                       (abs)        00417
_T4CONbits                                   (abs)        00417
_T6CON                                       (abs)        0041E
_TMR2                                        (abs)        0001A
_TMR2_DefaultInterruptHandler                text88       01247
_TMR2_Drive_TRIAC_isr                        text89       0161A
_TMR2_ISR                                    text87       012D7
_TMR2_Initialize                             text64       01349
_TMR2_InterruptHandler                       nvBANK1      000D1
_TMR2_SetInterruptHandler                    text65       01266
_TMR2_StartTimer                             text95       0124D
_TMR2_StopTimer                              text90       01251
_TMR4                                        (abs)        00415
_TMR4_DefaultInterruptHandler                text85       01248
_TMR4_ISR                                    text84       012E3
_TMR4_Initialize                             text62       0139C
_TMR4_InterruptHandler                       nvBANK1      000CF
_TMR4_SetInterruptHandler                    text63       0126B
_TMR4_StartTimer                             text56       01254
_TMR4_StopTimer                              text55       01257
_TMR4_Wroking_Blink_AlarmLED_isr             text86       01490
_TMR6                                        (abs)        0041C
_TMR6_DefaultInterruptHandler                text83       01249
_TMR6_ISR                                    text82       012EF
_TMR6_Initialize                             text60       013BE
_TMR6_InterruptHandler                       nvBANK1      000CD
_TMR6_SetInterruptHandler                    text61       01270
_TRISA                                       (abs)        0008C
_TRISB                                       (abs)        0008D
_TRISC                                       (abs)        0008E
_WDTCON                                      (abs)        00097
_WDT_Initialize                              text59       0125D
_WPUA                                        (abs)        0020C
_WPUB                                        (abs)        0020D
_WPUC                                        (abs)        0020E
_Zero_Detection_isr                          text94       01293
__Habs1                                      abs1         00000
__Hbank0                                     bank0        00000
__Hbank1                                     bank1        00000
__Hbank10                                    bank10       00000
__Hbank11                                    bank11       00000
__Hbank12                                    bank12       00000
__Hbank13                                    bank13       00000
__Hbank14                                    bank14       00000
__Hbank15                                    bank15       00000
__Hbank16                                    bank16       00000
__Hbank17                                    bank17       00000
__Hbank18                                    bank18       00000
__Hbank19                                    bank19       00000
__Hbank2                                     bank2        00000
__Hbank20                                    bank20       00000
__Hbank21                                    bank21       00000
__Hbank22                                    bank22       00000
__Hbank23                                    bank23       00000
__Hbank24                                    bank24       00000
__Hbank25                                    bank25       00000
__Hbank26                                    bank26       00000
__Hbank27                                    bank27       00000
__Hbank28                                    bank28       00000
__Hbank29                                    bank29       00000
__Hbank3                                     bank3        00000
__Hbank30                                    bank30       00000
__Hbank31                                    bank31       00000
__Hbank4                                     bank4        00000
__Hbank5                                     bank5        00000
__Hbank6                                     bank6        00000
__Hbank7                                     bank7        00000
__Hbank8                                     bank8        00000
__Hbank9                                     bank9        00000
__Hbigram                                    bigram       00000
__HbssBANK0                                  bssBANK0     00000
__HbssBANK1                                  bssBANK1     00000
__HbssBANK2                                  bssBANK2     00000
__Hcinit                                     cinit        00054
__Hclrtext                                   clrtext      00000
__Hcode                                      code         00000
__Hcommon                                    common       00000
__Hconfig                                    config       08009
__HcstackBANK0                               cstackBANK0  00000
__HcstackCOMMON                              cstackCOMMON 00000
__HdataBANK1                                 dataBANK1    00000
__Heeprom_data                               eeprom_data  00000
__Hend_init                                  end_init     0002F
__Hfunctab                                   functab      00000
__HidataBANK1                                idataBANK1   00000
__Hidloc                                     idloc        08004
__Hinit                                      init         0002D
__Hinittext                                  inittext     00000
__Hintentry                                  intentry     0002D
__Hmaintext                                  maintext     00000
__HnvBANK1                                   nvBANK1      00000
__Hpowerup                                   powerup      00000
__Hram                                       ram          00000
__Hreset_vec                                 reset_vec    00002
__Hsfr0                                      sfr0         00000
__Hsfr1                                      sfr1         00000
__Hsfr10                                     sfr10        00000
__Hsfr11                                     sfr11        00000
__Hsfr12                                     sfr12        00000
__Hsfr13                                     sfr13        00000
__Hsfr14                                     sfr14        00000
__Hsfr15                                     sfr15        00000
__Hsfr16                                     sfr16        00000
__Hsfr17                                     sfr17        00000
__Hsfr18                                     sfr18        00000
__Hsfr19                                     sfr19        00000
__Hsfr2                                      sfr2         00000
__Hsfr20                                     sfr20        00000
__Hsfr21                                     sfr21        00000
__Hsfr22                                     sfr22        00000
__Hsfr23                                     sfr23        00000
__Hsfr24                                     sfr24        00000
__Hsfr25                                     sfr25        00000
__Hsfr26                                     sfr26        00000
__Hsfr27                                     sfr27        00000
__Hsfr28                                     sfr28        00000
__Hsfr29                                     sfr29        00000
__Hsfr3                                      sfr3         00000
__Hsfr30                                     sfr30        00000
__Hsfr31                                     sfr31        00000
__Hsfr4                                      sfr4         00000
__Hsfr5                                      sfr5         00000
__Hsfr6                                      sfr6         00000
__Hsfr7                                      sfr7         00000
__Hsfr8                                      sfr8         00000
__Hsfr9                                      sfr9         00000
__Hspace_0                                   (abs)        01828
__Hspace_1                                   (abs)        00140
__Hspace_2                                   (abs)        00000
__Hspace_3                                   (abs)        00000
__Hspace_4                                   (abs)        10010
__Hstack                                     stack        00000
__Hstrings                                   strings      00000
__Hstringtext1                               stringtext1  00000
__Hstringtext2                               stringtext2  00000
__Hstringtext3                               stringtext3  00000
__Htext                                      text         00000
__Labs1                                      abs1         00000
__Lbank0                                     bank0        00000
__Lbank1                                     bank1        00000
__Lbank10                                    bank10       00000
__Lbank11                                    bank11       00000
__Lbank12                                    bank12       00000
__Lbank13                                    bank13       00000
__Lbank14                                    bank14       00000
__Lbank15                                    bank15       00000
__Lbank16                                    bank16       00000
__Lbank17                                    bank17       00000
__Lbank18                                    bank18       00000
__Lbank19                                    bank19       00000
__Lbank2                                     bank2        00000
__Lbank20                                    bank20       00000
__Lbank21                                    bank21       00000
__Lbank22                                    bank22       00000
__Lbank23                                    bank23       00000
__Lbank24                                    bank24       00000
__Lbank25                                    bank25       00000
__Lbank26                                    bank26       00000
__Lbank27                                    bank27       00000
__Lbank28                                    bank28       00000
__Lbank29                                    bank29       00000
__Lbank3                                     bank3        00000
__Lbank30                                    bank30       00000
__Lbank31                                    bank31       00000
__Lbank4                                     bank4        00000
__Lbank5                                     bank5        00000
__Lbank6                                     bank6        00000
__Lbank7                                     bank7        00000
__Lbank8                                     bank8        00000
__Lbank9                                     bank9        00000
__Lbigram                                    bigram       00000
__LbssBANK0                                  bssBANK0     00000
__LbssBANK1                                  bssBANK1     00000
__LbssBANK2                                  bssBANK2     00000
__Lcinit                                     cinit        0002F
__Lclrtext                                   clrtext      00000
__Lcode                                      code         00000
__Lcommon                                    common       00000
__Lconfig                                    config       00000
__LcstackBANK0                               cstackBANK0  00000
__LcstackCOMMON                              cstackCOMMON 00000
__LdataBANK1                                 dataBANK1    00000
__Leeprom_data                               eeprom_data  00000
__Lend_init                                  end_init     0002D
__Lfunctab                                   functab      00000
__LidataBANK1                                idataBANK1   00000
__Lidloc                                     idloc        00000
__Linit                                      init         0002D
__Linittext                                  inittext     00000
__Lintentry                                  intentry     00004
__Lmaintext                                  maintext     00000
__LnvBANK1                                   nvBANK1      00000
__Lpowerup                                   powerup      00000
__Lram                                       ram          00000
__Lreset_vec                                 reset_vec    00000
__Lsfr0                                      sfr0         00000
__Lsfr1                                      sfr1         00000
__Lsfr10                                     sfr10        00000
__Lsfr11                                     sfr11        00000
__Lsfr12                                     sfr12        00000
__Lsfr13                                     sfr13        00000
__Lsfr14                                     sfr14        00000
__Lsfr15                                     sfr15        00000
__Lsfr16                                     sfr16        00000
__Lsfr17                                     sfr17        00000
__Lsfr18                                     sfr18        00000
__Lsfr19                                     sfr19        00000
__Lsfr2                                      sfr2         00000
__Lsfr20                                     sfr20        00000
__Lsfr21                                     sfr21        00000
__Lsfr22                                     sfr22        00000
__Lsfr23                                     sfr23        00000
__Lsfr24                                     sfr24        00000
__Lsfr25                                     sfr25        00000
__Lsfr26                                     sfr26        00000
__Lsfr27                                     sfr27        00000
__Lsfr28                                     sfr28        00000
__Lsfr29                                     sfr29        00000
__Lsfr3                                      sfr3         00000
__Lsfr30                                     sfr30        00000
__Lsfr31                                     sfr31        00000
__Lsfr4                                      sfr4         00000
__Lsfr5                                      sfr5         00000
__Lsfr6                                      sfr6         00000
__Lsfr7                                      sfr7         00000
__Lsfr8                                      sfr8         00000
__Lsfr9                                      sfr9         00000
__Lspace_0                                   (abs)        00000
__Lspace_1                                   (abs)        00000
__Lspace_2                                   (abs)        00000
__Lspace_3                                   (abs)        00000
__Lspace_4                                   (abs)        00000
__Lstack                                     stack        00000
__Lstrings                                   strings      00000
__Lstringtext1                               stringtext1  00000
__Lstringtext2                               stringtext2  00000
__Lstringtext3                               stringtext3  00000
__Ltext                                      text         00000
__S0                                         (abs)        01828
__S1                                         (abs)        00140
__S2                                         (abs)        00000
__S3                                         (abs)        00000
__Umul8_16                                   text51       01515
__Umul8_16@multiplicand                      cstackCOMMON 00070
__Umul8_16@multiplier                        cstackCOMMON 00078
__Umul8_16@product                           cstackCOMMON 00074
__Umul8_16@word_mpld                         cstackCOMMON 00076
___bmul                                      text76       01369
___bmul@multiplicand                         cstackCOMMON 00070
___bmul@multiplier                           cstackCOMMON 00073
___bmul@product                              cstackCOMMON 00072
___fladd                                     text49       00E18
___fladd@a                                   cstackCOMMON 00074
___fladd@aexp                                cstackCOMMON 00079
___fladd@b                                   cstackCOMMON 00070
___fladd@bexp                                cstackCOMMON 0007A
___fladd@grs                                 cstackCOMMON 0007B
___fladd@signs                               cstackCOMMON 00078
___fldiv                                     text52       00C9F
___fldiv@a                                   cstackBANK0  00035
___fldiv@aexp                                cstackBANK0  0004E
___fldiv@b                                   cstackBANK0  00039
___fldiv@bexp                                cstackBANK0  0004D
___fldiv@grs                                 cstackBANK0  00049
___fldiv@new_exp                             cstackBANK0  00047
___fldiv@rem                                 cstackBANK0  00042
___fldiv@sign                                cstackBANK0  00046
___flmul                                     text50       005E1
___flmul@a                                   cstackBANK0  00024
___flmul@aexp                                cstackBANK0  00029
___flmul@b                                   cstackBANK0  00020
___flmul@bexp                                cstackBANK0  0002E
___flmul@grs                                 cstackBANK0  0002A
___flmul@prod                                cstackBANK0  0002F
___flmul@sign                                cstackBANK0  00028
___flmul@temp                                cstackBANK0  00033
___flsub                                     text48       014F7
___flsub@a                                   cstackBANK0  0004F
___flsub@b                                   cstackBANK0  00053
___fltol                                     text47       00A09
___fltol@exp1                                cstackBANK0  00059
___fltol@f1                                  cstackBANK0  0004F
___fltol@sign1                               cstackBANK0  00058
___int_sp                                    stack        00000
___latbits                                   (abs)        00002
___sp                                        stack        00000
___stackhi                                   (abs)        023EF
___stacklo                                   (abs)        020C0
__end_of_Button_Baseline_Initialize          text37       01730
__end_of_Button_Baseline_Update              text36       00C00
__end_of_Button_DefaultCallback              text35       0124C
__end_of_Button_Deviation_Update             text41       00B71
__end_of_Button_Reading_Update               text38       0132D
__end_of_Button_Reading_Update_Helper        text39       017B3
__end_of_Button_Service                      text29       0089D
__end_of_Button_State_Initializing           text33       00A09
__end_of_Button_State_NotPressed             text32       00C9F
__end_of_Button_State_Pressed                text34       009A8
__end_of_Button_Tick_helper                  text8        016B0
__end_of_HalfCycleACDuration_const           stringtext3  01828
__end_of_INTERRUPT_InterruptManager          intentry     0002D
__end_of_IOCAF2_DefaultInterruptHandler      text93       01247
__end_of_IOCAF2_ISR                          text92       01320
__end_of_IOCAF2_SetInterruptHandler          text67       01287
__end_of_Init_Function                       text43       0144C
__end_of_MTOUCH_Button_Initialize            text79       01766
__end_of_MTOUCH_Button_InitializeAll         text77       014DC
__end_of_MTOUCH_Button_ServiceAll            text28       01349
__end_of_MTOUCH_Button_Tick                  text7        01462
__end_of_MTOUCH_Button_isPressed             text42       014F7
__end_of_MTOUCH_CVD_ScanA_0                  text24       01574
__end_of_MTOUCH_CVD_ScanA_1                  text25       01554
__end_of_MTOUCH_CVD_ScanB_0                  text22       015B4
__end_of_MTOUCH_CVD_ScanB_1                  text23       01594
__end_of_MTOUCH_Delay                        text27       012D7
__end_of_MTOUCH_Initialize                   text69       01307
__end_of_MTOUCH_Random                       text26       01369
__end_of_MTOUCH_Sensor_Calibrate             text80       0124B
__end_of_MTOUCH_Sensor_Enable                text75       0138B
__end_of_MTOUCH_Sensor_Initialize            text73       0139C
__end_of_MTOUCH_Sensor_InitializeAll         text72       0080E
__end_of_MTOUCH_Sensor_RawSample_Get         text40       01479
__end_of_MTOUCH_Sensor_SampleAll             text9        01436
__end_of_MTOUCH_Sensor_Sampled_ResetAll      text71       013E3
__end_of_MTOUCH_Sensor_Scan_Initialize       text70       01266
__end_of_MTOUCH_Sensor_isCalibrated          text31       01251
__end_of_MTOUCH_Sensor_wasSampled            text30       013F7
__end_of_MTOUCH_Service_Mainloop             text4        0161A
__end_of_MTOUCH_Tick                         text6        0125D
__end_of_MTOUCH_needReburst                  text5        00004
__end_of_OSCILLATOR_Initialize               text68       01281
__end_of_PIN_MANAGER_IOC                     text91       0127B
__end_of_PIN_MANAGER_Initialize              text66       016D8
__end_of_SYSTEM_Initialize                   text58       0140C
__end_of_Sensor_Acq_ExecutePacket            text19       008F0
__end_of_Sensor_Acq_ExecuteScan              text21       00949
__end_of_Sensor_Acquisition                  text14       0084B
__end_of_Sensor_DefaultCallback              text13       0124D
__end_of_Sensor_RawSample_Update             text12       014C2
__end_of_Sensor_Sampled_Reset                text74       012A1
__end_of_Sensor_Service                      text10       01800
__end_of_Sensor_isEnabled                    text18       0133A
__end_of_Sensor_setActive                    text17       012A8
__end_of_Sensor_setInactive                  text16       012AF
__end_of_Sensor_setSampled                   text11       00800
__end_of_Sensor_setScanFunction              text20       013BE
__end_of_SetDimmer                           text46       00AE7
__end_of_StartHeater                         text2        005E1
__end_of_StartStop_AlarmLED                  text57       012B9
__end_of_StartStop_AlarmLED_Blink            text54       01313
__end_of_StartStop_Buzzer                    text53       012C3
__end_of_StartStop_Dimmer                    text45       01421
__end_of_StartStop_Fan                       text44       012CD
__end_of_StartTouchDetection                 text1        01689
__end_of_StopTouchDetection                  text3        01664
__end_of_TMR2_DefaultInterruptHandler        text88       01248
__end_of_TMR2_Drive_TRIAC_isr                text89       0163F
__end_of_TMR2_ISR                            text87       012E3
__end_of_TMR2_Initialize                     text64       01359
__end_of_TMR2_SetInterruptHandler            text65       0126B
__end_of_TMR2_StartTimer                     text95       0124F
__end_of_TMR2_StopTimer                      text90       01254
__end_of_TMR2_Timer_Period_const             stringtext1  01824
__end_of_TMR4_DefaultInterruptHandler        text85       01249
__end_of_TMR4_ISR                            text84       012EF
__end_of_TMR4_Initialize                     text62       013AD
__end_of_TMR4_SetInterruptHandler            text63       01270
__end_of_TMR4_StartTimer                     text56       01257
__end_of_TMR4_StopTimer                      text55       0125A
__end_of_TMR4_Wroking_Blink_AlarmLED_isr     text86       014A9
__end_of_TMR6_DefaultInterruptHandler        text83       0124A
__end_of_TMR6_ISR                            text82       012FB
__end_of_TMR6_Initialize                     text60       013D0
__end_of_TMR6_SetInterruptHandler            text61       01275
__end_of_WDT_Initialize                      text59       01261
__end_of_Zero_Detection_isr                  text94       0129A
__end_of__Umul8_16                           text51       01534
__end_of___bmul                              text76       0137A
__end_of___fladd                             text49       01000
__end_of___fldiv                             text52       00E18
__end_of___flmul                             text50       007F9
__end_of___flsub                             text48       01515
__end_of___fltol                             text47       00A6E
__end_of__initialization                     cinit        00050
__end_of_abs                                 text15       01490
__end_of_main                                maintext     015D5
__end_of_memcpy                              text78       01703
__end_of_mtouch_button_init                  stringtext2  01820
__initialization                             cinit        0002F
__pbssBANK0                                  bssBANK0     0006A
__pbssBANK1                                  bssBANK1     000C2
__pbssBANK2                                  bssBANK2     00120
__pcstackBANK0                               cstackBANK0  00020
__pcstackCOMMON                              cstackCOMMON 00070
__pdataBANK1                                 dataBANK1    000A0
__pidataBANK1                                idataBANK1   015D5
__pintentry                                  intentry     00004
__pmaintext                                  maintext     015B4
__pnvBANK1                                   nvBANK1      000CD
__pstringtext1                               stringtext1  01820
__pstringtext2                               stringtext2  01800
__pstringtext3                               stringtext3  01824
__ptext1                                     text1        01664
__ptext10                                    text10       017B3
__ptext11                                    text11       007F9
__ptext12                                    text12       014A9
__ptext13                                    text13       0124C
__ptext14                                    text14       0080E
__ptext15                                    text15       01479
__ptext16                                    text16       012A8
__ptext17                                    text17       012A1
__ptext18                                    text18       0132D
__ptext19                                    text19       0089D
__ptext2                                     text2        00054
__ptext20                                    text20       013AD
__ptext21                                    text21       008F0
__ptext22                                    text22       01594
__ptext23                                    text23       01574
__ptext24                                    text24       01554
__ptext25                                    text25       01534
__ptext26                                    text26       01359
__ptext27                                    text27       012CD
__ptext28                                    text28       0133A
__ptext29                                    text29       0084B
__ptext3                                     text3        0163F
__ptext30                                    text30       013E3
__ptext31                                    text31       0124F
__ptext32                                    text32       00C00
__ptext33                                    text33       009A8
__ptext34                                    text34       00949
__ptext35                                    text35       0124B
__ptext36                                    text36       00B71
__ptext37                                    text37       01703
__ptext38                                    text38       01320
__ptext39                                    text39       01766
__ptext4                                     text4        015F7
__ptext40                                    text40       01462
__ptext41                                    text41       00AE7
__ptext42                                    text42       014DC
__ptext43                                    text43       01436
__ptext44                                    text44       012C3
__ptext45                                    text45       0140C
__ptext46                                    text46       00A6E
__ptext47                                    text47       00A09
__ptext48                                    text48       014F7
__ptext49                                    text49       00E18
__ptext5                                     text5        00002
__ptext50                                    text50       005E1
__ptext51                                    text51       01515
[...]
		On entry : 
		On exit  : 
		Unchanged: 
 Data sizes:     COMMON   BANK0   BANK1   BANK2   BANK3   BANK4   BANK5   BANK6   BANK7   BANK8   BANK9  BANK10  BANK11  BANK12
      Params:         0       0       0       0       0       0       0       0       0       0       0       0       0       0
      Locals:         0       0       0       0       0       0       0       0       0       0       0       0       0       0
      Temps:          0       0       0       0       0       0       0       0       0       0       0       0       0       0
      Totals:         0       0       0       0       0       0       0       0       0       0       0       0       0       0
Total ram usage:        0 bytes
 Hardware stack levels used:    1
 This function calls:
		Nothing
 This function is called by:
		_main
		_TMR4_ISR
 This function uses a non-reentrant model


 *************** function _TMR2_ISR *****************
 Defined at:
		line 119 in file "mcc_generated_files/tmr2.c"
 Parameters:    Size  Location     Type
		None
 Auto vars:     Size  Location     Type
		None
 Return value:  Size  Location     Type
                  1    wreg      void 
 Registers used:
		wreg, status,2, status,0, pclath, cstack
 Tracked objects:
		On entry : 
		On exit  : 
		Unchanged: 
 Data sizes:     COMMON   BANK0   BANK1   BANK2   BANK3   BANK4   BANK5   BANK6   BANK7   BANK8   BANK9  BANK10  BANK11  BANK12
      Params:         0       0       0       0       0       0       0       0       0       0       0       0       0       0
      Locals:         0       0       0       0       0       0       0       0       0       0       0       0       0       0
      Temps:          0       0       0       0       0       0       0       0       0       0       0       0       0       0
      Totals:         0       0       0       0       0       0       0       0       0       0       0       0       0       0
Total ram usage:        0 bytes
 Hardware stack levels used:    1
 Hardware stack levels required when called:    2
 This function calls:
		Absolute function
		_TMR2_DefaultInterruptHandler
		_TMR2_Drive_TRIAC_isr
 This function is called by:
		_INTERRUPT_InterruptManager
 This function uses a non-reentrant model


 *************** function _TMR2_DefaultInterruptHandler *****************
 Defined at:
		line 136 in file "mcc_generated_files/tmr2.c"
 Parameters:    Size  Location     Type
		None
 Auto vars:     Size  Location     Type
		None
 Return value:  Size  Location     Type
                  1    wreg      void 
 Registers used:
		None
 Tracked objects:
		On entry : 
		On exit  : 
		Unchanged: 
 Data sizes:     COMMON   BANK0   BANK1   BANK2   BANK3   BANK4   BANK5   BANK6   BANK7   BANK8   BANK9  BANK10  BANK11  BANK12
      Params:         0       0       0       0       0       0       0       0       0       0       0       0       0       0
      Locals:         0       0       0       0       0       0       0       0       0       0       0       0       0       0
      Temps:          0       0       0       0       0       0       0       0       0       0       0       0       0       0
      Totals:         0       0       0       0       0       0       0       0       0       0       0       0       0       0
Total ram usage:        0 bytes
 Hardware stack levels used:    1
 This function calls:
		Nothing
 This function is called by:
		_TMR2_Initialize
		_TMR2_ISR
 This function uses a non-reentrant model


 *************** function _TMR2_Drive_TRIAC_isr *****************
 Defined at:
		line 102 in file "main.c"
 Parameters:    Size  Location     Type
		None
 Auto vars:     Size  Location     Type
		None
 Return value:  Size  Location     Type
                  1    wreg      void 
 Registers used:
		wreg, status,2, status,0, pclath, cstack
 Tracked objects:
		On entry : 
		On exit  : 
		Unchanged: 
 Data sizes:     COMMON   BANK0   BANK1   BANK2   BANK3   BANK4   BANK5   BANK6   BANK7   BANK8   BANK9  BANK10  BANK11  BANK12
      Params:         0       0       0       0       0       0       0       0       0       0       0       0       0       0
      Locals:         0       0       0       0       0       0       0       0       0       0       0       0       0       0
      Temps:          0       0       0       0       0       0       0       0       0       0       0       0       0       0
      Totals:         0       0       0       0       0       0       0       0       0       0       0       0       0       0
Total ram usage:        0 bytes
 Hardware stack levels used:    1
 Hardware stack levels required when called:    1
 This function calls:
		_TMR2_StopTimer
 This function is called by:
		_main
		_TMR2_ISR
 This function uses a non-reentrant model


 *************** function _TMR2_StopTimer *****************
 Defined at:
		line 93 in file "mcc_generated_files/tmr2.c"
 Parameters:    Size  Location     Type
		None
 Auto vars:     Size  Location     Type
		None
 Return value:  Size  Location     Type
                  1    wreg      void 
 Registers used:
		None
 Tracked objects:
		On entry : 
		On exit  : 
		Unchanged: 
 Data sizes:     COMMON   BANK0   BANK1   BANK2   BANK3   BANK4   BANK5   BANK6   BANK7   BANK8   BANK9  BANK10  BANK11  BANK12
      Params:         0       0       0       0       0       0       0       0       0       0       0       0       0       0
      Locals:         0       0       0       0       0       0       0       0       0       0       0       0       0       0
      Temps:          0       0       0       0       0       0       0       0       0       0       0       0       0       0
      Totals:         0       0       0       0       0       0       0       0       0       0       0       0       0       0
Total ram usage:        0 bytes
 Hardware stack levels used:    1
 This function calls:
		Nothing
 This function is called by:
		_TMR2_Drive_TRIAC_isr
 This function uses a non-reentrant model


 *************** function _PIN_MANAGER_IOC *****************
 Defined at:
		line 115 in file "mcc_generated_files/pin_manager.c"
 Parameters:    Size  Location     Type
		None
 Auto vars:     Size  Location     Type
		None
 Return value:  Size  Location     Type
                  1    wreg      void 
 Registers used:
		wreg, status,2, status,0, pclath, cstack
 Tracked objects:
		On entry : 
		On exit  : 
		Unchanged: 
 Data sizes:     COMMON   BANK0   BANK1   BANK2   BANK3   BANK4   BANK5   BANK6   BANK7   BANK8   BANK9  BANK10  BANK11  BANK12
      Params:         0       0       0       0       0       0       0       0       0       0       0       0       0       0
      Locals:         0       0       0       0       0       0       0       0       0       0       0       0       0       0
      Temps:          0       0       0       0       0       0       0       0       0       0       0       0       0       0
      Totals:         0       0       0       0       0       0       0       0       0       0       0       0       0       0
Total ram usage:        0 bytes
 Hardware stack levels used:    1
 Hardware stack levels required when called:    3
 This function calls:
		_IOCAF2_ISR
 This function is called by:
		_INTERRUPT_InterruptManager
 This function uses a non-reentrant model


 *************** function _IOCAF2_ISR *****************
 Defined at:
		line 127 in file "mcc_generated_files/pin_manager.c"
 Parameters:    Size  Location     Type
		None
 Auto vars:     Size  Location     Type
		None
 Return value:  Size  Location     Type
                  1    wreg      void 
 Registers used:
		wreg, status,2, status,0, pclath, cstack
 Tracked objects:
		On entry : 
		On exit  : 
		Unchanged: 
 Data sizes:     COMMON   BANK0   BANK1   BANK2   BANK3   BANK4   BANK5   BANK6   BANK7   BANK8   BANK9  BANK10  BANK11  BANK12
      Params:         0       0       0       0       0       0       0       0       0       0       0       0       0       0
      Locals:         0       0       0       0       0       0       0       0       0       0       0       0       0       0
      Temps:          0       0       0       0       0       0       0       0       0       0       0       0       0       0
      Totals:         0       0       0       0       0       0       0       0       0       0       0       0       0       0
Total ram usage:        0 bytes
 Hardware stack levels used:    1
 Hardware stack levels required when called:    2
 This function calls:
		Absolute function
		_IOCAF2_DefaultInterruptHandler
		_Zero_Detection_isr
 This function is called by:
		_PIN_MANAGER_IOC
 This function uses a non-reentrant model


 *************** function _IOCAF2_DefaultInterruptHandler *****************
 Defined at:
		line 149 in file "mcc_generated_files/pin_manager.c"
 Parameters:    Size  Location     Type
		None
 Auto vars:     Size  Location     Type
		None
 Return value:  Size  Location     Type
                  1    wreg      void 
 Registers used:
		None
 Tracked objects:
		On entry : 
		On exit  : 
		Unchanged: 
 Data sizes:     COMMON   BANK0   BANK1   BANK2   BANK3   BANK4   BANK5   BANK6   BANK7   BANK8   BANK9  BANK10  BANK11  BANK12
      Params:         0       0       0       0       0       0       0       0       0       0       0       0       0       0
      Locals:         0       0       0       0       0       0       0       0       0       0       0       0       0       0
      Temps:          0       0       0       0       0       0       0       0       0       0       0       0       0       0
      Totals:         0       0       0       0       0       0       0       0       0       0       0       0       0       0
Total ram usage:        0 bytes
 Hardware stack levels used:    1
 This function calls:
		Nothing
 This function is called by:
		_PIN_MANAGER_Initialize
		_IOCAF2_ISR
 This function uses a non-reentrant model


 *************** function _Zero_Detection_isr *****************
 Defined at:
		line 89 in file "main.c"
 Parameters:    Size  Location     Type
		None
 Auto vars:     Size  Location     Type
		None
 Return value:  Size  Location     Type
                  1    wreg      void 
 Registers used:
		wreg, status,2, status,0, pclath, cstack
 Tracked objects:
		On entry : 
		On exit  : 
		Unchanged: 
 Data sizes:     COMMON   BANK0   BANK1   BANK2   BANK3   BANK4   BANK5   BANK6   BANK7   BANK8   BANK9  BANK10  BANK11  BANK12
      Params:         0       0       0       0       0       0       0       0       0       0       0       0       0       0
      Locals:         0       0       0       0       0       0       0       0       0       0       0       0       0       0
      Temps:          0       0       0       0       0       0       0       0       0       0       0       0       0       0
      Totals:         0       0       0       0       0       0       0       0       0       0       0       0       0       0
Total ram usage:        0 bytes
 Hardware stack levels used:    1
 Hardware stack levels required when called:    1
 This function calls:
		_TMR2_StartTimer
 This function is called by:
		_main
		_IOCAF2_ISR
 This function uses a non-reentrant model


 *************** function _TMR2_StartTimer *****************
 Defined at:
		line 87 in file "mcc_generated_files/tmr2.c"
 Parameters:    Size  Location     Type
		None
 Auto vars:     Size  Location     Type
		None
 Return value:  Size  Location     Type
                  1    wreg      void 
 Registers used:
		None
 Tracked objects:
		On entry : 
		On exit  : 
		Unchanged: 
 Data sizes:     COMMON   BANK0   BANK1   BANK2   BANK3   BANK4   BANK5   BANK6   BANK7   BANK8   BANK9  BANK10  BANK11  BANK12
      Params:         0       0       0       0       0       0       0       0       0       0       0       0       0       0
      Locals:         0       0       0       0       0       0       0       0       0       0       0       0       0       0
      Temps:          0       0       0       0       0       0       0       0       0       0       0       0       0       0
      Totals:         0       0       0       0       0       0       0       0       0       0       0       0       0       0
Total ram usage:        0 bytes
 Hardware stack levels used:    1
 This function calls:
		Nothing
 This function is called by:
		_Zero_Detection_isr
 This function uses a non-reentrant model



MODULE INFORMATION

Module		Function		Class		Link	Load	Size
mcc_generated_files/mtouch/mtouch_button.c
		_Button_Deviation_Update		CODE           	0AE7	0000	138
		_MTOUCH_Button_isPressed		CODE           	14DC	0000	27
		_MTOUCH_Button_Initialize		CODE           	1730	0000	54
		_Button_Tick_helper		CODE           	1689	0000	39
		_MTOUCH_Button_InitializeAll		CODE           	14C2	0000	26
		_Button_Baseline_Update		CODE           	0B71	0000	143
		_Button_State_Pressed		CODE           	0949	0000	95
		_Button_Reading_Update		CODE           	1320	0000	13
		_Button_DefaultCallback		CODE           	124B	0000	1
		_MTOUCH_Button_Tick		CODE           	144C	0000	22
		_Button_State_NotPressed		CODE           	0C00	0000	159
		_Button_Reading_Update_Helper		CODE           	1766	0000	77
		_Button_Service		CODE           	084B	0000	82
		_Button_State_Initializing		CODE           	09A8	0000	97
		_MTOUCH_Button_ServiceAll		CODE           	133A	0000	15
		_Button_Baseline_Initialize		CODE           	1703	0000	45

mcc_generated_files/mtouch/mtouch_button.c estimated size: 1033

/opt/microchip/xc8/v2.31/pic/sources/c99/common/sprcdiv.c
		___fldiv       		CODE           	0C9F	0000	377

/opt/microchip/xc8/v2.31/pic/sources/c99/common/sprcdiv.c estimated size: 377

/opt/microchip/xc8/v2.31/pic/sources/c99/common/Umul8.c
		___bmul        		CODE           	1369	0000	17

/opt/microchip/xc8/v2.31/pic/sources/c99/common/Umul8.c estimated size: 17

mcc_generated_files/tmr6.c
		_TMR6_ISR      		CODE           	12EF	0000	12
		_TMR6_Initialize		CODE           	13BE	0000	18
		_TMR6_SetInterruptHandler		CODE           	1270	0000	5
		_TMR6_DefaultInterruptHandler		CODE           	1249	0000	1

mcc_generated_files/tmr6.c estimated size: 36

mcc_generated_files/tmr4.c
		_TMR4_ISR      		CODE           	12E3	0000	12
		_TMR4_Initialize		CODE           	139C	0000	17
		_TMR4_SetInterruptHandler		CODE           	126B	0000	5
		_TMR4_StopTimer		CODE           	1257	0000	3
		_TMR4_DefaultInterruptHandler		CODE           	1248	0000	1
		_TMR4_StartTimer		CODE           	1254	0000	3

mcc_generated_files/tmr4.c estimated size: 41

/opt/microchip/xc8/v2.31/pic/sources/c99/common/abs.c
		_abs           		CODE           	1479	0000	23

/opt/microchip/xc8/v2.31/pic/sources/c99/common/abs.c estimated size: 23

mcc_generated_files/tmr2.c
		_TMR2_ISR      		CODE           	12D7	0000	12
		_TMR2_Initialize		CODE           	1349	0000	16
		_TMR2_SetInterruptHandler		CODE           	1266	0000	5
		_TMR2_StopTimer		CODE           	1251	0000	3
		_TMR2_DefaultInterruptHandler		CODE           	1247	0000	1
		_TMR2_StartTimer		CODE           	124D	0000	2

mcc_generated_files/tmr2.c estimated size: 39

mcc_generated_files/interrupt_manager.c
		_INTERRUPT_InterruptManager		CODE           	0004	0000	41

mcc_generated_files/interrupt_manager.c estimated size: 41

mcc_generated_files/mtouch/mtouch.c
		_MTOUCH_Tick   		CODE           	125A	0000	3
		_MTOUCH_Initialize		CODE           	12FB	0000	12
		_MTOUCH_Service_Mainloop		CODE           	15F7	0000	35
		_MTOUCH_needReburst		CODE           	0002	0000	2

mcc_generated_files/mtouch/mtouch.c estimated size: 52

/opt/microchip/xc8/v2.31/pic/sources/c99/common/memcpy.c
		_memcpy        		CODE           	16D8	0000	43

/opt/microchip/xc8/v2.31/pic/sources/c99/common/memcpy.c estimated size: 43

mcc_generated_files/pin_manager.c
		_PIN_MANAGER_Initialize		CODE           	16B0	0000	40
		_IOCAF2_DefaultInterruptHandler		CODE           	1246	0000	1
		_IOCAF2_ISR    		CODE           	1313	0000	13
		_PIN_MANAGER_IOC		CODE           	1275	0000	6
		_IOCAF2_SetInterruptHandler		CODE           	1281	0000	6

mcc_generated_files/pin_manager.c estimated size: 66

mcc_generated_files/mtouch/mtouch_sensor_scan.c
		_MTOUCH_CVD_ScanA_0		CODE           	1554	0000	32
		_MTOUCH_CVD_ScanB_0		CODE           	1594	0000	32
		_MTOUCH_CVD_ScanA_1		CODE           	1534	0000	32
		_MTOUCH_CVD_ScanB_1		CODE           	1574	0000	32

mcc_generated_files/mtouch/mtouch_sensor_scan.c estimated size: 128

/opt/microchip/xc8/v2.31/pic/sources/c99/common/sprcadd.c
		___flsub       		CODE           	14F7	0000	30
		___fladd       		CODE           	0E18	0000	488

/opt/microchip/xc8/v2.31/pic/sources/c99/common/sprcadd.c estimated size: 518

shared
		_HalfCycleACDuration_const		STRCODE        	0000	0000	0
		_TMR2_Timer_Period_const		STRCODE        	0000	0000	0
		__initialization		CODE           	002F	0000	33
		_mtouch_button_init		STRCODE        	1800	0000	32

shared estimated size: 65

mcc_generated_files/mcc.c
		_WDT_Initialize		CODE           	125D	0000	4
		_OSCILLATOR_Initialize		CODE           	127B	0000	6
		_SYSTEM_Initialize		CODE           	13F7	0000	21

mcc_generated_files/mcc.c estimated size: 31

/opt/microchip/xc8/v2.31/pic/sources/c99/common/Umul8_16.c
		__Umul8_16     		CODE           	1515	0000	31

/opt/microchip/xc8/v2.31/pic/sources/c99/common/Umul8_16.c estimated size: 31

main.c
		_StartTouchDetection		CODE           	1664	0000	37
		_StartStop_AlarmLED_Blink		CODE           	1307	0000	12
		_main          		CODE           	15B4	0000	33
		_TMR2_Drive_TRIAC_isr		CODE           	161A	0000	37
		_TMR4_Wroking_Blink_AlarmLED_isr		CODE           	1490	0000	25
		_SetDimmer     		CODE           	0A6E	0000	121
		_StartHeater   		CODE           	0054	0000	1421
		_Zero_Detection_isr		CODE           	1293	0000	7
		_StopTouchDetection		CODE           	163F	0000	37
		_Init_Function 		CODE           	1436	0000	22
		_StartStop_Fan 		CODE           	12C3	0000	10
		_StartStop_Dimmer		CODE           	140C	0000	21
		_StartStop_AlarmLED		CODE           	12AF	0000	10
		_StartStop_Buzzer		CODE           	12B9	0000	10

main.c estimated size: 1803

mcc_generated_files/mtouch/mtouch_random.c
		_MTOUCH_Random 		CODE           	1359	0000	16

mcc_generated_files/mtouch/mtouch_random.c estimated size: 16

mcc_generated_files/mtouch/mtouch_sensor.c
		_Sensor_Acq_ExecutePacket		CODE           	089D	0000	83
		_MTOUCH_Delay  		CODE           	12CD	0000	10
		_Sensor_Acquisition		CODE           	080E	0000	61
		_MTOUCH_Sensor_Initialize		CODE           	138B	0000	17
		_Sensor_Sampled_Reset		CODE           	129A	0000	7
		_MTOUCH_Sensor_InitializeAll		CODE           	0800	0000	14
		_Sensor_DefaultCallback		CODE           	124C	0000	1
		_Sensor_isEnabled		CODE           	132D	0000	13
		_MTOUCH_Sensor_isCalibrated		CODE           	124F	0000	2
		_MTOUCH_Sensor_Calibrate		CODE           	124A	0000	1
		_MTOUCH_Sensor_Sampled_ResetAll		CODE           	13D0	0000	19
		_Sensor_setActive		CODE           	12A1	0000	7
		_MTOUCH_Sensor_Enable		CODE           	137A	0000	17
		_Sensor_Acq_ExecuteScan		CODE           	08F0	0000	89
		_Sensor_setSampled		CODE           	07F9	0000	7
		_MTOUCH_Sensor_RawSample_Get		CODE           	1462	0000	23
		_MTOUCH_Sensor_SampleAll		CODE           	1421	0000	21
		_MTOUCH_Sensor_wasSampled		CODE           	13E3	0000	20
		_Sensor_Service		CODE           	17B3	0000	77
		_Sensor_setScanFunction		CODE           	13AD	0000	17
		_MTOUCH_Sensor_Scan_Initialize		CODE           	1261	0000	5
		_Sensor_RawSample_Update		CODE           	14A9	0000	25
		_Sensor_setInactive		CODE           	12A8	0000	7

mcc_generated_files/mtouch/mtouch_sensor.c estimated size: 543

/opt/microchip/xc8/v2.31/pic/sources/c99/common/fltol.c
		___fltol       		CODE           	0A09	0000	101

/opt/microchip/xc8/v2.31/pic/sources/c99/common/fltol.c estimated size: 101

/opt/microchip/xc8/v2.31/pic/sources/c99/common/sprcmul.c
		___flmul       		CODE           	05E1	0000	536

/opt/microchip/xc8/v2.31/pic/sources/c99/common/sprcmul.c estimated size: 536

